/Users/jamie/Documents/Projects/python/py2app-error/.venv/lib/python3.11/site-packages/setuptools/installer.py:27: SetuptoolsDeprecationWarning: setuptools.installer is deprecated. Requirements should be satisfied by a PEP 517 installer.
  warnings.warn(
running py2app
creating /Users/jamie/Documents/Projects/python/py2app-error/build
creating /Users/jamie/Documents/Projects/python/py2app-error/build/bdist.macosx-14.0-arm64
creating /Users/jamie/Documents/Projects/python/py2app-error/build/bdist.macosx-14.0-arm64/python3.11-standalone
creating /Users/jamie/Documents/Projects/python/py2app-error/build/bdist.macosx-14.0-arm64/python3.11-standalone/app
creating /Users/jamie/Documents/Projects/python/py2app-error/build/bdist.macosx-14.0-arm64/python3.11-standalone/app/collect
creating /Users/jamie/Documents/Projects/python/py2app-error/build/bdist.macosx-14.0-arm64/python3.11-standalone/app/temp
creating /Users/jamie/Documents/Projects/python/py2app-error/dist
creating build/bdist.macosx-14.0-arm64/python3.11-standalone/app/lib-dynload
creating build/bdist.macosx-14.0-arm64/python3.11-standalone/app/Frameworks
--- Skipping recipe PIL ---
*** using recipe: automissing *** {'expected_missing_imports': {'sys.getwindowsversion', '_winapi', 'winreg', 'nt', '_frozen_importlib_external'}}
--- Skipping recipe PIL ---
--- Skipping recipe autopackages ---
--- Skipping recipe black ---
CTYPES USERS [SourceModule('ctypes._endian', '/opt/local/Library/Frameworks/Python.framework/Versions/3.11/lib/python3.11/ctypes/_endian.py'), Package('test.support', '/opt/local/Library/Frameworks/Python.framework/Versions/3.11/lib/python3.11/test/support/__init__.py', ['/opt/local/Library/Frameworks/Python.framework/Versions/3.11/lib/python3.11/test/support']), SourceModule('ctypes.wintypes', '/opt/local/Library/Frameworks/Python.framework/Versions/3.11/lib/python3.11/ctypes/wintypes.py'), Package('ctypes.macholib', '/opt/local/Library/Frameworks/Python.framework/Versions/3.11/lib/python3.11/ctypes/macholib/__init__.py', ['/opt/local/Library/Frameworks/Python.framework/Versions/3.11/lib/python3.11/ctypes/macholib']), SourceModule('ctypes._aix', '/opt/local/Library/Frameworks/Python.framework/Versions/3.11/lib/python3.11/ctypes/_aix.py'), SourceModule('ctypes.util', '/opt/local/Library/Frameworks/Python.framework/Versions/3.11/lib/python3.11/ctypes/util.py'), SourceModule('test.support.os_helper', '/opt/local/Library/Frameworks/Python.framework/Versions/3.11/lib/python3.11/test/support/os_helper.py'), SourceModule('multiprocessing.sharedctypes', '/opt/local/Library/Frameworks/Python.framework/Versions/3.11/lib/python3.11/multiprocessing/sharedctypes.py')]
*** using recipe: ctypes *** {'prescripts': ['py2app.bootstrap.ctypes_setup']}
--- Skipping recipe PIL ---
--- Skipping recipe autopackages ---
--- Skipping recipe black ---
*** using recipe: detect_dunder_file *** {'packages': {'wx'}}
--- Skipping recipe PIL ---
*** using recipe: autopackages *** {'packages': ['numpy']}
--- Skipping recipe PIL ---
--- Skipping recipe black ---
*** using recipe: ftplib *** {}
--- Skipping recipe PIL ---
--- Skipping recipe black ---
--- Skipping recipe gcloud ---
--- Skipping recipe lxml ---
--- Skipping recipe matplotlib ---
*** using recipe: multiprocessing *** {'prescripts': [<_io.StringIO object at 0x109b429e0>]}
--- Skipping recipe PIL ---
--- Skipping recipe black ---
--- Skipping recipe gcloud ---
--- Skipping recipe lxml ---
--- Skipping recipe matplotlib ---
--- Skipping recipe opencv ---
--- Skipping recipe pandas ---
--- Skipping recipe platformdirs ---
--- Skipping recipe pydantic ---
*** using recipe: pydoc *** {}
--- Skipping recipe PIL ---
--- Skipping recipe black ---
--- Skipping recipe gcloud ---
--- Skipping recipe lxml ---
--- Skipping recipe matplotlib ---
--- Skipping recipe opencv ---
--- Skipping recipe pandas ---
--- Skipping recipe platformdirs ---
--- Skipping recipe pydantic ---
--- Skipping recipe pyenchant ---
--- Skipping recipe pygame ---
--- Skipping recipe pylsp ---
--- Skipping recipe pyopengl ---
--- Skipping recipe pyside ---
--- Skipping recipe pyside2 ---
--- Skipping recipe pyside6 ---
--- Skipping recipe qt5 ---
--- Skipping recipe qt6 ---
--- Skipping recipe rtree ---
*** using recipe: setuptools *** {'expected_missing_imports': {'pkg_resources.extern.importlib_resources.simple', 'pkg_resources.extern.zipp', 'pkg_resources.extern.packaging.markers', 'pkg_resources.extern.pyparsing.core', 'pkg_resources.extern.packaging.tags', 'pkg_resources.extern.jaraco.context', 'pkg_resources.extern.packaging.version', 'pkg_resources.extern.packaging._musllinux', 'pkg_resources.extern.more_itertools', 'pkg_resources.extern.packaging._manylinux', 'pkg_resources.extern.importlib_resources._common', 'pkg_resources.extern.pyparsing', 'pkg_resources.extern.pyparsing.diagram', 'pkg_resources.extern.pyparsing.exceptions', 'pkg_resources.extern.jaraco.text', '__main__.__requires__', 'pkg_resources.extern.pyparsing.unicode', 'pkg_resources.extern.pyparsing.results', 'pkg_resources.extern.packaging.utils', 'pkg_resources.extern.packaging.__about__', 'pkg_resources.extern.more_itertools.more', 'pkg_resources.extern.pyparsing.actions', 'pkg_resources.extern.pyparsing.common', 'pkg_resources.extern.packaging', 'pkg_resources.extern.pyparsing.helpers', 'pkg_resources.extern.importlib_resources._compat', 'pkg_resources.extern.jaraco', 'pkg_resources.extern.more_itertools.recipes', 'pkg_resources.extern.importlib_resources', 'pkg_resources.extern.importlib_resources._adapters', 'pkg_resources.extern.packaging.specifiers', 'pkg_resources.extern.appdirs', 'pkg_resources.extern.importlib_resources._itertools', 'pkg_resources.extern.importlib_resources.readers', '__builtin__', 'pkg_resources.extern.packaging.requirements', 'pkg_resources.extern.pyparsing.util', 'pkg_resources.extern.importlib_resources._legacy', 'pkg_resources.extern.importlib_resources.abc', 'pkg_resources.extern.jaraco.functools', 'pkg_resources.extern.packaging._structures', 'pkg_resources.extern.pyparsing.testing'}, 'prescripts': [<_io.StringIO object at 0x10f08e050>]}
--- Skipping recipe PIL ---
--- Skipping recipe black ---
--- Skipping recipe gcloud ---
--- Skipping recipe lxml ---
--- Skipping recipe matplotlib ---
--- Skipping recipe opencv ---
--- Skipping recipe pandas ---
--- Skipping recipe platformdirs ---
--- Skipping recipe pydantic ---
--- Skipping recipe pyenchant ---
--- Skipping recipe pygame ---
--- Skipping recipe pylsp ---
--- Skipping recipe pyopengl ---
--- Skipping recipe pyside ---
--- Skipping recipe pyside2 ---
--- Skipping recipe pyside6 ---
--- Skipping recipe qt5 ---
--- Skipping recipe qt6 ---
--- Skipping recipe rtree ---
--- Skipping recipe shiboken2 ---
--- Skipping recipe shiboken6 ---
--- Skipping recipe sip ---
*** using recipe: six *** {}
--- Skipping recipe PIL ---
--- Skipping recipe black ---
--- Skipping recipe gcloud ---
--- Skipping recipe lxml ---
--- Skipping recipe matplotlib ---
--- Skipping recipe opencv ---
--- Skipping recipe pandas ---
--- Skipping recipe platformdirs ---
--- Skipping recipe pydantic ---
--- Skipping recipe pyenchant ---
--- Skipping recipe pygame ---
--- Skipping recipe pylsp ---
--- Skipping recipe pyopengl ---
--- Skipping recipe pyside ---
--- Skipping recipe pyside2 ---
--- Skipping recipe pyside6 ---
--- Skipping recipe qt5 ---
--- Skipping recipe qt6 ---
--- Skipping recipe rtree ---
--- Skipping recipe shiboken2 ---
--- Skipping recipe shiboken6 ---
--- Skipping recipe sip ---
--- Skipping recipe sphinx ---
--- Skipping recipe sqlalchemy ---
*** using recipe: sslmod *** {'resources': [('openssl.ca', ['/opt/local/libexec/openssl3/etc/openssl/cert.pem'])], 'prescripts': [<_io.StringIO object at 0x10d4b8940>]}
--- Skipping recipe PIL ---
--- Skipping recipe black ---
--- Skipping recipe gcloud ---
--- Skipping recipe lxml ---
--- Skipping recipe matplotlib ---
--- Skipping recipe opencv ---
--- Skipping recipe pandas ---
--- Skipping recipe platformdirs ---
--- Skipping recipe pydantic ---
--- Skipping recipe pyenchant ---
--- Skipping recipe pygame ---
--- Skipping recipe pylsp ---
--- Skipping recipe pyopengl ---
--- Skipping recipe pyside ---
--- Skipping recipe pyside2 ---
--- Skipping recipe pyside6 ---
--- Skipping recipe qt5 ---
--- Skipping recipe qt6 ---
--- Skipping recipe rtree ---
--- Skipping recipe shiboken2 ---
--- Skipping recipe shiboken6 ---
--- Skipping recipe sip ---
--- Skipping recipe sphinx ---
--- Skipping recipe sqlalchemy ---
--- Skipping recipe sysconfig_module ---
--- Skipping recipe tkinter ---
*** using recipe: virtualenv *** {}
--- Skipping recipe PIL ---
--- Skipping recipe black ---
--- Skipping recipe gcloud ---
--- Skipping recipe lxml ---
--- Skipping recipe matplotlib ---
--- Skipping recipe opencv ---
--- Skipping recipe pandas ---
--- Skipping recipe platformdirs ---
--- Skipping recipe pydantic ---
--- Skipping recipe pyenchant ---
--- Skipping recipe pygame ---
--- Skipping recipe pylsp ---
--- Skipping recipe pyopengl ---
--- Skipping recipe pyside ---
--- Skipping recipe pyside2 ---
--- Skipping recipe pyside6 ---
--- Skipping recipe qt5 ---
--- Skipping recipe qt6 ---
--- Skipping recipe rtree ---
--- Skipping recipe shiboken2 ---
--- Skipping recipe shiboken6 ---
--- Skipping recipe sip ---
--- Skipping recipe sphinx ---
--- Skipping recipe sqlalchemy ---
--- Skipping recipe sysconfig_module ---
--- Skipping recipe tkinter ---
*** using recipe: wx *** {'includes': ['wx.lib.pubsub.*', 'wx.lib.pubsub.core.*', 'wx.lib.pubsub.core.arg1.*', 'wx.lib.pubsub.core.kwargs.*', 'wx.lib.pubsub.pubsub1.*', 'wx.lib.pubsub.pubsub2.*', 'wx.lib.pubsub.utils.*']}
--- Skipping recipe PIL ---
--- Skipping recipe black ---
--- Skipping recipe gcloud ---
--- Skipping recipe lxml ---
--- Skipping recipe matplotlib ---
--- Skipping recipe opencv ---
--- Skipping recipe pandas ---
--- Skipping recipe platformdirs ---
--- Skipping recipe pydantic ---
--- Skipping recipe pyenchant ---
--- Skipping recipe pygame ---
--- Skipping recipe pylsp ---
--- Skipping recipe pyopengl ---
--- Skipping recipe pyside ---
--- Skipping recipe pyside2 ---
--- Skipping recipe pyside6 ---
--- Skipping recipe qt5 ---
--- Skipping recipe qt6 ---
--- Skipping recipe rtree ---
--- Skipping recipe shiboken2 ---
--- Skipping recipe shiboken6 ---
--- Skipping recipe sip ---
--- Skipping recipe sphinx ---
--- Skipping recipe sqlalchemy ---
--- Skipping recipe sysconfig_module ---
--- Skipping recipe tkinter ---
*** using recipe: xml *** {}
--- Skipping recipe PIL ---
--- Skipping recipe black ---
--- Skipping recipe gcloud ---
--- Skipping recipe lxml ---
--- Skipping recipe matplotlib ---
--- Skipping recipe opencv ---
--- Skipping recipe pandas ---
--- Skipping recipe platformdirs ---
--- Skipping recipe pydantic ---
--- Skipping recipe pyenchant ---
--- Skipping recipe pygame ---
--- Skipping recipe pylsp ---
--- Skipping recipe pyopengl ---
--- Skipping recipe pyside ---
--- Skipping recipe pyside2 ---
--- Skipping recipe pyside6 ---
--- Skipping recipe qt5 ---
--- Skipping recipe qt6 ---
--- Skipping recipe rtree ---
--- Skipping recipe shiboken2 ---
--- Skipping recipe shiboken6 ---
--- Skipping recipe sip ---
--- Skipping recipe sphinx ---
--- Skipping recipe sqlalchemy ---
--- Skipping recipe sysconfig_module ---
--- Skipping recipe tkinter ---
--- Skipping recipe zmq ---
*** filtering dependencies ***
3458 total
46 filtered
172 orphaned
3412 remaining
*** create binaries ***
ADD INFO /Users/jamie/Documents/Projects/python/py2app-error/.venv/lib/python3.11/site-packages/pillow-10.4.0.dist-info
ADD INFO /Users/jamie/Documents/Projects/python/py2app-error/.venv/lib/python3.11/site-packages/pillow-10.4.0.dist-info
ADD INFO /Users/jamie/Documents/Projects/python/py2app-error/.venv/lib/python3.11/site-packages/pillow-10.4.0.dist-info
ADD INFO /Users/jamie/Documents/Projects/python/py2app-error/.venv/lib/python3.11/site-packages/pillow-10.4.0.dist-info
ADD INFO /Users/jamie/Documents/Projects/python/py2app-error/.venv/lib/python3.11/site-packages/pillow-10.4.0.dist-info
ADD INFO /Users/jamie/Documents/Projects/python/py2app-error/.venv/lib/python3.11/site-packages/pillow-10.4.0.dist-info
ADD INFO /Users/jamie/Documents/Projects/python/py2app-error/.venv/lib/python3.11/site-packages/pillow-10.4.0.dist-info
ADD INFO /Users/jamie/Documents/Projects/python/py2app-error/.venv/lib/python3.11/site-packages/pillow-10.4.0.dist-info
ADD INFO /Users/jamie/Documents/Projects/python/py2app-error/.venv/lib/python3.11/site-packages/pillow-10.4.0.dist-info
ADD INFO /Users/jamie/Documents/Projects/python/py2app-error/.venv/lib/python3.11/site-packages/pillow-10.4.0.dist-info
ADD INFO /Users/jamie/Documents/Projects/python/py2app-error/.venv/lib/python3.11/site-packages/pillow-10.4.0.dist-info
ADD INFO /Users/jamie/Documents/Projects/python/py2app-error/.venv/lib/python3.11/site-packages/pillow-10.4.0.dist-info
ADD INFO /Users/jamie/Documents/Projects/python/py2app-error/.venv/lib/python3.11/site-packages/pillow-10.4.0.dist-info
ADD INFO /Users/jamie/Documents/Projects/python/py2app-error/.venv/lib/python3.11/site-packages/pillow-10.4.0.dist-info
ADD INFO /Users/jamie/Documents/Projects/python/py2app-error/.venv/lib/python3.11/site-packages/pillow-10.4.0.dist-info
ADD INFO /Users/jamie/Documents/Projects/python/py2app-error/.venv/lib/python3.11/site-packages/pillow-10.4.0.dist-info
ADD INFO /Users/jamie/Documents/Projects/python/py2app-error/.venv/lib/python3.11/site-packages/pillow-10.4.0.dist-info
ADD INFO /Users/jamie/Documents/Projects/python/py2app-error/.venv/lib/python3.11/site-packages/pillow-10.4.0.dist-info
ADD INFO /Users/jamie/Documents/Projects/python/py2app-error/.venv/lib/python3.11/site-packages/pillow-10.4.0.dist-info
ADD INFO /Users/jamie/Documents/Projects/python/py2app-error/.venv/lib/python3.11/site-packages/pillow-10.4.0.dist-info
ADD INFO /Users/jamie/Documents/Projects/python/py2app-error/.venv/lib/python3.11/site-packages/pillow-10.4.0.dist-info
ADD INFO /Users/jamie/Documents/Projects/python/py2app-error/.venv/lib/python3.11/site-packages/pillow-10.4.0.dist-info
ADD INFO /Users/jamie/Documents/Projects/python/py2app-error/.venv/lib/python3.11/site-packages/pillow-10.4.0.dist-info
ADD INFO /Users/jamie/Documents/Projects/python/py2app-error/.venv/lib/python3.11/site-packages/pillow-10.4.0.dist-info
ADD INFO /Users/jamie/Documents/Projects/python/py2app-error/.venv/lib/python3.11/site-packages/pillow-10.4.0.dist-info
ADD INFO /Users/jamie/Documents/Projects/python/py2app-error/.venv/lib/python3.11/site-packages/pillow-10.4.0.dist-info
ADD INFO /Users/jamie/Documents/Projects/python/py2app-error/.venv/lib/python3.11/site-packages/pillow-10.4.0.dist-info
ADD INFO /Users/jamie/Documents/Projects/python/py2app-error/.venv/lib/python3.11/site-packages/pillow-10.4.0.dist-info
ADD INFO /Users/jamie/Documents/Projects/python/py2app-error/.venv/lib/python3.11/site-packages/pillow-10.4.0.dist-info
ADD INFO /Users/jamie/Documents/Projects/python/py2app-error/.venv/lib/python3.11/site-packages/pillow-10.4.0.dist-info
ADD INFO /Users/jamie/Documents/Projects/python/py2app-error/.venv/lib/python3.11/site-packages/pillow-10.4.0.dist-info
ADD INFO /Users/jamie/Documents/Projects/python/py2app-error/.venv/lib/python3.11/site-packages/pillow-10.4.0.dist-info
ADD INFO /Users/jamie/Documents/Projects/python/py2app-error/.venv/lib/python3.11/site-packages/pillow-10.4.0.dist-info
ADD INFO /Users/jamie/Documents/Projects/python/py2app-error/.venv/lib/python3.11/site-packages/pillow-10.4.0.dist-info
ADD INFO /Users/jamie/Documents/Projects/python/py2app-error/.venv/lib/python3.11/site-packages/pillow-10.4.0.dist-info
ADD INFO /Users/jamie/Documents/Projects/python/py2app-error/.venv/lib/python3.11/site-packages/pillow-10.4.0.dist-info
ADD INFO /Users/jamie/Documents/Projects/python/py2app-error/.venv/lib/python3.11/site-packages/setuptools-65.5.0.dist-info
ADD INFO /Users/jamie/Documents/Projects/python/py2app-error/.venv/lib/python3.11/site-packages/setuptools-65.5.0.dist-info
ADD INFO /Users/jamie/Documents/Projects/python/py2app-error/.venv/lib/python3.11/site-packages/numpy-2.0.1.dist-info
ADD INFO /Users/jamie/Documents/Projects/python/py2app-error/.venv/lib/python3.11/site-packages/numpy-2.0.1.dist-info
ADD INFO /Users/jamie/Documents/Projects/python/py2app-error/.venv/lib/python3.11/site-packages/numpy-2.0.1.dist-info
ADD INFO /Users/jamie/Documents/Projects/python/py2app-error/.venv/lib/python3.11/site-packages/numpy-2.0.1.dist-info
ADD INFO /Users/jamie/Documents/Projects/python/py2app-error/.venv/lib/python3.11/site-packages/numpy-2.0.1.dist-info
ADD INFO /Users/jamie/Documents/Projects/python/py2app-error/.venv/lib/python3.11/site-packages/numpy-2.0.1.dist-info
ADD INFO /Users/jamie/Documents/Projects/python/py2app-error/.venv/lib/python3.11/site-packages/numpy-2.0.1.dist-info
ADD INFO /Users/jamie/Documents/Projects/python/py2app-error/.venv/lib/python3.11/site-packages/numpy-2.0.1.dist-info
ADD INFO /Users/jamie/Documents/Projects/python/py2app-error/.venv/lib/python3.11/site-packages/numpy-2.0.1.dist-info
ADD INFO /Users/jamie/Documents/Projects/python/py2app-error/.venv/lib/python3.11/site-packages/numpy-2.0.1.dist-info
ADD INFO /Users/jamie/Documents/Projects/python/py2app-error/.venv/lib/python3.11/site-packages/numpy-2.0.1.dist-info
ADD INFO /Users/jamie/Documents/Projects/python/py2app-error/.venv/lib/python3.11/site-packages/numpy-2.0.1.dist-info
ADD INFO /Users/jamie/Documents/Projects/python/py2app-error/.venv/lib/python3.11/site-packages/numpy-2.0.1.dist-info
ADD INFO /Users/jamie/Documents/Projects/python/py2app-error/.venv/lib/python3.11/site-packages/numpy-2.0.1.dist-info
ADD INFO /Users/jamie/Documents/Projects/python/py2app-error/.venv/lib/python3.11/site-packages/numpy-2.0.1.dist-info
ADD INFO /Users/jamie/Documents/Projects/python/py2app-error/.venv/lib/python3.11/site-packages/numpy-2.0.1.dist-info
ADD INFO /Users/jamie/Documents/Projects/python/py2app-error/.venv/lib/python3.11/site-packages/numpy-2.0.1.dist-info
ADD INFO /Users/jamie/Documents/Projects/python/py2app-error/.venv/lib/python3.11/site-packages/numpy-2.0.1.dist-info
ADD INFO /Users/jamie/Documents/Projects/python/py2app-error/.venv/lib/python3.11/site-packages/numpy-2.0.1.dist-info
ADD INFO /Users/jamie/Documents/Projects/python/py2app-error/.venv/lib/python3.11/site-packages/numpy-2.0.1.dist-info
ADD INFO /Users/jamie/Documents/Projects/python/py2app-error/.venv/lib/python3.11/site-packages/numpy-2.0.1.dist-info
ADD INFO /Users/jamie/Documents/Projects/python/py2app-error/.venv/lib/python3.11/site-packages/numpy-2.0.1.dist-info
ADD INFO /Users/jamie/Documents/Projects/python/py2app-error/.venv/lib/python3.11/site-packages/numpy-2.0.1.dist-info
ADD INFO /Users/jamie/Documents/Projects/python/py2app-error/.venv/lib/python3.11/site-packages/numpy-2.0.1.dist-info
ADD INFO /Users/jamie/Documents/Projects/python/py2app-error/.venv/lib/python3.11/site-packages/numpy-2.0.1.dist-info
ADD INFO /Users/jamie/Documents/Projects/python/py2app-error/.venv/lib/python3.11/site-packages/numpy-2.0.1.dist-info
ADD INFO /Users/jamie/Documents/Projects/python/py2app-error/.venv/lib/python3.11/site-packages/numpy-2.0.1.dist-info
ADD INFO /Users/jamie/Documents/Projects/python/py2app-error/.venv/lib/python3.11/site-packages/numpy-2.0.1.dist-info
ADD INFO /Users/jamie/Documents/Projects/python/py2app-error/.venv/lib/python3.11/site-packages/numpy-2.0.1.dist-info
ADD INFO /Users/jamie/Documents/Projects/python/py2app-error/.venv/lib/python3.11/site-packages/numpy-2.0.1.dist-info
ADD INFO /Users/jamie/Documents/Projects/python/py2app-error/.venv/lib/python3.11/site-packages/numpy-2.0.1.dist-info
ADD INFO /Users/jamie/Documents/Projects/python/py2app-error/.venv/lib/python3.11/site-packages/numpy-2.0.1.dist-info
ADD INFO /Users/jamie/Documents/Projects/python/py2app-error/.venv/lib/python3.11/site-packages/numpy-2.0.1.dist-info
ADD INFO /Users/jamie/Documents/Projects/python/py2app-error/.venv/lib/python3.11/site-packages/numpy-2.0.1.dist-info
ADD INFO /Users/jamie/Documents/Projects/python/py2app-error/.venv/lib/python3.11/site-packages/numpy-2.0.1.dist-info
ADD INFO /Users/jamie/Documents/Projects/python/py2app-error/.venv/lib/python3.11/site-packages/numpy-2.0.1.dist-info
ADD INFO /Users/jamie/Documents/Projects/python/py2app-error/.venv/lib/python3.11/site-packages/numpy-2.0.1.dist-info
ADD INFO /Users/jamie/Documents/Projects/python/py2app-error/.venv/lib/python3.11/site-packages/numpy-2.0.1.dist-info
ADD INFO /Users/jamie/Documents/Projects/python/py2app-error/.venv/lib/python3.11/site-packages/numpy-2.0.1.dist-info
ADD INFO /Users/jamie/Documents/Projects/python/py2app-error/.venv/lib/python3.11/site-packages/numpy-2.0.1.dist-info
ADD INFO /Users/jamie/Documents/Projects/python/py2app-error/.venv/lib/python3.11/site-packages/numpy-2.0.1.dist-info
ADD INFO /Users/jamie/Documents/Projects/python/py2app-error/.venv/lib/python3.11/site-packages/numpy-2.0.1.dist-info
ADD INFO /Users/jamie/Documents/Projects/python/py2app-error/.venv/lib/python3.11/site-packages/numpy-2.0.1.dist-info
ADD INFO /Users/jamie/Documents/Projects/python/py2app-error/.venv/lib/python3.11/site-packages/numpy-2.0.1.dist-info
ADD INFO /Users/jamie/Documents/Projects/python/py2app-error/.venv/lib/python3.11/site-packages/numpy-2.0.1.dist-info
ADD INFO /Users/jamie/Documents/Projects/python/py2app-error/.venv/lib/python3.11/site-packages/numpy-2.0.1.dist-info
ADD INFO /Users/jamie/Documents/Projects/python/py2app-error/.venv/lib/python3.11/site-packages/numpy-2.0.1.dist-info
ADD INFO /Users/jamie/Documents/Projects/python/py2app-error/.venv/lib/python3.11/site-packages/numpy-2.0.1.dist-info
ADD INFO /Users/jamie/Documents/Projects/python/py2app-error/.venv/lib/python3.11/site-packages/numpy-2.0.1.dist-info
ADD INFO /Users/jamie/Documents/Projects/python/py2app-error/.venv/lib/python3.11/site-packages/numpy-2.0.1.dist-info
ADD INFO /Users/jamie/Documents/Projects/python/py2app-error/.venv/lib/python3.11/site-packages/numpy-2.0.1.dist-info
ADD INFO /Users/jamie/Documents/Projects/python/py2app-error/.venv/lib/python3.11/site-packages/numpy-2.0.1.dist-info
ADD INFO /Users/jamie/Documents/Projects/python/py2app-error/.venv/lib/python3.11/site-packages/numpy-2.0.1.dist-info
ADD INFO /Users/jamie/Documents/Projects/python/py2app-error/.venv/lib/python3.11/site-packages/numpy-2.0.1.dist-info
ADD INFO /Users/jamie/Documents/Projects/python/py2app-error/.venv/lib/python3.11/site-packages/numpy-2.0.1.dist-info
ADD INFO /Users/jamie/Documents/Projects/python/py2app-error/.venv/lib/python3.11/site-packages/numpy-2.0.1.dist-info
ADD INFO /Users/jamie/Documents/Projects/python/py2app-error/.venv/lib/python3.11/site-packages/numpy-2.0.1.dist-info
ADD INFO /Users/jamie/Documents/Projects/python/py2app-error/.venv/lib/python3.11/site-packages/numpy-2.0.1.dist-info
ADD INFO /Users/jamie/Documents/Projects/python/py2app-error/.venv/lib/python3.11/site-packages/numpy-2.0.1.dist-info
ADD INFO /Users/jamie/Documents/Projects/python/py2app-error/.venv/lib/python3.11/site-packages/numpy-2.0.1.dist-info
ADD INFO /Users/jamie/Documents/Projects/python/py2app-error/.venv/lib/python3.11/site-packages/numpy-2.0.1.dist-info
ADD INFO /Users/jamie/Documents/Projects/python/py2app-error/.venv/lib/python3.11/site-packages/numpy-2.0.1.dist-info
ADD INFO /Users/jamie/Documents/Projects/python/py2app-error/.venv/lib/python3.11/site-packages/numpy-2.0.1.dist-info
ADD INFO /Users/jamie/Documents/Projects/python/py2app-error/.venv/lib/python3.11/site-packages/numpy-2.0.1.dist-info
ADD INFO /Users/jamie/Documents/Projects/python/py2app-error/.venv/lib/python3.11/site-packages/numpy-2.0.1.dist-info
ADD INFO /Users/jamie/Documents/Projects/python/py2app-error/.venv/lib/python3.11/site-packages/numpy-2.0.1.dist-info
ADD INFO /Users/jamie/Documents/Projects/python/py2app-error/.venv/lib/python3.11/site-packages/numpy-2.0.1.dist-info
ADD INFO /Users/jamie/Documents/Projects/python/py2app-error/.venv/lib/python3.11/site-packages/numpy-2.0.1.dist-info
ADD INFO /Users/jamie/Documents/Projects/python/py2app-error/.venv/lib/python3.11/site-packages/numpy-2.0.1.dist-info
ADD INFO /Users/jamie/Documents/Projects/python/py2app-error/.venv/lib/python3.11/site-packages/numpy-2.0.1.dist-info
ADD INFO /Users/jamie/Documents/Projects/python/py2app-error/.venv/lib/python3.11/site-packages/numpy-2.0.1.dist-info
ADD INFO /Users/jamie/Documents/Projects/python/py2app-error/.venv/lib/python3.11/site-packages/numpy-2.0.1.dist-info
ADD INFO /Users/jamie/Documents/Projects/python/py2app-error/.venv/lib/python3.11/site-packages/numpy-2.0.1.dist-info
ADD INFO /Users/jamie/Documents/Projects/python/py2app-error/.venv/lib/python3.11/site-packages/numpy-2.0.1.dist-info
ADD INFO /Users/jamie/Documents/Projects/python/py2app-error/.venv/lib/python3.11/site-packages/numpy-2.0.1.dist-info
ADD INFO /Users/jamie/Documents/Projects/python/py2app-error/.venv/lib/python3.11/site-packages/numpy-2.0.1.dist-info
ADD INFO /Users/jamie/Documents/Projects/python/py2app-error/.venv/lib/python3.11/site-packages/numpy-2.0.1.dist-info
ADD INFO /Users/jamie/Documents/Projects/python/py2app-error/.venv/lib/python3.11/site-packages/numpy-2.0.1.dist-info
ADD INFO /Users/jamie/Documents/Projects/python/py2app-error/.venv/lib/python3.11/site-packages/numpy-2.0.1.dist-info
ADD INFO /Users/jamie/Documents/Projects/python/py2app-error/.venv/lib/python3.11/site-packages/numpy-2.0.1.dist-info
ADD INFO /Users/jamie/Documents/Projects/python/py2app-error/.venv/lib/python3.11/site-packages/numpy-2.0.1.dist-info
ADD INFO /Users/jamie/Documents/Projects/python/py2app-error/.venv/lib/python3.11/site-packages/numpy-2.0.1.dist-info
ADD INFO /Users/jamie/Documents/Projects/python/py2app-error/.venv/lib/python3.11/site-packages/numpy-2.0.1.dist-info
ADD INFO /Users/jamie/Documents/Projects/python/py2app-error/.venv/lib/python3.11/site-packages/numpy-2.0.1.dist-info
ADD INFO /Users/jamie/Documents/Projects/python/py2app-error/.venv/lib/python3.11/site-packages/numpy-2.0.1.dist-info
ADD INFO /Users/jamie/Documents/Projects/python/py2app-error/.venv/lib/python3.11/site-packages/numpy-2.0.1.dist-info
ADD INFO /Users/jamie/Documents/Projects/python/py2app-error/.venv/lib/python3.11/site-packages/numpy-2.0.1.dist-info
ADD INFO /Users/jamie/Documents/Projects/python/py2app-error/.venv/lib/python3.11/site-packages/numpy-2.0.1.dist-info
ADD INFO /Users/jamie/Documents/Projects/python/py2app-error/.venv/lib/python3.11/site-packages/numpy-2.0.1.dist-info
ADD INFO /Users/jamie/Documents/Projects/python/py2app-error/.venv/lib/python3.11/site-packages/numpy-2.0.1.dist-info
ADD INFO /Users/jamie/Documents/Projects/python/py2app-error/.venv/lib/python3.11/site-packages/numpy-2.0.1.dist-info
ADD INFO /Users/jamie/Documents/Projects/python/py2app-error/.venv/lib/python3.11/site-packages/numpy-2.0.1.dist-info
ADD INFO /Users/jamie/Documents/Projects/python/py2app-error/.venv/lib/python3.11/site-packages/numpy-2.0.1.dist-info
ADD INFO /Users/jamie/Documents/Projects/python/py2app-error/.venv/lib/python3.11/site-packages/numpy-2.0.1.dist-info
ADD INFO /Users/jamie/Documents/Projects/python/py2app-error/.venv/lib/python3.11/site-packages/numpy-2.0.1.dist-info
ADD INFO /Users/jamie/Documents/Projects/python/py2app-error/.venv/lib/python3.11/site-packages/numpy-2.0.1.dist-info
ADD INFO /Users/jamie/Documents/Projects/python/py2app-error/.venv/lib/python3.11/site-packages/numpy-2.0.1.dist-info
ADD INFO /Users/jamie/Documents/Projects/python/py2app-error/.venv/lib/python3.11/site-packages/numpy-2.0.1.dist-info
ADD INFO /Users/jamie/Documents/Projects/python/py2app-error/.venv/lib/python3.11/site-packages/numpy-2.0.1.dist-info
ADD INFO /Users/jamie/Documents/Projects/python/py2app-error/.venv/lib/python3.11/site-packages/numpy-2.0.1.dist-info
ADD INFO /Users/jamie/Documents/Projects/python/py2app-error/.venv/lib/python3.11/site-packages/numpy-2.0.1.dist-info
ADD INFO /Users/jamie/Documents/Projects/python/py2app-error/.venv/lib/python3.11/site-packages/numpy-2.0.1.dist-info
ADD INFO /Users/jamie/Documents/Projects/python/py2app-error/.venv/lib/python3.11/site-packages/numpy-2.0.1.dist-info
ADD INFO /Users/jamie/Documents/Projects/python/py2app-error/.venv/lib/python3.11/site-packages/numpy-2.0.1.dist-info
ADD INFO /Users/jamie/Documents/Projects/python/py2app-error/.venv/lib/python3.11/site-packages/numpy-2.0.1.dist-info
ADD INFO /Users/jamie/Documents/Projects/python/py2app-error/.venv/lib/python3.11/site-packages/numpy-2.0.1.dist-info
ADD INFO /Users/jamie/Documents/Projects/python/py2app-error/.venv/lib/python3.11/site-packages/numpy-2.0.1.dist-info
ADD INFO /Users/jamie/Documents/Projects/python/py2app-error/.venv/lib/python3.11/site-packages/numpy-2.0.1.dist-info
ADD INFO /Users/jamie/Documents/Projects/python/py2app-error/.venv/lib/python3.11/site-packages/numpy-2.0.1.dist-info
ADD INFO /Users/jamie/Documents/Projects/python/py2app-error/.venv/lib/python3.11/site-packages/numpy-2.0.1.dist-info
ADD INFO /Users/jamie/Documents/Projects/python/py2app-error/.venv/lib/python3.11/site-packages/numpy-2.0.1.dist-info
ADD INFO /Users/jamie/Documents/Projects/python/py2app-error/.venv/lib/python3.11/site-packages/numpy-2.0.1.dist-info
ADD INFO /Users/jamie/Documents/Projects/python/py2app-error/.venv/lib/python3.11/site-packages/numpy-2.0.1.dist-info
ADD INFO /Users/jamie/Documents/Projects/python/py2app-error/.venv/lib/python3.11/site-packages/numpy-2.0.1.dist-info
ADD INFO /Users/jamie/Documents/Projects/python/py2app-error/.venv/lib/python3.11/site-packages/numpy-2.0.1.dist-info
ADD INFO /Users/jamie/Documents/Projects/python/py2app-error/.venv/lib/python3.11/site-packages/numpy-2.0.1.dist-info
ADD INFO /Users/jamie/Documents/Projects/python/py2app-error/.venv/lib/python3.11/site-packages/numpy-2.0.1.dist-info
ADD INFO /Users/jamie/Documents/Projects/python/py2app-error/.venv/lib/python3.11/site-packages/numpy-2.0.1.dist-info
ADD INFO /Users/jamie/Documents/Projects/python/py2app-error/.venv/lib/python3.11/site-packages/numpy-2.0.1.dist-info
ADD INFO /Users/jamie/Documents/Projects/python/py2app-error/.venv/lib/python3.11/site-packages/numpy-2.0.1.dist-info
ADD INFO /Users/jamie/Documents/Projects/python/py2app-error/.venv/lib/python3.11/site-packages/numpy-2.0.1.dist-info
ADD INFO /Users/jamie/Documents/Projects/python/py2app-error/.venv/lib/python3.11/site-packages/numpy-2.0.1.dist-info
ADD INFO /Users/jamie/Documents/Projects/python/py2app-error/.venv/lib/python3.11/site-packages/numpy-2.0.1.dist-info
ADD INFO /Users/jamie/Documents/Projects/python/py2app-error/.venv/lib/python3.11/site-packages/numpy-2.0.1.dist-info
ADD INFO /Users/jamie/Documents/Projects/python/py2app-error/.venv/lib/python3.11/site-packages/numpy-2.0.1.dist-info
ADD INFO /Users/jamie/Documents/Projects/python/py2app-error/.venv/lib/python3.11/site-packages/numpy-2.0.1.dist-info
ADD INFO /Users/jamie/Documents/Projects/python/py2app-error/.venv/lib/python3.11/site-packages/numpy-2.0.1.dist-info
ADD INFO /Users/jamie/Documents/Projects/python/py2app-error/.venv/lib/python3.11/site-packages/numpy-2.0.1.dist-info
ADD INFO /Users/jamie/Documents/Projects/python/py2app-error/.venv/lib/python3.11/site-packages/numpy-2.0.1.dist-info
ADD INFO /Users/jamie/Documents/Projects/python/py2app-error/.venv/lib/python3.11/site-packages/numpy-2.0.1.dist-info
ADD INFO /Users/jamie/Documents/Projects/python/py2app-error/.venv/lib/python3.11/site-packages/numpy-2.0.1.dist-info
ADD INFO /Users/jamie/Documents/Projects/python/py2app-error/.venv/lib/python3.11/site-packages/numpy-2.0.1.dist-info
ADD INFO /Users/jamie/Documents/Projects/python/py2app-error/.venv/lib/python3.11/site-packages/numpy-2.0.1.dist-info
ADD INFO /Users/jamie/Documents/Projects/python/py2app-error/.venv/lib/python3.11/site-packages/numpy-2.0.1.dist-info
ADD INFO /Users/jamie/Documents/Projects/python/py2app-error/.venv/lib/python3.11/site-packages/numpy-2.0.1.dist-info
ADD INFO /Users/jamie/Documents/Projects/python/py2app-error/.venv/lib/python3.11/site-packages/numpy-2.0.1.dist-info
ADD INFO /Users/jamie/Documents/Projects/python/py2app-error/.venv/lib/python3.11/site-packages/numpy-2.0.1.dist-info
ADD INFO /Users/jamie/Documents/Projects/python/py2app-error/.venv/lib/python3.11/site-packages/numpy-2.0.1.dist-info
ADD INFO /Users/jamie/Documents/Projects/python/py2app-error/.venv/lib/python3.11/site-packages/numpy-2.0.1.dist-info
ADD INFO /Users/jamie/Documents/Projects/python/py2app-error/.venv/lib/python3.11/site-packages/numpy-2.0.1.dist-info
ADD INFO /Users/jamie/Documents/Projects/python/py2app-error/.venv/lib/python3.11/site-packages/numpy-2.0.1.dist-info
ADD INFO /Users/jamie/Documents/Projects/python/py2app-error/.venv/lib/python3.11/site-packages/numpy-2.0.1.dist-info
ADD INFO /Users/jamie/Documents/Projects/python/py2app-error/.venv/lib/python3.11/site-packages/numpy-2.0.1.dist-info
ADD INFO /Users/jamie/Documents/Projects/python/py2app-error/.venv/lib/python3.11/site-packages/numpy-2.0.1.dist-info
ADD INFO /Users/jamie/Documents/Projects/python/py2app-error/.venv/lib/python3.11/site-packages/numpy-2.0.1.dist-info
ADD INFO /Users/jamie/Documents/Projects/python/py2app-error/.venv/lib/python3.11/site-packages/numpy-2.0.1.dist-info
ADD INFO /Users/jamie/Documents/Projects/python/py2app-error/.venv/lib/python3.11/site-packages/numpy-2.0.1.dist-info
ADD INFO /Users/jamie/Documents/Projects/python/py2app-error/.venv/lib/python3.11/site-packages/numpy-2.0.1.dist-info
ADD INFO /Users/jamie/Documents/Projects/python/py2app-error/.venv/lib/python3.11/site-packages/numpy-2.0.1.dist-info
ADD INFO /Users/jamie/Documents/Projects/python/py2app-error/.venv/lib/python3.11/site-packages/numpy-2.0.1.dist-info
ADD INFO /Users/jamie/Documents/Projects/python/py2app-error/.venv/lib/python3.11/site-packages/numpy-2.0.1.dist-info
ADD INFO /Users/jamie/Documents/Projects/python/py2app-error/.venv/lib/python3.11/site-packages/numpy-2.0.1.dist-info
ADD INFO /Users/jamie/Documents/Projects/python/py2app-error/.venv/lib/python3.11/site-packages/numpy-2.0.1.dist-info
ADD INFO /Users/jamie/Documents/Projects/python/py2app-error/.venv/lib/python3.11/site-packages/numpy-2.0.1.dist-info
ADD INFO /Users/jamie/Documents/Projects/python/py2app-error/.venv/lib/python3.11/site-packages/numpy-2.0.1.dist-info
ADD INFO /Users/jamie/Documents/Projects/python/py2app-error/.venv/lib/python3.11/site-packages/numpy-2.0.1.dist-info
ADD INFO /Users/jamie/Documents/Projects/python/py2app-error/.venv/lib/python3.11/site-packages/numpy-2.0.1.dist-info
ADD INFO /Users/jamie/Documents/Projects/python/py2app-error/.venv/lib/python3.11/site-packages/numpy-2.0.1.dist-info
ADD INFO /Users/jamie/Documents/Projects/python/py2app-error/.venv/lib/python3.11/site-packages/numpy-2.0.1.dist-info
ADD INFO /Users/jamie/Documents/Projects/python/py2app-error/.venv/lib/python3.11/site-packages/numpy-2.0.1.dist-info
ADD INFO /Users/jamie/Documents/Projects/python/py2app-error/.venv/lib/python3.11/site-packages/numpy-2.0.1.dist-info
ADD INFO /Users/jamie/Documents/Projects/python/py2app-error/.venv/lib/python3.11/site-packages/numpy-2.0.1.dist-info
ADD INFO /Users/jamie/Documents/Projects/python/py2app-error/.venv/lib/python3.11/site-packages/numpy-2.0.1.dist-info
ADD INFO /Users/jamie/Documents/Projects/python/py2app-error/.venv/lib/python3.11/site-packages/numpy-2.0.1.dist-info
ADD INFO /Users/jamie/Documents/Projects/python/py2app-error/.venv/lib/python3.11/site-packages/numpy-2.0.1.dist-info
ADD INFO /Users/jamie/Documents/Projects/python/py2app-error/.venv/lib/python3.11/site-packages/numpy-2.0.1.dist-info
ADD INFO /Users/jamie/Documents/Projects/python/py2app-error/.venv/lib/python3.11/site-packages/numpy-2.0.1.dist-info
ADD INFO /Users/jamie/Documents/Projects/python/py2app-error/.venv/lib/python3.11/site-packages/numpy-2.0.1.dist-info
ADD INFO /Users/jamie/Documents/Projects/python/py2app-error/.venv/lib/python3.11/site-packages/numpy-2.0.1.dist-info
ADD INFO /Users/jamie/Documents/Projects/python/py2app-error/.venv/lib/python3.11/site-packages/numpy-2.0.1.dist-info
ADD INFO /Users/jamie/Documents/Projects/python/py2app-error/.venv/lib/python3.11/site-packages/numpy-2.0.1.dist-info
ADD INFO /Users/jamie/Documents/Projects/python/py2app-error/.venv/lib/python3.11/site-packages/numpy-2.0.1.dist-info
ADD INFO /Users/jamie/Documents/Projects/python/py2app-error/.venv/lib/python3.11/site-packages/numpy-2.0.1.dist-info
ADD INFO /Users/jamie/Documents/Projects/python/py2app-error/.venv/lib/python3.11/site-packages/numpy-2.0.1.dist-info
ADD INFO /Users/jamie/Documents/Projects/python/py2app-error/.venv/lib/python3.11/site-packages/numpy-2.0.1.dist-info
ADD INFO /Users/jamie/Documents/Projects/python/py2app-error/.venv/lib/python3.11/site-packages/numpy-2.0.1.dist-info
ADD INFO /Users/jamie/Documents/Projects/python/py2app-error/.venv/lib/python3.11/site-packages/numpy-2.0.1.dist-info
ADD INFO /Users/jamie/Documents/Projects/python/py2app-error/.venv/lib/python3.11/site-packages/numpy-2.0.1.dist-info
ADD INFO /Users/jamie/Documents/Projects/python/py2app-error/.venv/lib/python3.11/site-packages/numpy-2.0.1.dist-info
ADD INFO /Users/jamie/Documents/Projects/python/py2app-error/.venv/lib/python3.11/site-packages/numpy-2.0.1.dist-info
ADD INFO /Users/jamie/Documents/Projects/python/py2app-error/.venv/lib/python3.11/site-packages/numpy-2.0.1.dist-info
ADD INFO /Users/jamie/Documents/Projects/python/py2app-error/.venv/lib/python3.11/site-packages/numpy-2.0.1.dist-info
ADD INFO /Users/jamie/Documents/Projects/python/py2app-error/.venv/lib/python3.11/site-packages/numpy-2.0.1.dist-info
ADD INFO /Users/jamie/Documents/Projects/python/py2app-error/.venv/lib/python3.11/site-packages/numpy-2.0.1.dist-info
ADD INFO /Users/jamie/Documents/Projects/python/py2app-error/.venv/lib/python3.11/site-packages/numpy-2.0.1.dist-info
ADD INFO /Users/jamie/Documents/Projects/python/py2app-error/.venv/lib/python3.11/site-packages/numpy-2.0.1.dist-info
ADD INFO /Users/jamie/Documents/Projects/python/py2app-error/.venv/lib/python3.11/site-packages/numpy-2.0.1.dist-info
ADD INFO /Users/jamie/Documents/Projects/python/py2app-error/.venv/lib/python3.11/site-packages/numpy-2.0.1.dist-info
ADD INFO /Users/jamie/Documents/Projects/python/py2app-error/.venv/lib/python3.11/site-packages/numpy-2.0.1.dist-info
ADD INFO /Users/jamie/Documents/Projects/python/py2app-error/.venv/lib/python3.11/site-packages/numpy-2.0.1.dist-info
ADD INFO /Users/jamie/Documents/Projects/python/py2app-error/.venv/lib/python3.11/site-packages/numpy-2.0.1.dist-info
ADD INFO /Users/jamie/Documents/Projects/python/py2app-error/.venv/lib/python3.11/site-packages/numpy-2.0.1.dist-info
ADD INFO /Users/jamie/Documents/Projects/python/py2app-error/.venv/lib/python3.11/site-packages/numpy-2.0.1.dist-info
ADD INFO /Users/jamie/Documents/Projects/python/py2app-error/.venv/lib/python3.11/site-packages/numpy-2.0.1.dist-info
ADD INFO /Users/jamie/Documents/Projects/python/py2app-error/.venv/lib/python3.11/site-packages/numpy-2.0.1.dist-info
ADD INFO /Users/jamie/Documents/Projects/python/py2app-error/.venv/lib/python3.11/site-packages/numpy-2.0.1.dist-info
ADD INFO /Users/jamie/Documents/Projects/python/py2app-error/.venv/lib/python3.11/site-packages/numpy-2.0.1.dist-info
ADD INFO /Users/jamie/Documents/Projects/python/py2app-error/.venv/lib/python3.11/site-packages/numpy-2.0.1.dist-info
ADD INFO /Users/jamie/Documents/Projects/python/py2app-error/.venv/lib/python3.11/site-packages/numpy-2.0.1.dist-info
ADD INFO /Users/jamie/Documents/Projects/python/py2app-error/.venv/lib/python3.11/site-packages/numpy-2.0.1.dist-info
ADD INFO /Users/jamie/Documents/Projects/python/py2app-error/.venv/lib/python3.11/site-packages/numpy-2.0.1.dist-info
ADD INFO /Users/jamie/Documents/Projects/python/py2app-error/.venv/lib/python3.11/site-packages/numpy-2.0.1.dist-info
ADD INFO /Users/jamie/Documents/Projects/python/py2app-error/.venv/lib/python3.11/site-packages/numpy-2.0.1.dist-info
ADD INFO /Users/jamie/Documents/Projects/python/py2app-error/.venv/lib/python3.11/site-packages/numpy-2.0.1.dist-info
ADD INFO /Users/jamie/Documents/Projects/python/py2app-error/.venv/lib/python3.11/site-packages/numpy-2.0.1.dist-info
ADD INFO /Users/jamie/Documents/Projects/python/py2app-error/.venv/lib/python3.11/site-packages/numpy-2.0.1.dist-info
ADD INFO /Users/jamie/Documents/Projects/python/py2app-error/.venv/lib/python3.11/site-packages/numpy-2.0.1.dist-info
ADD INFO /Users/jamie/Documents/Projects/python/py2app-error/.venv/lib/python3.11/site-packages/numpy-2.0.1.dist-info
ADD INFO /Users/jamie/Documents/Projects/python/py2app-error/.venv/lib/python3.11/site-packages/numpy-2.0.1.dist-info
ADD INFO /Users/jamie/Documents/Projects/python/py2app-error/.venv/lib/python3.11/site-packages/numpy-2.0.1.dist-info
ADD INFO /Users/jamie/Documents/Projects/python/py2app-error/.venv/lib/python3.11/site-packages/numpy-2.0.1.dist-info
ADD INFO /Users/jamie/Documents/Projects/python/py2app-error/.venv/lib/python3.11/site-packages/numpy-2.0.1.dist-info
ADD INFO /Users/jamie/Documents/Projects/python/py2app-error/.venv/lib/python3.11/site-packages/numpy-2.0.1.dist-info
ADD INFO /Users/jamie/Documents/Projects/python/py2app-error/.venv/lib/python3.11/site-packages/numpy-2.0.1.dist-info
ADD INFO /Users/jamie/Documents/Projects/python/py2app-error/.venv/lib/python3.11/site-packages/numpy-2.0.1.dist-info
ADD INFO /Users/jamie/Documents/Projects/python/py2app-error/.venv/lib/python3.11/site-packages/numpy-2.0.1.dist-info
ADD INFO /Users/jamie/Documents/Projects/python/py2app-error/.venv/lib/python3.11/site-packages/numpy-2.0.1.dist-info
ADD INFO /Users/jamie/Documents/Projects/python/py2app-error/.venv/lib/python3.11/site-packages/numpy-2.0.1.dist-info
ADD INFO /Users/jamie/Documents/Projects/python/py2app-error/.venv/lib/python3.11/site-packages/numpy-2.0.1.dist-info
ADD INFO /Users/jamie/Documents/Projects/python/py2app-error/.venv/lib/python3.11/site-packages/numpy-2.0.1.dist-info
ADD INFO /Users/jamie/Documents/Projects/python/py2app-error/.venv/lib/python3.11/site-packages/numpy-2.0.1.dist-info
ADD INFO /Users/jamie/Documents/Projects/python/py2app-error/.venv/lib/python3.11/site-packages/numpy-2.0.1.dist-info
ADD INFO /Users/jamie/Documents/Projects/python/py2app-error/.venv/lib/python3.11/site-packages/numpy-2.0.1.dist-info
ADD INFO /Users/jamie/Documents/Projects/python/py2app-error/.venv/lib/python3.11/site-packages/numpy-2.0.1.dist-info
ADD INFO /Users/jamie/Documents/Projects/python/py2app-error/.venv/lib/python3.11/site-packages/numpy-2.0.1.dist-info
ADD INFO /Users/jamie/Documents/Projects/python/py2app-error/.venv/lib/python3.11/site-packages/numpy-2.0.1.dist-info
ADD INFO /Users/jamie/Documents/Projects/python/py2app-error/.venv/lib/python3.11/site-packages/numpy-2.0.1.dist-info
ADD INFO /Users/jamie/Documents/Projects/python/py2app-error/.venv/lib/python3.11/site-packages/numpy-2.0.1.dist-info
ADD INFO /Users/jamie/Documents/Projects/python/py2app-error/.venv/lib/python3.11/site-packages/numpy-2.0.1.dist-info
ADD INFO /Users/jamie/Documents/Projects/python/py2app-error/.venv/lib/python3.11/site-packages/numpy-2.0.1.dist-info
ADD INFO /Users/jamie/Documents/Projects/python/py2app-error/.venv/lib/python3.11/site-packages/numpy-2.0.1.dist-info
ADD INFO /Users/jamie/Documents/Projects/python/py2app-error/.venv/lib/python3.11/site-packages/numpy-2.0.1.dist-info
ADD INFO /Users/jamie/Documents/Projects/python/py2app-error/.venv/lib/python3.11/site-packages/numpy-2.0.1.dist-info
ADD INFO /Users/jamie/Documents/Projects/python/py2app-error/.venv/lib/python3.11/site-packages/numpy-2.0.1.dist-info
ADD INFO /Users/jamie/Documents/Projects/python/py2app-error/.venv/lib/python3.11/site-packages/numpy-2.0.1.dist-info
ADD INFO /Users/jamie/Documents/Projects/python/py2app-error/.venv/lib/python3.11/site-packages/numpy-2.0.1.dist-info
ADD INFO /Users/jamie/Documents/Projects/python/py2app-error/.venv/lib/python3.11/site-packages/numpy-2.0.1.dist-info
ADD INFO /Users/jamie/Documents/Projects/python/py2app-error/.venv/lib/python3.11/site-packages/numpy-2.0.1.dist-info
ADD INFO /Users/jamie/Documents/Projects/python/py2app-error/.venv/lib/python3.11/site-packages/numpy-2.0.1.dist-info
ADD INFO /Users/jamie/Documents/Projects/python/py2app-error/.venv/lib/python3.11/site-packages/numpy-2.0.1.dist-info
ADD INFO /Users/jamie/Documents/Projects/python/py2app-error/.venv/lib/python3.11/site-packages/numpy-2.0.1.dist-info
ADD INFO /Users/jamie/Documents/Projects/python/py2app-error/.venv/lib/python3.11/site-packages/numpy-2.0.1.dist-info
ADD INFO /Users/jamie/Documents/Projects/python/py2app-error/.venv/lib/python3.11/site-packages/numpy-2.0.1.dist-info
ADD INFO /Users/jamie/Documents/Projects/python/py2app-error/.venv/lib/python3.11/site-packages/numpy-2.0.1.dist-info
ADD INFO /Users/jamie/Documents/Projects/python/py2app-error/.venv/lib/python3.11/site-packages/numpy-2.0.1.dist-info
ADD INFO /Users/jamie/Documents/Projects/python/py2app-error/.venv/lib/python3.11/site-packages/numpy-2.0.1.dist-info
ADD INFO /Users/jamie/Documents/Projects/python/py2app-error/.venv/lib/python3.11/site-packages/numpy-2.0.1.dist-info
ADD INFO /Users/jamie/Documents/Projects/python/py2app-error/.venv/lib/python3.11/site-packages/numpy-2.0.1.dist-info
ADD INFO /Users/jamie/Documents/Projects/python/py2app-error/.venv/lib/python3.11/site-packages/numpy-2.0.1.dist-info
ADD INFO /Users/jamie/Documents/Projects/python/py2app-error/.venv/lib/python3.11/site-packages/numpy-2.0.1.dist-info
ADD INFO /Users/jamie/Documents/Projects/python/py2app-error/.venv/lib/python3.11/site-packages/numpy-2.0.1.dist-info
ADD INFO /Users/jamie/Documents/Projects/python/py2app-error/.venv/lib/python3.11/site-packages/numpy-2.0.1.dist-info
ADD INFO /Users/jamie/Documents/Projects/python/py2app-error/.venv/lib/python3.11/site-packages/numpy-2.0.1.dist-info
ADD INFO /Users/jamie/Documents/Projects/python/py2app-error/.venv/lib/python3.11/site-packages/numpy-2.0.1.dist-info
ADD INFO /Users/jamie/Documents/Projects/python/py2app-error/.venv/lib/python3.11/site-packages/numpy-2.0.1.dist-info
ADD INFO /Users/jamie/Documents/Projects/python/py2app-error/.venv/lib/python3.11/site-packages/numpy-2.0.1.dist-info
ADD INFO /Users/jamie/Documents/Projects/python/py2app-error/.venv/lib/python3.11/site-packages/numpy-2.0.1.dist-info
ADD INFO /Users/jamie/Documents/Projects/python/py2app-error/.venv/lib/python3.11/site-packages/numpy-2.0.1.dist-info
ADD INFO /Users/jamie/Documents/Projects/python/py2app-error/.venv/lib/python3.11/site-packages/numpy-2.0.1.dist-info
ADD INFO /Users/jamie/Documents/Projects/python/py2app-error/.venv/lib/python3.11/site-packages/numpy-2.0.1.dist-info
ADD INFO /Users/jamie/Documents/Projects/python/py2app-error/.venv/lib/python3.11/site-packages/numpy-2.0.1.dist-info
ADD INFO /Users/jamie/Documents/Projects/python/py2app-error/.venv/lib/python3.11/site-packages/numpy-2.0.1.dist-info
ADD INFO /Users/jamie/Documents/Projects/python/py2app-error/.venv/lib/python3.11/site-packages/numpy-2.0.1.dist-info
ADD INFO /Users/jamie/Documents/Projects/python/py2app-error/.venv/lib/python3.11/site-packages/numpy-2.0.1.dist-info
ADD INFO /Users/jamie/Documents/Projects/python/py2app-error/.venv/lib/python3.11/site-packages/numpy-2.0.1.dist-info
ADD INFO /Users/jamie/Documents/Projects/python/py2app-error/.venv/lib/python3.11/site-packages/numpy-2.0.1.dist-info
ADD INFO /Users/jamie/Documents/Projects/python/py2app-error/.venv/lib/python3.11/site-packages/numpy-2.0.1.dist-info
ADD INFO /Users/jamie/Documents/Projects/python/py2app-error/.venv/lib/python3.11/site-packages/numpy-2.0.1.dist-info
ADD INFO /Users/jamie/Documents/Projects/python/py2app-error/.venv/lib/python3.11/site-packages/numpy-2.0.1.dist-info
ADD INFO /Users/jamie/Documents/Projects/python/py2app-error/.venv/lib/python3.11/site-packages/numpy-2.0.1.dist-info
ADD INFO /Users/jamie/Documents/Projects/python/py2app-error/.venv/lib/python3.11/site-packages/numpy-2.0.1.dist-info
ADD INFO /Users/jamie/Documents/Projects/python/py2app-error/.venv/lib/python3.11/site-packages/numpy-2.0.1.dist-info
ADD INFO /Users/jamie/Documents/Projects/python/py2app-error/.venv/lib/python3.11/site-packages/numpy-2.0.1.dist-info
ADD INFO /Users/jamie/Documents/Projects/python/py2app-error/.venv/lib/python3.11/site-packages/numpy-2.0.1.dist-info
ADD INFO /Users/jamie/Documents/Projects/python/py2app-error/.venv/lib/python3.11/site-packages/numpy-2.0.1.dist-info
ADD INFO /Users/jamie/Documents/Projects/python/py2app-error/.venv/lib/python3.11/site-packages/numpy-2.0.1.dist-info
ADD INFO /Users/jamie/Documents/Projects/python/py2app-error/.venv/lib/python3.11/site-packages/numpy-2.0.1.dist-info
ADD INFO /Users/jamie/Documents/Projects/python/py2app-error/.venv/lib/python3.11/site-packages/numpy-2.0.1.dist-info
ADD INFO /Users/jamie/Documents/Projects/python/py2app-error/.venv/lib/python3.11/site-packages/numpy-2.0.1.dist-info
ADD INFO /Users/jamie/Documents/Projects/python/py2app-error/.venv/lib/python3.11/site-packages/numpy-2.0.1.dist-info
ADD INFO /Users/jamie/Documents/Projects/python/py2app-error/.venv/lib/python3.11/site-packages/numpy-2.0.1.dist-info
ADD INFO /Users/jamie/Documents/Projects/python/py2app-error/.venv/lib/python3.11/site-packages/numpy-2.0.1.dist-info
ADD INFO /Users/jamie/Documents/Projects/python/py2app-error/.venv/lib/python3.11/site-packages/numpy-2.0.1.dist-info
ADD INFO /Users/jamie/Documents/Projects/python/py2app-error/.venv/lib/python3.11/site-packages/numpy-2.0.1.dist-info
ADD INFO /Users/jamie/Documents/Projects/python/py2app-error/.venv/lib/python3.11/site-packages/numpy-2.0.1.dist-info
ADD INFO /Users/jamie/Documents/Projects/python/py2app-error/.venv/lib/python3.11/site-packages/numpy-2.0.1.dist-info
ADD INFO /Users/jamie/Documents/Projects/python/py2app-error/.venv/lib/python3.11/site-packages/numpy-2.0.1.dist-info
ADD INFO /Users/jamie/Documents/Projects/python/py2app-error/.venv/lib/python3.11/site-packages/numpy-2.0.1.dist-info
ADD INFO /Users/jamie/Documents/Projects/python/py2app-error/.venv/lib/python3.11/site-packages/numpy-2.0.1.dist-info
ADD INFO /Users/jamie/Documents/Projects/python/py2app-error/.venv/lib/python3.11/site-packages/numpy-2.0.1.dist-info
ADD INFO /Users/jamie/Documents/Projects/python/py2app-error/.venv/lib/python3.11/site-packages/numpy-2.0.1.dist-info
ADD INFO /Users/jamie/Documents/Projects/python/py2app-error/.venv/lib/python3.11/site-packages/numpy-2.0.1.dist-info
ADD INFO /Users/jamie/Documents/Projects/python/py2app-error/.venv/lib/python3.11/site-packages/numpy-2.0.1.dist-info
ADD INFO /Users/jamie/Documents/Projects/python/py2app-error/.venv/lib/python3.11/site-packages/numpy-2.0.1.dist-info
ADD INFO /Users/jamie/Documents/Projects/python/py2app-error/.venv/lib/python3.11/site-packages/numpy-2.0.1.dist-info
ADD INFO /Users/jamie/Documents/Projects/python/py2app-error/.venv/lib/python3.11/site-packages/numpy-2.0.1.dist-info
ADD INFO /Users/jamie/Documents/Projects/python/py2app-error/.venv/lib/python3.11/site-packages/numpy-2.0.1.dist-info
ADD INFO /Users/jamie/Documents/Projects/python/py2app-error/.venv/lib/python3.11/site-packages/numpy-2.0.1.dist-info
ADD INFO /Users/jamie/Documents/Projects/python/py2app-error/.venv/lib/python3.11/site-packages/numpy-2.0.1.dist-info
ADD INFO /Users/jamie/Documents/Projects/python/py2app-error/.venv/lib/python3.11/site-packages/numpy-2.0.1.dist-info
ADD INFO /Users/jamie/Documents/Projects/python/py2app-error/.venv/lib/python3.11/site-packages/numpy-2.0.1.dist-info
ADD INFO /Users/jamie/Documents/Projects/python/py2app-error/.venv/lib/python3.11/site-packages/numpy-2.0.1.dist-info
ADD INFO /Users/jamie/Documents/Projects/python/py2app-error/.venv/lib/python3.11/site-packages/numpy-2.0.1.dist-info
ADD INFO /Users/jamie/Documents/Projects/python/py2app-error/.venv/lib/python3.11/site-packages/numpy-2.0.1.dist-info
ADD INFO /Users/jamie/Documents/Projects/python/py2app-error/.venv/lib/python3.11/site-packages/numpy-2.0.1.dist-info
ADD INFO /Users/jamie/Documents/Projects/python/py2app-error/.venv/lib/python3.11/site-packages/numpy-2.0.1.dist-info
ADD INFO /Users/jamie/Documents/Projects/python/py2app-error/.venv/lib/python3.11/site-packages/numpy-2.0.1.dist-info
ADD INFO /Users/jamie/Documents/Projects/python/py2app-error/.venv/lib/python3.11/site-packages/numpy-2.0.1.dist-info
ADD INFO /Users/jamie/Documents/Projects/python/py2app-error/.venv/lib/python3.11/site-packages/numpy-2.0.1.dist-info
ADD INFO /Users/jamie/Documents/Projects/python/py2app-error/.venv/lib/python3.11/site-packages/numpy-2.0.1.dist-info
ADD INFO /Users/jamie/Documents/Projects/python/py2app-error/.venv/lib/python3.11/site-packages/numpy-2.0.1.dist-info
ADD INFO /Users/jamie/Documents/Projects/python/py2app-error/.venv/lib/python3.11/site-packages/numpy-2.0.1.dist-info
ADD INFO /Users/jamie/Documents/Projects/python/py2app-error/.venv/lib/python3.11/site-packages/numpy-2.0.1.dist-info
ADD INFO /Users/jamie/Documents/Projects/python/py2app-error/.venv/lib/python3.11/site-packages/numpy-2.0.1.dist-info
ADD INFO /Users/jamie/Documents/Projects/python/py2app-error/.venv/lib/python3.11/site-packages/numpy-2.0.1.dist-info
ADD INFO /Users/jamie/Documents/Projects/python/py2app-error/.venv/lib/python3.11/site-packages/numpy-2.0.1.dist-info
ADD INFO /Users/jamie/Documents/Projects/python/py2app-error/.venv/lib/python3.11/site-packages/numpy-2.0.1.dist-info
ADD INFO /Users/jamie/Documents/Projects/python/py2app-error/.venv/lib/python3.11/site-packages/numpy-2.0.1.dist-info
ADD INFO /Users/jamie/Documents/Projects/python/py2app-error/.venv/lib/python3.11/site-packages/numpy-2.0.1.dist-info
ADD INFO /Users/jamie/Documents/Projects/python/py2app-error/.venv/lib/python3.11/site-packages/numpy-2.0.1.dist-info
ADD INFO /Users/jamie/Documents/Projects/python/py2app-error/.venv/lib/python3.11/site-packages/numpy-2.0.1.dist-info
ADD INFO /Users/jamie/Documents/Projects/python/py2app-error/.venv/lib/python3.11/site-packages/numpy-2.0.1.dist-info
ADD INFO /Users/jamie/Documents/Projects/python/py2app-error/.venv/lib/python3.11/site-packages/numpy-2.0.1.dist-info
ADD INFO /Users/jamie/Documents/Projects/python/py2app-error/.venv/lib/python3.11/site-packages/numpy-2.0.1.dist-info
ADD INFO /Users/jamie/Documents/Projects/python/py2app-error/.venv/lib/python3.11/site-packages/numpy-2.0.1.dist-info
ADD INFO /Users/jamie/Documents/Projects/python/py2app-error/.venv/lib/python3.11/site-packages/numpy-2.0.1.dist-info
ADD INFO /Users/jamie/Documents/Projects/python/py2app-error/.venv/lib/python3.11/site-packages/numpy-2.0.1.dist-info
ADD INFO /Users/jamie/Documents/Projects/python/py2app-error/.venv/lib/python3.11/site-packages/numpy-2.0.1.dist-info
ADD INFO /Users/jamie/Documents/Projects/python/py2app-error/.venv/lib/python3.11/site-packages/numpy-2.0.1.dist-info
ADD INFO /Users/jamie/Documents/Projects/python/py2app-error/.venv/lib/python3.11/site-packages/numpy-2.0.1.dist-info
ADD INFO /Users/jamie/Documents/Projects/python/py2app-error/.venv/lib/python3.11/site-packages/numpy-2.0.1.dist-info
ADD INFO /Users/jamie/Documents/Projects/python/py2app-error/.venv/lib/python3.11/site-packages/numpy-2.0.1.dist-info
ADD INFO /Users/jamie/Documents/Projects/python/py2app-error/.venv/lib/python3.11/site-packages/numpy-2.0.1.dist-info
ADD INFO /Users/jamie/Documents/Projects/python/py2app-error/.venv/lib/python3.11/site-packages/numpy-2.0.1.dist-info
ADD INFO /Users/jamie/Documents/Projects/python/py2app-error/.venv/lib/python3.11/site-packages/numpy-2.0.1.dist-info
ADD INFO /Users/jamie/Documents/Projects/python/py2app-error/.venv/lib/python3.11/site-packages/numpy-2.0.1.dist-info
ADD INFO /Users/jamie/Documents/Projects/python/py2app-error/.venv/lib/python3.11/site-packages/numpy-2.0.1.dist-info
ADD INFO /Users/jamie/Documents/Projects/python/py2app-error/.venv/lib/python3.11/site-packages/numpy-2.0.1.dist-info
ADD INFO /Users/jamie/Documents/Projects/python/py2app-error/.venv/lib/python3.11/site-packages/numpy-2.0.1.dist-info
ADD INFO /Users/jamie/Documents/Projects/python/py2app-error/.venv/lib/python3.11/site-packages/numpy-2.0.1.dist-info
ADD INFO /Users/jamie/Documents/Projects/python/py2app-error/.venv/lib/python3.11/site-packages/numpy-2.0.1.dist-info
ADD INFO /Users/jamie/Documents/Projects/python/py2app-error/.venv/lib/python3.11/site-packages/numpy-2.0.1.dist-info
ADD INFO /Users/jamie/Documents/Projects/python/py2app-error/.venv/lib/python3.11/site-packages/numpy-2.0.1.dist-info
ADD INFO /Users/jamie/Documents/Projects/python/py2app-error/.venv/lib/python3.11/site-packages/numpy-2.0.1.dist-info
ADD INFO /Users/jamie/Documents/Projects/python/py2app-error/.venv/lib/python3.11/site-packages/numpy-2.0.1.dist-info
ADD INFO /Users/jamie/Documents/Projects/python/py2app-error/.venv/lib/python3.11/site-packages/numpy-2.0.1.dist-info
ADD INFO /Users/jamie/Documents/Projects/python/py2app-error/.venv/lib/python3.11/site-packages/numpy-2.0.1.dist-info
ADD INFO /Users/jamie/Documents/Projects/python/py2app-error/.venv/lib/python3.11/site-packages/numpy-2.0.1.dist-info
ADD INFO /Users/jamie/Documents/Projects/python/py2app-error/.venv/lib/python3.11/site-packages/numpy-2.0.1.dist-info
ADD INFO /Users/jamie/Documents/Projects/python/py2app-error/.venv/lib/python3.11/site-packages/numpy-2.0.1.dist-info
ADD INFO /Users/jamie/Documents/Projects/python/py2app-error/.venv/lib/python3.11/site-packages/numpy-2.0.1.dist-info
ADD INFO /Users/jamie/Documents/Projects/python/py2app-error/.venv/lib/python3.11/site-packages/numpy-2.0.1.dist-info
ADD INFO /Users/jamie/Documents/Projects/python/py2app-error/.venv/lib/python3.11/site-packages/numpy-2.0.1.dist-info
ADD INFO /Users/jamie/Documents/Projects/python/py2app-error/.venv/lib/python3.11/site-packages/numpy-2.0.1.dist-info
ADD INFO /Users/jamie/Documents/Projects/python/py2app-error/.venv/lib/python3.11/site-packages/numpy-2.0.1.dist-info
ADD INFO /Users/jamie/Documents/Projects/python/py2app-error/.venv/lib/python3.11/site-packages/numpy-2.0.1.dist-info
ADD INFO /Users/jamie/Documents/Projects/python/py2app-error/.venv/lib/python3.11/site-packages/numpy-2.0.1.dist-info
ADD INFO /Users/jamie/Documents/Projects/python/py2app-error/.venv/lib/python3.11/site-packages/numpy-2.0.1.dist-info
ADD INFO /Users/jamie/Documents/Projects/python/py2app-error/.venv/lib/python3.11/site-packages/numpy-2.0.1.dist-info
ADD INFO /Users/jamie/Documents/Projects/python/py2app-error/.venv/lib/python3.11/site-packages/numpy-2.0.1.dist-info
ADD INFO /Users/jamie/Documents/Projects/python/py2app-error/.venv/lib/python3.11/site-packages/numpy-2.0.1.dist-info
ADD INFO /Users/jamie/Documents/Projects/python/py2app-error/.venv/lib/python3.11/site-packages/numpy-2.0.1.dist-info
ADD INFO /Users/jamie/Documents/Projects/python/py2app-error/.venv/lib/python3.11/site-packages/numpy-2.0.1.dist-info
ADD INFO /Users/jamie/Documents/Projects/python/py2app-error/.venv/lib/python3.11/site-packages/numpy-2.0.1.dist-info
ADD INFO /Users/jamie/Documents/Projects/python/py2app-error/.venv/lib/python3.11/site-packages/numpy-2.0.1.dist-info
ADD INFO /Users/jamie/Documents/Projects/python/py2app-error/.venv/lib/python3.11/site-packages/numpy-2.0.1.dist-info
ADD INFO /Users/jamie/Documents/Projects/python/py2app-error/.venv/lib/python3.11/site-packages/numpy-2.0.1.dist-info
ADD INFO /Users/jamie/Documents/Projects/python/py2app-error/.venv/lib/python3.11/site-packages/numpy-2.0.1.dist-info
ADD INFO /Users/jamie/Documents/Projects/python/py2app-error/.venv/lib/python3.11/site-packages/numpy-2.0.1.dist-info
ADD INFO /Users/jamie/Documents/Projects/python/py2app-error/.venv/lib/python3.11/site-packages/numpy-2.0.1.dist-info
ADD INFO /Users/jamie/Documents/Projects/python/py2app-error/.venv/lib/python3.11/site-packages/numpy-2.0.1.dist-info
ADD INFO /Users/jamie/Documents/Projects/python/py2app-error/.venv/lib/python3.11/site-packages/numpy-2.0.1.dist-info
ADD INFO /Users/jamie/Documents/Projects/python/py2app-error/.venv/lib/python3.11/site-packages/numpy-2.0.1.dist-info
ADD INFO /Users/jamie/Documents/Projects/python/py2app-error/.venv/lib/python3.11/site-packages/numpy-2.0.1.dist-info
ADD INFO /Users/jamie/Documents/Projects/python/py2app-error/.venv/lib/python3.11/site-packages/numpy-2.0.1.dist-info
ADD INFO /Users/jamie/Documents/Projects/python/py2app-error/.venv/lib/python3.11/site-packages/numpy-2.0.1.dist-info
ADD INFO /Users/jamie/Documents/Projects/python/py2app-error/.venv/lib/python3.11/site-packages/numpy-2.0.1.dist-info
ADD INFO /Users/jamie/Documents/Projects/python/py2app-error/.venv/lib/python3.11/site-packages/numpy-2.0.1.dist-info
ADD INFO /Users/jamie/Documents/Projects/python/py2app-error/.venv/lib/python3.11/site-packages/numpy-2.0.1.dist-info
ADD INFO /Users/jamie/Documents/Projects/python/py2app-error/.venv/lib/python3.11/site-packages/numpy-2.0.1.dist-info
ADD INFO /Users/jamie/Documents/Projects/python/py2app-error/.venv/lib/python3.11/site-packages/numpy-2.0.1.dist-info
ADD INFO /Users/jamie/Documents/Projects/python/py2app-error/.venv/lib/python3.11/site-packages/numpy-2.0.1.dist-info
ADD INFO /Users/jamie/Documents/Projects/python/py2app-error/.venv/lib/python3.11/site-packages/numpy-2.0.1.dist-info
ADD INFO /Users/jamie/Documents/Projects/python/py2app-error/.venv/lib/python3.11/site-packages/numpy-2.0.1.dist-info
ADD INFO /Users/jamie/Documents/Projects/python/py2app-error/.venv/lib/python3.11/site-packages/numpy-2.0.1.dist-info
ADD INFO /Users/jamie/Documents/Projects/python/py2app-error/.venv/lib/python3.11/site-packages/numpy-2.0.1.dist-info
ADD INFO /Users/jamie/Documents/Projects/python/py2app-error/.venv/lib/python3.11/site-packages/numpy-2.0.1.dist-info
ADD INFO /Users/jamie/Documents/Projects/python/py2app-error/.venv/lib/python3.11/site-packages/numpy-2.0.1.dist-info
ADD INFO /Users/jamie/Documents/Projects/python/py2app-error/.venv/lib/python3.11/site-packages/numpy-2.0.1.dist-info
ADD INFO /Users/jamie/Documents/Projects/python/py2app-error/.venv/lib/python3.11/site-packages/numpy-2.0.1.dist-info
ADD INFO /Users/jamie/Documents/Projects/python/py2app-error/.venv/lib/python3.11/site-packages/numpy-2.0.1.dist-info
ADD INFO /Users/jamie/Documents/Projects/python/py2app-error/.venv/lib/python3.11/site-packages/numpy-2.0.1.dist-info
ADD INFO /Users/jamie/Documents/Projects/python/py2app-error/.venv/lib/python3.11/site-packages/numpy-2.0.1.dist-info
ADD INFO /Users/jamie/Documents/Projects/python/py2app-error/.venv/lib/python3.11/site-packages/numpy-2.0.1.dist-info
ADD INFO /Users/jamie/Documents/Projects/python/py2app-error/.venv/lib/python3.11/site-packages/numpy-2.0.1.dist-info
ADD INFO /Users/jamie/Documents/Projects/python/py2app-error/.venv/lib/python3.11/site-packages/numpy-2.0.1.dist-info
ADD INFO /Users/jamie/Documents/Projects/python/py2app-error/.venv/lib/python3.11/site-packages/numpy-2.0.1.dist-info
ADD INFO /Users/jamie/Documents/Projects/python/py2app-error/.venv/lib/python3.11/site-packages/numpy-2.0.1.dist-info
ADD INFO /Users/jamie/Documents/Projects/python/py2app-error/.venv/lib/python3.11/site-packages/numpy-2.0.1.dist-info
ADD INFO /Users/jamie/Documents/Projects/python/py2app-error/.venv/lib/python3.11/site-packages/numpy-2.0.1.dist-info
ADD INFO /Users/jamie/Documents/Projects/python/py2app-error/.venv/lib/python3.11/site-packages/numpy-2.0.1.dist-info
ADD INFO /Users/jamie/Documents/Projects/python/py2app-error/.venv/lib/python3.11/site-packages/numpy-2.0.1.dist-info
ADD INFO /Users/jamie/Documents/Projects/python/py2app-error/.venv/lib/python3.11/site-packages/numpy-2.0.1.dist-info
ADD INFO /Users/jamie/Documents/Projects/python/py2app-error/.venv/lib/python3.11/site-packages/numpy-2.0.1.dist-info
ADD INFO /Users/jamie/Documents/Projects/python/py2app-error/.venv/lib/python3.11/site-packages/numpy-2.0.1.dist-info
ADD INFO /Users/jamie/Documents/Projects/python/py2app-error/.venv/lib/python3.11/site-packages/numpy-2.0.1.dist-info
ADD INFO /Users/jamie/Documents/Projects/python/py2app-error/.venv/lib/python3.11/site-packages/numpy-2.0.1.dist-info
ADD INFO /Users/jamie/Documents/Projects/python/py2app-error/.venv/lib/python3.11/site-packages/numpy-2.0.1.dist-info
ADD INFO /Users/jamie/Documents/Projects/python/py2app-error/.venv/lib/python3.11/site-packages/numpy-2.0.1.dist-info
ADD INFO /Users/jamie/Documents/Projects/python/py2app-error/.venv/lib/python3.11/site-packages/numpy-2.0.1.dist-info
ADD INFO /Users/jamie/Documents/Projects/python/py2app-error/.venv/lib/python3.11/site-packages/numpy-2.0.1.dist-info
ADD INFO /Users/jamie/Documents/Projects/python/py2app-error/.venv/lib/python3.11/site-packages/numpy-2.0.1.dist-info
ADD INFO /Users/jamie/Documents/Projects/python/py2app-error/.venv/lib/python3.11/site-packages/numpy-2.0.1.dist-info
ADD INFO /Users/jamie/Documents/Projects/python/py2app-error/.venv/lib/python3.11/site-packages/numpy-2.0.1.dist-info
ADD INFO /Users/jamie/Documents/Projects/python/py2app-error/.venv/lib/python3.11/site-packages/numpy-2.0.1.dist-info
ADD INFO /Users/jamie/Documents/Projects/python/py2app-error/.venv/lib/python3.11/site-packages/numpy-2.0.1.dist-info
ADD INFO /Users/jamie/Documents/Projects/python/py2app-error/.venv/lib/python3.11/site-packages/numpy-2.0.1.dist-info
ADD INFO /Users/jamie/Documents/Projects/python/py2app-error/.venv/lib/python3.11/site-packages/numpy-2.0.1.dist-info
ADD INFO /Users/jamie/Documents/Projects/python/py2app-error/.venv/lib/python3.11/site-packages/numpy-2.0.1.dist-info
ADD INFO /Users/jamie/Documents/Projects/python/py2app-error/.venv/lib/python3.11/site-packages/numpy-2.0.1.dist-info
ADD INFO /Users/jamie/Documents/Projects/python/py2app-error/.venv/lib/python3.11/site-packages/numpy-2.0.1.dist-info
ADD INFO /Users/jamie/Documents/Projects/python/py2app-error/.venv/lib/python3.11/site-packages/numpy-2.0.1.dist-info
ADD INFO /Users/jamie/Documents/Projects/python/py2app-error/.venv/lib/python3.11/site-packages/numpy-2.0.1.dist-info
ADD INFO /Users/jamie/Documents/Projects/python/py2app-error/.venv/lib/python3.11/site-packages/numpy-2.0.1.dist-info
ADD INFO /Users/jamie/Documents/Projects/python/py2app-error/.venv/lib/python3.11/site-packages/numpy-2.0.1.dist-info
ADD INFO /Users/jamie/Documents/Projects/python/py2app-error/.venv/lib/python3.11/site-packages/numpy-2.0.1.dist-info
ADD INFO /Users/jamie/Documents/Projects/python/py2app-error/.venv/lib/python3.11/site-packages/numpy-2.0.1.dist-info
ADD INFO /Users/jamie/Documents/Projects/python/py2app-error/.venv/lib/python3.11/site-packages/numpy-2.0.1.dist-info
ADD INFO /Users/jamie/Documents/Projects/python/py2app-error/.venv/lib/python3.11/site-packages/numpy-2.0.1.dist-info
ADD INFO /Users/jamie/Documents/Projects/python/py2app-error/.venv/lib/python3.11/site-packages/numpy-2.0.1.dist-info
ADD INFO /Users/jamie/Documents/Projects/python/py2app-error/.venv/lib/python3.11/site-packages/numpy-2.0.1.dist-info
ADD INFO /Users/jamie/Documents/Projects/python/py2app-error/.venv/lib/python3.11/site-packages/numpy-2.0.1.dist-info
ADD INFO /Users/jamie/Documents/Projects/python/py2app-error/.venv/lib/python3.11/site-packages/numpy-2.0.1.dist-info
ADD INFO /Users/jamie/Documents/Projects/python/py2app-error/.venv/lib/python3.11/site-packages/numpy-2.0.1.dist-info
ADD INFO /Users/jamie/Documents/Projects/python/py2app-error/.venv/lib/python3.11/site-packages/numpy-2.0.1.dist-info
ADD INFO /Users/jamie/Documents/Projects/python/py2app-error/.venv/lib/python3.11/site-packages/numpy-2.0.1.dist-info
ADD INFO /Users/jamie/Documents/Projects/python/py2app-error/.venv/lib/python3.11/site-packages/numpy-2.0.1.dist-info
ADD INFO /Users/jamie/Documents/Projects/python/py2app-error/.venv/lib/python3.11/site-packages/numpy-2.0.1.dist-info
ADD INFO /Users/jamie/Documents/Projects/python/py2app-error/.venv/lib/python3.11/site-packages/numpy-2.0.1.dist-info
ADD INFO /Users/jamie/Documents/Projects/python/py2app-error/.venv/lib/python3.11/site-packages/numpy-2.0.1.dist-info
ADD INFO /Users/jamie/Documents/Projects/python/py2app-error/.venv/lib/python3.11/site-packages/numpy-2.0.1.dist-info
ADD INFO /Users/jamie/Documents/Projects/python/py2app-error/.venv/lib/python3.11/site-packages/numpy-2.0.1.dist-info
ADD INFO /Users/jamie/Documents/Projects/python/py2app-error/.venv/lib/python3.11/site-packages/numpy-2.0.1.dist-info
ADD INFO /Users/jamie/Documents/Projects/python/py2app-error/.venv/lib/python3.11/site-packages/numpy-2.0.1.dist-info
ADD INFO /Users/jamie/Documents/Projects/python/py2app-error/.venv/lib/python3.11/site-packages/pip-24.0.dist-info
ADD INFO /Users/jamie/Documents/Projects/python/py2app-error/.venv/lib/python3.11/site-packages/pip-24.0.dist-info
ADD INFO /Users/jamie/Documents/Projects/python/py2app-error/.venv/lib/python3.11/site-packages/pip-24.0.dist-info
ADD INFO /Users/jamie/Documents/Projects/python/py2app-error/.venv/lib/python3.11/site-packages/pip-24.0.dist-info
ADD INFO /Users/jamie/Documents/Projects/python/py2app-error/.venv/lib/python3.11/site-packages/pip-24.0.dist-info
ADD INFO /Users/jamie/Documents/Projects/python/py2app-error/.venv/lib/python3.11/site-packages/pip-24.0.dist-info
ADD INFO /Users/jamie/Documents/Projects/python/py2app-error/.venv/lib/python3.11/site-packages/pip-24.0.dist-info
ADD INFO /Users/jamie/Documents/Projects/python/py2app-error/.venv/lib/python3.11/site-packages/pip-24.0.dist-info
ADD INFO /Users/jamie/Documents/Projects/python/py2app-error/.venv/lib/python3.11/site-packages/pip-24.0.dist-info
ADD INFO /Users/jamie/Documents/Projects/python/py2app-error/.venv/lib/python3.11/site-packages/pip-24.0.dist-info
ADD INFO /Users/jamie/Documents/Projects/python/py2app-error/.venv/lib/python3.11/site-packages/pip-24.0.dist-info
ADD INFO /Users/jamie/Documents/Projects/python/py2app-error/.venv/lib/python3.11/site-packages/pip-24.0.dist-info
ADD INFO /Users/jamie/Documents/Projects/python/py2app-error/.venv/lib/python3.11/site-packages/pip-24.0.dist-info
ADD INFO /Users/jamie/Documents/Projects/python/py2app-error/.venv/lib/python3.11/site-packages/pip-24.0.dist-info
ADD INFO /Users/jamie/Documents/Projects/python/py2app-error/.venv/lib/python3.11/site-packages/pip-24.0.dist-info
ADD INFO /Users/jamie/Documents/Projects/python/py2app-error/.venv/lib/python3.11/site-packages/pip-24.0.dist-info
ADD INFO /Users/jamie/Documents/Projects/python/py2app-error/.venv/lib/python3.11/site-packages/pip-24.0.dist-info
ADD INFO /Users/jamie/Documents/Projects/python/py2app-error/.venv/lib/python3.11/site-packages/pip-24.0.dist-info
ADD INFO /Users/jamie/Documents/Projects/python/py2app-error/.venv/lib/python3.11/site-packages/pip-24.0.dist-info
ADD INFO /Users/jamie/Documents/Projects/python/py2app-error/.venv/lib/python3.11/site-packages/pip-24.0.dist-info
ADD INFO /Users/jamie/Documents/Projects/python/py2app-error/.venv/lib/python3.11/site-packages/pip-24.0.dist-info
ADD INFO /Users/jamie/Documents/Projects/python/py2app-error/.venv/lib/python3.11/site-packages/pip-24.0.dist-info
ADD INFO /Users/jamie/Documents/Projects/python/py2app-error/.venv/lib/python3.11/site-packages/pip-24.0.dist-info
ADD INFO /Users/jamie/Documents/Projects/python/py2app-error/.venv/lib/python3.11/site-packages/pip-24.0.dist-info
ADD INFO /Users/jamie/Documents/Projects/python/py2app-error/.venv/lib/python3.11/site-packages/pip-24.0.dist-info
ADD INFO /Users/jamie/Documents/Projects/python/py2app-error/.venv/lib/python3.11/site-packages/pip-24.0.dist-info
ADD INFO /Users/jamie/Documents/Projects/python/py2app-error/.venv/lib/python3.11/site-packages/pip-24.0.dist-info
ADD INFO /Users/jamie/Documents/Projects/python/py2app-error/.venv/lib/python3.11/site-packages/pip-24.0.dist-info
ADD INFO /Users/jamie/Documents/Projects/python/py2app-error/.venv/lib/python3.11/site-packages/pip-24.0.dist-info
ADD INFO /Users/jamie/Documents/Projects/python/py2app-error/.venv/lib/python3.11/site-packages/pip-24.0.dist-info
ADD INFO /Users/jamie/Documents/Projects/python/py2app-error/.venv/lib/python3.11/site-packages/pip-24.0.dist-info
ADD INFO /Users/jamie/Documents/Projects/python/py2app-error/.venv/lib/python3.11/site-packages/pip-24.0.dist-info
ADD INFO /Users/jamie/Documents/Projects/python/py2app-error/.venv/lib/python3.11/site-packages/pip-24.0.dist-info
ADD INFO /Users/jamie/Documents/Projects/python/py2app-error/.venv/lib/python3.11/site-packages/pip-24.0.dist-info
ADD INFO /Users/jamie/Documents/Projects/python/py2app-error/.venv/lib/python3.11/site-packages/pip-24.0.dist-info
ADD INFO /Users/jamie/Documents/Projects/python/py2app-error/.venv/lib/python3.11/site-packages/pip-24.0.dist-info
ADD INFO /Users/jamie/Documents/Projects/python/py2app-error/.venv/lib/python3.11/site-packages/pip-24.0.dist-info
ADD INFO /Users/jamie/Documents/Projects/python/py2app-error/.venv/lib/python3.11/site-packages/pip-24.0.dist-info
ADD INFO /Users/jamie/Documents/Projects/python/py2app-error/.venv/lib/python3.11/site-packages/pip-24.0.dist-info
ADD INFO /Users/jamie/Documents/Projects/python/py2app-error/.venv/lib/python3.11/site-packages/pip-24.0.dist-info
ADD INFO /Users/jamie/Documents/Projects/python/py2app-error/.venv/lib/python3.11/site-packages/pip-24.0.dist-info
ADD INFO /Users/jamie/Documents/Projects/python/py2app-error/.venv/lib/python3.11/site-packages/pip-24.0.dist-info
ADD INFO /Users/jamie/Documents/Projects/python/py2app-error/.venv/lib/python3.11/site-packages/pip-24.0.dist-info
ADD INFO /Users/jamie/Documents/Projects/python/py2app-error/.venv/lib/python3.11/site-packages/pip-24.0.dist-info
ADD INFO /Users/jamie/Documents/Projects/python/py2app-error/.venv/lib/python3.11/site-packages/pip-24.0.dist-info
ADD INFO /Users/jamie/Documents/Projects/python/py2app-error/.venv/lib/python3.11/site-packages/pip-24.0.dist-info
ADD INFO /Users/jamie/Documents/Projects/python/py2app-error/.venv/lib/python3.11/site-packages/pip-24.0.dist-info
ADD INFO /Users/jamie/Documents/Projects/python/py2app-error/.venv/lib/python3.11/site-packages/pip-24.0.dist-info
ADD INFO /Users/jamie/Documents/Projects/python/py2app-error/.venv/lib/python3.11/site-packages/pip-24.0.dist-info
ADD INFO /Users/jamie/Documents/Projects/python/py2app-error/.venv/lib/python3.11/site-packages/pip-24.0.dist-info
ADD INFO /Users/jamie/Documents/Projects/python/py2app-error/.venv/lib/python3.11/site-packages/pip-24.0.dist-info
ADD INFO /Users/jamie/Documents/Projects/python/py2app-error/.venv/lib/python3.11/site-packages/pip-24.0.dist-info
ADD INFO /Users/jamie/Documents/Projects/python/py2app-error/.venv/lib/python3.11/site-packages/pip-24.0.dist-info
ADD INFO /Users/jamie/Documents/Projects/python/py2app-error/.venv/lib/python3.11/site-packages/pip-24.0.dist-info
ADD INFO /Users/jamie/Documents/Projects/python/py2app-error/.venv/lib/python3.11/site-packages/pip-24.0.dist-info
ADD INFO /Users/jamie/Documents/Projects/python/py2app-error/.venv/lib/python3.11/site-packages/pip-24.0.dist-info
ADD INFO /Users/jamie/Documents/Projects/python/py2app-error/.venv/lib/python3.11/site-packages/pip-24.0.dist-info
ADD INFO /Users/jamie/Documents/Projects/python/py2app-error/.venv/lib/python3.11/site-packages/pip-24.0.dist-info
ADD INFO /Users/jamie/Documents/Projects/python/py2app-error/.venv/lib/python3.11/site-packages/pip-24.0.dist-info
ADD INFO /Users/jamie/Documents/Projects/python/py2app-error/.venv/lib/python3.11/site-packages/pip-24.0.dist-info
ADD INFO /Users/jamie/Documents/Projects/python/py2app-error/.venv/lib/python3.11/site-packages/pip-24.0.dist-info
ADD INFO /Users/jamie/Documents/Projects/python/py2app-error/.venv/lib/python3.11/site-packages/pip-24.0.dist-info
ADD INFO /Users/jamie/Documents/Projects/python/py2app-error/.venv/lib/python3.11/site-packages/pip-24.0.dist-info
ADD INFO /Users/jamie/Documents/Projects/python/py2app-error/.venv/lib/python3.11/site-packages/pip-24.0.dist-info
ADD INFO /Users/jamie/Documents/Projects/python/py2app-error/.venv/lib/python3.11/site-packages/pip-24.0.dist-info
ADD INFO /Users/jamie/Documents/Projects/python/py2app-error/.venv/lib/python3.11/site-packages/pip-24.0.dist-info
ADD INFO /Users/jamie/Documents/Projects/python/py2app-error/.venv/lib/python3.11/site-packages/pip-24.0.dist-info
ADD INFO /Users/jamie/Documents/Projects/python/py2app-error/.venv/lib/python3.11/site-packages/pip-24.0.dist-info
ADD INFO /Users/jamie/Documents/Projects/python/py2app-error/.venv/lib/python3.11/site-packages/pip-24.0.dist-info
ADD INFO /Users/jamie/Documents/Projects/python/py2app-error/.venv/lib/python3.11/site-packages/pip-24.0.dist-info
ADD INFO /Users/jamie/Documents/Projects/python/py2app-error/.venv/lib/python3.11/site-packages/pip-24.0.dist-info
ADD INFO /Users/jamie/Documents/Projects/python/py2app-error/.venv/lib/python3.11/site-packages/pip-24.0.dist-info
ADD INFO /Users/jamie/Documents/Projects/python/py2app-error/.venv/lib/python3.11/site-packages/pip-24.0.dist-info
ADD INFO /Users/jamie/Documents/Projects/python/py2app-error/.venv/lib/python3.11/site-packages/pip-24.0.dist-info
ADD INFO /Users/jamie/Documents/Projects/python/py2app-error/.venv/lib/python3.11/site-packages/pip-24.0.dist-info
ADD INFO /Users/jamie/Documents/Projects/python/py2app-error/.venv/lib/python3.11/site-packages/pip-24.0.dist-info
ADD INFO /Users/jamie/Documents/Projects/python/py2app-error/.venv/lib/python3.11/site-packages/pip-24.0.dist-info
ADD INFO /Users/jamie/Documents/Projects/python/py2app-error/.venv/lib/python3.11/site-packages/pip-24.0.dist-info
ADD INFO /Users/jamie/Documents/Projects/python/py2app-error/.venv/lib/python3.11/site-packages/pip-24.0.dist-info
ADD INFO /Users/jamie/Documents/Projects/python/py2app-error/.venv/lib/python3.11/site-packages/pip-24.0.dist-info
ADD INFO /Users/jamie/Documents/Projects/python/py2app-error/.venv/lib/python3.11/site-packages/pip-24.0.dist-info
ADD INFO /Users/jamie/Documents/Projects/python/py2app-error/.venv/lib/python3.11/site-packages/pip-24.0.dist-info
ADD INFO /Users/jamie/Documents/Projects/python/py2app-error/.venv/lib/python3.11/site-packages/pip-24.0.dist-info
ADD INFO /Users/jamie/Documents/Projects/python/py2app-error/.venv/lib/python3.11/site-packages/pip-24.0.dist-info
ADD INFO /Users/jamie/Documents/Projects/python/py2app-error/.venv/lib/python3.11/site-packages/pip-24.0.dist-info
ADD INFO /Users/jamie/Documents/Projects/python/py2app-error/.venv/lib/python3.11/site-packages/pip-24.0.dist-info
ADD INFO /Users/jamie/Documents/Projects/python/py2app-error/.venv/lib/python3.11/site-packages/pip-24.0.dist-info
ADD INFO /Users/jamie/Documents/Projects/python/py2app-error/.venv/lib/python3.11/site-packages/pip-24.0.dist-info
ADD INFO /Users/jamie/Documents/Projects/python/py2app-error/.venv/lib/python3.11/site-packages/pip-24.0.dist-info
ADD INFO /Users/jamie/Documents/Projects/python/py2app-error/.venv/lib/python3.11/site-packages/pip-24.0.dist-info
ADD INFO /Users/jamie/Documents/Projects/python/py2app-error/.venv/lib/python3.11/site-packages/pip-24.0.dist-info
ADD INFO /Users/jamie/Documents/Projects/python/py2app-error/.venv/lib/python3.11/site-packages/pip-24.0.dist-info
ADD INFO /Users/jamie/Documents/Projects/python/py2app-error/.venv/lib/python3.11/site-packages/pip-24.0.dist-info
ADD INFO /Users/jamie/Documents/Projects/python/py2app-error/.venv/lib/python3.11/site-packages/pip-24.0.dist-info
ADD INFO /Users/jamie/Documents/Projects/python/py2app-error/.venv/lib/python3.11/site-packages/pip-24.0.dist-info
ADD INFO /Users/jamie/Documents/Projects/python/py2app-error/.venv/lib/python3.11/site-packages/pip-24.0.dist-info
ADD INFO /Users/jamie/Documents/Projects/python/py2app-error/.venv/lib/python3.11/site-packages/pip-24.0.dist-info
ADD INFO /Users/jamie/Documents/Projects/python/py2app-error/.venv/lib/python3.11/site-packages/pip-24.0.dist-info
ADD INFO /Users/jamie/Documents/Projects/python/py2app-error/.venv/lib/python3.11/site-packages/pip-24.0.dist-info
ADD INFO /Users/jamie/Documents/Projects/python/py2app-error/.venv/lib/python3.11/site-packages/pip-24.0.dist-info
ADD INFO /Users/jamie/Documents/Projects/python/py2app-error/.venv/lib/python3.11/site-packages/pip-24.0.dist-info
ADD INFO /Users/jamie/Documents/Projects/python/py2app-error/.venv/lib/python3.11/site-packages/pip-24.0.dist-info
ADD INFO /Users/jamie/Documents/Projects/python/py2app-error/.venv/lib/python3.11/site-packages/pip-24.0.dist-info
ADD INFO /Users/jamie/Documents/Projects/python/py2app-error/.venv/lib/python3.11/site-packages/pip-24.0.dist-info
ADD INFO /Users/jamie/Documents/Projects/python/py2app-error/.venv/lib/python3.11/site-packages/pip-24.0.dist-info
ADD INFO /Users/jamie/Documents/Projects/python/py2app-error/.venv/lib/python3.11/site-packages/pip-24.0.dist-info
ADD INFO /Users/jamie/Documents/Projects/python/py2app-error/.venv/lib/python3.11/site-packages/pip-24.0.dist-info
ADD INFO /Users/jamie/Documents/Projects/python/py2app-error/.venv/lib/python3.11/site-packages/pip-24.0.dist-info
ADD INFO /Users/jamie/Documents/Projects/python/py2app-error/.venv/lib/python3.11/site-packages/pip-24.0.dist-info
ADD INFO /Users/jamie/Documents/Projects/python/py2app-error/.venv/lib/python3.11/site-packages/pip-24.0.dist-info
ADD INFO /Users/jamie/Documents/Projects/python/py2app-error/.venv/lib/python3.11/site-packages/pip-24.0.dist-info
ADD INFO /Users/jamie/Documents/Projects/python/py2app-error/.venv/lib/python3.11/site-packages/pip-24.0.dist-info
ADD INFO /Users/jamie/Documents/Projects/python/py2app-error/.venv/lib/python3.11/site-packages/pip-24.0.dist-info
ADD INFO /Users/jamie/Documents/Projects/python/py2app-error/.venv/lib/python3.11/site-packages/pip-24.0.dist-info
ADD INFO /Users/jamie/Documents/Projects/python/py2app-error/.venv/lib/python3.11/site-packages/pip-24.0.dist-info
ADD INFO /Users/jamie/Documents/Projects/python/py2app-error/.venv/lib/python3.11/site-packages/pip-24.0.dist-info
ADD INFO /Users/jamie/Documents/Projects/python/py2app-error/.venv/lib/python3.11/site-packages/pip-24.0.dist-info
ADD INFO /Users/jamie/Documents/Projects/python/py2app-error/.venv/lib/python3.11/site-packages/pip-24.0.dist-info
ADD INFO /Users/jamie/Documents/Projects/python/py2app-error/.venv/lib/python3.11/site-packages/pip-24.0.dist-info
ADD INFO /Users/jamie/Documents/Projects/python/py2app-error/.venv/lib/python3.11/site-packages/pip-24.0.dist-info
ADD INFO /Users/jamie/Documents/Projects/python/py2app-error/.venv/lib/python3.11/site-packages/pip-24.0.dist-info
ADD INFO /Users/jamie/Documents/Projects/python/py2app-error/.venv/lib/python3.11/site-packages/pip-24.0.dist-info
ADD INFO /Users/jamie/Documents/Projects/python/py2app-error/.venv/lib/python3.11/site-packages/pip-24.0.dist-info
ADD INFO /Users/jamie/Documents/Projects/python/py2app-error/.venv/lib/python3.11/site-packages/pip-24.0.dist-info
ADD INFO /Users/jamie/Documents/Projects/python/py2app-error/.venv/lib/python3.11/site-packages/pip-24.0.dist-info
ADD INFO /Users/jamie/Documents/Projects/python/py2app-error/.venv/lib/python3.11/site-packages/pip-24.0.dist-info
ADD INFO /Users/jamie/Documents/Projects/python/py2app-error/.venv/lib/python3.11/site-packages/pip-24.0.dist-info
ADD INFO /Users/jamie/Documents/Projects/python/py2app-error/.venv/lib/python3.11/site-packages/pip-24.0.dist-info
ADD INFO /Users/jamie/Documents/Projects/python/py2app-error/.venv/lib/python3.11/site-packages/pip-24.0.dist-info
ADD INFO /Users/jamie/Documents/Projects/python/py2app-error/.venv/lib/python3.11/site-packages/pip-24.0.dist-info
ADD INFO /Users/jamie/Documents/Projects/python/py2app-error/.venv/lib/python3.11/site-packages/pip-24.0.dist-info
ADD INFO /Users/jamie/Documents/Projects/python/py2app-error/.venv/lib/python3.11/site-packages/pip-24.0.dist-info
ADD INFO /Users/jamie/Documents/Projects/python/py2app-error/.venv/lib/python3.11/site-packages/pip-24.0.dist-info
ADD INFO /Users/jamie/Documents/Projects/python/py2app-error/.venv/lib/python3.11/site-packages/pip-24.0.dist-info
ADD INFO /Users/jamie/Documents/Projects/python/py2app-error/.venv/lib/python3.11/site-packages/pip-24.0.dist-info
ADD INFO /Users/jamie/Documents/Projects/python/py2app-error/.venv/lib/python3.11/site-packages/pip-24.0.dist-info
ADD INFO /Users/jamie/Documents/Projects/python/py2app-error/.venv/lib/python3.11/site-packages/pip-24.0.dist-info
ADD INFO /Users/jamie/Documents/Projects/python/py2app-error/.venv/lib/python3.11/site-packages/pip-24.0.dist-info
ADD INFO /Users/jamie/Documents/Projects/python/py2app-error/.venv/lib/python3.11/site-packages/pip-24.0.dist-info
ADD INFO /Users/jamie/Documents/Projects/python/py2app-error/.venv/lib/python3.11/site-packages/pip-24.0.dist-info
ADD INFO /Users/jamie/Documents/Projects/python/py2app-error/.venv/lib/python3.11/site-packages/pip-24.0.dist-info
ADD INFO /Users/jamie/Documents/Projects/python/py2app-error/.venv/lib/python3.11/site-packages/pip-24.0.dist-info
ADD INFO /Users/jamie/Documents/Projects/python/py2app-error/.venv/lib/python3.11/site-packages/pip-24.0.dist-info
ADD INFO /Users/jamie/Documents/Projects/python/py2app-error/.venv/lib/python3.11/site-packages/pip-24.0.dist-info
ADD INFO /Users/jamie/Documents/Projects/python/py2app-error/.venv/lib/python3.11/site-packages/pip-24.0.dist-info
ADD INFO /Users/jamie/Documents/Projects/python/py2app-error/.venv/lib/python3.11/site-packages/pip-24.0.dist-info
ADD INFO /Users/jamie/Documents/Projects/python/py2app-error/.venv/lib/python3.11/site-packages/pip-24.0.dist-info
ADD INFO /Users/jamie/Documents/Projects/python/py2app-error/.venv/lib/python3.11/site-packages/pip-24.0.dist-info
ADD INFO /Users/jamie/Documents/Projects/python/py2app-error/.venv/lib/python3.11/site-packages/pip-24.0.dist-info
ADD INFO /Users/jamie/Documents/Projects/python/py2app-error/.venv/lib/python3.11/site-packages/pip-24.0.dist-info
ADD INFO /Users/jamie/Documents/Projects/python/py2app-error/.venv/lib/python3.11/site-packages/pip-24.0.dist-info
ADD INFO /Users/jamie/Documents/Projects/python/py2app-error/.venv/lib/python3.11/site-packages/pip-24.0.dist-info
ADD INFO /Users/jamie/Documents/Projects/python/py2app-error/.venv/lib/python3.11/site-packages/pip-24.0.dist-info
ADD INFO /Users/jamie/Documents/Projects/python/py2app-error/.venv/lib/python3.11/site-packages/pip-24.0.dist-info
ADD INFO /Users/jamie/Documents/Projects/python/py2app-error/.venv/lib/python3.11/site-packages/pip-24.0.dist-info
ADD INFO /Users/jamie/Documents/Projects/python/py2app-error/.venv/lib/python3.11/site-packages/pip-24.0.dist-info
ADD INFO /Users/jamie/Documents/Projects/python/py2app-error/.venv/lib/python3.11/site-packages/pip-24.0.dist-info
ADD INFO /Users/jamie/Documents/Projects/python/py2app-error/.venv/lib/python3.11/site-packages/pip-24.0.dist-info
ADD INFO /Users/jamie/Documents/Projects/python/py2app-error/.venv/lib/python3.11/site-packages/pip-24.0.dist-info
ADD INFO /Users/jamie/Documents/Projects/python/py2app-error/.venv/lib/python3.11/site-packages/pip-24.0.dist-info
ADD INFO /Users/jamie/Documents/Projects/python/py2app-error/.venv/lib/python3.11/site-packages/pip-24.0.dist-info
ADD INFO /Users/jamie/Documents/Projects/python/py2app-error/.venv/lib/python3.11/site-packages/pip-24.0.dist-info
ADD INFO /Users/jamie/Documents/Projects/python/py2app-error/.venv/lib/python3.11/site-packages/pip-24.0.dist-info
ADD INFO /Users/jamie/Documents/Projects/python/py2app-error/.venv/lib/python3.11/site-packages/pip-24.0.dist-info
ADD INFO /Users/jamie/Documents/Projects/python/py2app-error/.venv/lib/python3.11/site-packages/pip-24.0.dist-info
ADD INFO /Users/jamie/Documents/Projects/python/py2app-error/.venv/lib/python3.11/site-packages/pip-24.0.dist-info
ADD INFO /Users/jamie/Documents/Projects/python/py2app-error/.venv/lib/python3.11/site-packages/pip-24.0.dist-info
ADD INFO /Users/jamie/Documents/Projects/python/py2app-error/.venv/lib/python3.11/site-packages/pip-24.0.dist-info
ADD INFO /Users/jamie/Documents/Projects/python/py2app-error/.venv/lib/python3.11/site-packages/pip-24.0.dist-info
ADD INFO /Users/jamie/Documents/Projects/python/py2app-error/.venv/lib/python3.11/site-packages/pip-24.0.dist-info
ADD INFO /Users/jamie/Documents/Projects/python/py2app-error/.venv/lib/python3.11/site-packages/pip-24.0.dist-info
ADD INFO /Users/jamie/Documents/Projects/python/py2app-error/.venv/lib/python3.11/site-packages/pip-24.0.dist-info
ADD INFO /Users/jamie/Documents/Projects/python/py2app-error/.venv/lib/python3.11/site-packages/pip-24.0.dist-info
ADD INFO /Users/jamie/Documents/Projects/python/py2app-error/.venv/lib/python3.11/site-packages/pip-24.0.dist-info
ADD INFO /Users/jamie/Documents/Projects/python/py2app-error/.venv/lib/python3.11/site-packages/pip-24.0.dist-info
ADD INFO /Users/jamie/Documents/Projects/python/py2app-error/.venv/lib/python3.11/site-packages/pip-24.0.dist-info
ADD INFO /Users/jamie/Documents/Projects/python/py2app-error/.venv/lib/python3.11/site-packages/pip-24.0.dist-info
ADD INFO /Users/jamie/Documents/Projects/python/py2app-error/.venv/lib/python3.11/site-packages/pip-24.0.dist-info
ADD INFO /Users/jamie/Documents/Projects/python/py2app-error/.venv/lib/python3.11/site-packages/pip-24.0.dist-info
ADD INFO /Users/jamie/Documents/Projects/python/py2app-error/.venv/lib/python3.11/site-packages/pip-24.0.dist-info
ADD INFO /Users/jamie/Documents/Projects/python/py2app-error/.venv/lib/python3.11/site-packages/pip-24.0.dist-info
ADD INFO /Users/jamie/Documents/Projects/python/py2app-error/.venv/lib/python3.11/site-packages/pip-24.0.dist-info
ADD INFO /Users/jamie/Documents/Projects/python/py2app-error/.venv/lib/python3.11/site-packages/pip-24.0.dist-info
ADD INFO /Users/jamie/Documents/Projects/python/py2app-error/.venv/lib/python3.11/site-packages/pip-24.0.dist-info
ADD INFO /Users/jamie/Documents/Projects/python/py2app-error/.venv/lib/python3.11/site-packages/pip-24.0.dist-info
ADD INFO /Users/jamie/Documents/Projects/python/py2app-error/.venv/lib/python3.11/site-packages/pip-24.0.dist-info
ADD INFO /Users/jamie/Documents/Projects/python/py2app-error/.venv/lib/python3.11/site-packages/pip-24.0.dist-info
ADD INFO /Users/jamie/Documents/Projects/python/py2app-error/.venv/lib/python3.11/site-packages/pip-24.0.dist-info
ADD INFO /Users/jamie/Documents/Projects/python/py2app-error/.venv/lib/python3.11/site-packages/pip-24.0.dist-info
ADD INFO /Users/jamie/Documents/Projects/python/py2app-error/.venv/lib/python3.11/site-packages/pip-24.0.dist-info
ADD INFO /Users/jamie/Documents/Projects/python/py2app-error/.venv/lib/python3.11/site-packages/pip-24.0.dist-info
ADD INFO /Users/jamie/Documents/Projects/python/py2app-error/.venv/lib/python3.11/site-packages/pip-24.0.dist-info
ADD INFO /Users/jamie/Documents/Projects/python/py2app-error/.venv/lib/python3.11/site-packages/pip-24.0.dist-info
ADD INFO /Users/jamie/Documents/Projects/python/py2app-error/.venv/lib/python3.11/site-packages/pip-24.0.dist-info
ADD INFO /Users/jamie/Documents/Projects/python/py2app-error/.venv/lib/python3.11/site-packages/pip-24.0.dist-info
ADD INFO /Users/jamie/Documents/Projects/python/py2app-error/.venv/lib/python3.11/site-packages/pip-24.0.dist-info
ADD INFO /Users/jamie/Documents/Projects/python/py2app-error/.venv/lib/python3.11/site-packages/pip-24.0.dist-info
ADD INFO /Users/jamie/Documents/Projects/python/py2app-error/.venv/lib/python3.11/site-packages/pip-24.0.dist-info
ADD INFO /Users/jamie/Documents/Projects/python/py2app-error/.venv/lib/python3.11/site-packages/pip-24.0.dist-info
ADD INFO /Users/jamie/Documents/Projects/python/py2app-error/.venv/lib/python3.11/site-packages/pip-24.0.dist-info
ADD INFO /Users/jamie/Documents/Projects/python/py2app-error/.venv/lib/python3.11/site-packages/pip-24.0.dist-info
ADD INFO /Users/jamie/Documents/Projects/python/py2app-error/.venv/lib/python3.11/site-packages/pip-24.0.dist-info
ADD INFO /Users/jamie/Documents/Projects/python/py2app-error/.venv/lib/python3.11/site-packages/pip-24.0.dist-info
ADD INFO /Users/jamie/Documents/Projects/python/py2app-error/.venv/lib/python3.11/site-packages/pip-24.0.dist-info
ADD INFO /Users/jamie/Documents/Projects/python/py2app-error/.venv/lib/python3.11/site-packages/pip-24.0.dist-info
ADD INFO /Users/jamie/Documents/Projects/python/py2app-error/.venv/lib/python3.11/site-packages/pip-24.0.dist-info
ADD INFO /Users/jamie/Documents/Projects/python/py2app-error/.venv/lib/python3.11/site-packages/pip-24.0.dist-info
ADD INFO /Users/jamie/Documents/Projects/python/py2app-error/.venv/lib/python3.11/site-packages/pip-24.0.dist-info
ADD INFO /Users/jamie/Documents/Projects/python/py2app-error/.venv/lib/python3.11/site-packages/pip-24.0.dist-info
ADD INFO /Users/jamie/Documents/Projects/python/py2app-error/.venv/lib/python3.11/site-packages/pip-24.0.dist-info
ADD INFO /Users/jamie/Documents/Projects/python/py2app-error/.venv/lib/python3.11/site-packages/pip-24.0.dist-info
ADD INFO /Users/jamie/Documents/Projects/python/py2app-error/.venv/lib/python3.11/site-packages/pip-24.0.dist-info
ADD INFO /Users/jamie/Documents/Projects/python/py2app-error/.venv/lib/python3.11/site-packages/pip-24.0.dist-info
ADD INFO /Users/jamie/Documents/Projects/python/py2app-error/.venv/lib/python3.11/site-packages/pip-24.0.dist-info
ADD INFO /Users/jamie/Documents/Projects/python/py2app-error/.venv/lib/python3.11/site-packages/pip-24.0.dist-info
ADD INFO /Users/jamie/Documents/Projects/python/py2app-error/.venv/lib/python3.11/site-packages/pip-24.0.dist-info
ADD INFO /Users/jamie/Documents/Projects/python/py2app-error/.venv/lib/python3.11/site-packages/pip-24.0.dist-info
ADD INFO /Users/jamie/Documents/Projects/python/py2app-error/.venv/lib/python3.11/site-packages/pip-24.0.dist-info
ADD INFO /Users/jamie/Documents/Projects/python/py2app-error/.venv/lib/python3.11/site-packages/pip-24.0.dist-info
ADD INFO /Users/jamie/Documents/Projects/python/py2app-error/.venv/lib/python3.11/site-packages/pip-24.0.dist-info
ADD INFO /Users/jamie/Documents/Projects/python/py2app-error/.venv/lib/python3.11/site-packages/pip-24.0.dist-info
ADD INFO /Users/jamie/Documents/Projects/python/py2app-error/.venv/lib/python3.11/site-packages/pip-24.0.dist-info
ADD INFO /Users/jamie/Documents/Projects/python/py2app-error/.venv/lib/python3.11/site-packages/pip-24.0.dist-info
ADD INFO /Users/jamie/Documents/Projects/python/py2app-error/.venv/lib/python3.11/site-packages/pip-24.0.dist-info
ADD INFO /Users/jamie/Documents/Projects/python/py2app-error/.venv/lib/python3.11/site-packages/pip-24.0.dist-info
ADD INFO /Users/jamie/Documents/Projects/python/py2app-error/.venv/lib/python3.11/site-packages/pip-24.0.dist-info
ADD INFO /Users/jamie/Documents/Projects/python/py2app-error/.venv/lib/python3.11/site-packages/pip-24.0.dist-info
ADD INFO /Users/jamie/Documents/Projects/python/py2app-error/.venv/lib/python3.11/site-packages/pip-24.0.dist-info
ADD INFO /Users/jamie/Documents/Projects/python/py2app-error/.venv/lib/python3.11/site-packages/pip-24.0.dist-info
ADD INFO /Users/jamie/Documents/Projects/python/py2app-error/.venv/lib/python3.11/site-packages/pip-24.0.dist-info
ADD INFO /Users/jamie/Documents/Projects/python/py2app-error/.venv/lib/python3.11/site-packages/pip-24.0.dist-info
ADD INFO /Users/jamie/Documents/Projects/python/py2app-error/.venv/lib/python3.11/site-packages/pip-24.0.dist-info
ADD INFO /Users/jamie/Documents/Projects/python/py2app-error/.venv/lib/python3.11/site-packages/pip-24.0.dist-info
ADD INFO /Users/jamie/Documents/Projects/python/py2app-error/.venv/lib/python3.11/site-packages/pip-24.0.dist-info
ADD INFO /Users/jamie/Documents/Projects/python/py2app-error/.venv/lib/python3.11/site-packages/pip-24.0.dist-info
ADD INFO /Users/jamie/Documents/Projects/python/py2app-error/.venv/lib/python3.11/site-packages/pip-24.0.dist-info
ADD INFO /Users/jamie/Documents/Projects/python/py2app-error/.venv/lib/python3.11/site-packages/pip-24.0.dist-info
ADD INFO /Users/jamie/Documents/Projects/python/py2app-error/.venv/lib/python3.11/site-packages/pip-24.0.dist-info
ADD INFO /Users/jamie/Documents/Projects/python/py2app-error/.venv/lib/python3.11/site-packages/pip-24.0.dist-info
ADD INFO /Users/jamie/Documents/Projects/python/py2app-error/.venv/lib/python3.11/site-packages/pip-24.0.dist-info
ADD INFO /Users/jamie/Documents/Projects/python/py2app-error/.venv/lib/python3.11/site-packages/pip-24.0.dist-info
ADD INFO /Users/jamie/Documents/Projects/python/py2app-error/.venv/lib/python3.11/site-packages/pip-24.0.dist-info
ADD INFO /Users/jamie/Documents/Projects/python/py2app-error/.venv/lib/python3.11/site-packages/pip-24.0.dist-info
ADD INFO /Users/jamie/Documents/Projects/python/py2app-error/.venv/lib/python3.11/site-packages/pip-24.0.dist-info
ADD INFO /Users/jamie/Documents/Projects/python/py2app-error/.venv/lib/python3.11/site-packages/pip-24.0.dist-info
ADD INFO /Users/jamie/Documents/Projects/python/py2app-error/.venv/lib/python3.11/site-packages/pip-24.0.dist-info
ADD INFO /Users/jamie/Documents/Projects/python/py2app-error/.venv/lib/python3.11/site-packages/pip-24.0.dist-info
ADD INFO /Users/jamie/Documents/Projects/python/py2app-error/.venv/lib/python3.11/site-packages/pip-24.0.dist-info
ADD INFO /Users/jamie/Documents/Projects/python/py2app-error/.venv/lib/python3.11/site-packages/pip-24.0.dist-info
ADD INFO /Users/jamie/Documents/Projects/python/py2app-error/.venv/lib/python3.11/site-packages/pip-24.0.dist-info
ADD INFO /Users/jamie/Documents/Projects/python/py2app-error/.venv/lib/python3.11/site-packages/pip-24.0.dist-info
ADD INFO /Users/jamie/Documents/Projects/python/py2app-error/.venv/lib/python3.11/site-packages/pip-24.0.dist-info
ADD INFO /Users/jamie/Documents/Projects/python/py2app-error/.venv/lib/python3.11/site-packages/pip-24.0.dist-info
ADD INFO /Users/jamie/Documents/Projects/python/py2app-error/.venv/lib/python3.11/site-packages/pip-24.0.dist-info
ADD INFO /Users/jamie/Documents/Projects/python/py2app-error/.venv/lib/python3.11/site-packages/pip-24.0.dist-info
ADD INFO /Users/jamie/Documents/Projects/python/py2app-error/.venv/lib/python3.11/site-packages/pip-24.0.dist-info
ADD INFO /Users/jamie/Documents/Projects/python/py2app-error/.venv/lib/python3.11/site-packages/pip-24.0.dist-info
ADD INFO /Users/jamie/Documents/Projects/python/py2app-error/.venv/lib/python3.11/site-packages/pip-24.0.dist-info
ADD INFO /Users/jamie/Documents/Projects/python/py2app-error/.venv/lib/python3.11/site-packages/pip-24.0.dist-info
ADD INFO /Users/jamie/Documents/Projects/python/py2app-error/.venv/lib/python3.11/site-packages/pip-24.0.dist-info
ADD INFO /Users/jamie/Documents/Projects/python/py2app-error/.venv/lib/python3.11/site-packages/pip-24.0.dist-info
ADD INFO /Users/jamie/Documents/Projects/python/py2app-error/.venv/lib/python3.11/site-packages/pip-24.0.dist-info
ADD INFO /Users/jamie/Documents/Projects/python/py2app-error/.venv/lib/python3.11/site-packages/pip-24.0.dist-info
ADD INFO /Users/jamie/Documents/Projects/python/py2app-error/.venv/lib/python3.11/site-packages/pip-24.0.dist-info
ADD INFO /Users/jamie/Documents/Projects/python/py2app-error/.venv/lib/python3.11/site-packages/pip-24.0.dist-info
ADD INFO /Users/jamie/Documents/Projects/python/py2app-error/.venv/lib/python3.11/site-packages/pip-24.0.dist-info
ADD INFO /Users/jamie/Documents/Projects/python/py2app-error/.venv/lib/python3.11/site-packages/pip-24.0.dist-info
ADD INFO /Users/jamie/Documents/Projects/python/py2app-error/.venv/lib/python3.11/site-packages/pip-24.0.dist-info
ADD INFO /Users/jamie/Documents/Projects/python/py2app-error/.venv/lib/python3.11/site-packages/pip-24.0.dist-info
ADD INFO /Users/jamie/Documents/Projects/python/py2app-error/.venv/lib/python3.11/site-packages/pip-24.0.dist-info
ADD INFO /Users/jamie/Documents/Projects/python/py2app-error/.venv/lib/python3.11/site-packages/pip-24.0.dist-info
ADD INFO /Users/jamie/Documents/Projects/python/py2app-error/.venv/lib/python3.11/site-packages/pip-24.0.dist-info
ADD INFO /Users/jamie/Documents/Projects/python/py2app-error/.venv/lib/python3.11/site-packages/pip-24.0.dist-info
ADD INFO /Users/jamie/Documents/Projects/python/py2app-error/.venv/lib/python3.11/site-packages/pip-24.0.dist-info
ADD INFO /Users/jamie/Documents/Projects/python/py2app-error/.venv/lib/python3.11/site-packages/pip-24.0.dist-info
ADD INFO /Users/jamie/Documents/Projects/python/py2app-error/.venv/lib/python3.11/site-packages/pip-24.0.dist-info
ADD INFO /Users/jamie/Documents/Projects/python/py2app-error/.venv/lib/python3.11/site-packages/pip-24.0.dist-info
ADD INFO /Users/jamie/Documents/Projects/python/py2app-error/.venv/lib/python3.11/site-packages/pip-24.0.dist-info
ADD INFO /Users/jamie/Documents/Projects/python/py2app-error/.venv/lib/python3.11/site-packages/pip-24.0.dist-info
ADD INFO /Users/jamie/Documents/Projects/python/py2app-error/.venv/lib/python3.11/site-packages/pip-24.0.dist-info
ADD INFO /Users/jamie/Documents/Projects/python/py2app-error/.venv/lib/python3.11/site-packages/pip-24.0.dist-info
ADD INFO /Users/jamie/Documents/Projects/python/py2app-error/.venv/lib/python3.11/site-packages/pip-24.0.dist-info
ADD INFO /Users/jamie/Documents/Projects/python/py2app-error/.venv/lib/python3.11/site-packages/pip-24.0.dist-info
ADD INFO /Users/jamie/Documents/Projects/python/py2app-error/.venv/lib/python3.11/site-packages/pip-24.0.dist-info
ADD INFO /Users/jamie/Documents/Projects/python/py2app-error/.venv/lib/python3.11/site-packages/pip-24.0.dist-info
ADD INFO /Users/jamie/Documents/Projects/python/py2app-error/.venv/lib/python3.11/site-packages/pip-24.0.dist-info
ADD INFO /Users/jamie/Documents/Projects/python/py2app-error/.venv/lib/python3.11/site-packages/pip-24.0.dist-info
ADD INFO /Users/jamie/Documents/Projects/python/py2app-error/.venv/lib/python3.11/site-packages/pip-24.0.dist-info
ADD INFO /Users/jamie/Documents/Projects/python/py2app-error/.venv/lib/python3.11/site-packages/pip-24.0.dist-info
ADD INFO /Users/jamie/Documents/Projects/python/py2app-error/.venv/lib/python3.11/site-packages/pip-24.0.dist-info
ADD INFO /Users/jamie/Documents/Projects/python/py2app-error/.venv/lib/python3.11/site-packages/pip-24.0.dist-info
ADD INFO /Users/jamie/Documents/Projects/python/py2app-error/.venv/lib/python3.11/site-packages/pip-24.0.dist-info
ADD INFO /Users/jamie/Documents/Projects/python/py2app-error/.venv/lib/python3.11/site-packages/pip-24.0.dist-info
ADD INFO /Users/jamie/Documents/Projects/python/py2app-error/.venv/lib/python3.11/site-packages/pip-24.0.dist-info
ADD INFO /Users/jamie/Documents/Projects/python/py2app-error/.venv/lib/python3.11/site-packages/pip-24.0.dist-info
ADD INFO /Users/jamie/Documents/Projects/python/py2app-error/.venv/lib/python3.11/site-packages/pip-24.0.dist-info
ADD INFO /Users/jamie/Documents/Projects/python/py2app-error/.venv/lib/python3.11/site-packages/pip-24.0.dist-info
ADD INFO /Users/jamie/Documents/Projects/python/py2app-error/.venv/lib/python3.11/site-packages/pip-24.0.dist-info
ADD INFO /Users/jamie/Documents/Projects/python/py2app-error/.venv/lib/python3.11/site-packages/pip-24.0.dist-info
ADD INFO /Users/jamie/Documents/Projects/python/py2app-error/.venv/lib/python3.11/site-packages/pip-24.0.dist-info
ADD INFO /Users/jamie/Documents/Projects/python/py2app-error/.venv/lib/python3.11/site-packages/pip-24.0.dist-info
ADD INFO /Users/jamie/Documents/Projects/python/py2app-error/.venv/lib/python3.11/site-packages/pip-24.0.dist-info
ADD INFO /Users/jamie/Documents/Projects/python/py2app-error/.venv/lib/python3.11/site-packages/pip-24.0.dist-info
ADD INFO /Users/jamie/Documents/Projects/python/py2app-error/.venv/lib/python3.11/site-packages/pip-24.0.dist-info
ADD INFO /Users/jamie/Documents/Projects/python/py2app-error/.venv/lib/python3.11/site-packages/pip-24.0.dist-info
ADD INFO /Users/jamie/Documents/Projects/python/py2app-error/.venv/lib/python3.11/site-packages/pip-24.0.dist-info
ADD INFO /Users/jamie/Documents/Projects/python/py2app-error/.venv/lib/python3.11/site-packages/pip-24.0.dist-info
ADD INFO /Users/jamie/Documents/Projects/python/py2app-error/.venv/lib/python3.11/site-packages/pip-24.0.dist-info
ADD INFO /Users/jamie/Documents/Projects/python/py2app-error/.venv/lib/python3.11/site-packages/pip-24.0.dist-info
ADD INFO /Users/jamie/Documents/Projects/python/py2app-error/.venv/lib/python3.11/site-packages/pip-24.0.dist-info
ADD INFO /Users/jamie/Documents/Projects/python/py2app-error/.venv/lib/python3.11/site-packages/pip-24.0.dist-info
ADD INFO /Users/jamie/Documents/Projects/python/py2app-error/.venv/lib/python3.11/site-packages/pip-24.0.dist-info
ADD INFO /Users/jamie/Documents/Projects/python/py2app-error/.venv/lib/python3.11/site-packages/pip-24.0.dist-info
ADD INFO /Users/jamie/Documents/Projects/python/py2app-error/.venv/lib/python3.11/site-packages/pip-24.0.dist-info
ADD INFO /Users/jamie/Documents/Projects/python/py2app-error/.venv/lib/python3.11/site-packages/pip-24.0.dist-info
ADD INFO /Users/jamie/Documents/Projects/python/py2app-error/.venv/lib/python3.11/site-packages/pip-24.0.dist-info
ADD INFO /Users/jamie/Documents/Projects/python/py2app-error/.venv/lib/python3.11/site-packages/pip-24.0.dist-info
ADD INFO /Users/jamie/Documents/Projects/python/py2app-error/.venv/lib/python3.11/site-packages/pip-24.0.dist-info
ADD INFO /Users/jamie/Documents/Projects/python/py2app-error/.venv/lib/python3.11/site-packages/pip-24.0.dist-info
ADD INFO /Users/jamie/Documents/Projects/python/py2app-error/.venv/lib/python3.11/site-packages/pip-24.0.dist-info
ADD INFO /Users/jamie/Documents/Projects/python/py2app-error/.venv/lib/python3.11/site-packages/pip-24.0.dist-info
ADD INFO /Users/jamie/Documents/Projects/python/py2app-error/.venv/lib/python3.11/site-packages/pip-24.0.dist-info
ADD INFO /Users/jamie/Documents/Projects/python/py2app-error/.venv/lib/python3.11/site-packages/pip-24.0.dist-info
ADD INFO /Users/jamie/Documents/Projects/python/py2app-error/.venv/lib/python3.11/site-packages/pip-24.0.dist-info
ADD INFO /Users/jamie/Documents/Projects/python/py2app-error/.venv/lib/python3.11/site-packages/pip-24.0.dist-info
ADD INFO /Users/jamie/Documents/Projects/python/py2app-error/.venv/lib/python3.11/site-packages/pip-24.0.dist-info
ADD INFO /Users/jamie/Documents/Projects/python/py2app-error/.venv/lib/python3.11/site-packages/pip-24.0.dist-info
ADD INFO /Users/jamie/Documents/Projects/python/py2app-error/.venv/lib/python3.11/site-packages/pip-24.0.dist-info
ADD INFO /Users/jamie/Documents/Projects/python/py2app-error/.venv/lib/python3.11/site-packages/pip-24.0.dist-info
ADD INFO /Users/jamie/Documents/Projects/python/py2app-error/.venv/lib/python3.11/site-packages/pip-24.0.dist-info
ADD INFO /Users/jamie/Documents/Projects/python/py2app-error/.venv/lib/python3.11/site-packages/pip-24.0.dist-info
ADD INFO /Users/jamie/Documents/Projects/python/py2app-error/.venv/lib/python3.11/site-packages/pip-24.0.dist-info
ADD INFO /Users/jamie/Documents/Projects/python/py2app-error/.venv/lib/python3.11/site-packages/pip-24.0.dist-info
ADD INFO /Users/jamie/Documents/Projects/python/py2app-error/.venv/lib/python3.11/site-packages/pip-24.0.dist-info
ADD INFO /Users/jamie/Documents/Projects/python/py2app-error/.venv/lib/python3.11/site-packages/pip-24.0.dist-info
ADD INFO /Users/jamie/Documents/Projects/python/py2app-error/.venv/lib/python3.11/site-packages/pip-24.0.dist-info
ADD INFO /Users/jamie/Documents/Projects/python/py2app-error/.venv/lib/python3.11/site-packages/pip-24.0.dist-info
ADD INFO /Users/jamie/Documents/Projects/python/py2app-error/.venv/lib/python3.11/site-packages/pip-24.0.dist-info
ADD INFO /Users/jamie/Documents/Projects/python/py2app-error/.venv/lib/python3.11/site-packages/pip-24.0.dist-info
ADD INFO /Users/jamie/Documents/Projects/python/py2app-error/.venv/lib/python3.11/site-packages/pip-24.0.dist-info
ADD INFO /Users/jamie/Documents/Projects/python/py2app-error/.venv/lib/python3.11/site-packages/pip-24.0.dist-info
ADD INFO /Users/jamie/Documents/Projects/python/py2app-error/.venv/lib/python3.11/site-packages/pip-24.0.dist-info
ADD INFO /Users/jamie/Documents/Projects/python/py2app-error/.venv/lib/python3.11/site-packages/pip-24.0.dist-info
ADD INFO /Users/jamie/Documents/Projects/python/py2app-error/.venv/lib/python3.11/site-packages/pip-24.0.dist-info
ADD INFO /Users/jamie/Documents/Projects/python/py2app-error/.venv/lib/python3.11/site-packages/pip-24.0.dist-info
ADD INFO /Users/jamie/Documents/Projects/python/py2app-error/.venv/lib/python3.11/site-packages/pip-24.0.dist-info
ADD INFO /Users/jamie/Documents/Projects/python/py2app-error/.venv/lib/python3.11/site-packages/pip-24.0.dist-info
ADD INFO /Users/jamie/Documents/Projects/python/py2app-error/.venv/lib/python3.11/site-packages/pip-24.0.dist-info
ADD INFO /Users/jamie/Documents/Projects/python/py2app-error/.venv/lib/python3.11/site-packages/setuptools-65.5.0.dist-info
ADD INFO /Users/jamie/Documents/Projects/python/py2app-error/.venv/lib/python3.11/site-packages/setuptools-65.5.0.dist-info
ADD INFO /Users/jamie/Documents/Projects/python/py2app-error/.venv/lib/python3.11/site-packages/setuptools-65.5.0.dist-info
ADD INFO /Users/jamie/Documents/Projects/python/py2app-error/.venv/lib/python3.11/site-packages/setuptools-65.5.0.dist-info
ADD INFO /Users/jamie/Documents/Projects/python/py2app-error/.venv/lib/python3.11/site-packages/setuptools-65.5.0.dist-info
ADD INFO /Users/jamie/Documents/Projects/python/py2app-error/.venv/lib/python3.11/site-packages/setuptools-65.5.0.dist-info
ADD INFO /Users/jamie/Documents/Projects/python/py2app-error/.venv/lib/python3.11/site-packages/setuptools-65.5.0.dist-info
ADD INFO /Users/jamie/Documents/Projects/python/py2app-error/.venv/lib/python3.11/site-packages/setuptools-65.5.0.dist-info
ADD INFO /Users/jamie/Documents/Projects/python/py2app-error/.venv/lib/python3.11/site-packages/setuptools-65.5.0.dist-info
ADD INFO /Users/jamie/Documents/Projects/python/py2app-error/.venv/lib/python3.11/site-packages/setuptools-65.5.0.dist-info
ADD INFO /Users/jamie/Documents/Projects/python/py2app-error/.venv/lib/python3.11/site-packages/setuptools-65.5.0.dist-info
ADD INFO /Users/jamie/Documents/Projects/python/py2app-error/.venv/lib/python3.11/site-packages/setuptools-65.5.0.dist-info
ADD INFO /Users/jamie/Documents/Projects/python/py2app-error/.venv/lib/python3.11/site-packages/setuptools-65.5.0.dist-info
ADD INFO /Users/jamie/Documents/Projects/python/py2app-error/.venv/lib/python3.11/site-packages/setuptools-65.5.0.dist-info
ADD INFO /Users/jamie/Documents/Projects/python/py2app-error/.venv/lib/python3.11/site-packages/setuptools-65.5.0.dist-info
ADD INFO /Users/jamie/Documents/Projects/python/py2app-error/.venv/lib/python3.11/site-packages/setuptools-65.5.0.dist-info
ADD INFO /Users/jamie/Documents/Projects/python/py2app-error/.venv/lib/python3.11/site-packages/setuptools-65.5.0.dist-info
ADD INFO /Users/jamie/Documents/Projects/python/py2app-error/.venv/lib/python3.11/site-packages/setuptools-65.5.0.dist-info
ADD INFO /Users/jamie/Documents/Projects/python/py2app-error/.venv/lib/python3.11/site-packages/setuptools-65.5.0.dist-info
ADD INFO /Users/jamie/Documents/Projects/python/py2app-error/.venv/lib/python3.11/site-packages/setuptools-65.5.0.dist-info
ADD INFO /Users/jamie/Documents/Projects/python/py2app-error/.venv/lib/python3.11/site-packages/setuptools-65.5.0.dist-info
ADD INFO /Users/jamie/Documents/Projects/python/py2app-error/.venv/lib/python3.11/site-packages/setuptools-65.5.0.dist-info
ADD INFO /Users/jamie/Documents/Projects/python/py2app-error/.venv/lib/python3.11/site-packages/setuptools-65.5.0.dist-info
ADD INFO /Users/jamie/Documents/Projects/python/py2app-error/.venv/lib/python3.11/site-packages/setuptools-65.5.0.dist-info
ADD INFO /Users/jamie/Documents/Projects/python/py2app-error/.venv/lib/python3.11/site-packages/setuptools-65.5.0.dist-info
ADD INFO /Users/jamie/Documents/Projects/python/py2app-error/.venv/lib/python3.11/site-packages/setuptools-65.5.0.dist-info
ADD INFO /Users/jamie/Documents/Projects/python/py2app-error/.venv/lib/python3.11/site-packages/setuptools-65.5.0.dist-info
ADD INFO /Users/jamie/Documents/Projects/python/py2app-error/.venv/lib/python3.11/site-packages/setuptools-65.5.0.dist-info
ADD INFO /Users/jamie/Documents/Projects/python/py2app-error/.venv/lib/python3.11/site-packages/setuptools-65.5.0.dist-info
ADD INFO /Users/jamie/Documents/Projects/python/py2app-error/.venv/lib/python3.11/site-packages/setuptools-65.5.0.dist-info
ADD INFO /Users/jamie/Documents/Projects/python/py2app-error/.venv/lib/python3.11/site-packages/setuptools-65.5.0.dist-info
ADD INFO /Users/jamie/Documents/Projects/python/py2app-error/.venv/lib/python3.11/site-packages/setuptools-65.5.0.dist-info
ADD INFO /Users/jamie/Documents/Projects/python/py2app-error/.venv/lib/python3.11/site-packages/setuptools-65.5.0.dist-info
ADD INFO /Users/jamie/Documents/Projects/python/py2app-error/.venv/lib/python3.11/site-packages/setuptools-65.5.0.dist-info
ADD INFO /Users/jamie/Documents/Projects/python/py2app-error/.venv/lib/python3.11/site-packages/setuptools-65.5.0.dist-info
ADD INFO /Users/jamie/Documents/Projects/python/py2app-error/.venv/lib/python3.11/site-packages/setuptools-65.5.0.dist-info
ADD INFO /Users/jamie/Documents/Projects/python/py2app-error/.venv/lib/python3.11/site-packages/setuptools-65.5.0.dist-info
ADD INFO /Users/jamie/Documents/Projects/python/py2app-error/.venv/lib/python3.11/site-packages/setuptools-65.5.0.dist-info
ADD INFO /Users/jamie/Documents/Projects/python/py2app-error/.venv/lib/python3.11/site-packages/setuptools-65.5.0.dist-info
ADD INFO /Users/jamie/Documents/Projects/python/py2app-error/.venv/lib/python3.11/site-packages/setuptools-65.5.0.dist-info
ADD INFO /Users/jamie/Documents/Projects/python/py2app-error/.venv/lib/python3.11/site-packages/setuptools-65.5.0.dist-info
ADD INFO /Users/jamie/Documents/Projects/python/py2app-error/.venv/lib/python3.11/site-packages/setuptools-65.5.0.dist-info
ADD INFO /Users/jamie/Documents/Projects/python/py2app-error/.venv/lib/python3.11/site-packages/setuptools-65.5.0.dist-info
ADD INFO /Users/jamie/Documents/Projects/python/py2app-error/.venv/lib/python3.11/site-packages/setuptools-65.5.0.dist-info
ADD INFO /Users/jamie/Documents/Projects/python/py2app-error/.venv/lib/python3.11/site-packages/setuptools-65.5.0.dist-info
ADD INFO /Users/jamie/Documents/Projects/python/py2app-error/.venv/lib/python3.11/site-packages/setuptools-65.5.0.dist-info
ADD INFO /Users/jamie/Documents/Projects/python/py2app-error/.venv/lib/python3.11/site-packages/setuptools-65.5.0.dist-info
ADD INFO /Users/jamie/Documents/Projects/python/py2app-error/.venv/lib/python3.11/site-packages/setuptools-65.5.0.dist-info
ADD INFO /Users/jamie/Documents/Projects/python/py2app-error/.venv/lib/python3.11/site-packages/setuptools-65.5.0.dist-info
ADD INFO /Users/jamie/Documents/Projects/python/py2app-error/.venv/lib/python3.11/site-packages/setuptools-65.5.0.dist-info
ADD INFO /Users/jamie/Documents/Projects/python/py2app-error/.venv/lib/python3.11/site-packages/setuptools-65.5.0.dist-info
ADD INFO /Users/jamie/Documents/Projects/python/py2app-error/.venv/lib/python3.11/site-packages/setuptools-65.5.0.dist-info
ADD INFO /Users/jamie/Documents/Projects/python/py2app-error/.venv/lib/python3.11/site-packages/setuptools-65.5.0.dist-info
ADD INFO /Users/jamie/Documents/Projects/python/py2app-error/.venv/lib/python3.11/site-packages/setuptools-65.5.0.dist-info
ADD INFO /Users/jamie/Documents/Projects/python/py2app-error/.venv/lib/python3.11/site-packages/setuptools-65.5.0.dist-info
ADD INFO /Users/jamie/Documents/Projects/python/py2app-error/.venv/lib/python3.11/site-packages/setuptools-65.5.0.dist-info
ADD INFO /Users/jamie/Documents/Projects/python/py2app-error/.venv/lib/python3.11/site-packages/setuptools-65.5.0.dist-info
ADD INFO /Users/jamie/Documents/Projects/python/py2app-error/.venv/lib/python3.11/site-packages/setuptools-65.5.0.dist-info
ADD INFO /Users/jamie/Documents/Projects/python/py2app-error/.venv/lib/python3.11/site-packages/setuptools-65.5.0.dist-info
ADD INFO /Users/jamie/Documents/Projects/python/py2app-error/.venv/lib/python3.11/site-packages/setuptools-65.5.0.dist-info
ADD INFO /Users/jamie/Documents/Projects/python/py2app-error/.venv/lib/python3.11/site-packages/setuptools-65.5.0.dist-info
ADD INFO /Users/jamie/Documents/Projects/python/py2app-error/.venv/lib/python3.11/site-packages/setuptools-65.5.0.dist-info
ADD INFO /Users/jamie/Documents/Projects/python/py2app-error/.venv/lib/python3.11/site-packages/setuptools-65.5.0.dist-info
ADD INFO /Users/jamie/Documents/Projects/python/py2app-error/.venv/lib/python3.11/site-packages/setuptools-65.5.0.dist-info
ADD INFO /Users/jamie/Documents/Projects/python/py2app-error/.venv/lib/python3.11/site-packages/setuptools-65.5.0.dist-info
ADD INFO /Users/jamie/Documents/Projects/python/py2app-error/.venv/lib/python3.11/site-packages/setuptools-65.5.0.dist-info
ADD INFO /Users/jamie/Documents/Projects/python/py2app-error/.venv/lib/python3.11/site-packages/setuptools-65.5.0.dist-info
ADD INFO /Users/jamie/Documents/Projects/python/py2app-error/.venv/lib/python3.11/site-packages/setuptools-65.5.0.dist-info
ADD INFO /Users/jamie/Documents/Projects/python/py2app-error/.venv/lib/python3.11/site-packages/setuptools-65.5.0.dist-info
ADD INFO /Users/jamie/Documents/Projects/python/py2app-error/.venv/lib/python3.11/site-packages/setuptools-65.5.0.dist-info
ADD INFO /Users/jamie/Documents/Projects/python/py2app-error/.venv/lib/python3.11/site-packages/setuptools-65.5.0.dist-info
ADD INFO /Users/jamie/Documents/Projects/python/py2app-error/.venv/lib/python3.11/site-packages/setuptools-65.5.0.dist-info
ADD INFO /Users/jamie/Documents/Projects/python/py2app-error/.venv/lib/python3.11/site-packages/setuptools-65.5.0.dist-info
ADD INFO /Users/jamie/Documents/Projects/python/py2app-error/.venv/lib/python3.11/site-packages/setuptools-65.5.0.dist-info
ADD INFO /Users/jamie/Documents/Projects/python/py2app-error/.venv/lib/python3.11/site-packages/setuptools-65.5.0.dist-info
ADD INFO /Users/jamie/Documents/Projects/python/py2app-error/.venv/lib/python3.11/site-packages/setuptools-65.5.0.dist-info
ADD INFO /Users/jamie/Documents/Projects/python/py2app-error/.venv/lib/python3.11/site-packages/setuptools-65.5.0.dist-info
ADD INFO /Users/jamie/Documents/Projects/python/py2app-error/.venv/lib/python3.11/site-packages/setuptools-65.5.0.dist-info
ADD INFO /Users/jamie/Documents/Projects/python/py2app-error/.venv/lib/python3.11/site-packages/setuptools-65.5.0.dist-info
ADD INFO /Users/jamie/Documents/Projects/python/py2app-error/.venv/lib/python3.11/site-packages/setuptools-65.5.0.dist-info
ADD INFO /Users/jamie/Documents/Projects/python/py2app-error/.venv/lib/python3.11/site-packages/setuptools-65.5.0.dist-info
ADD INFO /Users/jamie/Documents/Projects/python/py2app-error/.venv/lib/python3.11/site-packages/setuptools-65.5.0.dist-info
ADD INFO /Users/jamie/Documents/Projects/python/py2app-error/.venv/lib/python3.11/site-packages/setuptools-65.5.0.dist-info
ADD INFO /Users/jamie/Documents/Projects/python/py2app-error/.venv/lib/python3.11/site-packages/setuptools-65.5.0.dist-info
ADD INFO /Users/jamie/Documents/Projects/python/py2app-error/.venv/lib/python3.11/site-packages/setuptools-65.5.0.dist-info
ADD INFO /Users/jamie/Documents/Projects/python/py2app-error/.venv/lib/python3.11/site-packages/setuptools-65.5.0.dist-info
ADD INFO /Users/jamie/Documents/Projects/python/py2app-error/.venv/lib/python3.11/site-packages/setuptools-65.5.0.dist-info
ADD INFO /Users/jamie/Documents/Projects/python/py2app-error/.venv/lib/python3.11/site-packages/setuptools-65.5.0.dist-info
ADD INFO /Users/jamie/Documents/Projects/python/py2app-error/.venv/lib/python3.11/site-packages/setuptools-65.5.0.dist-info
ADD INFO /Users/jamie/Documents/Projects/python/py2app-error/.venv/lib/python3.11/site-packages/setuptools-65.5.0.dist-info
ADD INFO /Users/jamie/Documents/Projects/python/py2app-error/.venv/lib/python3.11/site-packages/setuptools-65.5.0.dist-info
ADD INFO /Users/jamie/Documents/Projects/python/py2app-error/.venv/lib/python3.11/site-packages/setuptools-65.5.0.dist-info
ADD INFO /Users/jamie/Documents/Projects/python/py2app-error/.venv/lib/python3.11/site-packages/setuptools-65.5.0.dist-info
ADD INFO /Users/jamie/Documents/Projects/python/py2app-error/.venv/lib/python3.11/site-packages/setuptools-65.5.0.dist-info
ADD INFO /Users/jamie/Documents/Projects/python/py2app-error/.venv/lib/python3.11/site-packages/setuptools-65.5.0.dist-info
ADD INFO /Users/jamie/Documents/Projects/python/py2app-error/.venv/lib/python3.11/site-packages/setuptools-65.5.0.dist-info
ADD INFO /Users/jamie/Documents/Projects/python/py2app-error/.venv/lib/python3.11/site-packages/setuptools-65.5.0.dist-info
ADD INFO /Users/jamie/Documents/Projects/python/py2app-error/.venv/lib/python3.11/site-packages/setuptools-65.5.0.dist-info
ADD INFO /Users/jamie/Documents/Projects/python/py2app-error/.venv/lib/python3.11/site-packages/setuptools-65.5.0.dist-info
ADD INFO /Users/jamie/Documents/Projects/python/py2app-error/.venv/lib/python3.11/site-packages/setuptools-65.5.0.dist-info
ADD INFO /Users/jamie/Documents/Projects/python/py2app-error/.venv/lib/python3.11/site-packages/setuptools-65.5.0.dist-info
ADD INFO /Users/jamie/Documents/Projects/python/py2app-error/.venv/lib/python3.11/site-packages/setuptools-65.5.0.dist-info
ADD INFO /Users/jamie/Documents/Projects/python/py2app-error/.venv/lib/python3.11/site-packages/setuptools-65.5.0.dist-info
ADD INFO /Users/jamie/Documents/Projects/python/py2app-error/.venv/lib/python3.11/site-packages/setuptools-65.5.0.dist-info
ADD INFO /Users/jamie/Documents/Projects/python/py2app-error/.venv/lib/python3.11/site-packages/six-1.16.0.dist-info
ADD INFO /Users/jamie/Documents/Projects/python/py2app-error/.venv/lib/python3.11/site-packages/wxPython-4.2.1.dist-info
ADD INFO /Users/jamie/Documents/Projects/python/py2app-error/.venv/lib/python3.11/site-packages/wxPython-4.2.1.dist-info
ADD INFO /Users/jamie/Documents/Projects/python/py2app-error/.venv/lib/python3.11/site-packages/wxPython-4.2.1.dist-info
ADD INFO /Users/jamie/Documents/Projects/python/py2app-error/.venv/lib/python3.11/site-packages/wxPython-4.2.1.dist-info
ADD INFO /Users/jamie/Documents/Projects/python/py2app-error/.venv/lib/python3.11/site-packages/wxPython-4.2.1.dist-info
ADD INFO /Users/jamie/Documents/Projects/python/py2app-error/.venv/lib/python3.11/site-packages/wxPython-4.2.1.dist-info
ADD INFO /Users/jamie/Documents/Projects/python/py2app-error/.venv/lib/python3.11/site-packages/wxPython-4.2.1.dist-info
ADD INFO /Users/jamie/Documents/Projects/python/py2app-error/.venv/lib/python3.11/site-packages/wxPython-4.2.1.dist-info
ADD INFO /Users/jamie/Documents/Projects/python/py2app-error/.venv/lib/python3.11/site-packages/wxPython-4.2.1.dist-info
ADD INFO /Users/jamie/Documents/Projects/python/py2app-error/.venv/lib/python3.11/site-packages/wxPython-4.2.1.dist-info
ADD INFO /Users/jamie/Documents/Projects/python/py2app-error/.venv/lib/python3.11/site-packages/wxPython-4.2.1.dist-info
ADD INFO /Users/jamie/Documents/Projects/python/py2app-error/.venv/lib/python3.11/site-packages/wxPython-4.2.1.dist-info
ADD INFO /Users/jamie/Documents/Projects/python/py2app-error/.venv/lib/python3.11/site-packages/wxPython-4.2.1.dist-info
ADD INFO /Users/jamie/Documents/Projects/python/py2app-error/.venv/lib/python3.11/site-packages/wxPython-4.2.1.dist-info
ADD INFO /Users/jamie/Documents/Projects/python/py2app-error/.venv/lib/python3.11/site-packages/wxPython-4.2.1.dist-info
ADD INFO /Users/jamie/Documents/Projects/python/py2app-error/.venv/lib/python3.11/site-packages/wxPython-4.2.1.dist-info
ADD INFO /Users/jamie/Documents/Projects/python/py2app-error/.venv/lib/python3.11/site-packages/wxPython-4.2.1.dist-info
ADD INFO /Users/jamie/Documents/Projects/python/py2app-error/.venv/lib/python3.11/site-packages/wxPython-4.2.1.dist-info
ADD INFO /Users/jamie/Documents/Projects/python/py2app-error/.venv/lib/python3.11/site-packages/wxPython-4.2.1.dist-info
ADD INFO /Users/jamie/Documents/Projects/python/py2app-error/.venv/lib/python3.11/site-packages/wxPython-4.2.1.dist-info
ADD INFO /Users/jamie/Documents/Projects/python/py2app-error/.venv/lib/python3.11/site-packages/wxPython-4.2.1.dist-info
ADD INFO /Users/jamie/Documents/Projects/python/py2app-error/.venv/lib/python3.11/site-packages/wxPython-4.2.1.dist-info
ADD INFO /Users/jamie/Documents/Projects/python/py2app-error/.venv/lib/python3.11/site-packages/wxPython-4.2.1.dist-info
ADD INFO /Users/jamie/Documents/Projects/python/py2app-error/.venv/lib/python3.11/site-packages/wxPython-4.2.1.dist-info
ADD INFO /Users/jamie/Documents/Projects/python/py2app-error/.venv/lib/python3.11/site-packages/wxPython-4.2.1.dist-info
ADD INFO /Users/jamie/Documents/Projects/python/py2app-error/.venv/lib/python3.11/site-packages/wxPython-4.2.1.dist-info
ADD INFO /Users/jamie/Documents/Projects/python/py2app-error/.venv/lib/python3.11/site-packages/wxPython-4.2.1.dist-info
ADD INFO /Users/jamie/Documents/Projects/python/py2app-error/.venv/lib/python3.11/site-packages/wxPython-4.2.1.dist-info
ADD INFO /Users/jamie/Documents/Projects/python/py2app-error/.venv/lib/python3.11/site-packages/wxPython-4.2.1.dist-info
ADD INFO /Users/jamie/Documents/Projects/python/py2app-error/.venv/lib/python3.11/site-packages/wxPython-4.2.1.dist-info
ADD INFO /Users/jamie/Documents/Projects/python/py2app-error/.venv/lib/python3.11/site-packages/wxPython-4.2.1.dist-info
ADD INFO /Users/jamie/Documents/Projects/python/py2app-error/.venv/lib/python3.11/site-packages/wxPython-4.2.1.dist-info
ADD INFO /Users/jamie/Documents/Projects/python/py2app-error/.venv/lib/python3.11/site-packages/wxPython-4.2.1.dist-info
ADD INFO /Users/jamie/Documents/Projects/python/py2app-error/.venv/lib/python3.11/site-packages/wxPython-4.2.1.dist-info
ADD INFO /Users/jamie/Documents/Projects/python/py2app-error/.venv/lib/python3.11/site-packages/wxPython-4.2.1.dist-info
ADD INFO /Users/jamie/Documents/Projects/python/py2app-error/.venv/lib/python3.11/site-packages/wxPython-4.2.1.dist-info
ADD INFO /Users/jamie/Documents/Projects/python/py2app-error/.venv/lib/python3.11/site-packages/wxPython-4.2.1.dist-info
ADD INFO /Users/jamie/Documents/Projects/python/py2app-error/.venv/lib/python3.11/site-packages/wxPython-4.2.1.dist-info
ADD INFO /Users/jamie/Documents/Projects/python/py2app-error/.venv/lib/python3.11/site-packages/wxPython-4.2.1.dist-info
ADD INFO /Users/jamie/Documents/Projects/python/py2app-error/.venv/lib/python3.11/site-packages/wxPython-4.2.1.dist-info
ADD INFO /Users/jamie/Documents/Projects/python/py2app-error/.venv/lib/python3.11/site-packages/wxPython-4.2.1.dist-info
ADD INFO /Users/jamie/Documents/Projects/python/py2app-error/.venv/lib/python3.11/site-packages/wxPython-4.2.1.dist-info
ADD INFO /Users/jamie/Documents/Projects/python/py2app-error/.venv/lib/python3.11/site-packages/wxPython-4.2.1.dist-info
ADD INFO /Users/jamie/Documents/Projects/python/py2app-error/.venv/lib/python3.11/site-packages/wxPython-4.2.1.dist-info
ADD INFO /Users/jamie/Documents/Projects/python/py2app-error/.venv/lib/python3.11/site-packages/wxPython-4.2.1.dist-info
ADD INFO /Users/jamie/Documents/Projects/python/py2app-error/.venv/lib/python3.11/site-packages/wxPython-4.2.1.dist-info
ADD INFO /Users/jamie/Documents/Projects/python/py2app-error/.venv/lib/python3.11/site-packages/wxPython-4.2.1.dist-info
ADD INFO /Users/jamie/Documents/Projects/python/py2app-error/.venv/lib/python3.11/site-packages/wxPython-4.2.1.dist-info
ADD INFO /Users/jamie/Documents/Projects/python/py2app-error/.venv/lib/python3.11/site-packages/wxPython-4.2.1.dist-info
ADD INFO /Users/jamie/Documents/Projects/python/py2app-error/.venv/lib/python3.11/site-packages/wxPython-4.2.1.dist-info
ADD INFO /Users/jamie/Documents/Projects/python/py2app-error/.venv/lib/python3.11/site-packages/wxPython-4.2.1.dist-info
ADD INFO /Users/jamie/Documents/Projects/python/py2app-error/.venv/lib/python3.11/site-packages/wxPython-4.2.1.dist-info
ADD INFO /Users/jamie/Documents/Projects/python/py2app-error/.venv/lib/python3.11/site-packages/wxPython-4.2.1.dist-info
ADD INFO /Users/jamie/Documents/Projects/python/py2app-error/.venv/lib/python3.11/site-packages/wxPython-4.2.1.dist-info
ADD INFO /Users/jamie/Documents/Projects/python/py2app-error/.venv/lib/python3.11/site-packages/wxPython-4.2.1.dist-info
ADD INFO /Users/jamie/Documents/Projects/python/py2app-error/.venv/lib/python3.11/site-packages/wxPython-4.2.1.dist-info
ADD INFO /Users/jamie/Documents/Projects/python/py2app-error/.venv/lib/python3.11/site-packages/wxPython-4.2.1.dist-info
ADD INFO /Users/jamie/Documents/Projects/python/py2app-error/.venv/lib/python3.11/site-packages/wxPython-4.2.1.dist-info
ADD INFO /Users/jamie/Documents/Projects/python/py2app-error/.venv/lib/python3.11/site-packages/wxPython-4.2.1.dist-info
ADD INFO /Users/jamie/Documents/Projects/python/py2app-error/.venv/lib/python3.11/site-packages/wxPython-4.2.1.dist-info
ADD INFO /Users/jamie/Documents/Projects/python/py2app-error/.venv/lib/python3.11/site-packages/wxPython-4.2.1.dist-info
ADD INFO /Users/jamie/Documents/Projects/python/py2app-error/.venv/lib/python3.11/site-packages/wxPython-4.2.1.dist-info
ADD INFO /Users/jamie/Documents/Projects/python/py2app-error/.venv/lib/python3.11/site-packages/wxPython-4.2.1.dist-info
ADD INFO /Users/jamie/Documents/Projects/python/py2app-error/.venv/lib/python3.11/site-packages/wxPython-4.2.1.dist-info
ADD INFO /Users/jamie/Documents/Projects/python/py2app-error/.venv/lib/python3.11/site-packages/wxPython-4.2.1.dist-info
ADD INFO /Users/jamie/Documents/Projects/python/py2app-error/.venv/lib/python3.11/site-packages/wxPython-4.2.1.dist-info
ADD INFO /Users/jamie/Documents/Projects/python/py2app-error/.venv/lib/python3.11/site-packages/wxPython-4.2.1.dist-info
ADD INFO /Users/jamie/Documents/Projects/python/py2app-error/.venv/lib/python3.11/site-packages/wxPython-4.2.1.dist-info
ADD INFO /Users/jamie/Documents/Projects/python/py2app-error/.venv/lib/python3.11/site-packages/wxPython-4.2.1.dist-info
ADD INFO /Users/jamie/Documents/Projects/python/py2app-error/.venv/lib/python3.11/site-packages/wxPython-4.2.1.dist-info
ADD INFO /Users/jamie/Documents/Projects/python/py2app-error/.venv/lib/python3.11/site-packages/wxPython-4.2.1.dist-info
ADD INFO /Users/jamie/Documents/Projects/python/py2app-error/.venv/lib/python3.11/site-packages/wxPython-4.2.1.dist-info
ADD INFO /Users/jamie/Documents/Projects/python/py2app-error/.venv/lib/python3.11/site-packages/wxPython-4.2.1.dist-info
ADD INFO /Users/jamie/Documents/Projects/python/py2app-error/.venv/lib/python3.11/site-packages/wxPython-4.2.1.dist-info
ADD INFO /Users/jamie/Documents/Projects/python/py2app-error/.venv/lib/python3.11/site-packages/wxPython-4.2.1.dist-info
ADD INFO /Users/jamie/Documents/Projects/python/py2app-error/.venv/lib/python3.11/site-packages/wxPython-4.2.1.dist-info
ADD INFO /Users/jamie/Documents/Projects/python/py2app-error/.venv/lib/python3.11/site-packages/wxPython-4.2.1.dist-info
ADD INFO /Users/jamie/Documents/Projects/python/py2app-error/.venv/lib/python3.11/site-packages/wxPython-4.2.1.dist-info
ADD INFO /Users/jamie/Documents/Projects/python/py2app-error/.venv/lib/python3.11/site-packages/wxPython-4.2.1.dist-info
ADD INFO /Users/jamie/Documents/Projects/python/py2app-error/.venv/lib/python3.11/site-packages/wxPython-4.2.1.dist-info
ADD INFO /Users/jamie/Documents/Projects/python/py2app-error/.venv/lib/python3.11/site-packages/wxPython-4.2.1.dist-info
ADD INFO /Users/jamie/Documents/Projects/python/py2app-error/.venv/lib/python3.11/site-packages/wxPython-4.2.1.dist-info
ADD INFO /Users/jamie/Documents/Projects/python/py2app-error/.venv/lib/python3.11/site-packages/wxPython-4.2.1.dist-info
ADD INFO /Users/jamie/Documents/Projects/python/py2app-error/.venv/lib/python3.11/site-packages/wxPython-4.2.1.dist-info
ADD INFO /Users/jamie/Documents/Projects/python/py2app-error/.venv/lib/python3.11/site-packages/wxPython-4.2.1.dist-info
ADD INFO /Users/jamie/Documents/Projects/python/py2app-error/.venv/lib/python3.11/site-packages/wxPython-4.2.1.dist-info
ADD INFO /Users/jamie/Documents/Projects/python/py2app-error/.venv/lib/python3.11/site-packages/wxPython-4.2.1.dist-info
ADD INFO /Users/jamie/Documents/Projects/python/py2app-error/.venv/lib/python3.11/site-packages/wxPython-4.2.1.dist-info
ADD INFO /Users/jamie/Documents/Projects/python/py2app-error/.venv/lib/python3.11/site-packages/wxPython-4.2.1.dist-info
ADD INFO /Users/jamie/Documents/Projects/python/py2app-error/.venv/lib/python3.11/site-packages/wxPython-4.2.1.dist-info
ADD INFO /Users/jamie/Documents/Projects/python/py2app-error/.venv/lib/python3.11/site-packages/wxPython-4.2.1.dist-info
ADD INFO /Users/jamie/Documents/Projects/python/py2app-error/.venv/lib/python3.11/site-packages/wxPython-4.2.1.dist-info
ADD INFO /Users/jamie/Documents/Projects/python/py2app-error/.venv/lib/python3.11/site-packages/wxPython-4.2.1.dist-info
ADD INFO /Users/jamie/Documents/Projects/python/py2app-error/.venv/lib/python3.11/site-packages/wxPython-4.2.1.dist-info
ADD INFO /Users/jamie/Documents/Projects/python/py2app-error/.venv/lib/python3.11/site-packages/wxPython-4.2.1.dist-info
ADD INFO /Users/jamie/Documents/Projects/python/py2app-error/.venv/lib/python3.11/site-packages/wxPython-4.2.1.dist-info
ADD INFO /Users/jamie/Documents/Projects/python/py2app-error/.venv/lib/python3.11/site-packages/wxPython-4.2.1.dist-info
ADD INFO /Users/jamie/Documents/Projects/python/py2app-error/.venv/lib/python3.11/site-packages/wxPython-4.2.1.dist-info
ADD INFO /Users/jamie/Documents/Projects/python/py2app-error/.venv/lib/python3.11/site-packages/wxPython-4.2.1.dist-info
ADD INFO /Users/jamie/Documents/Projects/python/py2app-error/.venv/lib/python3.11/site-packages/wxPython-4.2.1.dist-info
ADD INFO /Users/jamie/Documents/Projects/python/py2app-error/.venv/lib/python3.11/site-packages/wxPython-4.2.1.dist-info
ADD INFO /Users/jamie/Documents/Projects/python/py2app-error/.venv/lib/python3.11/site-packages/wxPython-4.2.1.dist-info
ADD INFO /Users/jamie/Documents/Projects/python/py2app-error/.venv/lib/python3.11/site-packages/wxPython-4.2.1.dist-info
ADD INFO /Users/jamie/Documents/Projects/python/py2app-error/.venv/lib/python3.11/site-packages/wxPython-4.2.1.dist-info
ADD INFO /Users/jamie/Documents/Projects/python/py2app-error/.venv/lib/python3.11/site-packages/wxPython-4.2.1.dist-info
ADD INFO /Users/jamie/Documents/Projects/python/py2app-error/.venv/lib/python3.11/site-packages/wxPython-4.2.1.dist-info
ADD INFO /Users/jamie/Documents/Projects/python/py2app-error/.venv/lib/python3.11/site-packages/wxPython-4.2.1.dist-info
ADD INFO /Users/jamie/Documents/Projects/python/py2app-error/.venv/lib/python3.11/site-packages/wxPython-4.2.1.dist-info
ADD INFO /Users/jamie/Documents/Projects/python/py2app-error/.venv/lib/python3.11/site-packages/wxPython-4.2.1.dist-info
ADD INFO /Users/jamie/Documents/Projects/python/py2app-error/.venv/lib/python3.11/site-packages/wxPython-4.2.1.dist-info
ADD INFO /Users/jamie/Documents/Projects/python/py2app-error/.venv/lib/python3.11/site-packages/wxPython-4.2.1.dist-info
ADD INFO /Users/jamie/Documents/Projects/python/py2app-error/.venv/lib/python3.11/site-packages/wxPython-4.2.1.dist-info
ADD INFO /Users/jamie/Documents/Projects/python/py2app-error/.venv/lib/python3.11/site-packages/wxPython-4.2.1.dist-info
ADD INFO /Users/jamie/Documents/Projects/python/py2app-error/.venv/lib/python3.11/site-packages/wxPython-4.2.1.dist-info
ADD INFO /Users/jamie/Documents/Projects/python/py2app-error/.venv/lib/python3.11/site-packages/wxPython-4.2.1.dist-info
ADD INFO /Users/jamie/Documents/Projects/python/py2app-error/.venv/lib/python3.11/site-packages/wxPython-4.2.1.dist-info
ADD INFO /Users/jamie/Documents/Projects/python/py2app-error/.venv/lib/python3.11/site-packages/wxPython-4.2.1.dist-info
ADD INFO /Users/jamie/Documents/Projects/python/py2app-error/.venv/lib/python3.11/site-packages/wxPython-4.2.1.dist-info
ADD INFO /Users/jamie/Documents/Projects/python/py2app-error/.venv/lib/python3.11/site-packages/wxPython-4.2.1.dist-info
ADD INFO /Users/jamie/Documents/Projects/python/py2app-error/.venv/lib/python3.11/site-packages/wxPython-4.2.1.dist-info
ADD INFO /Users/jamie/Documents/Projects/python/py2app-error/.venv/lib/python3.11/site-packages/wxPython-4.2.1.dist-info
ADD INFO /Users/jamie/Documents/Projects/python/py2app-error/.venv/lib/python3.11/site-packages/wxPython-4.2.1.dist-info
ADD INFO /Users/jamie/Documents/Projects/python/py2app-error/.venv/lib/python3.11/site-packages/wxPython-4.2.1.dist-info
ADD INFO /Users/jamie/Documents/Projects/python/py2app-error/.venv/lib/python3.11/site-packages/wxPython-4.2.1.dist-info
ADD INFO /Users/jamie/Documents/Projects/python/py2app-error/.venv/lib/python3.11/site-packages/wxPython-4.2.1.dist-info
ADD INFO /Users/jamie/Documents/Projects/python/py2app-error/.venv/lib/python3.11/site-packages/wxPython-4.2.1.dist-info
ADD INFO /Users/jamie/Documents/Projects/python/py2app-error/.venv/lib/python3.11/site-packages/wxPython-4.2.1.dist-info
ADD INFO /Users/jamie/Documents/Projects/python/py2app-error/.venv/lib/python3.11/site-packages/wxPython-4.2.1.dist-info
ADD INFO /Users/jamie/Documents/Projects/python/py2app-error/.venv/lib/python3.11/site-packages/wxPython-4.2.1.dist-info
ADD INFO /Users/jamie/Documents/Projects/python/py2app-error/.venv/lib/python3.11/site-packages/wxPython-4.2.1.dist-info
ADD INFO /Users/jamie/Documents/Projects/python/py2app-error/.venv/lib/python3.11/site-packages/wxPython-4.2.1.dist-info
ADD INFO /Users/jamie/Documents/Projects/python/py2app-error/.venv/lib/python3.11/site-packages/wxPython-4.2.1.dist-info
ADD INFO /Users/jamie/Documents/Projects/python/py2app-error/.venv/lib/python3.11/site-packages/wxPython-4.2.1.dist-info
ADD INFO /Users/jamie/Documents/Projects/python/py2app-error/.venv/lib/python3.11/site-packages/wxPython-4.2.1.dist-info
ADD INFO /Users/jamie/Documents/Projects/python/py2app-error/.venv/lib/python3.11/site-packages/wxPython-4.2.1.dist-info
ADD INFO /Users/jamie/Documents/Projects/python/py2app-error/.venv/lib/python3.11/site-packages/wxPython-4.2.1.dist-info
ADD INFO /Users/jamie/Documents/Projects/python/py2app-error/.venv/lib/python3.11/site-packages/wxPython-4.2.1.dist-info
ADD INFO /Users/jamie/Documents/Projects/python/py2app-error/.venv/lib/python3.11/site-packages/wxPython-4.2.1.dist-info
ADD INFO /Users/jamie/Documents/Projects/python/py2app-error/.venv/lib/python3.11/site-packages/wxPython-4.2.1.dist-info
ADD INFO /Users/jamie/Documents/Projects/python/py2app-error/.venv/lib/python3.11/site-packages/wxPython-4.2.1.dist-info
ADD INFO /Users/jamie/Documents/Projects/python/py2app-error/.venv/lib/python3.11/site-packages/wxPython-4.2.1.dist-info
ADD INFO /Users/jamie/Documents/Projects/python/py2app-error/.venv/lib/python3.11/site-packages/wxPython-4.2.1.dist-info
ADD INFO /Users/jamie/Documents/Projects/python/py2app-error/.venv/lib/python3.11/site-packages/wxPython-4.2.1.dist-info
ADD INFO /Users/jamie/Documents/Projects/python/py2app-error/.venv/lib/python3.11/site-packages/wxPython-4.2.1.dist-info
ADD INFO /Users/jamie/Documents/Projects/python/py2app-error/.venv/lib/python3.11/site-packages/wxPython-4.2.1.dist-info
ADD INFO /Users/jamie/Documents/Projects/python/py2app-error/.venv/lib/python3.11/site-packages/wxPython-4.2.1.dist-info
ADD INFO /Users/jamie/Documents/Projects/python/py2app-error/.venv/lib/python3.11/site-packages/wxPython-4.2.1.dist-info
ADD INFO /Users/jamie/Documents/Projects/python/py2app-error/.venv/lib/python3.11/site-packages/wxPython-4.2.1.dist-info
ADD INFO /Users/jamie/Documents/Projects/python/py2app-error/.venv/lib/python3.11/site-packages/wxPython-4.2.1.dist-info
ADD INFO /Users/jamie/Documents/Projects/python/py2app-error/.venv/lib/python3.11/site-packages/wxPython-4.2.1.dist-info
ADD INFO /Users/jamie/Documents/Projects/python/py2app-error/.venv/lib/python3.11/site-packages/wxPython-4.2.1.dist-info
ADD INFO /Users/jamie/Documents/Projects/python/py2app-error/.venv/lib/python3.11/site-packages/wxPython-4.2.1.dist-info
ADD INFO /Users/jamie/Documents/Projects/python/py2app-error/.venv/lib/python3.11/site-packages/wxPython-4.2.1.dist-info
ADD INFO /Users/jamie/Documents/Projects/python/py2app-error/.venv/lib/python3.11/site-packages/wxPython-4.2.1.dist-info
ADD INFO /Users/jamie/Documents/Projects/python/py2app-error/.venv/lib/python3.11/site-packages/wxPython-4.2.1.dist-info
ADD INFO /Users/jamie/Documents/Projects/python/py2app-error/.venv/lib/python3.11/site-packages/wxPython-4.2.1.dist-info
ADD INFO /Users/jamie/Documents/Projects/python/py2app-error/.venv/lib/python3.11/site-packages/wxPython-4.2.1.dist-info
ADD INFO /Users/jamie/Documents/Projects/python/py2app-error/.venv/lib/python3.11/site-packages/wxPython-4.2.1.dist-info
ADD INFO /Users/jamie/Documents/Projects/python/py2app-error/.venv/lib/python3.11/site-packages/wxPython-4.2.1.dist-info
ADD INFO /Users/jamie/Documents/Projects/python/py2app-error/.venv/lib/python3.11/site-packages/wxPython-4.2.1.dist-info
ADD INFO /Users/jamie/Documents/Projects/python/py2app-error/.venv/lib/python3.11/site-packages/wxPython-4.2.1.dist-info
ADD INFO /Users/jamie/Documents/Projects/python/py2app-error/.venv/lib/python3.11/site-packages/wxPython-4.2.1.dist-info
ADD INFO /Users/jamie/Documents/Projects/python/py2app-error/.venv/lib/python3.11/site-packages/wxPython-4.2.1.dist-info
ADD INFO /Users/jamie/Documents/Projects/python/py2app-error/.venv/lib/python3.11/site-packages/wxPython-4.2.1.dist-info
ADD INFO /Users/jamie/Documents/Projects/python/py2app-error/.venv/lib/python3.11/site-packages/wxPython-4.2.1.dist-info
ADD INFO /Users/jamie/Documents/Projects/python/py2app-error/.venv/lib/python3.11/site-packages/wxPython-4.2.1.dist-info
ADD INFO /Users/jamie/Documents/Projects/python/py2app-error/.venv/lib/python3.11/site-packages/wxPython-4.2.1.dist-info
ADD INFO /Users/jamie/Documents/Projects/python/py2app-error/.venv/lib/python3.11/site-packages/wxPython-4.2.1.dist-info
ADD INFO /Users/jamie/Documents/Projects/python/py2app-error/.venv/lib/python3.11/site-packages/wxPython-4.2.1.dist-info
ADD INFO /Users/jamie/Documents/Projects/python/py2app-error/.venv/lib/python3.11/site-packages/wxPython-4.2.1.dist-info
ADD INFO /Users/jamie/Documents/Projects/python/py2app-error/.venv/lib/python3.11/site-packages/wxPython-4.2.1.dist-info
ADD INFO /Users/jamie/Documents/Projects/python/py2app-error/.venv/lib/python3.11/site-packages/wxPython-4.2.1.dist-info
ADD INFO /Users/jamie/Documents/Projects/python/py2app-error/.venv/lib/python3.11/site-packages/wxPython-4.2.1.dist-info
ADD INFO /Users/jamie/Documents/Projects/python/py2app-error/.venv/lib/python3.11/site-packages/wxPython-4.2.1.dist-info
ADD INFO /Users/jamie/Documents/Projects/python/py2app-error/.venv/lib/python3.11/site-packages/wxPython-4.2.1.dist-info
ADD INFO /Users/jamie/Documents/Projects/python/py2app-error/.venv/lib/python3.11/site-packages/wxPython-4.2.1.dist-info
ADD INFO /Users/jamie/Documents/Projects/python/py2app-error/.venv/lib/python3.11/site-packages/wxPython-4.2.1.dist-info
ADD INFO /Users/jamie/Documents/Projects/python/py2app-error/.venv/lib/python3.11/site-packages/wxPython-4.2.1.dist-info
ADD INFO /Users/jamie/Documents/Projects/python/py2app-error/.venv/lib/python3.11/site-packages/wxPython-4.2.1.dist-info
ADD INFO /Users/jamie/Documents/Projects/python/py2app-error/.venv/lib/python3.11/site-packages/wxPython-4.2.1.dist-info
ADD INFO /Users/jamie/Documents/Projects/python/py2app-error/.venv/lib/python3.11/site-packages/wxPython-4.2.1.dist-info
ADD INFO /Users/jamie/Documents/Projects/python/py2app-error/.venv/lib/python3.11/site-packages/wxPython-4.2.1.dist-info
ADD INFO /Users/jamie/Documents/Projects/python/py2app-error/.venv/lib/python3.11/site-packages/wxPython-4.2.1.dist-info
ADD INFO /Users/jamie/Documents/Projects/python/py2app-error/.venv/lib/python3.11/site-packages/wxPython-4.2.1.dist-info
ADD INFO /Users/jamie/Documents/Projects/python/py2app-error/.venv/lib/python3.11/site-packages/wxPython-4.2.1.dist-info
ADD INFO /Users/jamie/Documents/Projects/python/py2app-error/.venv/lib/python3.11/site-packages/wxPython-4.2.1.dist-info
ADD INFO /Users/jamie/Documents/Projects/python/py2app-error/.venv/lib/python3.11/site-packages/wxPython-4.2.1.dist-info
ADD INFO /Users/jamie/Documents/Projects/python/py2app-error/.venv/lib/python3.11/site-packages/wxPython-4.2.1.dist-info
ADD INFO /Users/jamie/Documents/Projects/python/py2app-error/.venv/lib/python3.11/site-packages/wxPython-4.2.1.dist-info
ADD INFO /Users/jamie/Documents/Projects/python/py2app-error/.venv/lib/python3.11/site-packages/wxPython-4.2.1.dist-info
ADD INFO /Users/jamie/Documents/Projects/python/py2app-error/.venv/lib/python3.11/site-packages/wxPython-4.2.1.dist-info
ADD INFO /Users/jamie/Documents/Projects/python/py2app-error/.venv/lib/python3.11/site-packages/wxPython-4.2.1.dist-info
ADD INFO /Users/jamie/Documents/Projects/python/py2app-error/.venv/lib/python3.11/site-packages/wxPython-4.2.1.dist-info
ADD INFO /Users/jamie/Documents/Projects/python/py2app-error/.venv/lib/python3.11/site-packages/wxPython-4.2.1.dist-info
ADD INFO /Users/jamie/Documents/Projects/python/py2app-error/.venv/lib/python3.11/site-packages/wxPython-4.2.1.dist-info
ADD INFO /Users/jamie/Documents/Projects/python/py2app-error/.venv/lib/python3.11/site-packages/wxPython-4.2.1.dist-info
ADD INFO /Users/jamie/Documents/Projects/python/py2app-error/.venv/lib/python3.11/site-packages/wxPython-4.2.1.dist-info
ADD INFO /Users/jamie/Documents/Projects/python/py2app-error/.venv/lib/python3.11/site-packages/wxPython-4.2.1.dist-info
ADD INFO /Users/jamie/Documents/Projects/python/py2app-error/.venv/lib/python3.11/site-packages/wxPython-4.2.1.dist-info
ADD INFO /Users/jamie/Documents/Projects/python/py2app-error/.venv/lib/python3.11/site-packages/wxPython-4.2.1.dist-info
ADD INFO /Users/jamie/Documents/Projects/python/py2app-error/.venv/lib/python3.11/site-packages/wxPython-4.2.1.dist-info
ADD INFO /Users/jamie/Documents/Projects/python/py2app-error/.venv/lib/python3.11/site-packages/wxPython-4.2.1.dist-info
ADD INFO /Users/jamie/Documents/Projects/python/py2app-error/.venv/lib/python3.11/site-packages/wxPython-4.2.1.dist-info
ADD INFO /Users/jamie/Documents/Projects/python/py2app-error/.venv/lib/python3.11/site-packages/wxPython-4.2.1.dist-info
ADD INFO /Users/jamie/Documents/Projects/python/py2app-error/.venv/lib/python3.11/site-packages/wxPython-4.2.1.dist-info
ADD INFO /Users/jamie/Documents/Projects/python/py2app-error/.venv/lib/python3.11/site-packages/wxPython-4.2.1.dist-info
ADD INFO /Users/jamie/Documents/Projects/python/py2app-error/.venv/lib/python3.11/site-packages/wxPython-4.2.1.dist-info
ADD INFO /Users/jamie/Documents/Projects/python/py2app-error/.venv/lib/python3.11/site-packages/wxPython-4.2.1.dist-info
ADD INFO /Users/jamie/Documents/Projects/python/py2app-error/.venv/lib/python3.11/site-packages/wxPython-4.2.1.dist-info
ADD INFO /Users/jamie/Documents/Projects/python/py2app-error/.venv/lib/python3.11/site-packages/wxPython-4.2.1.dist-info
ADD INFO /Users/jamie/Documents/Projects/python/py2app-error/.venv/lib/python3.11/site-packages/wxPython-4.2.1.dist-info
ADD INFO /Users/jamie/Documents/Projects/python/py2app-error/.venv/lib/python3.11/site-packages/wxPython-4.2.1.dist-info
ADD INFO /Users/jamie/Documents/Projects/python/py2app-error/.venv/lib/python3.11/site-packages/wxPython-4.2.1.dist-info
ADD INFO /Users/jamie/Documents/Projects/python/py2app-error/.venv/lib/python3.11/site-packages/wxPython-4.2.1.dist-info
ADD INFO /Users/jamie/Documents/Projects/python/py2app-error/.venv/lib/python3.11/site-packages/wxPython-4.2.1.dist-info
ADD INFO /Users/jamie/Documents/Projects/python/py2app-error/.venv/lib/python3.11/site-packages/wxPython-4.2.1.dist-info
ADD INFO /Users/jamie/Documents/Projects/python/py2app-error/.venv/lib/python3.11/site-packages/wxPython-4.2.1.dist-info
ADD INFO /Users/jamie/Documents/Projects/python/py2app-error/.venv/lib/python3.11/site-packages/wxPython-4.2.1.dist-info
ADD INFO /Users/jamie/Documents/Projects/python/py2app-error/.venv/lib/python3.11/site-packages/wxPython-4.2.1.dist-info
ADD INFO /Users/jamie/Documents/Projects/python/py2app-error/.venv/lib/python3.11/site-packages/wxPython-4.2.1.dist-info
ADD INFO /Users/jamie/Documents/Projects/python/py2app-error/.venv/lib/python3.11/site-packages/wxPython-4.2.1.dist-info
ADD INFO /Users/jamie/Documents/Projects/python/py2app-error/.venv/lib/python3.11/site-packages/wxPython-4.2.1.dist-info
ADD INFO /Users/jamie/Documents/Projects/python/py2app-error/.venv/lib/python3.11/site-packages/wxPython-4.2.1.dist-info
ADD INFO /Users/jamie/Documents/Projects/python/py2app-error/.venv/lib/python3.11/site-packages/wxPython-4.2.1.dist-info
ADD INFO /Users/jamie/Documents/Projects/python/py2app-error/.venv/lib/python3.11/site-packages/wxPython-4.2.1.dist-info
ADD INFO /Users/jamie/Documents/Projects/python/py2app-error/.venv/lib/python3.11/site-packages/wxPython-4.2.1.dist-info
ADD INFO /Users/jamie/Documents/Projects/python/py2app-error/.venv/lib/python3.11/site-packages/wxPython-4.2.1.dist-info
ADD INFO /Users/jamie/Documents/Projects/python/py2app-error/.venv/lib/python3.11/site-packages/wxPython-4.2.1.dist-info
ADD INFO /Users/jamie/Documents/Projects/python/py2app-error/.venv/lib/python3.11/site-packages/wxPython-4.2.1.dist-info
ADD INFO /Users/jamie/Documents/Projects/python/py2app-error/.venv/lib/python3.11/site-packages/wxPython-4.2.1.dist-info
ADD INFO /Users/jamie/Documents/Projects/python/py2app-error/.venv/lib/python3.11/site-packages/wxPython-4.2.1.dist-info
ADD INFO /Users/jamie/Documents/Projects/python/py2app-error/.venv/lib/python3.11/site-packages/wxPython-4.2.1.dist-info
ADD INFO /Users/jamie/Documents/Projects/python/py2app-error/.venv/lib/python3.11/site-packages/wxPython-4.2.1.dist-info
ADD INFO /Users/jamie/Documents/Projects/python/py2app-error/.venv/lib/python3.11/site-packages/wxPython-4.2.1.dist-info
ADD INFO /Users/jamie/Documents/Projects/python/py2app-error/.venv/lib/python3.11/site-packages/wxPython-4.2.1.dist-info
ADD INFO /Users/jamie/Documents/Projects/python/py2app-error/.venv/lib/python3.11/site-packages/wxPython-4.2.1.dist-info
ADD INFO /Users/jamie/Documents/Projects/python/py2app-error/.venv/lib/python3.11/site-packages/wxPython-4.2.1.dist-info
ADD INFO /Users/jamie/Documents/Projects/python/py2app-error/.venv/lib/python3.11/site-packages/wxPython-4.2.1.dist-info
ADD INFO /Users/jamie/Documents/Projects/python/py2app-error/.venv/lib/python3.11/site-packages/wxPython-4.2.1.dist-info
ADD INFO /Users/jamie/Documents/Projects/python/py2app-error/.venv/lib/python3.11/site-packages/wxPython-4.2.1.dist-info
ADD INFO /Users/jamie/Documents/Projects/python/py2app-error/.venv/lib/python3.11/site-packages/wxPython-4.2.1.dist-info
ADD INFO /Users/jamie/Documents/Projects/python/py2app-error/.venv/lib/python3.11/site-packages/wxPython-4.2.1.dist-info
ADD INFO /Users/jamie/Documents/Projects/python/py2app-error/.venv/lib/python3.11/site-packages/wxPython-4.2.1.dist-info
ADD INFO /Users/jamie/Documents/Projects/python/py2app-error/.venv/lib/python3.11/site-packages/wxPython-4.2.1.dist-info
ADD INFO /Users/jamie/Documents/Projects/python/py2app-error/.venv/lib/python3.11/site-packages/wxPython-4.2.1.dist-info
ADD INFO /Users/jamie/Documents/Projects/python/py2app-error/.venv/lib/python3.11/site-packages/wxPython-4.2.1.dist-info
ADD INFO /Users/jamie/Documents/Projects/python/py2app-error/.venv/lib/python3.11/site-packages/wxPython-4.2.1.dist-info
ADD INFO /Users/jamie/Documents/Projects/python/py2app-error/.venv/lib/python3.11/site-packages/wxPython-4.2.1.dist-info
ADD INFO /Users/jamie/Documents/Projects/python/py2app-error/.venv/lib/python3.11/site-packages/wxPython-4.2.1.dist-info
ADD INFO /Users/jamie/Documents/Projects/python/py2app-error/.venv/lib/python3.11/site-packages/wxPython-4.2.1.dist-info
ADD INFO /Users/jamie/Documents/Projects/python/py2app-error/.venv/lib/python3.11/site-packages/wxPython-4.2.1.dist-info
ADD INFO /Users/jamie/Documents/Projects/python/py2app-error/.venv/lib/python3.11/site-packages/wxPython-4.2.1.dist-info
ADD INFO /Users/jamie/Documents/Projects/python/py2app-error/.venv/lib/python3.11/site-packages/wxPython-4.2.1.dist-info
ADD INFO /Users/jamie/Documents/Projects/python/py2app-error/.venv/lib/python3.11/site-packages/wxPython-4.2.1.dist-info
ADD INFO /Users/jamie/Documents/Projects/python/py2app-error/.venv/lib/python3.11/site-packages/wxPython-4.2.1.dist-info
ADD INFO /Users/jamie/Documents/Projects/python/py2app-error/.venv/lib/python3.11/site-packages/wxPython-4.2.1.dist-info
ADD INFO /Users/jamie/Documents/Projects/python/py2app-error/.venv/lib/python3.11/site-packages/wxPython-4.2.1.dist-info
ADD INFO /Users/jamie/Documents/Projects/python/py2app-error/.venv/lib/python3.11/site-packages/wxPython-4.2.1.dist-info
ADD INFO /Users/jamie/Documents/Projects/python/py2app-error/.venv/lib/python3.11/site-packages/wxPython-4.2.1.dist-info
ADD INFO /Users/jamie/Documents/Projects/python/py2app-error/.venv/lib/python3.11/site-packages/wxPython-4.2.1.dist-info
ADD INFO /Users/jamie/Documents/Projects/python/py2app-error/.venv/lib/python3.11/site-packages/wxPython-4.2.1.dist-info
ADD INFO /Users/jamie/Documents/Projects/python/py2app-error/.venv/lib/python3.11/site-packages/wxPython-4.2.1.dist-info
ADD INFO /Users/jamie/Documents/Projects/python/py2app-error/.venv/lib/python3.11/site-packages/wxPython-4.2.1.dist-info
ADD INFO /Users/jamie/Documents/Projects/python/py2app-error/.venv/lib/python3.11/site-packages/wxPython-4.2.1.dist-info
ADD INFO /Users/jamie/Documents/Projects/python/py2app-error/.venv/lib/python3.11/site-packages/wxPython-4.2.1.dist-info
ADD INFO /Users/jamie/Documents/Projects/python/py2app-error/.venv/lib/python3.11/site-packages/wxPython-4.2.1.dist-info
ADD INFO /Users/jamie/Documents/Projects/python/py2app-error/.venv/lib/python3.11/site-packages/wxPython-4.2.1.dist-info
ADD INFO /Users/jamie/Documents/Projects/python/py2app-error/.venv/lib/python3.11/site-packages/wxPython-4.2.1.dist-info
ADD INFO /Users/jamie/Documents/Projects/python/py2app-error/.venv/lib/python3.11/site-packages/wxPython-4.2.1.dist-info
ADD INFO /Users/jamie/Documents/Projects/python/py2app-error/.venv/lib/python3.11/site-packages/wxPython-4.2.1.dist-info
ADD INFO /Users/jamie/Documents/Projects/python/py2app-error/.venv/lib/python3.11/site-packages/wxPython-4.2.1.dist-info
ADD INFO /Users/jamie/Documents/Projects/python/py2app-error/.venv/lib/python3.11/site-packages/wxPython-4.2.1.dist-info
ADD INFO /Users/jamie/Documents/Projects/python/py2app-error/.venv/lib/python3.11/site-packages/wxPython-4.2.1.dist-info
ADD INFO /Users/jamie/Documents/Projects/python/py2app-error/.venv/lib/python3.11/site-packages/wxPython-4.2.1.dist-info
ADD INFO /Users/jamie/Documents/Projects/python/py2app-error/.venv/lib/python3.11/site-packages/wxPython-4.2.1.dist-info
ADD INFO /Users/jamie/Documents/Projects/python/py2app-error/.venv/lib/python3.11/site-packages/wxPython-4.2.1.dist-info
ADD INFO /Users/jamie/Documents/Projects/python/py2app-error/.venv/lib/python3.11/site-packages/wxPython-4.2.1.dist-info
ADD INFO /Users/jamie/Documents/Projects/python/py2app-error/.venv/lib/python3.11/site-packages/wxPython-4.2.1.dist-info
ADD INFO /Users/jamie/Documents/Projects/python/py2app-error/.venv/lib/python3.11/site-packages/wxPython-4.2.1.dist-info
ADD INFO /Users/jamie/Documents/Projects/python/py2app-error/.venv/lib/python3.11/site-packages/wxPython-4.2.1.dist-info
ADD INFO /Users/jamie/Documents/Projects/python/py2app-error/.venv/lib/python3.11/site-packages/wxPython-4.2.1.dist-info
ADD INFO /Users/jamie/Documents/Projects/python/py2app-error/.venv/lib/python3.11/site-packages/wxPython-4.2.1.dist-info
ADD INFO /Users/jamie/Documents/Projects/python/py2app-error/.venv/lib/python3.11/site-packages/wxPython-4.2.1.dist-info
ADD INFO /Users/jamie/Documents/Projects/python/py2app-error/.venv/lib/python3.11/site-packages/wxPython-4.2.1.dist-info
ADD INFO /Users/jamie/Documents/Projects/python/py2app-error/.venv/lib/python3.11/site-packages/wxPython-4.2.1.dist-info
ADD INFO /Users/jamie/Documents/Projects/python/py2app-error/.venv/lib/python3.11/site-packages/wxPython-4.2.1.dist-info
ADD INFO /Users/jamie/Documents/Projects/python/py2app-error/.venv/lib/python3.11/site-packages/wxPython-4.2.1.dist-info
ADD INFO /Users/jamie/Documents/Projects/python/py2app-error/.venv/lib/python3.11/site-packages/wxPython-4.2.1.dist-info
ADD INFO /Users/jamie/Documents/Projects/python/py2app-error/.venv/lib/python3.11/site-packages/wxPython-4.2.1.dist-info
ADD INFO /Users/jamie/Documents/Projects/python/py2app-error/.venv/lib/python3.11/site-packages/wxPython-4.2.1.dist-info
ADD INFO /Users/jamie/Documents/Projects/python/py2app-error/.venv/lib/python3.11/site-packages/wxPython-4.2.1.dist-info
ADD INFO /Users/jamie/Documents/Projects/python/py2app-error/.venv/lib/python3.11/site-packages/wxPython-4.2.1.dist-info
ADD INFO /Users/jamie/Documents/Projects/python/py2app-error/.venv/lib/python3.11/site-packages/wxPython-4.2.1.dist-info
ADD INFO /Users/jamie/Documents/Projects/python/py2app-error/.venv/lib/python3.11/site-packages/wxPython-4.2.1.dist-info
ADD INFO /Users/jamie/Documents/Projects/python/py2app-error/.venv/lib/python3.11/site-packages/wxPython-4.2.1.dist-info
ADD INFO /Users/jamie/Documents/Projects/python/py2app-error/.venv/lib/python3.11/site-packages/wxPython-4.2.1.dist-info
ADD INFO /Users/jamie/Documents/Projects/python/py2app-error/.venv/lib/python3.11/site-packages/wxPython-4.2.1.dist-info
ADD INFO /Users/jamie/Documents/Projects/python/py2app-error/.venv/lib/python3.11/site-packages/wxPython-4.2.1.dist-info
ADD INFO /Users/jamie/Documents/Projects/python/py2app-error/.venv/lib/python3.11/site-packages/wxPython-4.2.1.dist-info
ADD INFO /Users/jamie/Documents/Projects/python/py2app-error/.venv/lib/python3.11/site-packages/wxPython-4.2.1.dist-info
ADD INFO /Users/jamie/Documents/Projects/python/py2app-error/.venv/lib/python3.11/site-packages/wxPython-4.2.1.dist-info
ADD INFO /Users/jamie/Documents/Projects/python/py2app-error/.venv/lib/python3.11/site-packages/wxPython-4.2.1.dist-info
ADD INFO /Users/jamie/Documents/Projects/python/py2app-error/.venv/lib/python3.11/site-packages/wxPython-4.2.1.dist-info
ADD INFO /Users/jamie/Documents/Projects/python/py2app-error/.venv/lib/python3.11/site-packages/wxPython-4.2.1.dist-info
ADD INFO /Users/jamie/Documents/Projects/python/py2app-error/.venv/lib/python3.11/site-packages/wxPython-4.2.1.dist-info
ADD INFO /Users/jamie/Documents/Projects/python/py2app-error/.venv/lib/python3.11/site-packages/wxPython-4.2.1.dist-info
ADD INFO /Users/jamie/Documents/Projects/python/py2app-error/.venv/lib/python3.11/site-packages/wxPython-4.2.1.dist-info
ADD INFO /Users/jamie/Documents/Projects/python/py2app-error/.venv/lib/python3.11/site-packages/wxPython-4.2.1.dist-info
ADD INFO /Users/jamie/Documents/Projects/python/py2app-error/.venv/lib/python3.11/site-packages/wxPython-4.2.1.dist-info
ADD INFO /Users/jamie/Documents/Projects/python/py2app-error/.venv/lib/python3.11/site-packages/wxPython-4.2.1.dist-info
ADD INFO /Users/jamie/Documents/Projects/python/py2app-error/.venv/lib/python3.11/site-packages/wxPython-4.2.1.dist-info
ADD INFO /Users/jamie/Documents/Projects/python/py2app-error/.venv/lib/python3.11/site-packages/wxPython-4.2.1.dist-info
ADD INFO /Users/jamie/Documents/Projects/python/py2app-error/.venv/lib/python3.11/site-packages/wxPython-4.2.1.dist-info
ADD INFO /Users/jamie/Documents/Projects/python/py2app-error/.venv/lib/python3.11/site-packages/wxPython-4.2.1.dist-info
ADD INFO /Users/jamie/Documents/Projects/python/py2app-error/.venv/lib/python3.11/site-packages/wxPython-4.2.1.dist-info
ADD INFO /Users/jamie/Documents/Projects/python/py2app-error/.venv/lib/python3.11/site-packages/wxPython-4.2.1.dist-info
ADD INFO /Users/jamie/Documents/Projects/python/py2app-error/.venv/lib/python3.11/site-packages/wxPython-4.2.1.dist-info
ADD INFO /Users/jamie/Documents/Projects/python/py2app-error/.venv/lib/python3.11/site-packages/pillow-10.4.0.dist-info
ADD INFO /Users/jamie/Documents/Projects/python/py2app-error/.venv/lib/python3.11/site-packages/pillow-10.4.0.dist-info
ADD INFO /Users/jamie/Documents/Projects/python/py2app-error/.venv/lib/python3.11/site-packages/pillow-10.4.0.dist-info
ADD INFO /Users/jamie/Documents/Projects/python/py2app-error/.venv/lib/python3.11/site-packages/numpy-2.0.1.dist-info
ADD INFO /Users/jamie/Documents/Projects/python/py2app-error/.venv/lib/python3.11/site-packages/numpy-2.0.1.dist-info
ADD INFO /Users/jamie/Documents/Projects/python/py2app-error/.venv/lib/python3.11/site-packages/numpy-2.0.1.dist-info
ADD INFO /Users/jamie/Documents/Projects/python/py2app-error/.venv/lib/python3.11/site-packages/numpy-2.0.1.dist-info
ADD INFO /Users/jamie/Documents/Projects/python/py2app-error/.venv/lib/python3.11/site-packages/numpy-2.0.1.dist-info
ADD INFO /Users/jamie/Documents/Projects/python/py2app-error/.venv/lib/python3.11/site-packages/numpy-2.0.1.dist-info
ADD INFO /Users/jamie/Documents/Projects/python/py2app-error/.venv/lib/python3.11/site-packages/numpy-2.0.1.dist-info
ADD INFO /Users/jamie/Documents/Projects/python/py2app-error/.venv/lib/python3.11/site-packages/numpy-2.0.1.dist-info
ADD INFO /Users/jamie/Documents/Projects/python/py2app-error/.venv/lib/python3.11/site-packages/numpy-2.0.1.dist-info
ADD INFO /Users/jamie/Documents/Projects/python/py2app-error/.venv/lib/python3.11/site-packages/numpy-2.0.1.dist-info
ADD INFO /Users/jamie/Documents/Projects/python/py2app-error/.venv/lib/python3.11/site-packages/numpy-2.0.1.dist-info
ADD INFO /Users/jamie/Documents/Projects/python/py2app-error/.venv/lib/python3.11/site-packages/numpy-2.0.1.dist-info
ADD INFO /Users/jamie/Documents/Projects/python/py2app-error/.venv/lib/python3.11/site-packages/numpy-2.0.1.dist-info
ADD INFO /Users/jamie/Documents/Projects/python/py2app-error/.venv/lib/python3.11/site-packages/numpy-2.0.1.dist-info
ADD INFO /Users/jamie/Documents/Projects/python/py2app-error/.venv/lib/python3.11/site-packages/numpy-2.0.1.dist-info
ADD INFO /Users/jamie/Documents/Projects/python/py2app-error/.venv/lib/python3.11/site-packages/numpy-2.0.1.dist-info
ADD INFO /Users/jamie/Documents/Projects/python/py2app-error/.venv/lib/python3.11/site-packages/numpy-2.0.1.dist-info
ADD INFO /Users/jamie/Documents/Projects/python/py2app-error/.venv/lib/python3.11/site-packages/numpy-2.0.1.dist-info
ADD INFO /Users/jamie/Documents/Projects/python/py2app-error/.venv/lib/python3.11/site-packages/numpy-2.0.1.dist-info
ADD INFO /Users/jamie/Documents/Projects/python/py2app-error/.venv/lib/python3.11/site-packages/wxPython-4.2.1.dist-info
ADD INFO /Users/jamie/Documents/Projects/python/py2app-error/.venv/lib/python3.11/site-packages/wxPython-4.2.1.dist-info
ADD INFO /Users/jamie/Documents/Projects/python/py2app-error/.venv/lib/python3.11/site-packages/wxPython-4.2.1.dist-info
ADD INFO /Users/jamie/Documents/Projects/python/py2app-error/.venv/lib/python3.11/site-packages/wxPython-4.2.1.dist-info
ADD INFO /Users/jamie/Documents/Projects/python/py2app-error/.venv/lib/python3.11/site-packages/wxPython-4.2.1.dist-info
ADD INFO /Users/jamie/Documents/Projects/python/py2app-error/.venv/lib/python3.11/site-packages/wxPython-4.2.1.dist-info
ADD INFO /Users/jamie/Documents/Projects/python/py2app-error/.venv/lib/python3.11/site-packages/wxPython-4.2.1.dist-info
ADD INFO /Users/jamie/Documents/Projects/python/py2app-error/.venv/lib/python3.11/site-packages/wxPython-4.2.1.dist-info
ADD INFO /Users/jamie/Documents/Projects/python/py2app-error/.venv/lib/python3.11/site-packages/wxPython-4.2.1.dist-info
ADD INFO /Users/jamie/Documents/Projects/python/py2app-error/.venv/lib/python3.11/site-packages/wxPython-4.2.1.dist-info
ADD INFO /Users/jamie/Documents/Projects/python/py2app-error/.venv/lib/python3.11/site-packages/wxPython-4.2.1.dist-info
ADD INFO /Users/jamie/Documents/Projects/python/py2app-error/.venv/lib/python3.11/site-packages/wxPython-4.2.1.dist-info
ADD INFO /Users/jamie/Documents/Projects/python/py2app-error/.venv/lib/python3.11/site-packages/wxPython-4.2.1.dist-info
ADD INFO /Users/jamie/Documents/Projects/python/py2app-error/.venv/lib/python3.11/site-packages/wxPython-4.2.1.dist-info
ADD INFO /Users/jamie/Documents/Projects/python/py2app-error/.venv/lib/python3.11/site-packages/wxPython-4.2.1.dist-info
ADD INFO /Users/jamie/Documents/Projects/python/py2app-error/.venv/lib/python3.11/site-packages/wxPython-4.2.1.dist-info
ADD INFO /Users/jamie/Documents/Projects/python/py2app-error/.venv/lib/python3.11/site-packages/wxPython-4.2.1.dist-info
creating /Users/jamie/Documents/Projects/python/py2app-error/build/bdist.macosx-14.0-arm64/python3.11-standalone/app/temp/PIL
creating python loader for extension 'PIL._imaging'
creating python loader for extension 'PIL._imagingcms'
creating python loader for extension 'PIL._imagingmath'
*** byte compile python files ***
byte-compiling /Users/jamie/Documents/Projects/python/py2app-error/.eggs/macholib-1.16.3-py3.11.egg/macholib/MachO.py to macholib/MachO.pyc
creating /Users/jamie/Documents/Projects/python/py2app-error/build/bdist.macosx-14.0-arm64/python3.11-standalone/app/collect/macholib
byte-compiling /Users/jamie/Documents/Projects/python/py2app-error/.eggs/macholib-1.16.3-py3.11.egg/macholib/__init__.py to macholib/__init__.pyc
byte-compiling /Users/jamie/Documents/Projects/python/py2app-error/.eggs/macholib-1.16.3-py3.11.egg/macholib/mach_o.py to macholib/mach_o.pyc
byte-compiling /Users/jamie/Documents/Projects/python/py2app-error/.eggs/macholib-1.16.3-py3.11.egg/macholib/ptypes.py to macholib/ptypes.pyc
byte-compiling /Users/jamie/Documents/Projects/python/py2app-error/.eggs/macholib-1.16.3-py3.11.egg/macholib/util.py to macholib/util.pyc
byte-compiling /Users/jamie/Documents/Projects/python/py2app-error/.eggs/packaging-24.1-py3.11.egg/packaging/__init__.py to packaging/__init__.pyc
creating /Users/jamie/Documents/Projects/python/py2app-error/build/bdist.macosx-14.0-arm64/python3.11-standalone/app/collect/packaging
byte-compiling /Users/jamie/Documents/Projects/python/py2app-error/.eggs/packaging-24.1-py3.11.egg/packaging/_elffile.py to packaging/_elffile.pyc
byte-compiling /Users/jamie/Documents/Projects/python/py2app-error/.eggs/packaging-24.1-py3.11.egg/packaging/_manylinux.py to packaging/_manylinux.pyc
byte-compiling /Users/jamie/Documents/Projects/python/py2app-error/.eggs/packaging-24.1-py3.11.egg/packaging/_musllinux.py to packaging/_musllinux.pyc
byte-compiling /Users/jamie/Documents/Projects/python/py2app-error/.eggs/packaging-24.1-py3.11.egg/packaging/_parser.py to packaging/_parser.pyc
byte-compiling /Users/jamie/Documents/Projects/python/py2app-error/.eggs/packaging-24.1-py3.11.egg/packaging/_structures.py to packaging/_structures.pyc
byte-compiling /Users/jamie/Documents/Projects/python/py2app-error/.eggs/packaging-24.1-py3.11.egg/packaging/_tokenizer.py to packaging/_tokenizer.pyc
byte-compiling /Users/jamie/Documents/Projects/python/py2app-error/.eggs/packaging-24.1-py3.11.egg/packaging/markers.py to packaging/markers.pyc
byte-compiling /Users/jamie/Documents/Projects/python/py2app-error/.eggs/packaging-24.1-py3.11.egg/packaging/requirements.py to packaging/requirements.pyc
byte-compiling /Users/jamie/Documents/Projects/python/py2app-error/.eggs/packaging-24.1-py3.11.egg/packaging/specifiers.py to packaging/specifiers.pyc
byte-compiling /Users/jamie/Documents/Projects/python/py2app-error/.eggs/packaging-24.1-py3.11.egg/packaging/tags.py to packaging/tags.pyc
byte-compiling /Users/jamie/Documents/Projects/python/py2app-error/.eggs/packaging-24.1-py3.11.egg/packaging/utils.py to packaging/utils.pyc
byte-compiling /Users/jamie/Documents/Projects/python/py2app-error/.eggs/packaging-24.1-py3.11.egg/packaging/version.py to packaging/version.pyc
byte-compiling /Users/jamie/Documents/Projects/python/py2app-error/.venv/lib/python3.11/site-packages/PIL/BmpImagePlugin.py to PIL/BmpImagePlugin.pyc
creating /Users/jamie/Documents/Projects/python/py2app-error/build/bdist.macosx-14.0-arm64/python3.11-standalone/app/collect/PIL
byte-compiling /Users/jamie/Documents/Projects/python/py2app-error/.venv/lib/python3.11/site-packages/PIL/ExifTags.py to PIL/ExifTags.pyc
byte-compiling /Users/jamie/Documents/Projects/python/py2app-error/.venv/lib/python3.11/site-packages/PIL/GifImagePlugin.py to PIL/GifImagePlugin.pyc
byte-compiling /Users/jamie/Documents/Projects/python/py2app-error/.venv/lib/python3.11/site-packages/PIL/GimpGradientFile.py to PIL/GimpGradientFile.pyc
byte-compiling /Users/jamie/Documents/Projects/python/py2app-error/.venv/lib/python3.11/site-packages/PIL/GimpPaletteFile.py to PIL/GimpPaletteFile.pyc
byte-compiling /Users/jamie/Documents/Projects/python/py2app-error/.venv/lib/python3.11/site-packages/PIL/Image.py to PIL/Image.pyc
byte-compiling /Users/jamie/Documents/Projects/python/py2app-error/.venv/lib/python3.11/site-packages/PIL/ImageChops.py to PIL/ImageChops.pyc
byte-compiling /Users/jamie/Documents/Projects/python/py2app-error/.venv/lib/python3.11/site-packages/PIL/ImageCms.py to PIL/ImageCms.pyc
byte-compiling /Users/jamie/Documents/Projects/python/py2app-error/.venv/lib/python3.11/site-packages/PIL/ImageColor.py to PIL/ImageColor.pyc
byte-compiling /Users/jamie/Documents/Projects/python/py2app-error/.venv/lib/python3.11/site-packages/PIL/ImageEnhance.py to PIL/ImageEnhance.pyc
byte-compiling /Users/jamie/Documents/Projects/python/py2app-error/.venv/lib/python3.11/site-packages/PIL/ImageFile.py to PIL/ImageFile.pyc
byte-compiling /Users/jamie/Documents/Projects/python/py2app-error/.venv/lib/python3.11/site-packages/PIL/ImageFilter.py to PIL/ImageFilter.pyc
byte-compiling /Users/jamie/Documents/Projects/python/py2app-error/.venv/lib/python3.11/site-packages/PIL/ImageMath.py to PIL/ImageMath.pyc
byte-compiling /Users/jamie/Documents/Projects/python/py2app-error/.venv/lib/python3.11/site-packages/PIL/ImageMode.py to PIL/ImageMode.pyc
byte-compiling /Users/jamie/Documents/Projects/python/py2app-error/.venv/lib/python3.11/site-packages/PIL/ImageOps.py to PIL/ImageOps.pyc
byte-compiling /Users/jamie/Documents/Projects/python/py2app-error/.venv/lib/python3.11/site-packages/PIL/ImagePalette.py to PIL/ImagePalette.pyc
byte-compiling /Users/jamie/Documents/Projects/python/py2app-error/.venv/lib/python3.11/site-packages/PIL/ImageQt.py to PIL/ImageQt.pyc
byte-compiling /Users/jamie/Documents/Projects/python/py2app-error/.venv/lib/python3.11/site-packages/PIL/ImageSequence.py to PIL/ImageSequence.pyc
byte-compiling /Users/jamie/Documents/Projects/python/py2app-error/.venv/lib/python3.11/site-packages/PIL/ImageShow.py to PIL/ImageShow.pyc
byte-compiling /Users/jamie/Documents/Projects/python/py2app-error/.venv/lib/python3.11/site-packages/PIL/ImageStat.py to PIL/ImageStat.pyc
byte-compiling /Users/jamie/Documents/Projects/python/py2app-error/.venv/lib/python3.11/site-packages/PIL/ImageWin.py to PIL/ImageWin.pyc
byte-compiling /Users/jamie/Documents/Projects/python/py2app-error/.venv/lib/python3.11/site-packages/PIL/JpegImagePlugin.py to PIL/JpegImagePlugin.pyc
byte-compiling /Users/jamie/Documents/Projects/python/py2app-error/.venv/lib/python3.11/site-packages/PIL/JpegPresets.py to PIL/JpegPresets.pyc
byte-compiling /Users/jamie/Documents/Projects/python/py2app-error/.venv/lib/python3.11/site-packages/PIL/MpoImagePlugin.py to PIL/MpoImagePlugin.pyc
byte-compiling /Users/jamie/Documents/Projects/python/py2app-error/.venv/lib/python3.11/site-packages/PIL/PaletteFile.py to PIL/PaletteFile.pyc
byte-compiling /Users/jamie/Documents/Projects/python/py2app-error/.venv/lib/python3.11/site-packages/PIL/PngImagePlugin.py to PIL/PngImagePlugin.pyc
byte-compiling /Users/jamie/Documents/Projects/python/py2app-error/.venv/lib/python3.11/site-packages/PIL/PpmImagePlugin.py to PIL/PpmImagePlugin.pyc
byte-compiling /Users/jamie/Documents/Projects/python/py2app-error/.venv/lib/python3.11/site-packages/PIL/PyAccess.py to PIL/PyAccess.pyc
byte-compiling /Users/jamie/Documents/Projects/python/py2app-error/.venv/lib/python3.11/site-packages/PIL/TiffImagePlugin.py to PIL/TiffImagePlugin.pyc
byte-compiling /Users/jamie/Documents/Projects/python/py2app-error/.venv/lib/python3.11/site-packages/PIL/TiffTags.py to PIL/TiffTags.pyc
byte-compiling /Users/jamie/Documents/Projects/python/py2app-error/.venv/lib/python3.11/site-packages/PIL/__init__.py to PIL/__init__.pyc
byte-compiling /Users/jamie/Documents/Projects/python/py2app-error/.venv/lib/python3.11/site-packages/PIL/_binary.py to PIL/_binary.pyc
byte-compiling /Users/jamie/Documents/Projects/python/py2app-error/.venv/lib/python3.11/site-packages/PIL/_deprecate.py to PIL/_deprecate.pyc
byte-compiling /Users/jamie/Documents/Projects/python/py2app-error/.venv/lib/python3.11/site-packages/PIL/_typing.py to PIL/_typing.pyc
byte-compiling /Users/jamie/Documents/Projects/python/py2app-error/.venv/lib/python3.11/site-packages/PIL/_util.py to PIL/_util.pyc
byte-compiling /Users/jamie/Documents/Projects/python/py2app-error/.venv/lib/python3.11/site-packages/PIL/_version.py to PIL/_version.pyc
byte-compiling /Users/jamie/Documents/Projects/python/py2app-error/.venv/lib/python3.11/site-packages/_distutils_hack/__init__.py to _distutils_hack/__init__.pyc
creating /Users/jamie/Documents/Projects/python/py2app-error/build/bdist.macosx-14.0-arm64/python3.11-standalone/app/collect/_distutils_hack
byte-compiling /Users/jamie/Documents/Projects/python/py2app-error/.venv/lib/python3.11/site-packages/_distutils_hack/override.py to _distutils_hack/override.pyc
byte-compiling /Users/jamie/Documents/Projects/python/py2app-error/.venv/lib/python3.11/site-packages/pip/__init__.py to pip/__init__.pyc
creating /Users/jamie/Documents/Projects/python/py2app-error/build/bdist.macosx-14.0-arm64/python3.11-standalone/app/collect/pip
byte-compiling /Users/jamie/Documents/Projects/python/py2app-error/.venv/lib/python3.11/site-packages/pip/_internal/__init__.py to pip/_internal/__init__.pyc
creating /Users/jamie/Documents/Projects/python/py2app-error/build/bdist.macosx-14.0-arm64/python3.11-standalone/app/collect/pip/_internal
byte-compiling /Users/jamie/Documents/Projects/python/py2app-error/.venv/lib/python3.11/site-packages/pip/_internal/build_env.py to pip/_internal/build_env.pyc
byte-compiling /Users/jamie/Documents/Projects/python/py2app-error/.venv/lib/python3.11/site-packages/pip/_internal/cli/__init__.py to pip/_internal/cli/__init__.pyc
creating /Users/jamie/Documents/Projects/python/py2app-error/build/bdist.macosx-14.0-arm64/python3.11-standalone/app/collect/pip/_internal/cli
byte-compiling /Users/jamie/Documents/Projects/python/py2app-error/.venv/lib/python3.11/site-packages/pip/_internal/cli/autocompletion.py to pip/_internal/cli/autocompletion.pyc
byte-compiling /Users/jamie/Documents/Projects/python/py2app-error/.venv/lib/python3.11/site-packages/pip/_internal/cli/base_command.py to pip/_internal/cli/base_command.pyc
byte-compiling /Users/jamie/Documents/Projects/python/py2app-error/.venv/lib/python3.11/site-packages/pip/_internal/cli/cmdoptions.py to pip/_internal/cli/cmdoptions.pyc
byte-compiling /Users/jamie/Documents/Projects/python/py2app-error/.venv/lib/python3.11/site-packages/pip/_internal/cli/command_context.py to pip/_internal/cli/command_context.pyc
byte-compiling /Users/jamie/Documents/Projects/python/py2app-error/.venv/lib/python3.11/site-packages/pip/_internal/cli/main.py to pip/_internal/cli/main.pyc
byte-compiling /Users/jamie/Documents/Projects/python/py2app-error/.venv/lib/python3.11/site-packages/pip/_internal/cli/main_parser.py to pip/_internal/cli/main_parser.pyc
byte-compiling /Users/jamie/Documents/Projects/python/py2app-error/.venv/lib/python3.11/site-packages/pip/_internal/cli/parser.py to pip/_internal/cli/parser.pyc
byte-compiling /Users/jamie/Documents/Projects/python/py2app-error/.venv/lib/python3.11/site-packages/pip/_internal/cli/spinners.py to pip/_internal/cli/spinners.pyc
byte-compiling /Users/jamie/Documents/Projects/python/py2app-error/.venv/lib/python3.11/site-packages/pip/_internal/cli/status_codes.py to pip/_internal/cli/status_codes.pyc
byte-compiling /Users/jamie/Documents/Projects/python/py2app-error/.venv/lib/python3.11/site-packages/pip/_internal/commands/__init__.py to pip/_internal/commands/__init__.pyc
creating /Users/jamie/Documents/Projects/python/py2app-error/build/bdist.macosx-14.0-arm64/python3.11-standalone/app/collect/pip/_internal/commands
byte-compiling /Users/jamie/Documents/Projects/python/py2app-error/.venv/lib/python3.11/site-packages/pip/_internal/configuration.py to pip/_internal/configuration.pyc
byte-compiling /Users/jamie/Documents/Projects/python/py2app-error/.venv/lib/python3.11/site-packages/pip/_internal/exceptions.py to pip/_internal/exceptions.pyc
byte-compiling /Users/jamie/Documents/Projects/python/py2app-error/.venv/lib/python3.11/site-packages/pip/_internal/index/__init__.py to pip/_internal/index/__init__.pyc
creating /Users/jamie/Documents/Projects/python/py2app-error/build/bdist.macosx-14.0-arm64/python3.11-standalone/app/collect/pip/_internal/index
byte-compiling /Users/jamie/Documents/Projects/python/py2app-error/.venv/lib/python3.11/site-packages/pip/_internal/index/collector.py to pip/_internal/index/collector.pyc
byte-compiling /Users/jamie/Documents/Projects/python/py2app-error/.venv/lib/python3.11/site-packages/pip/_internal/index/package_finder.py to pip/_internal/index/package_finder.pyc
byte-compiling /Users/jamie/Documents/Projects/python/py2app-error/.venv/lib/python3.11/site-packages/pip/_internal/index/sources.py to pip/_internal/index/sources.pyc
byte-compiling /Users/jamie/Documents/Projects/python/py2app-error/.venv/lib/python3.11/site-packages/pip/_internal/locations/__init__.py to pip/_internal/locations/__init__.pyc
creating /Users/jamie/Documents/Projects/python/py2app-error/build/bdist.macosx-14.0-arm64/python3.11-standalone/app/collect/pip/_internal/locations
byte-compiling /Users/jamie/Documents/Projects/python/py2app-error/.venv/lib/python3.11/site-packages/pip/_internal/locations/_distutils.py to pip/_internal/locations/_distutils.pyc
byte-compiling /Users/jamie/Documents/Projects/python/py2app-error/.venv/lib/python3.11/site-packages/pip/_internal/locations/_sysconfig.py to pip/_internal/locations/_sysconfig.pyc
byte-compiling /Users/jamie/Documents/Projects/python/py2app-error/.venv/lib/python3.11/site-packages/pip/_internal/locations/base.py to pip/_internal/locations/base.pyc
byte-compiling /Users/jamie/Documents/Projects/python/py2app-error/.venv/lib/python3.11/site-packages/pip/_internal/metadata/__init__.py to pip/_internal/metadata/__init__.pyc
creating /Users/jamie/Documents/Projects/python/py2app-error/build/bdist.macosx-14.0-arm64/python3.11-standalone/app/collect/pip/_internal/metadata
byte-compiling /Users/jamie/Documents/Projects/python/py2app-error/.venv/lib/python3.11/site-packages/pip/_internal/metadata/_json.py to pip/_internal/metadata/_json.pyc
byte-compiling /Users/jamie/Documents/Projects/python/py2app-error/.venv/lib/python3.11/site-packages/pip/_internal/metadata/base.py to pip/_internal/metadata/base.pyc
byte-compiling /Users/jamie/Documents/Projects/python/py2app-error/.venv/lib/python3.11/site-packages/pip/_internal/metadata/importlib/__init__.py to pip/_internal/metadata/importlib/__init__.pyc
creating /Users/jamie/Documents/Projects/python/py2app-error/build/bdist.macosx-14.0-arm64/python3.11-standalone/app/collect/pip/_internal/metadata/importlib
byte-compiling /Users/jamie/Documents/Projects/python/py2app-error/.venv/lib/python3.11/site-packages/pip/_internal/metadata/importlib/_compat.py to pip/_internal/metadata/importlib/_compat.pyc
byte-compiling /Users/jamie/Documents/Projects/python/py2app-error/.venv/lib/python3.11/site-packages/pip/_internal/metadata/importlib/_dists.py to pip/_internal/metadata/importlib/_dists.pyc
byte-compiling /Users/jamie/Documents/Projects/python/py2app-error/.venv/lib/python3.11/site-packages/pip/_internal/metadata/importlib/_envs.py to pip/_internal/metadata/importlib/_envs.pyc
byte-compiling /Users/jamie/Documents/Projects/python/py2app-error/.venv/lib/python3.11/site-packages/pip/_internal/metadata/pkg_resources.py to pip/_internal/metadata/pkg_resources.pyc
byte-compiling /Users/jamie/Documents/Projects/python/py2app-error/.venv/lib/python3.11/site-packages/pip/_internal/models/__init__.py to pip/_internal/models/__init__.pyc
creating /Users/jamie/Documents/Projects/python/py2app-error/build/bdist.macosx-14.0-arm64/python3.11-standalone/app/collect/pip/_internal/models
byte-compiling /Users/jamie/Documents/Projects/python/py2app-error/.venv/lib/python3.11/site-packages/pip/_internal/models/candidate.py to pip/_internal/models/candidate.pyc
byte-compiling /Users/jamie/Documents/Projects/python/py2app-error/.venv/lib/python3.11/site-packages/pip/_internal/models/direct_url.py to pip/_internal/models/direct_url.pyc
byte-compiling /Users/jamie/Documents/Projects/python/py2app-error/.venv/lib/python3.11/site-packages/pip/_internal/models/format_control.py to pip/_internal/models/format_control.pyc
byte-compiling /Users/jamie/Documents/Projects/python/py2app-error/.venv/lib/python3.11/site-packages/pip/_internal/models/index.py to pip/_internal/models/index.pyc
byte-compiling /Users/jamie/Documents/Projects/python/py2app-error/.venv/lib/python3.11/site-packages/pip/_internal/models/link.py to pip/_internal/models/link.pyc
byte-compiling /Users/jamie/Documents/Projects/python/py2app-error/.venv/lib/python3.11/site-packages/pip/_internal/models/scheme.py to pip/_internal/models/scheme.pyc
byte-compiling /Users/jamie/Documents/Projects/python/py2app-error/.venv/lib/python3.11/site-packages/pip/_internal/models/search_scope.py to pip/_internal/models/search_scope.pyc
byte-compiling /Users/jamie/Documents/Projects/python/py2app-error/.venv/lib/python3.11/site-packages/pip/_internal/models/selection_prefs.py to pip/_internal/models/selection_prefs.pyc
byte-compiling /Users/jamie/Documents/Projects/python/py2app-error/.venv/lib/python3.11/site-packages/pip/_internal/models/target_python.py to pip/_internal/models/target_python.pyc
byte-compiling /Users/jamie/Documents/Projects/python/py2app-error/.venv/lib/python3.11/site-packages/pip/_internal/models/wheel.py to pip/_internal/models/wheel.pyc
byte-compiling /Users/jamie/Documents/Projects/python/py2app-error/.venv/lib/python3.11/site-packages/pip/_internal/network/__init__.py to pip/_internal/network/__init__.pyc
creating /Users/jamie/Documents/Projects/python/py2app-error/build/bdist.macosx-14.0-arm64/python3.11-standalone/app/collect/pip/_internal/network
byte-compiling /Users/jamie/Documents/Projects/python/py2app-error/.venv/lib/python3.11/site-packages/pip/_internal/network/auth.py to pip/_internal/network/auth.pyc
byte-compiling /Users/jamie/Documents/Projects/python/py2app-error/.venv/lib/python3.11/site-packages/pip/_internal/network/cache.py to pip/_internal/network/cache.pyc
byte-compiling /Users/jamie/Documents/Projects/python/py2app-error/.venv/lib/python3.11/site-packages/pip/_internal/network/session.py to pip/_internal/network/session.pyc
byte-compiling /Users/jamie/Documents/Projects/python/py2app-error/.venv/lib/python3.11/site-packages/pip/_internal/network/utils.py to pip/_internal/network/utils.pyc
byte-compiling /Users/jamie/Documents/Projects/python/py2app-error/.venv/lib/python3.11/site-packages/pip/_internal/operations/__init__.py to pip/_internal/operations/__init__.pyc
creating /Users/jamie/Documents/Projects/python/py2app-error/build/bdist.macosx-14.0-arm64/python3.11-standalone/app/collect/pip/_internal/operations
byte-compiling /Users/jamie/Documents/Projects/python/py2app-error/.venv/lib/python3.11/site-packages/pip/_internal/operations/build/__init__.py to pip/_internal/operations/build/__init__.pyc
creating /Users/jamie/Documents/Projects/python/py2app-error/build/bdist.macosx-14.0-arm64/python3.11-standalone/app/collect/pip/_internal/operations/build
byte-compiling /Users/jamie/Documents/Projects/python/py2app-error/.venv/lib/python3.11/site-packages/pip/_internal/operations/build/metadata.py to pip/_internal/operations/build/metadata.pyc
byte-compiling /Users/jamie/Documents/Projects/python/py2app-error/.venv/lib/python3.11/site-packages/pip/_internal/operations/build/metadata_editable.py to pip/_internal/operations/build/metadata_editable.pyc
byte-compiling /Users/jamie/Documents/Projects/python/py2app-error/.venv/lib/python3.11/site-packages/pip/_internal/operations/build/metadata_legacy.py to pip/_internal/operations/build/metadata_legacy.pyc
byte-compiling /Users/jamie/Documents/Projects/python/py2app-error/.venv/lib/python3.11/site-packages/pip/_internal/operations/install/__init__.py to pip/_internal/operations/install/__init__.pyc
creating /Users/jamie/Documents/Projects/python/py2app-error/build/bdist.macosx-14.0-arm64/python3.11-standalone/app/collect/pip/_internal/operations/install
byte-compiling /Users/jamie/Documents/Projects/python/py2app-error/.venv/lib/python3.11/site-packages/pip/_internal/operations/install/editable_legacy.py to pip/_internal/operations/install/editable_legacy.pyc
byte-compiling /Users/jamie/Documents/Projects/python/py2app-error/.venv/lib/python3.11/site-packages/pip/_internal/operations/install/wheel.py to pip/_internal/operations/install/wheel.pyc
byte-compiling /Users/jamie/Documents/Projects/python/py2app-error/.venv/lib/python3.11/site-packages/pip/_internal/pyproject.py to pip/_internal/pyproject.pyc
byte-compiling /Users/jamie/Documents/Projects/python/py2app-error/.venv/lib/python3.11/site-packages/pip/_internal/req/__init__.py to pip/_internal/req/__init__.pyc
creating /Users/jamie/Documents/Projects/python/py2app-error/build/bdist.macosx-14.0-arm64/python3.11-standalone/app/collect/pip/_internal/req
byte-compiling /Users/jamie/Documents/Projects/python/py2app-error/.venv/lib/python3.11/site-packages/pip/_internal/req/req_file.py to pip/_internal/req/req_file.pyc
byte-compiling /Users/jamie/Documents/Projects/python/py2app-error/.venv/lib/python3.11/site-packages/pip/_internal/req/req_install.py to pip/_internal/req/req_install.pyc
byte-compiling /Users/jamie/Documents/Projects/python/py2app-error/.venv/lib/python3.11/site-packages/pip/_internal/req/req_set.py to pip/_internal/req/req_set.pyc
byte-compiling /Users/jamie/Documents/Projects/python/py2app-error/.venv/lib/python3.11/site-packages/pip/_internal/req/req_uninstall.py to pip/_internal/req/req_uninstall.pyc
byte-compiling /Users/jamie/Documents/Projects/python/py2app-error/.venv/lib/python3.11/site-packages/pip/_internal/utils/__init__.py to pip/_internal/utils/__init__.pyc
creating /Users/jamie/Documents/Projects/python/py2app-error/build/bdist.macosx-14.0-arm64/python3.11-standalone/app/collect/pip/_internal/utils
byte-compiling /Users/jamie/Documents/Projects/python/py2app-error/.venv/lib/python3.11/site-packages/pip/_internal/utils/_jaraco_text.py to pip/_internal/utils/_jaraco_text.pyc
byte-compiling /Users/jamie/Documents/Projects/python/py2app-error/.venv/lib/python3.11/site-packages/pip/_internal/utils/_log.py to pip/_internal/utils/_log.pyc
byte-compiling /Users/jamie/Documents/Projects/python/py2app-error/.venv/lib/python3.11/site-packages/pip/_internal/utils/appdirs.py to pip/_internal/utils/appdirs.pyc
byte-compiling /Users/jamie/Documents/Projects/python/py2app-error/.venv/lib/python3.11/site-packages/pip/_internal/utils/compat.py to pip/_internal/utils/compat.pyc
byte-compiling /Users/jamie/Documents/Projects/python/py2app-error/.venv/lib/python3.11/site-packages/pip/_internal/utils/compatibility_tags.py to pip/_internal/utils/compatibility_tags.pyc
byte-compiling /Users/jamie/Documents/Projects/python/py2app-error/.venv/lib/python3.11/site-packages/pip/_internal/utils/deprecation.py to pip/_internal/utils/deprecation.pyc
byte-compiling /Users/jamie/Documents/Projects/python/py2app-error/.venv/lib/python3.11/site-packages/pip/_internal/utils/egg_link.py to pip/_internal/utils/egg_link.pyc
byte-compiling /Users/jamie/Documents/Projects/python/py2app-error/.venv/lib/python3.11/site-packages/pip/_internal/utils/encoding.py to pip/_internal/utils/encoding.pyc
byte-compiling /Users/jamie/Documents/Projects/python/py2app-error/.venv/lib/python3.11/site-packages/pip/_internal/utils/entrypoints.py to pip/_internal/utils/entrypoints.pyc
byte-compiling /Users/jamie/Documents/Projects/python/py2app-error/.venv/lib/python3.11/site-packages/pip/_internal/utils/filesystem.py to pip/_internal/utils/filesystem.pyc
byte-compiling /Users/jamie/Documents/Projects/python/py2app-error/.venv/lib/python3.11/site-packages/pip/_internal/utils/filetypes.py to pip/_internal/utils/filetypes.pyc
byte-compiling /Users/jamie/Documents/Projects/python/py2app-error/.venv/lib/python3.11/site-packages/pip/_internal/utils/glibc.py to pip/_internal/utils/glibc.pyc
byte-compiling /Users/jamie/Documents/Projects/python/py2app-error/.venv/lib/python3.11/site-packages/pip/_internal/utils/hashes.py to pip/_internal/utils/hashes.pyc
byte-compiling /Users/jamie/Documents/Projects/python/py2app-error/.venv/lib/python3.11/site-packages/pip/_internal/utils/logging.py to pip/_internal/utils/logging.pyc
byte-compiling /Users/jamie/Documents/Projects/python/py2app-error/.venv/lib/python3.11/site-packages/pip/_internal/utils/misc.py to pip/_internal/utils/misc.pyc
byte-compiling /Users/jamie/Documents/Projects/python/py2app-error/.venv/lib/python3.11/site-packages/pip/_internal/utils/models.py to pip/_internal/utils/models.pyc
byte-compiling /Users/jamie/Documents/Projects/python/py2app-error/.venv/lib/python3.11/site-packages/pip/_internal/utils/packaging.py to pip/_internal/utils/packaging.pyc
byte-compiling /Users/jamie/Documents/Projects/python/py2app-error/.venv/lib/python3.11/site-packages/pip/_internal/utils/setuptools_build.py to pip/_internal/utils/setuptools_build.pyc
byte-compiling /Users/jamie/Documents/Projects/python/py2app-error/.venv/lib/python3.11/site-packages/pip/_internal/utils/subprocess.py to pip/_internal/utils/subprocess.pyc
byte-compiling /Users/jamie/Documents/Projects/python/py2app-error/.venv/lib/python3.11/site-packages/pip/_internal/utils/temp_dir.py to pip/_internal/utils/temp_dir.pyc
byte-compiling /Users/jamie/Documents/Projects/python/py2app-error/.venv/lib/python3.11/site-packages/pip/_internal/utils/unpacking.py to pip/_internal/utils/unpacking.pyc
byte-compiling /Users/jamie/Documents/Projects/python/py2app-error/.venv/lib/python3.11/site-packages/pip/_internal/utils/urls.py to pip/_internal/utils/urls.pyc
byte-compiling /Users/jamie/Documents/Projects/python/py2app-error/.venv/lib/python3.11/site-packages/pip/_internal/utils/virtualenv.py to pip/_internal/utils/virtualenv.pyc
byte-compiling /Users/jamie/Documents/Projects/python/py2app-error/.venv/lib/python3.11/site-packages/pip/_internal/utils/wheel.py to pip/_internal/utils/wheel.pyc
byte-compiling /Users/jamie/Documents/Projects/python/py2app-error/.venv/lib/python3.11/site-packages/pip/_internal/vcs/__init__.py to pip/_internal/vcs/__init__.pyc
creating /Users/jamie/Documents/Projects/python/py2app-error/build/bdist.macosx-14.0-arm64/python3.11-standalone/app/collect/pip/_internal/vcs
byte-compiling /Users/jamie/Documents/Projects/python/py2app-error/.venv/lib/python3.11/site-packages/pip/_internal/vcs/bazaar.py to pip/_internal/vcs/bazaar.pyc
byte-compiling /Users/jamie/Documents/Projects/python/py2app-error/.venv/lib/python3.11/site-packages/pip/_internal/vcs/git.py to pip/_internal/vcs/git.pyc
byte-compiling /Users/jamie/Documents/Projects/python/py2app-error/.venv/lib/python3.11/site-packages/pip/_internal/vcs/mercurial.py to pip/_internal/vcs/mercurial.pyc
byte-compiling /Users/jamie/Documents/Projects/python/py2app-error/.venv/lib/python3.11/site-packages/pip/_internal/vcs/subversion.py to pip/_internal/vcs/subversion.pyc
byte-compiling /Users/jamie/Documents/Projects/python/py2app-error/.venv/lib/python3.11/site-packages/pip/_internal/vcs/versioncontrol.py to pip/_internal/vcs/versioncontrol.pyc
byte-compiling /Users/jamie/Documents/Projects/python/py2app-error/.venv/lib/python3.11/site-packages/pip/_vendor/__init__.py to pip/_vendor/__init__.pyc
creating /Users/jamie/Documents/Projects/python/py2app-error/build/bdist.macosx-14.0-arm64/python3.11-standalone/app/collect/pip/_vendor
byte-compiling /Users/jamie/Documents/Projects/python/py2app-error/.venv/lib/python3.11/site-packages/pip/_vendor/cachecontrol/__init__.py to pip/_vendor/cachecontrol/__init__.pyc
creating /Users/jamie/Documents/Projects/python/py2app-error/build/bdist.macosx-14.0-arm64/python3.11-standalone/app/collect/pip/_vendor/cachecontrol
byte-compiling /Users/jamie/Documents/Projects/python/py2app-error/.venv/lib/python3.11/site-packages/pip/_vendor/cachecontrol/adapter.py to pip/_vendor/cachecontrol/adapter.pyc
byte-compiling /Users/jamie/Documents/Projects/python/py2app-error/.venv/lib/python3.11/site-packages/pip/_vendor/cachecontrol/cache.py to pip/_vendor/cachecontrol/cache.pyc
byte-compiling /Users/jamie/Documents/Projects/python/py2app-error/.venv/lib/python3.11/site-packages/pip/_vendor/cachecontrol/caches/__init__.py to pip/_vendor/cachecontrol/caches/__init__.pyc
creating /Users/jamie/Documents/Projects/python/py2app-error/build/bdist.macosx-14.0-arm64/python3.11-standalone/app/collect/pip/_vendor/cachecontrol/caches
byte-compiling /Users/jamie/Documents/Projects/python/py2app-error/.venv/lib/python3.11/site-packages/pip/_vendor/cachecontrol/caches/file_cache.py to pip/_vendor/cachecontrol/caches/file_cache.pyc
byte-compiling /Users/jamie/Documents/Projects/python/py2app-error/.venv/lib/python3.11/site-packages/pip/_vendor/cachecontrol/caches/redis_cache.py to pip/_vendor/cachecontrol/caches/redis_cache.pyc
byte-compiling /Users/jamie/Documents/Projects/python/py2app-error/.venv/lib/python3.11/site-packages/pip/_vendor/cachecontrol/controller.py to pip/_vendor/cachecontrol/controller.pyc
byte-compiling /Users/jamie/Documents/Projects/python/py2app-error/.venv/lib/python3.11/site-packages/pip/_vendor/cachecontrol/filewrapper.py to pip/_vendor/cachecontrol/filewrapper.pyc
byte-compiling /Users/jamie/Documents/Projects/python/py2app-error/.venv/lib/python3.11/site-packages/pip/_vendor/cachecontrol/heuristics.py to pip/_vendor/cachecontrol/heuristics.pyc
byte-compiling /Users/jamie/Documents/Projects/python/py2app-error/.venv/lib/python3.11/site-packages/pip/_vendor/cachecontrol/serialize.py to pip/_vendor/cachecontrol/serialize.pyc
byte-compiling /Users/jamie/Documents/Projects/python/py2app-error/.venv/lib/python3.11/site-packages/pip/_vendor/cachecontrol/wrapper.py to pip/_vendor/cachecontrol/wrapper.pyc
byte-compiling /Users/jamie/Documents/Projects/python/py2app-error/.venv/lib/python3.11/site-packages/pip/_vendor/certifi/__init__.py to pip/_vendor/certifi/__init__.pyc
creating /Users/jamie/Documents/Projects/python/py2app-error/build/bdist.macosx-14.0-arm64/python3.11-standalone/app/collect/pip/_vendor/certifi
byte-compiling /Users/jamie/Documents/Projects/python/py2app-error/.venv/lib/python3.11/site-packages/pip/_vendor/certifi/core.py to pip/_vendor/certifi/core.pyc
byte-compiling /Users/jamie/Documents/Projects/python/py2app-error/.venv/lib/python3.11/site-packages/pip/_vendor/chardet/__init__.py to pip/_vendor/chardet/__init__.pyc
creating /Users/jamie/Documents/Projects/python/py2app-error/build/bdist.macosx-14.0-arm64/python3.11-standalone/app/collect/pip/_vendor/chardet
byte-compiling /Users/jamie/Documents/Projects/python/py2app-error/.venv/lib/python3.11/site-packages/pip/_vendor/chardet/big5freq.py to pip/_vendor/chardet/big5freq.pyc
byte-compiling /Users/jamie/Documents/Projects/python/py2app-error/.venv/lib/python3.11/site-packages/pip/_vendor/chardet/big5prober.py to pip/_vendor/chardet/big5prober.pyc
byte-compiling /Users/jamie/Documents/Projects/python/py2app-error/.venv/lib/python3.11/site-packages/pip/_vendor/chardet/chardistribution.py to pip/_vendor/chardet/chardistribution.pyc
byte-compiling /Users/jamie/Documents/Projects/python/py2app-error/.venv/lib/python3.11/site-packages/pip/_vendor/chardet/charsetgroupprober.py to pip/_vendor/chardet/charsetgroupprober.pyc
byte-compiling /Users/jamie/Documents/Projects/python/py2app-error/.venv/lib/python3.11/site-packages/pip/_vendor/chardet/charsetprober.py to pip/_vendor/chardet/charsetprober.pyc
byte-compiling /Users/jamie/Documents/Projects/python/py2app-error/.venv/lib/python3.11/site-packages/pip/_vendor/chardet/codingstatemachine.py to pip/_vendor/chardet/codingstatemachine.pyc
byte-compiling /Users/jamie/Documents/Projects/python/py2app-error/.venv/lib/python3.11/site-packages/pip/_vendor/chardet/codingstatemachinedict.py to pip/_vendor/chardet/codingstatemachinedict.pyc
byte-compiling /Users/jamie/Documents/Projects/python/py2app-error/.venv/lib/python3.11/site-packages/pip/_vendor/chardet/cp949prober.py to pip/_vendor/chardet/cp949prober.pyc
byte-compiling /Users/jamie/Documents/Projects/python/py2app-error/.venv/lib/python3.11/site-packages/pip/_vendor/chardet/enums.py to pip/_vendor/chardet/enums.pyc
byte-compiling /Users/jamie/Documents/Projects/python/py2app-error/.venv/lib/python3.11/site-packages/pip/_vendor/chardet/escprober.py to pip/_vendor/chardet/escprober.pyc
byte-compiling /Users/jamie/Documents/Projects/python/py2app-error/.venv/lib/python3.11/site-packages/pip/_vendor/chardet/escsm.py to pip/_vendor/chardet/escsm.pyc
byte-compiling /Users/jamie/Documents/Projects/python/py2app-error/.venv/lib/python3.11/site-packages/pip/_vendor/chardet/eucjpprober.py to pip/_vendor/chardet/eucjpprober.pyc
byte-compiling /Users/jamie/Documents/Projects/python/py2app-error/.venv/lib/python3.11/site-packages/pip/_vendor/chardet/euckrfreq.py to pip/_vendor/chardet/euckrfreq.pyc
byte-compiling /Users/jamie/Documents/Projects/python/py2app-error/.venv/lib/python3.11/site-packages/pip/_vendor/chardet/euckrprober.py to pip/_vendor/chardet/euckrprober.pyc
byte-compiling /Users/jamie/Documents/Projects/python/py2app-error/.venv/lib/python3.11/site-packages/pip/_vendor/chardet/euctwfreq.py to pip/_vendor/chardet/euctwfreq.pyc
byte-compiling /Users/jamie/Documents/Projects/python/py2app-error/.venv/lib/python3.11/site-packages/pip/_vendor/chardet/euctwprober.py to pip/_vendor/chardet/euctwprober.pyc
byte-compiling /Users/jamie/Documents/Projects/python/py2app-error/.venv/lib/python3.11/site-packages/pip/_vendor/chardet/gb2312freq.py to pip/_vendor/chardet/gb2312freq.pyc
byte-compiling /Users/jamie/Documents/Projects/python/py2app-error/.venv/lib/python3.11/site-packages/pip/_vendor/chardet/gb2312prober.py to pip/_vendor/chardet/gb2312prober.pyc
byte-compiling /Users/jamie/Documents/Projects/python/py2app-error/.venv/lib/python3.11/site-packages/pip/_vendor/chardet/hebrewprober.py to pip/_vendor/chardet/hebrewprober.pyc
byte-compiling /Users/jamie/Documents/Projects/python/py2app-error/.venv/lib/python3.11/site-packages/pip/_vendor/chardet/jisfreq.py to pip/_vendor/chardet/jisfreq.pyc
byte-compiling /Users/jamie/Documents/Projects/python/py2app-error/.venv/lib/python3.11/site-packages/pip/_vendor/chardet/johabfreq.py to pip/_vendor/chardet/johabfreq.pyc
byte-compiling /Users/jamie/Documents/Projects/python/py2app-error/.venv/lib/python3.11/site-packages/pip/_vendor/chardet/johabprober.py to pip/_vendor/chardet/johabprober.pyc
byte-compiling /Users/jamie/Documents/Projects/python/py2app-error/.venv/lib/python3.11/site-packages/pip/_vendor/chardet/jpcntx.py to pip/_vendor/chardet/jpcntx.pyc
byte-compiling /Users/jamie/Documents/Projects/python/py2app-error/.venv/lib/python3.11/site-packages/pip/_vendor/chardet/langbulgarianmodel.py to pip/_vendor/chardet/langbulgarianmodel.pyc
byte-compiling /Users/jamie/Documents/Projects/python/py2app-error/.venv/lib/python3.11/site-packages/pip/_vendor/chardet/langgreekmodel.py to pip/_vendor/chardet/langgreekmodel.pyc
byte-compiling /Users/jamie/Documents/Projects/python/py2app-error/.venv/lib/python3.11/site-packages/pip/_vendor/chardet/langhebrewmodel.py to pip/_vendor/chardet/langhebrewmodel.pyc
byte-compiling /Users/jamie/Documents/Projects/python/py2app-error/.venv/lib/python3.11/site-packages/pip/_vendor/chardet/langrussianmodel.py to pip/_vendor/chardet/langrussianmodel.pyc
byte-compiling /Users/jamie/Documents/Projects/python/py2app-error/.venv/lib/python3.11/site-packages/pip/_vendor/chardet/langthaimodel.py to pip/_vendor/chardet/langthaimodel.pyc
byte-compiling /Users/jamie/Documents/Projects/python/py2app-error/.venv/lib/python3.11/site-packages/pip/_vendor/chardet/langturkishmodel.py to pip/_vendor/chardet/langturkishmodel.pyc
byte-compiling /Users/jamie/Documents/Projects/python/py2app-error/.venv/lib/python3.11/site-packages/pip/_vendor/chardet/latin1prober.py to pip/_vendor/chardet/latin1prober.pyc
byte-compiling /Users/jamie/Documents/Projects/python/py2app-error/.venv/lib/python3.11/site-packages/pip/_vendor/chardet/macromanprober.py to pip/_vendor/chardet/macromanprober.pyc
byte-compiling /Users/jamie/Documents/Projects/python/py2app-error/.venv/lib/python3.11/site-packages/pip/_vendor/chardet/mbcharsetprober.py to pip/_vendor/chardet/mbcharsetprober.pyc
byte-compiling /Users/jamie/Documents/Projects/python/py2app-error/.venv/lib/python3.11/site-packages/pip/_vendor/chardet/mbcsgroupprober.py to pip/_vendor/chardet/mbcsgroupprober.pyc
byte-compiling /Users/jamie/Documents/Projects/python/py2app-error/.venv/lib/python3.11/site-packages/pip/_vendor/chardet/mbcssm.py to pip/_vendor/chardet/mbcssm.pyc
byte-compiling /Users/jamie/Documents/Projects/python/py2app-error/.venv/lib/python3.11/site-packages/pip/_vendor/chardet/resultdict.py to pip/_vendor/chardet/resultdict.pyc
byte-compiling /Users/jamie/Documents/Projects/python/py2app-error/.venv/lib/python3.11/site-packages/pip/_vendor/chardet/sbcharsetprober.py to pip/_vendor/chardet/sbcharsetprober.pyc
byte-compiling /Users/jamie/Documents/Projects/python/py2app-error/.venv/lib/python3.11/site-packages/pip/_vendor/chardet/sbcsgroupprober.py to pip/_vendor/chardet/sbcsgroupprober.pyc
byte-compiling /Users/jamie/Documents/Projects/python/py2app-error/.venv/lib/python3.11/site-packages/pip/_vendor/chardet/sjisprober.py to pip/_vendor/chardet/sjisprober.pyc
byte-compiling /Users/jamie/Documents/Projects/python/py2app-error/.venv/lib/python3.11/site-packages/pip/_vendor/chardet/universaldetector.py to pip/_vendor/chardet/universaldetector.pyc
byte-compiling /Users/jamie/Documents/Projects/python/py2app-error/.venv/lib/python3.11/site-packages/pip/_vendor/chardet/utf1632prober.py to pip/_vendor/chardet/utf1632prober.pyc
byte-compiling /Users/jamie/Documents/Projects/python/py2app-error/.venv/lib/python3.11/site-packages/pip/_vendor/chardet/utf8prober.py to pip/_vendor/chardet/utf8prober.pyc
byte-compiling /Users/jamie/Documents/Projects/python/py2app-error/.venv/lib/python3.11/site-packages/pip/_vendor/chardet/version.py to pip/_vendor/chardet/version.pyc
byte-compiling /Users/jamie/Documents/Projects/python/py2app-error/.venv/lib/python3.11/site-packages/pip/_vendor/distlib/__init__.py to pip/_vendor/distlib/__init__.pyc
creating /Users/jamie/Documents/Projects/python/py2app-error/build/bdist.macosx-14.0-arm64/python3.11-standalone/app/collect/pip/_vendor/distlib
byte-compiling /Users/jamie/Documents/Projects/python/py2app-error/.venv/lib/python3.11/site-packages/pip/_vendor/distlib/compat.py to pip/_vendor/distlib/compat.pyc
byte-compiling /Users/jamie/Documents/Projects/python/py2app-error/.venv/lib/python3.11/site-packages/pip/_vendor/distlib/resources.py to pip/_vendor/distlib/resources.pyc
byte-compiling /Users/jamie/Documents/Projects/python/py2app-error/.venv/lib/python3.11/site-packages/pip/_vendor/distlib/scripts.py to pip/_vendor/distlib/scripts.pyc
byte-compiling /Users/jamie/Documents/Projects/python/py2app-error/.venv/lib/python3.11/site-packages/pip/_vendor/distlib/util.py to pip/_vendor/distlib/util.pyc
byte-compiling /Users/jamie/Documents/Projects/python/py2app-error/.venv/lib/python3.11/site-packages/pip/_vendor/distro/__init__.py to pip/_vendor/distro/__init__.pyc
creating /Users/jamie/Documents/Projects/python/py2app-error/build/bdist.macosx-14.0-arm64/python3.11-standalone/app/collect/pip/_vendor/distro
byte-compiling /Users/jamie/Documents/Projects/python/py2app-error/.venv/lib/python3.11/site-packages/pip/_vendor/distro/distro.py to pip/_vendor/distro/distro.pyc
byte-compiling /Users/jamie/Documents/Projects/python/py2app-error/.venv/lib/python3.11/site-packages/pip/_vendor/idna/__init__.py to pip/_vendor/idna/__init__.pyc
creating /Users/jamie/Documents/Projects/python/py2app-error/build/bdist.macosx-14.0-arm64/python3.11-standalone/app/collect/pip/_vendor/idna
byte-compiling /Users/jamie/Documents/Projects/python/py2app-error/.venv/lib/python3.11/site-packages/pip/_vendor/idna/core.py to pip/_vendor/idna/core.pyc
byte-compiling /Users/jamie/Documents/Projects/python/py2app-error/.venv/lib/python3.11/site-packages/pip/_vendor/idna/idnadata.py to pip/_vendor/idna/idnadata.pyc
byte-compiling /Users/jamie/Documents/Projects/python/py2app-error/.venv/lib/python3.11/site-packages/pip/_vendor/idna/intranges.py to pip/_vendor/idna/intranges.pyc
byte-compiling /Users/jamie/Documents/Projects/python/py2app-error/.venv/lib/python3.11/site-packages/pip/_vendor/idna/package_data.py to pip/_vendor/idna/package_data.pyc
byte-compiling /Users/jamie/Documents/Projects/python/py2app-error/.venv/lib/python3.11/site-packages/pip/_vendor/idna/uts46data.py to pip/_vendor/idna/uts46data.pyc
byte-compiling /Users/jamie/Documents/Projects/python/py2app-error/.venv/lib/python3.11/site-packages/pip/_vendor/msgpack/__init__.py to pip/_vendor/msgpack/__init__.pyc
creating /Users/jamie/Documents/Projects/python/py2app-error/build/bdist.macosx-14.0-arm64/python3.11-standalone/app/collect/pip/_vendor/msgpack
byte-compiling /Users/jamie/Documents/Projects/python/py2app-error/.venv/lib/python3.11/site-packages/pip/_vendor/msgpack/exceptions.py to pip/_vendor/msgpack/exceptions.pyc
byte-compiling /Users/jamie/Documents/Projects/python/py2app-error/.venv/lib/python3.11/site-packages/pip/_vendor/msgpack/ext.py to pip/_vendor/msgpack/ext.pyc
byte-compiling /Users/jamie/Documents/Projects/python/py2app-error/.venv/lib/python3.11/site-packages/pip/_vendor/msgpack/fallback.py to pip/_vendor/msgpack/fallback.pyc
byte-compiling /Users/jamie/Documents/Projects/python/py2app-error/.venv/lib/python3.11/site-packages/pip/_vendor/packaging/__about__.py to pip/_vendor/packaging/__about__.pyc
creating /Users/jamie/Documents/Projects/python/py2app-error/build/bdist.macosx-14.0-arm64/python3.11-standalone/app/collect/pip/_vendor/packaging
byte-compiling /Users/jamie/Documents/Projects/python/py2app-error/.venv/lib/python3.11/site-packages/pip/_vendor/packaging/__init__.py to pip/_vendor/packaging/__init__.pyc
byte-compiling /Users/jamie/Documents/Projects/python/py2app-error/.venv/lib/python3.11/site-packages/pip/_vendor/packaging/_manylinux.py to pip/_vendor/packaging/_manylinux.pyc
byte-compiling /Users/jamie/Documents/Projects/python/py2app-error/.venv/lib/python3.11/site-packages/pip/_vendor/packaging/_musllinux.py to pip/_vendor/packaging/_musllinux.pyc
byte-compiling /Users/jamie/Documents/Projects/python/py2app-error/.venv/lib/python3.11/site-packages/pip/_vendor/packaging/_structures.py to pip/_vendor/packaging/_structures.pyc
byte-compiling /Users/jamie/Documents/Projects/python/py2app-error/.venv/lib/python3.11/site-packages/pip/_vendor/packaging/markers.py to pip/_vendor/packaging/markers.pyc
byte-compiling /Users/jamie/Documents/Projects/python/py2app-error/.venv/lib/python3.11/site-packages/pip/_vendor/packaging/requirements.py to pip/_vendor/packaging/requirements.pyc
byte-compiling /Users/jamie/Documents/Projects/python/py2app-error/.venv/lib/python3.11/site-packages/pip/_vendor/packaging/specifiers.py to pip/_vendor/packaging/specifiers.pyc
byte-compiling /Users/jamie/Documents/Projects/python/py2app-error/.venv/lib/python3.11/site-packages/pip/_vendor/packaging/tags.py to pip/_vendor/packaging/tags.pyc
byte-compiling /Users/jamie/Documents/Projects/python/py2app-error/.venv/lib/python3.11/site-packages/pip/_vendor/packaging/utils.py to pip/_vendor/packaging/utils.pyc
byte-compiling /Users/jamie/Documents/Projects/python/py2app-error/.venv/lib/python3.11/site-packages/pip/_vendor/packaging/version.py to pip/_vendor/packaging/version.pyc
byte-compiling /Users/jamie/Documents/Projects/python/py2app-error/.venv/lib/python3.11/site-packages/pip/_vendor/pkg_resources/__init__.py to pip/_vendor/pkg_resources/__init__.pyc
creating /Users/jamie/Documents/Projects/python/py2app-error/build/bdist.macosx-14.0-arm64/python3.11-standalone/app/collect/pip/_vendor/pkg_resources
byte-compiling /Users/jamie/Documents/Projects/python/py2app-error/.venv/lib/python3.11/site-packages/pip/_vendor/platformdirs/__init__.py to pip/_vendor/platformdirs/__init__.pyc
creating /Users/jamie/Documents/Projects/python/py2app-error/build/bdist.macosx-14.0-arm64/python3.11-standalone/app/collect/pip/_vendor/platformdirs
byte-compiling /Users/jamie/Documents/Projects/python/py2app-error/.venv/lib/python3.11/site-packages/pip/_vendor/platformdirs/android.py to pip/_vendor/platformdirs/android.pyc
byte-compiling /Users/jamie/Documents/Projects/python/py2app-error/.venv/lib/python3.11/site-packages/pip/_vendor/platformdirs/api.py to pip/_vendor/platformdirs/api.pyc
byte-compiling /Users/jamie/Documents/Projects/python/py2app-error/.venv/lib/python3.11/site-packages/pip/_vendor/platformdirs/macos.py to pip/_vendor/platformdirs/macos.pyc
byte-compiling /Users/jamie/Documents/Projects/python/py2app-error/.venv/lib/python3.11/site-packages/pip/_vendor/platformdirs/unix.py to pip/_vendor/platformdirs/unix.pyc
byte-compiling /Users/jamie/Documents/Projects/python/py2app-error/.venv/lib/python3.11/site-packages/pip/_vendor/platformdirs/version.py to pip/_vendor/platformdirs/version.pyc
byte-compiling /Users/jamie/Documents/Projects/python/py2app-error/.venv/lib/python3.11/site-packages/pip/_vendor/platformdirs/windows.py to pip/_vendor/platformdirs/windows.pyc
byte-compiling /Users/jamie/Documents/Projects/python/py2app-error/.venv/lib/python3.11/site-packages/pip/_vendor/pygments/__init__.py to pip/_vendor/pygments/__init__.pyc
creating /Users/jamie/Documents/Projects/python/py2app-error/build/bdist.macosx-14.0-arm64/python3.11-standalone/app/collect/pip/_vendor/pygments
byte-compiling /Users/jamie/Documents/Projects/python/py2app-error/.venv/lib/python3.11/site-packages/pip/_vendor/pygments/filter.py to pip/_vendor/pygments/filter.pyc
byte-compiling /Users/jamie/Documents/Projects/python/py2app-error/.venv/lib/python3.11/site-packages/pip/_vendor/pygments/filters/__init__.py to pip/_vendor/pygments/filters/__init__.pyc
creating /Users/jamie/Documents/Projects/python/py2app-error/build/bdist.macosx-14.0-arm64/python3.11-standalone/app/collect/pip/_vendor/pygments/filters
byte-compiling /Users/jamie/Documents/Projects/python/py2app-error/.venv/lib/python3.11/site-packages/pip/_vendor/pygments/formatter.py to pip/_vendor/pygments/formatter.pyc
byte-compiling /Users/jamie/Documents/Projects/python/py2app-error/.venv/lib/python3.11/site-packages/pip/_vendor/pygments/lexer.py to pip/_vendor/pygments/lexer.pyc
byte-compiling /Users/jamie/Documents/Projects/python/py2app-error/.venv/lib/python3.11/site-packages/pip/_vendor/pygments/lexers/__init__.py to pip/_vendor/pygments/lexers/__init__.pyc
creating /Users/jamie/Documents/Projects/python/py2app-error/build/bdist.macosx-14.0-arm64/python3.11-standalone/app/collect/pip/_vendor/pygments/lexers
byte-compiling /Users/jamie/Documents/Projects/python/py2app-error/.venv/lib/python3.11/site-packages/pip/_vendor/pygments/lexers/_mapping.py to pip/_vendor/pygments/lexers/_mapping.pyc
byte-compiling /Users/jamie/Documents/Projects/python/py2app-error/.venv/lib/python3.11/site-packages/pip/_vendor/pygments/modeline.py to pip/_vendor/pygments/modeline.pyc
byte-compiling /Users/jamie/Documents/Projects/python/py2app-error/.venv/lib/python3.11/site-packages/pip/_vendor/pygments/plugin.py to pip/_vendor/pygments/plugin.pyc
byte-compiling /Users/jamie/Documents/Projects/python/py2app-error/.venv/lib/python3.11/site-packages/pip/_vendor/pygments/regexopt.py to pip/_vendor/pygments/regexopt.pyc
byte-compiling /Users/jamie/Documents/Projects/python/py2app-error/.venv/lib/python3.11/site-packages/pip/_vendor/pygments/style.py to pip/_vendor/pygments/style.pyc
byte-compiling /Users/jamie/Documents/Projects/python/py2app-error/.venv/lib/python3.11/site-packages/pip/_vendor/pygments/styles/__init__.py to pip/_vendor/pygments/styles/__init__.pyc
creating /Users/jamie/Documents/Projects/python/py2app-error/build/bdist.macosx-14.0-arm64/python3.11-standalone/app/collect/pip/_vendor/pygments/styles
byte-compiling /Users/jamie/Documents/Projects/python/py2app-error/.venv/lib/python3.11/site-packages/pip/_vendor/pygments/token.py to pip/_vendor/pygments/token.pyc
byte-compiling /Users/jamie/Documents/Projects/python/py2app-error/.venv/lib/python3.11/site-packages/pip/_vendor/pygments/util.py to pip/_vendor/pygments/util.pyc
byte-compiling /Users/jamie/Documents/Projects/python/py2app-error/.venv/lib/python3.11/site-packages/pip/_vendor/pyparsing/__init__.py to pip/_vendor/pyparsing/__init__.pyc
creating /Users/jamie/Documents/Projects/python/py2app-error/build/bdist.macosx-14.0-arm64/python3.11-standalone/app/collect/pip/_vendor/pyparsing
byte-compiling /Users/jamie/Documents/Projects/python/py2app-error/.venv/lib/python3.11/site-packages/pip/_vendor/pyparsing/actions.py to pip/_vendor/pyparsing/actions.pyc
byte-compiling /Users/jamie/Documents/Projects/python/py2app-error/.venv/lib/python3.11/site-packages/pip/_vendor/pyparsing/common.py to pip/_vendor/pyparsing/common.pyc
byte-compiling /Users/jamie/Documents/Projects/python/py2app-error/.venv/lib/python3.11/site-packages/pip/_vendor/pyparsing/core.py to pip/_vendor/pyparsing/core.pyc
byte-compiling /Users/jamie/Documents/Projects/python/py2app-error/.venv/lib/python3.11/site-packages/pip/_vendor/pyparsing/diagram/__init__.py to pip/_vendor/pyparsing/diagram/__init__.pyc
creating /Users/jamie/Documents/Projects/python/py2app-error/build/bdist.macosx-14.0-arm64/python3.11-standalone/app/collect/pip/_vendor/pyparsing/diagram
byte-compiling /Users/jamie/Documents/Projects/python/py2app-error/.venv/lib/python3.11/site-packages/pip/_vendor/pyparsing/exceptions.py to pip/_vendor/pyparsing/exceptions.pyc
byte-compiling /Users/jamie/Documents/Projects/python/py2app-error/.venv/lib/python3.11/site-packages/pip/_vendor/pyparsing/helpers.py to pip/_vendor/pyparsing/helpers.pyc
byte-compiling /Users/jamie/Documents/Projects/python/py2app-error/.venv/lib/python3.11/site-packages/pip/_vendor/pyparsing/results.py to pip/_vendor/pyparsing/results.pyc
byte-compiling /Users/jamie/Documents/Projects/python/py2app-error/.venv/lib/python3.11/site-packages/pip/_vendor/pyparsing/testing.py to pip/_vendor/pyparsing/testing.pyc
byte-compiling /Users/jamie/Documents/Projects/python/py2app-error/.venv/lib/python3.11/site-packages/pip/_vendor/pyparsing/unicode.py to pip/_vendor/pyparsing/unicode.pyc
byte-compiling /Users/jamie/Documents/Projects/python/py2app-error/.venv/lib/python3.11/site-packages/pip/_vendor/pyparsing/util.py to pip/_vendor/pyparsing/util.pyc
byte-compiling /Users/jamie/Documents/Projects/python/py2app-error/.venv/lib/python3.11/site-packages/pip/_vendor/pyproject_hooks/__init__.py to pip/_vendor/pyproject_hooks/__init__.pyc
creating /Users/jamie/Documents/Projects/python/py2app-error/build/bdist.macosx-14.0-arm64/python3.11-standalone/app/collect/pip/_vendor/pyproject_hooks
byte-compiling /Users/jamie/Documents/Projects/python/py2app-error/.venv/lib/python3.11/site-packages/pip/_vendor/pyproject_hooks/_impl.py to pip/_vendor/pyproject_hooks/_impl.pyc
byte-compiling /Users/jamie/Documents/Projects/python/py2app-error/.venv/lib/python3.11/site-packages/pip/_vendor/pyproject_hooks/_in_process/__init__.py to pip/_vendor/pyproject_hooks/_in_process/__init__.pyc
creating /Users/jamie/Documents/Projects/python/py2app-error/build/bdist.macosx-14.0-arm64/python3.11-standalone/app/collect/pip/_vendor/pyproject_hooks/_in_process
byte-compiling /Users/jamie/Documents/Projects/python/py2app-error/.venv/lib/python3.11/site-packages/pip/_vendor/requests/__init__.py to pip/_vendor/requests/__init__.pyc
creating /Users/jamie/Documents/Projects/python/py2app-error/build/bdist.macosx-14.0-arm64/python3.11-standalone/app/collect/pip/_vendor/requests
byte-compiling /Users/jamie/Documents/Projects/python/py2app-error/.venv/lib/python3.11/site-packages/pip/_vendor/requests/__version__.py to pip/_vendor/requests/__version__.pyc
byte-compiling /Users/jamie/Documents/Projects/python/py2app-error/.venv/lib/python3.11/site-packages/pip/_vendor/requests/_internal_utils.py to pip/_vendor/requests/_internal_utils.pyc
byte-compiling /Users/jamie/Documents/Projects/python/py2app-error/.venv/lib/python3.11/site-packages/pip/_vendor/requests/adapters.py to pip/_vendor/requests/adapters.pyc
byte-compiling /Users/jamie/Documents/Projects/python/py2app-error/.venv/lib/python3.11/site-packages/pip/_vendor/requests/api.py to pip/_vendor/requests/api.pyc
byte-compiling /Users/jamie/Documents/Projects/python/py2app-error/.venv/lib/python3.11/site-packages/pip/_vendor/requests/auth.py to pip/_vendor/requests/auth.pyc
byte-compiling /Users/jamie/Documents/Projects/python/py2app-error/.venv/lib/python3.11/site-packages/pip/_vendor/requests/certs.py to pip/_vendor/requests/certs.pyc
byte-compiling /Users/jamie/Documents/Projects/python/py2app-error/.venv/lib/python3.11/site-packages/pip/_vendor/requests/compat.py to pip/_vendor/requests/compat.pyc
byte-compiling /Users/jamie/Documents/Projects/python/py2app-error/.venv/lib/python3.11/site-packages/pip/_vendor/requests/cookies.py to pip/_vendor/requests/cookies.pyc
byte-compiling /Users/jamie/Documents/Projects/python/py2app-error/.venv/lib/python3.11/site-packages/pip/_vendor/requests/exceptions.py to pip/_vendor/requests/exceptions.pyc
byte-compiling /Users/jamie/Documents/Projects/python/py2app-error/.venv/lib/python3.11/site-packages/pip/_vendor/requests/hooks.py to pip/_vendor/requests/hooks.pyc
byte-compiling /Users/jamie/Documents/Projects/python/py2app-error/.venv/lib/python3.11/site-packages/pip/_vendor/requests/models.py to pip/_vendor/requests/models.pyc
byte-compiling /Users/jamie/Documents/Projects/python/py2app-error/.venv/lib/python3.11/site-packages/pip/_vendor/requests/packages.py to pip/_vendor/requests/packages.pyc
byte-compiling /Users/jamie/Documents/Projects/python/py2app-error/.venv/lib/python3.11/site-packages/pip/_vendor/requests/sessions.py to pip/_vendor/requests/sessions.pyc
byte-compiling /Users/jamie/Documents/Projects/python/py2app-error/.venv/lib/python3.11/site-packages/pip/_vendor/requests/status_codes.py to pip/_vendor/requests/status_codes.pyc
byte-compiling /Users/jamie/Documents/Projects/python/py2app-error/.venv/lib/python3.11/site-packages/pip/_vendor/requests/structures.py to pip/_vendor/requests/structures.pyc
byte-compiling /Users/jamie/Documents/Projects/python/py2app-error/.venv/lib/python3.11/site-packages/pip/_vendor/requests/utils.py to pip/_vendor/requests/utils.pyc
byte-compiling /Users/jamie/Documents/Projects/python/py2app-error/.venv/lib/python3.11/site-packages/pip/_vendor/rich/__init__.py to pip/_vendor/rich/__init__.pyc
creating /Users/jamie/Documents/Projects/python/py2app-error/build/bdist.macosx-14.0-arm64/python3.11-standalone/app/collect/pip/_vendor/rich
byte-compiling /Users/jamie/Documents/Projects/python/py2app-error/.venv/lib/python3.11/site-packages/pip/_vendor/rich/__main__.py to pip/_vendor/rich/__main__.pyc
byte-compiling /Users/jamie/Documents/Projects/python/py2app-error/.venv/lib/python3.11/site-packages/pip/_vendor/rich/_cell_widths.py to pip/_vendor/rich/_cell_widths.pyc
byte-compiling /Users/jamie/Documents/Projects/python/py2app-error/.venv/lib/python3.11/site-packages/pip/_vendor/rich/_emoji_codes.py to pip/_vendor/rich/_emoji_codes.pyc
byte-compiling /Users/jamie/Documents/Projects/python/py2app-error/.venv/lib/python3.11/site-packages/pip/_vendor/rich/_emoji_replace.py to pip/_vendor/rich/_emoji_replace.pyc
byte-compiling /Users/jamie/Documents/Projects/python/py2app-error/.venv/lib/python3.11/site-packages/pip/_vendor/rich/_export_format.py to pip/_vendor/rich/_export_format.pyc
byte-compiling /Users/jamie/Documents/Projects/python/py2app-error/.venv/lib/python3.11/site-packages/pip/_vendor/rich/_extension.py to pip/_vendor/rich/_extension.pyc
byte-compiling /Users/jamie/Documents/Projects/python/py2app-error/.venv/lib/python3.11/site-packages/pip/_vendor/rich/_fileno.py to pip/_vendor/rich/_fileno.pyc
byte-compiling /Users/jamie/Documents/Projects/python/py2app-error/.venv/lib/python3.11/site-packages/pip/_vendor/rich/_inspect.py to pip/_vendor/rich/_inspect.pyc
byte-compiling /Users/jamie/Documents/Projects/python/py2app-error/.venv/lib/python3.11/site-packages/pip/_vendor/rich/_log_render.py to pip/_vendor/rich/_log_render.pyc
byte-compiling /Users/jamie/Documents/Projects/python/py2app-error/.venv/lib/python3.11/site-packages/pip/_vendor/rich/_loop.py to pip/_vendor/rich/_loop.pyc
byte-compiling /Users/jamie/Documents/Projects/python/py2app-error/.venv/lib/python3.11/site-packages/pip/_vendor/rich/_null_file.py to pip/_vendor/rich/_null_file.pyc
byte-compiling /Users/jamie/Documents/Projects/python/py2app-error/.venv/lib/python3.11/site-packages/pip/_vendor/rich/_palettes.py to pip/_vendor/rich/_palettes.pyc
byte-compiling /Users/jamie/Documents/Projects/python/py2app-error/.venv/lib/python3.11/site-packages/pip/_vendor/rich/_pick.py to pip/_vendor/rich/_pick.pyc
byte-compiling /Users/jamie/Documents/Projects/python/py2app-error/.venv/lib/python3.11/site-packages/pip/_vendor/rich/_ratio.py to pip/_vendor/rich/_ratio.pyc
byte-compiling /Users/jamie/Documents/Projects/python/py2app-error/.venv/lib/python3.11/site-packages/pip/_vendor/rich/_spinners.py to pip/_vendor/rich/_spinners.pyc
byte-compiling /Users/jamie/Documents/Projects/python/py2app-error/.venv/lib/python3.11/site-packages/pip/_vendor/rich/_timer.py to pip/_vendor/rich/_timer.pyc
byte-compiling /Users/jamie/Documents/Projects/python/py2app-error/.venv/lib/python3.11/site-packages/pip/_vendor/rich/_win32_console.py to pip/_vendor/rich/_win32_console.pyc
byte-compiling /Users/jamie/Documents/Projects/python/py2app-error/.venv/lib/python3.11/site-packages/pip/_vendor/rich/_windows.py to pip/_vendor/rich/_windows.pyc
byte-compiling /Users/jamie/Documents/Projects/python/py2app-error/.venv/lib/python3.11/site-packages/pip/_vendor/rich/_windows_renderer.py to pip/_vendor/rich/_windows_renderer.pyc
byte-compiling /Users/jamie/Documents/Projects/python/py2app-error/.venv/lib/python3.11/site-packages/pip/_vendor/rich/_wrap.py to pip/_vendor/rich/_wrap.pyc
byte-compiling /Users/jamie/Documents/Projects/python/py2app-error/.venv/lib/python3.11/site-packages/pip/_vendor/rich/abc.py to pip/_vendor/rich/abc.pyc
byte-compiling /Users/jamie/Documents/Projects/python/py2app-error/.venv/lib/python3.11/site-packages/pip/_vendor/rich/align.py to pip/_vendor/rich/align.pyc
byte-compiling /Users/jamie/Documents/Projects/python/py2app-error/.venv/lib/python3.11/site-packages/pip/_vendor/rich/ansi.py to pip/_vendor/rich/ansi.pyc
byte-compiling /Users/jamie/Documents/Projects/python/py2app-error/.venv/lib/python3.11/site-packages/pip/_vendor/rich/box.py to pip/_vendor/rich/box.pyc
byte-compiling /Users/jamie/Documents/Projects/python/py2app-error/.venv/lib/python3.11/site-packages/pip/_vendor/rich/cells.py to pip/_vendor/rich/cells.pyc
byte-compiling /Users/jamie/Documents/Projects/python/py2app-error/.venv/lib/python3.11/site-packages/pip/_vendor/rich/color.py to pip/_vendor/rich/color.pyc
byte-compiling /Users/jamie/Documents/Projects/python/py2app-error/.venv/lib/python3.11/site-packages/pip/_vendor/rich/color_triplet.py to pip/_vendor/rich/color_triplet.pyc
byte-compiling /Users/jamie/Documents/Projects/python/py2app-error/.venv/lib/python3.11/site-packages/pip/_vendor/rich/columns.py to pip/_vendor/rich/columns.pyc
byte-compiling /Users/jamie/Documents/Projects/python/py2app-error/.venv/lib/python3.11/site-packages/pip/_vendor/rich/console.py to pip/_vendor/rich/console.pyc
byte-compiling /Users/jamie/Documents/Projects/python/py2app-error/.venv/lib/python3.11/site-packages/pip/_vendor/rich/constrain.py to pip/_vendor/rich/constrain.pyc
byte-compiling /Users/jamie/Documents/Projects/python/py2app-error/.venv/lib/python3.11/site-packages/pip/_vendor/rich/containers.py to pip/_vendor/rich/containers.pyc
byte-compiling /Users/jamie/Documents/Projects/python/py2app-error/.venv/lib/python3.11/site-packages/pip/_vendor/rich/control.py to pip/_vendor/rich/control.pyc
byte-compiling /Users/jamie/Documents/Projects/python/py2app-error/.venv/lib/python3.11/site-packages/pip/_vendor/rich/default_styles.py to pip/_vendor/rich/default_styles.pyc
byte-compiling /Users/jamie/Documents/Projects/python/py2app-error/.venv/lib/python3.11/site-packages/pip/_vendor/rich/emoji.py to pip/_vendor/rich/emoji.pyc
byte-compiling /Users/jamie/Documents/Projects/python/py2app-error/.venv/lib/python3.11/site-packages/pip/_vendor/rich/errors.py to pip/_vendor/rich/errors.pyc
byte-compiling /Users/jamie/Documents/Projects/python/py2app-error/.venv/lib/python3.11/site-packages/pip/_vendor/rich/file_proxy.py to pip/_vendor/rich/file_proxy.pyc
byte-compiling /Users/jamie/Documents/Projects/python/py2app-error/.venv/lib/python3.11/site-packages/pip/_vendor/rich/highlighter.py to pip/_vendor/rich/highlighter.pyc
byte-compiling /Users/jamie/Documents/Projects/python/py2app-error/.venv/lib/python3.11/site-packages/pip/_vendor/rich/json.py to pip/_vendor/rich/json.pyc
byte-compiling /Users/jamie/Documents/Projects/python/py2app-error/.venv/lib/python3.11/site-packages/pip/_vendor/rich/jupyter.py to pip/_vendor/rich/jupyter.pyc
byte-compiling /Users/jamie/Documents/Projects/python/py2app-error/.venv/lib/python3.11/site-packages/pip/_vendor/rich/live.py to pip/_vendor/rich/live.pyc
byte-compiling /Users/jamie/Documents/Projects/python/py2app-error/.venv/lib/python3.11/site-packages/pip/_vendor/rich/live_render.py to pip/_vendor/rich/live_render.pyc
byte-compiling /Users/jamie/Documents/Projects/python/py2app-error/.venv/lib/python3.11/site-packages/pip/_vendor/rich/logging.py to pip/_vendor/rich/logging.pyc
byte-compiling /Users/jamie/Documents/Projects/python/py2app-error/.venv/lib/python3.11/site-packages/pip/_vendor/rich/markup.py to pip/_vendor/rich/markup.pyc
byte-compiling /Users/jamie/Documents/Projects/python/py2app-error/.venv/lib/python3.11/site-packages/pip/_vendor/rich/measure.py to pip/_vendor/rich/measure.pyc
byte-compiling /Users/jamie/Documents/Projects/python/py2app-error/.venv/lib/python3.11/site-packages/pip/_vendor/rich/padding.py to pip/_vendor/rich/padding.pyc
byte-compiling /Users/jamie/Documents/Projects/python/py2app-error/.venv/lib/python3.11/site-packages/pip/_vendor/rich/pager.py to pip/_vendor/rich/pager.pyc
byte-compiling /Users/jamie/Documents/Projects/python/py2app-error/.venv/lib/python3.11/site-packages/pip/_vendor/rich/palette.py to pip/_vendor/rich/palette.pyc
byte-compiling /Users/jamie/Documents/Projects/python/py2app-error/.venv/lib/python3.11/site-packages/pip/_vendor/rich/panel.py to pip/_vendor/rich/panel.pyc
byte-compiling /Users/jamie/Documents/Projects/python/py2app-error/.venv/lib/python3.11/site-packages/pip/_vendor/rich/pretty.py to pip/_vendor/rich/pretty.pyc
byte-compiling /Users/jamie/Documents/Projects/python/py2app-error/.venv/lib/python3.11/site-packages/pip/_vendor/rich/protocol.py to pip/_vendor/rich/protocol.pyc
byte-compiling /Users/jamie/Documents/Projects/python/py2app-error/.venv/lib/python3.11/site-packages/pip/_vendor/rich/region.py to pip/_vendor/rich/region.pyc
byte-compiling /Users/jamie/Documents/Projects/python/py2app-error/.venv/lib/python3.11/site-packages/pip/_vendor/rich/repr.py to pip/_vendor/rich/repr.pyc
byte-compiling /Users/jamie/Documents/Projects/python/py2app-error/.venv/lib/python3.11/site-packages/pip/_vendor/rich/rule.py to pip/_vendor/rich/rule.pyc
byte-compiling /Users/jamie/Documents/Projects/python/py2app-error/.venv/lib/python3.11/site-packages/pip/_vendor/rich/scope.py to pip/_vendor/rich/scope.pyc
byte-compiling /Users/jamie/Documents/Projects/python/py2app-error/.venv/lib/python3.11/site-packages/pip/_vendor/rich/screen.py to pip/_vendor/rich/screen.pyc
byte-compiling /Users/jamie/Documents/Projects/python/py2app-error/.venv/lib/python3.11/site-packages/pip/_vendor/rich/segment.py to pip/_vendor/rich/segment.pyc
byte-compiling /Users/jamie/Documents/Projects/python/py2app-error/.venv/lib/python3.11/site-packages/pip/_vendor/rich/spinner.py to pip/_vendor/rich/spinner.pyc
byte-compiling /Users/jamie/Documents/Projects/python/py2app-error/.venv/lib/python3.11/site-packages/pip/_vendor/rich/status.py to pip/_vendor/rich/status.pyc
byte-compiling /Users/jamie/Documents/Projects/python/py2app-error/.venv/lib/python3.11/site-packages/pip/_vendor/rich/style.py to pip/_vendor/rich/style.pyc
byte-compiling /Users/jamie/Documents/Projects/python/py2app-error/.venv/lib/python3.11/site-packages/pip/_vendor/rich/styled.py to pip/_vendor/rich/styled.pyc
byte-compiling /Users/jamie/Documents/Projects/python/py2app-error/.venv/lib/python3.11/site-packages/pip/_vendor/rich/syntax.py to pip/_vendor/rich/syntax.pyc
byte-compiling /Users/jamie/Documents/Projects/python/py2app-error/.venv/lib/python3.11/site-packages/pip/_vendor/rich/table.py to pip/_vendor/rich/table.pyc
byte-compiling /Users/jamie/Documents/Projects/python/py2app-error/.venv/lib/python3.11/site-packages/pip/_vendor/rich/terminal_theme.py to pip/_vendor/rich/terminal_theme.pyc
byte-compiling /Users/jamie/Documents/Projects/python/py2app-error/.venv/lib/python3.11/site-packages/pip/_vendor/rich/text.py to pip/_vendor/rich/text.pyc
byte-compiling /Users/jamie/Documents/Projects/python/py2app-error/.venv/lib/python3.11/site-packages/pip/_vendor/rich/theme.py to pip/_vendor/rich/theme.pyc
byte-compiling /Users/jamie/Documents/Projects/python/py2app-error/.venv/lib/python3.11/site-packages/pip/_vendor/rich/themes.py to pip/_vendor/rich/themes.pyc
byte-compiling /Users/jamie/Documents/Projects/python/py2app-error/.venv/lib/python3.11/site-packages/pip/_vendor/rich/traceback.py to pip/_vendor/rich/traceback.pyc
byte-compiling /Users/jamie/Documents/Projects/python/py2app-error/.venv/lib/python3.11/site-packages/pip/_vendor/tenacity/__init__.py to pip/_vendor/tenacity/__init__.pyc
creating /Users/jamie/Documents/Projects/python/py2app-error/build/bdist.macosx-14.0-arm64/python3.11-standalone/app/collect/pip/_vendor/tenacity
byte-compiling /Users/jamie/Documents/Projects/python/py2app-error/.venv/lib/python3.11/site-packages/pip/_vendor/tenacity/_asyncio.py to pip/_vendor/tenacity/_asyncio.pyc
byte-compiling /Users/jamie/Documents/Projects/python/py2app-error/.venv/lib/python3.11/site-packages/pip/_vendor/tenacity/_utils.py to pip/_vendor/tenacity/_utils.pyc
byte-compiling /Users/jamie/Documents/Projects/python/py2app-error/.venv/lib/python3.11/site-packages/pip/_vendor/tenacity/after.py to pip/_vendor/tenacity/after.pyc
byte-compiling /Users/jamie/Documents/Projects/python/py2app-error/.venv/lib/python3.11/site-packages/pip/_vendor/tenacity/before.py to pip/_vendor/tenacity/before.pyc
byte-compiling /Users/jamie/Documents/Projects/python/py2app-error/.venv/lib/python3.11/site-packages/pip/_vendor/tenacity/before_sleep.py to pip/_vendor/tenacity/before_sleep.pyc
byte-compiling /Users/jamie/Documents/Projects/python/py2app-error/.venv/lib/python3.11/site-packages/pip/_vendor/tenacity/nap.py to pip/_vendor/tenacity/nap.pyc
byte-compiling /Users/jamie/Documents/Projects/python/py2app-error/.venv/lib/python3.11/site-packages/pip/_vendor/tenacity/retry.py to pip/_vendor/tenacity/retry.pyc
byte-compiling /Users/jamie/Documents/Projects/python/py2app-error/.venv/lib/python3.11/site-packages/pip/_vendor/tenacity/stop.py to pip/_vendor/tenacity/stop.pyc
byte-compiling /Users/jamie/Documents/Projects/python/py2app-error/.venv/lib/python3.11/site-packages/pip/_vendor/tenacity/tornadoweb.py to pip/_vendor/tenacity/tornadoweb.pyc
byte-compiling /Users/jamie/Documents/Projects/python/py2app-error/.venv/lib/python3.11/site-packages/pip/_vendor/tenacity/wait.py to pip/_vendor/tenacity/wait.pyc
byte-compiling /Users/jamie/Documents/Projects/python/py2app-error/.venv/lib/python3.11/site-packages/pip/_vendor/tomli/__init__.py to pip/_vendor/tomli/__init__.pyc
creating /Users/jamie/Documents/Projects/python/py2app-error/build/bdist.macosx-14.0-arm64/python3.11-standalone/app/collect/pip/_vendor/tomli
byte-compiling /Users/jamie/Documents/Projects/python/py2app-error/.venv/lib/python3.11/site-packages/pip/_vendor/tomli/_parser.py to pip/_vendor/tomli/_parser.pyc
byte-compiling /Users/jamie/Documents/Projects/python/py2app-error/.venv/lib/python3.11/site-packages/pip/_vendor/tomli/_re.py to pip/_vendor/tomli/_re.pyc
byte-compiling /Users/jamie/Documents/Projects/python/py2app-error/.venv/lib/python3.11/site-packages/pip/_vendor/tomli/_types.py to pip/_vendor/tomli/_types.pyc
byte-compiling /Users/jamie/Documents/Projects/python/py2app-error/.venv/lib/python3.11/site-packages/pip/_vendor/typing_extensions.py to pip/_vendor/typing_extensions.pyc
byte-compiling /Users/jamie/Documents/Projects/python/py2app-error/.venv/lib/python3.11/site-packages/pip/_vendor/urllib3/__init__.py to pip/_vendor/urllib3/__init__.pyc
creating /Users/jamie/Documents/Projects/python/py2app-error/build/bdist.macosx-14.0-arm64/python3.11-standalone/app/collect/pip/_vendor/urllib3
byte-compiling /Users/jamie/Documents/Projects/python/py2app-error/.venv/lib/python3.11/site-packages/pip/_vendor/urllib3/_collections.py to pip/_vendor/urllib3/_collections.pyc
byte-compiling /Users/jamie/Documents/Projects/python/py2app-error/.venv/lib/python3.11/site-packages/pip/_vendor/urllib3/_version.py to pip/_vendor/urllib3/_version.pyc
byte-compiling /Users/jamie/Documents/Projects/python/py2app-error/.venv/lib/python3.11/site-packages/pip/_vendor/urllib3/connection.py to pip/_vendor/urllib3/connection.pyc
byte-compiling /Users/jamie/Documents/Projects/python/py2app-error/.venv/lib/python3.11/site-packages/pip/_vendor/urllib3/connectionpool.py to pip/_vendor/urllib3/connectionpool.pyc
byte-compiling /Users/jamie/Documents/Projects/python/py2app-error/.venv/lib/python3.11/site-packages/pip/_vendor/urllib3/contrib/__init__.py to pip/_vendor/urllib3/contrib/__init__.pyc
creating /Users/jamie/Documents/Projects/python/py2app-error/build/bdist.macosx-14.0-arm64/python3.11-standalone/app/collect/pip/_vendor/urllib3/contrib
byte-compiling /Users/jamie/Documents/Projects/python/py2app-error/.venv/lib/python3.11/site-packages/pip/_vendor/urllib3/contrib/_appengine_environ.py to pip/_vendor/urllib3/contrib/_appengine_environ.pyc
byte-compiling /Users/jamie/Documents/Projects/python/py2app-error/.venv/lib/python3.11/site-packages/pip/_vendor/urllib3/contrib/pyopenssl.py to pip/_vendor/urllib3/contrib/pyopenssl.pyc
byte-compiling /Users/jamie/Documents/Projects/python/py2app-error/.venv/lib/python3.11/site-packages/pip/_vendor/urllib3/contrib/socks.py to pip/_vendor/urllib3/contrib/socks.pyc
byte-compiling /Users/jamie/Documents/Projects/python/py2app-error/.venv/lib/python3.11/site-packages/pip/_vendor/urllib3/exceptions.py to pip/_vendor/urllib3/exceptions.pyc
byte-compiling /Users/jamie/Documents/Projects/python/py2app-error/.venv/lib/python3.11/site-packages/pip/_vendor/urllib3/fields.py to pip/_vendor/urllib3/fields.pyc
byte-compiling /Users/jamie/Documents/Projects/python/py2app-error/.venv/lib/python3.11/site-packages/pip/_vendor/urllib3/filepost.py to pip/_vendor/urllib3/filepost.pyc
byte-compiling /Users/jamie/Documents/Projects/python/py2app-error/.venv/lib/python3.11/site-packages/pip/_vendor/urllib3/packages/__init__.py to pip/_vendor/urllib3/packages/__init__.pyc
creating /Users/jamie/Documents/Projects/python/py2app-error/build/bdist.macosx-14.0-arm64/python3.11-standalone/app/collect/pip/_vendor/urllib3/packages
byte-compiling /Users/jamie/Documents/Projects/python/py2app-error/.venv/lib/python3.11/site-packages/pip/_vendor/urllib3/packages/backports/__init__.py to pip/_vendor/urllib3/packages/backports/__init__.pyc
creating /Users/jamie/Documents/Projects/python/py2app-error/build/bdist.macosx-14.0-arm64/python3.11-standalone/app/collect/pip/_vendor/urllib3/packages/backports
byte-compiling /Users/jamie/Documents/Projects/python/py2app-error/.venv/lib/python3.11/site-packages/pip/_vendor/urllib3/packages/backports/makefile.py to pip/_vendor/urllib3/packages/backports/makefile.pyc
byte-compiling /Users/jamie/Documents/Projects/python/py2app-error/.venv/lib/python3.11/site-packages/pip/_vendor/urllib3/packages/backports/weakref_finalize.py to pip/_vendor/urllib3/packages/backports/weakref_finalize.pyc
byte-compiling /Users/jamie/Documents/Projects/python/py2app-error/.venv/lib/python3.11/site-packages/pip/_vendor/urllib3/packages/six.py to pip/_vendor/urllib3/packages/six.pyc
byte-compiling /Users/jamie/Documents/Projects/python/py2app-error/.venv/lib/python3.11/site-packages/pip/_vendor/urllib3/poolmanager.py to pip/_vendor/urllib3/poolmanager.pyc
byte-compiling /Users/jamie/Documents/Projects/python/py2app-error/.venv/lib/python3.11/site-packages/pip/_vendor/urllib3/request.py to pip/_vendor/urllib3/request.pyc
byte-compiling /Users/jamie/Documents/Projects/python/py2app-error/.venv/lib/python3.11/site-packages/pip/_vendor/urllib3/response.py to pip/_vendor/urllib3/response.pyc
byte-compiling /Users/jamie/Documents/Projects/python/py2app-error/.venv/lib/python3.11/site-packages/pip/_vendor/urllib3/util/__init__.py to pip/_vendor/urllib3/util/__init__.pyc
creating /Users/jamie/Documents/Projects/python/py2app-error/build/bdist.macosx-14.0-arm64/python3.11-standalone/app/collect/pip/_vendor/urllib3/util
byte-compiling /Users/jamie/Documents/Projects/python/py2app-error/.venv/lib/python3.11/site-packages/pip/_vendor/urllib3/util/connection.py to pip/_vendor/urllib3/util/connection.pyc
byte-compiling /Users/jamie/Documents/Projects/python/py2app-error/.venv/lib/python3.11/site-packages/pip/_vendor/urllib3/util/proxy.py to pip/_vendor/urllib3/util/proxy.pyc
byte-compiling /Users/jamie/Documents/Projects/python/py2app-error/.venv/lib/python3.11/site-packages/pip/_vendor/urllib3/util/queue.py to pip/_vendor/urllib3/util/queue.pyc
byte-compiling /Users/jamie/Documents/Projects/python/py2app-error/.venv/lib/python3.11/site-packages/pip/_vendor/urllib3/util/request.py to pip/_vendor/urllib3/util/request.pyc
byte-compiling /Users/jamie/Documents/Projects/python/py2app-error/.venv/lib/python3.11/site-packages/pip/_vendor/urllib3/util/response.py to pip/_vendor/urllib3/util/response.pyc
byte-compiling /Users/jamie/Documents/Projects/python/py2app-error/.venv/lib/python3.11/site-packages/pip/_vendor/urllib3/util/retry.py to pip/_vendor/urllib3/util/retry.pyc
byte-compiling /Users/jamie/Documents/Projects/python/py2app-error/.venv/lib/python3.11/site-packages/pip/_vendor/urllib3/util/ssl_.py to pip/_vendor/urllib3/util/ssl_.pyc
byte-compiling /Users/jamie/Documents/Projects/python/py2app-error/.venv/lib/python3.11/site-packages/pip/_vendor/urllib3/util/ssl_match_hostname.py to pip/_vendor/urllib3/util/ssl_match_hostname.pyc
byte-compiling /Users/jamie/Documents/Projects/python/py2app-error/.venv/lib/python3.11/site-packages/pip/_vendor/urllib3/util/ssltransport.py to pip/_vendor/urllib3/util/ssltransport.pyc
byte-compiling /Users/jamie/Documents/Projects/python/py2app-error/.venv/lib/python3.11/site-packages/pip/_vendor/urllib3/util/timeout.py to pip/_vendor/urllib3/util/timeout.pyc
byte-compiling /Users/jamie/Documents/Projects/python/py2app-error/.venv/lib/python3.11/site-packages/pip/_vendor/urllib3/util/url.py to pip/_vendor/urllib3/util/url.pyc
byte-compiling /Users/jamie/Documents/Projects/python/py2app-error/.venv/lib/python3.11/site-packages/pip/_vendor/urllib3/util/wait.py to pip/_vendor/urllib3/util/wait.pyc
byte-compiling /Users/jamie/Documents/Projects/python/py2app-error/.venv/lib/python3.11/site-packages/pkg_resources/__init__.py to pkg_resources/__init__.pyc
creating /Users/jamie/Documents/Projects/python/py2app-error/build/bdist.macosx-14.0-arm64/python3.11-standalone/app/collect/pkg_resources
byte-compiling /Users/jamie/Documents/Projects/python/py2app-error/.venv/lib/python3.11/site-packages/pkg_resources/_vendor/__init__.py to pkg_resources/_vendor/__init__.pyc
creating /Users/jamie/Documents/Projects/python/py2app-error/build/bdist.macosx-14.0-arm64/python3.11-standalone/app/collect/pkg_resources/_vendor
byte-compiling /Users/jamie/Documents/Projects/python/py2app-error/.venv/lib/python3.11/site-packages/pkg_resources/_vendor/appdirs.py to pkg_resources/_vendor/appdirs.pyc
byte-compiling /Users/jamie/Documents/Projects/python/py2app-error/.venv/lib/python3.11/site-packages/pkg_resources/_vendor/importlib_resources/__init__.py to pkg_resources/_vendor/importlib_resources/__init__.pyc
creating /Users/jamie/Documents/Projects/python/py2app-error/build/bdist.macosx-14.0-arm64/python3.11-standalone/app/collect/pkg_resources/_vendor/importlib_resources
byte-compiling /Users/jamie/Documents/Projects/python/py2app-error/.venv/lib/python3.11/site-packages/pkg_resources/_vendor/importlib_resources/_adapters.py to pkg_resources/_vendor/importlib_resources/_adapters.pyc
byte-compiling /Users/jamie/Documents/Projects/python/py2app-error/.venv/lib/python3.11/site-packages/pkg_resources/_vendor/importlib_resources/_common.py to pkg_resources/_vendor/importlib_resources/_common.pyc
byte-compiling /Users/jamie/Documents/Projects/python/py2app-error/.venv/lib/python3.11/site-packages/pkg_resources/_vendor/importlib_resources/_compat.py to pkg_resources/_vendor/importlib_resources/_compat.pyc
byte-compiling /Users/jamie/Documents/Projects/python/py2app-error/.venv/lib/python3.11/site-packages/pkg_resources/_vendor/importlib_resources/_itertools.py to pkg_resources/_vendor/importlib_resources/_itertools.pyc
byte-compiling /Users/jamie/Documents/Projects/python/py2app-error/.venv/lib/python3.11/site-packages/pkg_resources/_vendor/importlib_resources/_legacy.py to pkg_resources/_vendor/importlib_resources/_legacy.pyc
byte-compiling /Users/jamie/Documents/Projects/python/py2app-error/.venv/lib/python3.11/site-packages/pkg_resources/_vendor/importlib_resources/abc.py to pkg_resources/_vendor/importlib_resources/abc.pyc
byte-compiling /Users/jamie/Documents/Projects/python/py2app-error/.venv/lib/python3.11/site-packages/pkg_resources/_vendor/importlib_resources/readers.py to pkg_resources/_vendor/importlib_resources/readers.pyc
byte-compiling /Users/jamie/Documents/Projects/python/py2app-error/.venv/lib/python3.11/site-packages/pkg_resources/_vendor/importlib_resources/simple.py to pkg_resources/_vendor/importlib_resources/simple.pyc
byte-compiling /Users/jamie/Documents/Projects/python/py2app-error/.venv/lib/python3.11/site-packages/pkg_resources/_vendor/jaraco/__init__.py to pkg_resources/_vendor/jaraco/__init__.pyc
creating /Users/jamie/Documents/Projects/python/py2app-error/build/bdist.macosx-14.0-arm64/python3.11-standalone/app/collect/pkg_resources/_vendor/jaraco
byte-compiling /Users/jamie/Documents/Projects/python/py2app-error/.venv/lib/python3.11/site-packages/pkg_resources/_vendor/jaraco/context.py to pkg_resources/_vendor/jaraco/context.pyc
byte-compiling /Users/jamie/Documents/Projects/python/py2app-error/.venv/lib/python3.11/site-packages/pkg_resources/_vendor/jaraco/functools.py to pkg_resources/_vendor/jaraco/functools.pyc
byte-compiling /Users/jamie/Documents/Projects/python/py2app-error/.venv/lib/python3.11/site-packages/pkg_resources/_vendor/jaraco/text/__init__.py to pkg_resources/_vendor/jaraco/text/__init__.pyc
creating /Users/jamie/Documents/Projects/python/py2app-error/build/bdist.macosx-14.0-arm64/python3.11-standalone/app/collect/pkg_resources/_vendor/jaraco/text
byte-compiling /Users/jamie/Documents/Projects/python/py2app-error/.venv/lib/python3.11/site-packages/pkg_resources/_vendor/more_itertools/__init__.py to pkg_resources/_vendor/more_itertools/__init__.pyc
creating /Users/jamie/Documents/Projects/python/py2app-error/build/bdist.macosx-14.0-arm64/python3.11-standalone/app/collect/pkg_resources/_vendor/more_itertools
byte-compiling /Users/jamie/Documents/Projects/python/py2app-error/.venv/lib/python3.11/site-packages/pkg_resources/_vendor/more_itertools/more.py to pkg_resources/_vendor/more_itertools/more.pyc
byte-compiling /Users/jamie/Documents/Projects/python/py2app-error/.venv/lib/python3.11/site-packages/pkg_resources/_vendor/more_itertools/recipes.py to pkg_resources/_vendor/more_itertools/recipes.pyc
byte-compiling /Users/jamie/Documents/Projects/python/py2app-error/.venv/lib/python3.11/site-packages/pkg_resources/_vendor/packaging/__about__.py to pkg_resources/_vendor/packaging/__about__.pyc
creating /Users/jamie/Documents/Projects/python/py2app-error/build/bdist.macosx-14.0-arm64/python3.11-standalone/app/collect/pkg_resources/_vendor/packaging
byte-compiling /Users/jamie/Documents/Projects/python/py2app-error/.venv/lib/python3.11/site-packages/pkg_resources/_vendor/packaging/__init__.py to pkg_resources/_vendor/packaging/__init__.pyc
byte-compiling /Users/jamie/Documents/Projects/python/py2app-error/.venv/lib/python3.11/site-packages/pkg_resources/_vendor/packaging/_manylinux.py to pkg_resources/_vendor/packaging/_manylinux.pyc
byte-compiling /Users/jamie/Documents/Projects/python/py2app-error/.venv/lib/python3.11/site-packages/pkg_resources/_vendor/packaging/_musllinux.py to pkg_resources/_vendor/packaging/_musllinux.pyc
byte-compiling /Users/jamie/Documents/Projects/python/py2app-error/.venv/lib/python3.11/site-packages/pkg_resources/_vendor/packaging/_structures.py to pkg_resources/_vendor/packaging/_structures.pyc
byte-compiling /Users/jamie/Documents/Projects/python/py2app-error/.venv/lib/python3.11/site-packages/pkg_resources/_vendor/packaging/markers.py to pkg_resources/_vendor/packaging/markers.pyc
byte-compiling /Users/jamie/Documents/Projects/python/py2app-error/.venv/lib/python3.11/site-packages/pkg_resources/_vendor/packaging/requirements.py to pkg_resources/_vendor/packaging/requirements.pyc
byte-compiling /Users/jamie/Documents/Projects/python/py2app-error/.venv/lib/python3.11/site-packages/pkg_resources/_vendor/packaging/specifiers.py to pkg_resources/_vendor/packaging/specifiers.pyc
byte-compiling /Users/jamie/Documents/Projects/python/py2app-error/.venv/lib/python3.11/site-packages/pkg_resources/_vendor/packaging/tags.py to pkg_resources/_vendor/packaging/tags.pyc
byte-compiling /Users/jamie/Documents/Projects/python/py2app-error/.venv/lib/python3.11/site-packages/pkg_resources/_vendor/packaging/utils.py to pkg_resources/_vendor/packaging/utils.pyc
byte-compiling /Users/jamie/Documents/Projects/python/py2app-error/.venv/lib/python3.11/site-packages/pkg_resources/_vendor/packaging/version.py to pkg_resources/_vendor/packaging/version.pyc
byte-compiling /Users/jamie/Documents/Projects/python/py2app-error/.venv/lib/python3.11/site-packages/pkg_resources/_vendor/pyparsing/__init__.py to pkg_resources/_vendor/pyparsing/__init__.pyc
creating /Users/jamie/Documents/Projects/python/py2app-error/build/bdist.macosx-14.0-arm64/python3.11-standalone/app/collect/pkg_resources/_vendor/pyparsing
byte-compiling /Users/jamie/Documents/Projects/python/py2app-error/.venv/lib/python3.11/site-packages/pkg_resources/_vendor/pyparsing/actions.py to pkg_resources/_vendor/pyparsing/actions.pyc
byte-compiling /Users/jamie/Documents/Projects/python/py2app-error/.venv/lib/python3.11/site-packages/pkg_resources/_vendor/pyparsing/common.py to pkg_resources/_vendor/pyparsing/common.pyc
byte-compiling /Users/jamie/Documents/Projects/python/py2app-error/.venv/lib/python3.11/site-packages/pkg_resources/_vendor/pyparsing/core.py to pkg_resources/_vendor/pyparsing/core.pyc
byte-compiling /Users/jamie/Documents/Projects/python/py2app-error/.venv/lib/python3.11/site-packages/pkg_resources/_vendor/pyparsing/diagram/__init__.py to pkg_resources/_vendor/pyparsing/diagram/__init__.pyc
creating /Users/jamie/Documents/Projects/python/py2app-error/build/bdist.macosx-14.0-arm64/python3.11-standalone/app/collect/pkg_resources/_vendor/pyparsing/diagram
byte-compiling /Users/jamie/Documents/Projects/python/py2app-error/.venv/lib/python3.11/site-packages/pkg_resources/_vendor/pyparsing/exceptions.py to pkg_resources/_vendor/pyparsing/exceptions.pyc
byte-compiling /Users/jamie/Documents/Projects/python/py2app-error/.venv/lib/python3.11/site-packages/pkg_resources/_vendor/pyparsing/helpers.py to pkg_resources/_vendor/pyparsing/helpers.pyc
byte-compiling /Users/jamie/Documents/Projects/python/py2app-error/.venv/lib/python3.11/site-packages/pkg_resources/_vendor/pyparsing/results.py to pkg_resources/_vendor/pyparsing/results.pyc
byte-compiling /Users/jamie/Documents/Projects/python/py2app-error/.venv/lib/python3.11/site-packages/pkg_resources/_vendor/pyparsing/testing.py to pkg_resources/_vendor/pyparsing/testing.pyc
byte-compiling /Users/jamie/Documents/Projects/python/py2app-error/.venv/lib/python3.11/site-packages/pkg_resources/_vendor/pyparsing/unicode.py to pkg_resources/_vendor/pyparsing/unicode.pyc
byte-compiling /Users/jamie/Documents/Projects/python/py2app-error/.venv/lib/python3.11/site-packages/pkg_resources/_vendor/pyparsing/util.py to pkg_resources/_vendor/pyparsing/util.pyc
byte-compiling /Users/jamie/Documents/Projects/python/py2app-error/.venv/lib/python3.11/site-packages/pkg_resources/_vendor/zipp.py to pkg_resources/_vendor/zipp.pyc
byte-compiling /Users/jamie/Documents/Projects/python/py2app-error/.venv/lib/python3.11/site-packages/pkg_resources/extern/__init__.py to pkg_resources/extern/__init__.pyc
creating /Users/jamie/Documents/Projects/python/py2app-error/build/bdist.macosx-14.0-arm64/python3.11-standalone/app/collect/pkg_resources/extern
byte-compiling /Users/jamie/Documents/Projects/python/py2app-error/.venv/lib/python3.11/site-packages/setuptools/__init__.py to setuptools/__init__.pyc
creating /Users/jamie/Documents/Projects/python/py2app-error/build/bdist.macosx-14.0-arm64/python3.11-standalone/app/collect/setuptools
byte-compiling /Users/jamie/Documents/Projects/python/py2app-error/.venv/lib/python3.11/site-packages/setuptools/_deprecation_warning.py to setuptools/_deprecation_warning.pyc
byte-compiling /Users/jamie/Documents/Projects/python/py2app-error/.venv/lib/python3.11/site-packages/setuptools/_entry_points.py to setuptools/_entry_points.pyc
byte-compiling /Users/jamie/Documents/Projects/python/py2app-error/.venv/lib/python3.11/site-packages/setuptools/_imp.py to setuptools/_imp.pyc
byte-compiling /Users/jamie/Documents/Projects/python/py2app-error/.venv/lib/python3.11/site-packages/setuptools/_importlib.py to setuptools/_importlib.pyc
byte-compiling /Users/jamie/Documents/Projects/python/py2app-error/.venv/lib/python3.11/site-packages/setuptools/_itertools.py to setuptools/_itertools.pyc
byte-compiling /Users/jamie/Documents/Projects/python/py2app-error/.venv/lib/python3.11/site-packages/setuptools/_path.py to setuptools/_path.pyc
byte-compiling /Users/jamie/Documents/Projects/python/py2app-error/.venv/lib/python3.11/site-packages/setuptools/_reqs.py to setuptools/_reqs.pyc
byte-compiling /Users/jamie/Documents/Projects/python/py2app-error/.venv/lib/python3.11/site-packages/setuptools/_vendor/__init__.py to setuptools/_vendor/__init__.pyc
creating /Users/jamie/Documents/Projects/python/py2app-error/build/bdist.macosx-14.0-arm64/python3.11-standalone/app/collect/setuptools/_vendor
byte-compiling /Users/jamie/Documents/Projects/python/py2app-error/.venv/lib/python3.11/site-packages/setuptools/_vendor/packaging/__about__.py to setuptools/_vendor/packaging/__about__.pyc
creating /Users/jamie/Documents/Projects/python/py2app-error/build/bdist.macosx-14.0-arm64/python3.11-standalone/app/collect/setuptools/_vendor/packaging
byte-compiling /Users/jamie/Documents/Projects/python/py2app-error/.venv/lib/python3.11/site-packages/setuptools/_vendor/packaging/__init__.py to setuptools/_vendor/packaging/__init__.pyc
byte-compiling /Users/jamie/Documents/Projects/python/py2app-error/.venv/lib/python3.11/site-packages/setuptools/_vendor/packaging/_manylinux.py to setuptools/_vendor/packaging/_manylinux.pyc
byte-compiling /Users/jamie/Documents/Projects/python/py2app-error/.venv/lib/python3.11/site-packages/setuptools/_vendor/packaging/_musllinux.py to setuptools/_vendor/packaging/_musllinux.pyc
byte-compiling /Users/jamie/Documents/Projects/python/py2app-error/.venv/lib/python3.11/site-packages/setuptools/_vendor/packaging/_structures.py to setuptools/_vendor/packaging/_structures.pyc
byte-compiling /Users/jamie/Documents/Projects/python/py2app-error/.venv/lib/python3.11/site-packages/setuptools/_vendor/packaging/markers.py to setuptools/_vendor/packaging/markers.pyc
byte-compiling /Users/jamie/Documents/Projects/python/py2app-error/.venv/lib/python3.11/site-packages/setuptools/_vendor/packaging/requirements.py to setuptools/_vendor/packaging/requirements.pyc
byte-compiling /Users/jamie/Documents/Projects/python/py2app-error/.venv/lib/python3.11/site-packages/setuptools/_vendor/packaging/specifiers.py to setuptools/_vendor/packaging/specifiers.pyc
byte-compiling /Users/jamie/Documents/Projects/python/py2app-error/.venv/lib/python3.11/site-packages/setuptools/_vendor/packaging/tags.py to setuptools/_vendor/packaging/tags.pyc
byte-compiling /Users/jamie/Documents/Projects/python/py2app-error/.venv/lib/python3.11/site-packages/setuptools/_vendor/packaging/utils.py to setuptools/_vendor/packaging/utils.pyc
byte-compiling /Users/jamie/Documents/Projects/python/py2app-error/.venv/lib/python3.11/site-packages/setuptools/_vendor/packaging/version.py to setuptools/_vendor/packaging/version.pyc
byte-compiling /Users/jamie/Documents/Projects/python/py2app-error/.venv/lib/python3.11/site-packages/setuptools/archive_util.py to setuptools/archive_util.pyc
byte-compiling /Users/jamie/Documents/Projects/python/py2app-error/.venv/lib/python3.11/site-packages/setuptools/command/__init__.py to setuptools/command/__init__.pyc
creating /Users/jamie/Documents/Projects/python/py2app-error/build/bdist.macosx-14.0-arm64/python3.11-standalone/app/collect/setuptools/command
byte-compiling /Users/jamie/Documents/Projects/python/py2app-error/.venv/lib/python3.11/site-packages/setuptools/command/bdist_egg.py to setuptools/command/bdist_egg.pyc
byte-compiling /Users/jamie/Documents/Projects/python/py2app-error/.venv/lib/python3.11/site-packages/setuptools/command/bdist_rpm.py to setuptools/command/bdist_rpm.pyc
byte-compiling /Users/jamie/Documents/Projects/python/py2app-error/.venv/lib/python3.11/site-packages/setuptools/command/build.py to setuptools/command/build.pyc
byte-compiling /Users/jamie/Documents/Projects/python/py2app-error/.venv/lib/python3.11/site-packages/setuptools/command/develop.py to setuptools/command/develop.pyc
byte-compiling /Users/jamie/Documents/Projects/python/py2app-error/.venv/lib/python3.11/site-packages/setuptools/command/easy_install.py to setuptools/command/easy_install.pyc
byte-compiling /Users/jamie/Documents/Projects/python/py2app-error/.venv/lib/python3.11/site-packages/setuptools/command/egg_info.py to setuptools/command/egg_info.pyc
byte-compiling /Users/jamie/Documents/Projects/python/py2app-error/.venv/lib/python3.11/site-packages/setuptools/command/install.py to setuptools/command/install.pyc
byte-compiling /Users/jamie/Documents/Projects/python/py2app-error/.venv/lib/python3.11/site-packages/setuptools/command/py36compat.py to setuptools/command/py36compat.pyc
byte-compiling /Users/jamie/Documents/Projects/python/py2app-error/.venv/lib/python3.11/site-packages/setuptools/command/sdist.py to setuptools/command/sdist.pyc
byte-compiling /Users/jamie/Documents/Projects/python/py2app-error/.venv/lib/python3.11/site-packages/setuptools/command/setopt.py to setuptools/command/setopt.pyc
byte-compiling /Users/jamie/Documents/Projects/python/py2app-error/.venv/lib/python3.11/site-packages/setuptools/config/__init__.py to setuptools/config/__init__.pyc
creating /Users/jamie/Documents/Projects/python/py2app-error/build/bdist.macosx-14.0-arm64/python3.11-standalone/app/collect/setuptools/config
byte-compiling /Users/jamie/Documents/Projects/python/py2app-error/.venv/lib/python3.11/site-packages/setuptools/config/_apply_pyprojecttoml.py to setuptools/config/_apply_pyprojecttoml.pyc
byte-compiling /Users/jamie/Documents/Projects/python/py2app-error/.venv/lib/python3.11/site-packages/setuptools/config/_validate_pyproject/__init__.py to setuptools/config/_validate_pyproject/__init__.pyc
creating /Users/jamie/Documents/Projects/python/py2app-error/build/bdist.macosx-14.0-arm64/python3.11-standalone/app/collect/setuptools/config/_validate_pyproject
byte-compiling /Users/jamie/Documents/Projects/python/py2app-error/.venv/lib/python3.11/site-packages/setuptools/config/_validate_pyproject/error_reporting.py to setuptools/config/_validate_pyproject/error_reporting.pyc
byte-compiling /Users/jamie/Documents/Projects/python/py2app-error/.venv/lib/python3.11/site-packages/setuptools/config/_validate_pyproject/extra_validations.py to setuptools/config/_validate_pyproject/extra_validations.pyc
byte-compiling /Users/jamie/Documents/Projects/python/py2app-error/.venv/lib/python3.11/site-packages/setuptools/config/_validate_pyproject/fastjsonschema_exceptions.py to setuptools/config/_validate_pyproject/fastjsonschema_exceptions.pyc
byte-compiling /Users/jamie/Documents/Projects/python/py2app-error/.venv/lib/python3.11/site-packages/setuptools/config/_validate_pyproject/fastjsonschema_validations.py to setuptools/config/_validate_pyproject/fastjsonschema_validations.pyc
byte-compiling /Users/jamie/Documents/Projects/python/py2app-error/.venv/lib/python3.11/site-packages/setuptools/config/_validate_pyproject/formats.py to setuptools/config/_validate_pyproject/formats.pyc
byte-compiling /Users/jamie/Documents/Projects/python/py2app-error/.venv/lib/python3.11/site-packages/setuptools/config/expand.py to setuptools/config/expand.pyc
byte-compiling /Users/jamie/Documents/Projects/python/py2app-error/.venv/lib/python3.11/site-packages/setuptools/config/pyprojecttoml.py to setuptools/config/pyprojecttoml.pyc
byte-compiling /Users/jamie/Documents/Projects/python/py2app-error/.venv/lib/python3.11/site-packages/setuptools/config/setupcfg.py to setuptools/config/setupcfg.pyc
byte-compiling /Users/jamie/Documents/Projects/python/py2app-error/.venv/lib/python3.11/site-packages/setuptools/depends.py to setuptools/depends.pyc
byte-compiling /Users/jamie/Documents/Projects/python/py2app-error/.venv/lib/python3.11/site-packages/setuptools/discovery.py to setuptools/discovery.pyc
byte-compiling /Users/jamie/Documents/Projects/python/py2app-error/.venv/lib/python3.11/site-packages/setuptools/dist.py to setuptools/dist.pyc
byte-compiling /Users/jamie/Documents/Projects/python/py2app-error/.venv/lib/python3.11/site-packages/setuptools/errors.py to setuptools/errors.pyc
byte-compiling /Users/jamie/Documents/Projects/python/py2app-error/.venv/lib/python3.11/site-packages/setuptools/extension.py to setuptools/extension.pyc
byte-compiling /Users/jamie/Documents/Projects/python/py2app-error/.venv/lib/python3.11/site-packages/setuptools/extern/__init__.py to setuptools/extern/__init__.pyc
creating /Users/jamie/Documents/Projects/python/py2app-error/build/bdist.macosx-14.0-arm64/python3.11-standalone/app/collect/setuptools/extern
byte-compiling /Users/jamie/Documents/Projects/python/py2app-error/.venv/lib/python3.11/site-packages/setuptools/glob.py to setuptools/glob.pyc
byte-compiling /Users/jamie/Documents/Projects/python/py2app-error/.venv/lib/python3.11/site-packages/setuptools/installer.py to setuptools/installer.pyc
byte-compiling /Users/jamie/Documents/Projects/python/py2app-error/.venv/lib/python3.11/site-packages/setuptools/logging.py to setuptools/logging.pyc
byte-compiling /Users/jamie/Documents/Projects/python/py2app-error/.venv/lib/python3.11/site-packages/setuptools/monkey.py to setuptools/monkey.pyc
byte-compiling /Users/jamie/Documents/Projects/python/py2app-error/.venv/lib/python3.11/site-packages/setuptools/namespaces.py to setuptools/namespaces.pyc
byte-compiling /Users/jamie/Documents/Projects/python/py2app-error/.venv/lib/python3.11/site-packages/setuptools/package_index.py to setuptools/package_index.pyc
byte-compiling /Users/jamie/Documents/Projects/python/py2app-error/.venv/lib/python3.11/site-packages/setuptools/py34compat.py to setuptools/py34compat.pyc
byte-compiling /Users/jamie/Documents/Projects/python/py2app-error/.venv/lib/python3.11/site-packages/setuptools/sandbox.py to setuptools/sandbox.pyc
byte-compiling /Users/jamie/Documents/Projects/python/py2app-error/.venv/lib/python3.11/site-packages/setuptools/unicode_utils.py to setuptools/unicode_utils.pyc
byte-compiling /Users/jamie/Documents/Projects/python/py2app-error/.venv/lib/python3.11/site-packages/setuptools/version.py to setuptools/version.pyc
byte-compiling /Users/jamie/Documents/Projects/python/py2app-error/.venv/lib/python3.11/site-packages/setuptools/wheel.py to setuptools/wheel.pyc
byte-compiling /Users/jamie/Documents/Projects/python/py2app-error/.venv/lib/python3.11/site-packages/setuptools/windows_support.py to setuptools/windows_support.pyc
byte-compiling /Users/jamie/Documents/Projects/python/py2app-error/.venv/lib/python3.11/site-packages/six.py to six.pyc
byte-compiling /Users/jamie/Documents/Projects/python/py2app-error/build/bdist.macosx-14.0-arm64/python3.11-standalone/app/temp/empty_package/__init__.py to numpy/random/_examples/cffi/__init__.pyc
creating /Users/jamie/Documents/Projects/python/py2app-error/build/bdist.macosx-14.0-arm64/python3.11-standalone/app/collect/numpy
creating /Users/jamie/Documents/Projects/python/py2app-error/build/bdist.macosx-14.0-arm64/python3.11-standalone/app/collect/numpy/random
creating /Users/jamie/Documents/Projects/python/py2app-error/build/bdist.macosx-14.0-arm64/python3.11-standalone/app/collect/numpy/random/_examples
creating /Users/jamie/Documents/Projects/python/py2app-error/build/bdist.macosx-14.0-arm64/python3.11-standalone/app/collect/numpy/random/_examples/cffi
byte-compiling /Users/jamie/Documents/Projects/python/py2app-error/build/bdist.macosx-14.0-arm64/python3.11-standalone/app/temp/empty_package/__init__.py to numpy/random/_examples/__init__.pyc
byte-compiling /Users/jamie/Documents/Projects/python/py2app-error/build/bdist.macosx-14.0-arm64/python3.11-standalone/app/temp/empty_package/__init__.py to numpy/random/_examples/numba/__init__.pyc
creating /Users/jamie/Documents/Projects/python/py2app-error/build/bdist.macosx-14.0-arm64/python3.11-standalone/app/collect/numpy/random/_examples/numba
byte-compiling /opt/local/Library/Frameworks/Python.framework/Versions/3.11/lib/python3.11/__future__.py to __future__.pyc
byte-compiling /opt/local/Library/Frameworks/Python.framework/Versions/3.11/lib/python3.11/_aix_support.py to _aix_support.pyc
byte-compiling /opt/local/Library/Frameworks/Python.framework/Versions/3.11/lib/python3.11/_bootsubprocess.py to _bootsubprocess.pyc
byte-compiling /opt/local/Library/Frameworks/Python.framework/Versions/3.11/lib/python3.11/_collections_abc.py to _collections_abc.pyc
byte-compiling /opt/local/Library/Frameworks/Python.framework/Versions/3.11/lib/python3.11/_compat_pickle.py to _compat_pickle.pyc
byte-compiling /opt/local/Library/Frameworks/Python.framework/Versions/3.11/lib/python3.11/_compression.py to _compression.pyc
byte-compiling /opt/local/Library/Frameworks/Python.framework/Versions/3.11/lib/python3.11/_markupbase.py to _markupbase.pyc
byte-compiling /opt/local/Library/Frameworks/Python.framework/Versions/3.11/lib/python3.11/_osx_support.py to _osx_support.pyc
byte-compiling /opt/local/Library/Frameworks/Python.framework/Versions/3.11/lib/python3.11/_py_abc.py to _py_abc.pyc
byte-compiling /opt/local/Library/Frameworks/Python.framework/Versions/3.11/lib/python3.11/_pydecimal.py to _pydecimal.pyc
byte-compiling /opt/local/Library/Frameworks/Python.framework/Versions/3.11/lib/python3.11/_sitebuiltins.py to _sitebuiltins.pyc
byte-compiling /opt/local/Library/Frameworks/Python.framework/Versions/3.11/lib/python3.11/_strptime.py to _strptime.pyc
byte-compiling /opt/local/Library/Frameworks/Python.framework/Versions/3.11/lib/python3.11/_sysconfigdata__darwin_darwin.py to _sysconfigdata__darwin_darwin.pyc
byte-compiling /opt/local/Library/Frameworks/Python.framework/Versions/3.11/lib/python3.11/_threading_local.py to _threading_local.pyc
byte-compiling /opt/local/Library/Frameworks/Python.framework/Versions/3.11/lib/python3.11/_weakrefset.py to _weakrefset.pyc
byte-compiling /opt/local/Library/Frameworks/Python.framework/Versions/3.11/lib/python3.11/abc.py to abc.pyc
byte-compiling /opt/local/Library/Frameworks/Python.framework/Versions/3.11/lib/python3.11/argparse.py to argparse.pyc
byte-compiling /opt/local/Library/Frameworks/Python.framework/Versions/3.11/lib/python3.11/ast.py to ast.pyc
byte-compiling /opt/local/Library/Frameworks/Python.framework/Versions/3.11/lib/python3.11/asyncio/__init__.py to asyncio/__init__.pyc
creating /Users/jamie/Documents/Projects/python/py2app-error/build/bdist.macosx-14.0-arm64/python3.11-standalone/app/collect/asyncio
byte-compiling /opt/local/Library/Frameworks/Python.framework/Versions/3.11/lib/python3.11/asyncio/base_events.py to asyncio/base_events.pyc
byte-compiling /opt/local/Library/Frameworks/Python.framework/Versions/3.11/lib/python3.11/asyncio/base_futures.py to asyncio/base_futures.pyc
byte-compiling /opt/local/Library/Frameworks/Python.framework/Versions/3.11/lib/python3.11/asyncio/base_subprocess.py to asyncio/base_subprocess.pyc
byte-compiling /opt/local/Library/Frameworks/Python.framework/Versions/3.11/lib/python3.11/asyncio/base_tasks.py to asyncio/base_tasks.pyc
byte-compiling /opt/local/Library/Frameworks/Python.framework/Versions/3.11/lib/python3.11/asyncio/constants.py to asyncio/constants.pyc
byte-compiling /opt/local/Library/Frameworks/Python.framework/Versions/3.11/lib/python3.11/asyncio/coroutines.py to asyncio/coroutines.pyc
byte-compiling /opt/local/Library/Frameworks/Python.framework/Versions/3.11/lib/python3.11/asyncio/events.py to asyncio/events.pyc
byte-compiling /opt/local/Library/Frameworks/Python.framework/Versions/3.11/lib/python3.11/asyncio/exceptions.py to asyncio/exceptions.pyc
byte-compiling /opt/local/Library/Frameworks/Python.framework/Versions/3.11/lib/python3.11/asyncio/format_helpers.py to asyncio/format_helpers.pyc
byte-compiling /opt/local/Library/Frameworks/Python.framework/Versions/3.11/lib/python3.11/asyncio/futures.py to asyncio/futures.pyc
byte-compiling /opt/local/Library/Frameworks/Python.framework/Versions/3.11/lib/python3.11/asyncio/locks.py to asyncio/locks.pyc
byte-compiling /opt/local/Library/Frameworks/Python.framework/Versions/3.11/lib/python3.11/asyncio/log.py to asyncio/log.pyc
byte-compiling /opt/local/Library/Frameworks/Python.framework/Versions/3.11/lib/python3.11/asyncio/mixins.py to asyncio/mixins.pyc
byte-compiling /opt/local/Library/Frameworks/Python.framework/Versions/3.11/lib/python3.11/asyncio/proactor_events.py to asyncio/proactor_events.pyc
byte-compiling /opt/local/Library/Frameworks/Python.framework/Versions/3.11/lib/python3.11/asyncio/protocols.py to asyncio/protocols.pyc
byte-compiling /opt/local/Library/Frameworks/Python.framework/Versions/3.11/lib/python3.11/asyncio/queues.py to asyncio/queues.pyc
byte-compiling /opt/local/Library/Frameworks/Python.framework/Versions/3.11/lib/python3.11/asyncio/runners.py to asyncio/runners.pyc
byte-compiling /opt/local/Library/Frameworks/Python.framework/Versions/3.11/lib/python3.11/asyncio/selector_events.py to asyncio/selector_events.pyc
byte-compiling /opt/local/Library/Frameworks/Python.framework/Versions/3.11/lib/python3.11/asyncio/sslproto.py to asyncio/sslproto.pyc
byte-compiling /opt/local/Library/Frameworks/Python.framework/Versions/3.11/lib/python3.11/asyncio/staggered.py to asyncio/staggered.pyc
byte-compiling /opt/local/Library/Frameworks/Python.framework/Versions/3.11/lib/python3.11/asyncio/streams.py to asyncio/streams.pyc
byte-compiling /opt/local/Library/Frameworks/Python.framework/Versions/3.11/lib/python3.11/asyncio/subprocess.py to asyncio/subprocess.pyc
byte-compiling /opt/local/Library/Frameworks/Python.framework/Versions/3.11/lib/python3.11/asyncio/taskgroups.py to asyncio/taskgroups.pyc
byte-compiling /opt/local/Library/Frameworks/Python.framework/Versions/3.11/lib/python3.11/asyncio/tasks.py to asyncio/tasks.pyc
byte-compiling /opt/local/Library/Frameworks/Python.framework/Versions/3.11/lib/python3.11/asyncio/threads.py to asyncio/threads.pyc
byte-compiling /opt/local/Library/Frameworks/Python.framework/Versions/3.11/lib/python3.11/asyncio/timeouts.py to asyncio/timeouts.pyc
byte-compiling /opt/local/Library/Frameworks/Python.framework/Versions/3.11/lib/python3.11/asyncio/transports.py to asyncio/transports.pyc
byte-compiling /opt/local/Library/Frameworks/Python.framework/Versions/3.11/lib/python3.11/asyncio/trsock.py to asyncio/trsock.pyc
byte-compiling /opt/local/Library/Frameworks/Python.framework/Versions/3.11/lib/python3.11/asyncio/unix_events.py to asyncio/unix_events.pyc
byte-compiling /opt/local/Library/Frameworks/Python.framework/Versions/3.11/lib/python3.11/asyncio/windows_events.py to asyncio/windows_events.pyc
byte-compiling /opt/local/Library/Frameworks/Python.framework/Versions/3.11/lib/python3.11/asyncio/windows_utils.py to asyncio/windows_utils.pyc
byte-compiling /opt/local/Library/Frameworks/Python.framework/Versions/3.11/lib/python3.11/base64.py to base64.pyc
byte-compiling /opt/local/Library/Frameworks/Python.framework/Versions/3.11/lib/python3.11/bdb.py to bdb.pyc
byte-compiling /opt/local/Library/Frameworks/Python.framework/Versions/3.11/lib/python3.11/bisect.py to bisect.pyc
byte-compiling /opt/local/Library/Frameworks/Python.framework/Versions/3.11/lib/python3.11/bz2.py to bz2.pyc
byte-compiling /opt/local/Library/Frameworks/Python.framework/Versions/3.11/lib/python3.11/calendar.py to calendar.pyc
byte-compiling /opt/local/Library/Frameworks/Python.framework/Versions/3.11/lib/python3.11/cgi.py to cgi.pyc
byte-compiling /opt/local/Library/Frameworks/Python.framework/Versions/3.11/lib/python3.11/cmd.py to cmd.pyc
byte-compiling /opt/local/Library/Frameworks/Python.framework/Versions/3.11/lib/python3.11/code.py to code.pyc
byte-compiling /opt/local/Library/Frameworks/Python.framework/Versions/3.11/lib/python3.11/codecs.py to codecs.pyc
byte-compiling /opt/local/Library/Frameworks/Python.framework/Versions/3.11/lib/python3.11/codeop.py to codeop.pyc
byte-compiling /opt/local/Library/Frameworks/Python.framework/Versions/3.11/lib/python3.11/collections/__init__.py to collections/__init__.pyc
creating /Users/jamie/Documents/Projects/python/py2app-error/build/bdist.macosx-14.0-arm64/python3.11-standalone/app/collect/collections
byte-compiling /opt/local/Library/Frameworks/Python.framework/Versions/3.11/lib/python3.11/collections/abc.py to collections/abc.pyc
byte-compiling /opt/local/Library/Frameworks/Python.framework/Versions/3.11/lib/python3.11/colorsys.py to colorsys.pyc
byte-compiling /opt/local/Library/Frameworks/Python.framework/Versions/3.11/lib/python3.11/compileall.py to compileall.pyc
byte-compiling /opt/local/Library/Frameworks/Python.framework/Versions/3.11/lib/python3.11/concurrent/__init__.py to concurrent/__init__.pyc
creating /Users/jamie/Documents/Projects/python/py2app-error/build/bdist.macosx-14.0-arm64/python3.11-standalone/app/collect/concurrent
byte-compiling /opt/local/Library/Frameworks/Python.framework/Versions/3.11/lib/python3.11/concurrent/futures/__init__.py to concurrent/futures/__init__.pyc
creating /Users/jamie/Documents/Projects/python/py2app-error/build/bdist.macosx-14.0-arm64/python3.11-standalone/app/collect/concurrent/futures
byte-compiling /opt/local/Library/Frameworks/Python.framework/Versions/3.11/lib/python3.11/concurrent/futures/_base.py to concurrent/futures/_base.pyc
byte-compiling /opt/local/Library/Frameworks/Python.framework/Versions/3.11/lib/python3.11/concurrent/futures/process.py to concurrent/futures/process.pyc
byte-compiling /opt/local/Library/Frameworks/Python.framework/Versions/3.11/lib/python3.11/concurrent/futures/thread.py to concurrent/futures/thread.pyc
byte-compiling /opt/local/Library/Frameworks/Python.framework/Versions/3.11/lib/python3.11/configparser.py to configparser.pyc
byte-compiling /opt/local/Library/Frameworks/Python.framework/Versions/3.11/lib/python3.11/contextlib.py to contextlib.pyc
byte-compiling /opt/local/Library/Frameworks/Python.framework/Versions/3.11/lib/python3.11/contextvars.py to contextvars.pyc
byte-compiling /opt/local/Library/Frameworks/Python.framework/Versions/3.11/lib/python3.11/copy.py to copy.pyc
byte-compiling /opt/local/Library/Frameworks/Python.framework/Versions/3.11/lib/python3.11/copyreg.py to copyreg.pyc
byte-compiling /opt/local/Library/Frameworks/Python.framework/Versions/3.11/lib/python3.11/csv.py to csv.pyc
byte-compiling /opt/local/Library/Frameworks/Python.framework/Versions/3.11/lib/python3.11/ctypes/__init__.py to ctypes/__init__.pyc
creating /Users/jamie/Documents/Projects/python/py2app-error/build/bdist.macosx-14.0-arm64/python3.11-standalone/app/collect/ctypes
byte-compiling /opt/local/Library/Frameworks/Python.framework/Versions/3.11/lib/python3.11/ctypes/_aix.py to ctypes/_aix.pyc
byte-compiling /opt/local/Library/Frameworks/Python.framework/Versions/3.11/lib/python3.11/ctypes/_endian.py to ctypes/_endian.pyc
byte-compiling /opt/local/Library/Frameworks/Python.framework/Versions/3.11/lib/python3.11/ctypes/macholib/__init__.py to ctypes/macholib/__init__.pyc
creating /Users/jamie/Documents/Projects/python/py2app-error/build/bdist.macosx-14.0-arm64/python3.11-standalone/app/collect/ctypes/macholib
byte-compiling /opt/local/Library/Frameworks/Python.framework/Versions/3.11/lib/python3.11/ctypes/macholib/dyld.py to ctypes/macholib/dyld.pyc
byte-compiling /opt/local/Library/Frameworks/Python.framework/Versions/3.11/lib/python3.11/ctypes/macholib/dylib.py to ctypes/macholib/dylib.pyc
byte-compiling /opt/local/Library/Frameworks/Python.framework/Versions/3.11/lib/python3.11/ctypes/macholib/framework.py to ctypes/macholib/framework.pyc
byte-compiling /opt/local/Library/Frameworks/Python.framework/Versions/3.11/lib/python3.11/ctypes/util.py to ctypes/util.pyc
byte-compiling /opt/local/Library/Frameworks/Python.framework/Versions/3.11/lib/python3.11/ctypes/wintypes.py to ctypes/wintypes.pyc
byte-compiling /opt/local/Library/Frameworks/Python.framework/Versions/3.11/lib/python3.11/curses/__init__.py to curses/__init__.pyc
creating /Users/jamie/Documents/Projects/python/py2app-error/build/bdist.macosx-14.0-arm64/python3.11-standalone/app/collect/curses
byte-compiling /opt/local/Library/Frameworks/Python.framework/Versions/3.11/lib/python3.11/curses/has_key.py to curses/has_key.pyc
byte-compiling /opt/local/Library/Frameworks/Python.framework/Versions/3.11/lib/python3.11/dataclasses.py to dataclasses.pyc
byte-compiling /opt/local/Library/Frameworks/Python.framework/Versions/3.11/lib/python3.11/datetime.py to datetime.pyc
byte-compiling /opt/local/Library/Frameworks/Python.framework/Versions/3.11/lib/python3.11/dbm/__init__.py to dbm/__init__.pyc
creating /Users/jamie/Documents/Projects/python/py2app-error/build/bdist.macosx-14.0-arm64/python3.11-standalone/app/collect/dbm
byte-compiling /opt/local/Library/Frameworks/Python.framework/Versions/3.11/lib/python3.11/dbm/gnu.py to dbm/gnu.pyc
byte-compiling /opt/local/Library/Frameworks/Python.framework/Versions/3.11/lib/python3.11/dbm/ndbm.py to dbm/ndbm.pyc
byte-compiling /opt/local/Library/Frameworks/Python.framework/Versions/3.11/lib/python3.11/decimal.py to decimal.pyc
byte-compiling /opt/local/Library/Frameworks/Python.framework/Versions/3.11/lib/python3.11/difflib.py to difflib.pyc
byte-compiling /opt/local/Library/Frameworks/Python.framework/Versions/3.11/lib/python3.11/dis.py to dis.pyc
byte-compiling /opt/local/Library/Frameworks/Python.framework/Versions/3.11/lib/python3.11/distutils/__init__.py to distutils/__init__.pyc
creating /Users/jamie/Documents/Projects/python/py2app-error/build/bdist.macosx-14.0-arm64/python3.11-standalone/app/collect/distutils
byte-compiling /opt/local/Library/Frameworks/Python.framework/Versions/3.11/lib/python3.11/distutils/_msvccompiler.py to distutils/_msvccompiler.pyc
byte-compiling /opt/local/Library/Frameworks/Python.framework/Versions/3.11/lib/python3.11/distutils/archive_util.py to distutils/archive_util.pyc
byte-compiling /opt/local/Library/Frameworks/Python.framework/Versions/3.11/lib/python3.11/distutils/ccompiler.py to distutils/ccompiler.pyc
byte-compiling /opt/local/Library/Frameworks/Python.framework/Versions/3.11/lib/python3.11/distutils/cmd.py to distutils/cmd.pyc
byte-compiling /opt/local/Library/Frameworks/Python.framework/Versions/3.11/lib/python3.11/distutils/command/__init__.py to distutils/command/__init__.pyc
creating /Users/jamie/Documents/Projects/python/py2app-error/build/bdist.macosx-14.0-arm64/python3.11-standalone/app/collect/distutils/command
byte-compiling /opt/local/Library/Frameworks/Python.framework/Versions/3.11/lib/python3.11/distutils/command/bdist.py to distutils/command/bdist.pyc
byte-compiling /opt/local/Library/Frameworks/Python.framework/Versions/3.11/lib/python3.11/distutils/command/bdist_rpm.py to distutils/command/bdist_rpm.pyc
byte-compiling /opt/local/Library/Frameworks/Python.framework/Versions/3.11/lib/python3.11/distutils/command/build.py to distutils/command/build.pyc
byte-compiling /opt/local/Library/Frameworks/Python.framework/Versions/3.11/lib/python3.11/distutils/command/build_clib.py to distutils/command/build_clib.pyc
byte-compiling /opt/local/Library/Frameworks/Python.framework/Versions/3.11/lib/python3.11/distutils/command/build_ext.py to distutils/command/build_ext.pyc
byte-compiling /opt/local/Library/Frameworks/Python.framework/Versions/3.11/lib/python3.11/distutils/command/build_py.py to distutils/command/build_py.pyc
byte-compiling /opt/local/Library/Frameworks/Python.framework/Versions/3.11/lib/python3.11/distutils/command/build_scripts.py to distutils/command/build_scripts.pyc
byte-compiling /opt/local/Library/Frameworks/Python.framework/Versions/3.11/lib/python3.11/distutils/command/config.py to distutils/command/config.pyc
byte-compiling /opt/local/Library/Frameworks/Python.framework/Versions/3.11/lib/python3.11/distutils/command/install.py to distutils/command/install.pyc
byte-compiling /opt/local/Library/Frameworks/Python.framework/Versions/3.11/lib/python3.11/distutils/command/install_data.py to distutils/command/install_data.pyc
byte-compiling /opt/local/Library/Frameworks/Python.framework/Versions/3.11/lib/python3.11/distutils/command/install_headers.py to distutils/command/install_headers.pyc
byte-compiling /opt/local/Library/Frameworks/Python.framework/Versions/3.11/lib/python3.11/distutils/command/sdist.py to distutils/command/sdist.pyc
byte-compiling /opt/local/Library/Frameworks/Python.framework/Versions/3.11/lib/python3.11/distutils/config.py to distutils/config.pyc
byte-compiling /opt/local/Library/Frameworks/Python.framework/Versions/3.11/lib/python3.11/distutils/core.py to distutils/core.pyc
byte-compiling /opt/local/Library/Frameworks/Python.framework/Versions/3.11/lib/python3.11/distutils/cygwinccompiler.py to distutils/cygwinccompiler.pyc
byte-compiling /opt/local/Library/Frameworks/Python.framework/Versions/3.11/lib/python3.11/distutils/debug.py to distutils/debug.pyc
byte-compiling /opt/local/Library/Frameworks/Python.framework/Versions/3.11/lib/python3.11/distutils/dep_util.py to distutils/dep_util.pyc
byte-compiling /opt/local/Library/Frameworks/Python.framework/Versions/3.11/lib/python3.11/distutils/dir_util.py to distutils/dir_util.pyc
byte-compiling /opt/local/Library/Frameworks/Python.framework/Versions/3.11/lib/python3.11/distutils/dist.py to distutils/dist.pyc
byte-compiling /opt/local/Library/Frameworks/Python.framework/Versions/3.11/lib/python3.11/distutils/errors.py to distutils/errors.pyc
byte-compiling /opt/local/Library/Frameworks/Python.framework/Versions/3.11/lib/python3.11/distutils/extension.py to distutils/extension.pyc
byte-compiling /opt/local/Library/Frameworks/Python.framework/Versions/3.11/lib/python3.11/distutils/fancy_getopt.py to distutils/fancy_getopt.pyc
byte-compiling /opt/local/Library/Frameworks/Python.framework/Versions/3.11/lib/python3.11/distutils/file_util.py to distutils/file_util.pyc
byte-compiling /opt/local/Library/Frameworks/Python.framework/Versions/3.11/lib/python3.11/distutils/filelist.py to distutils/filelist.pyc
byte-compiling /opt/local/Library/Frameworks/Python.framework/Versions/3.11/lib/python3.11/distutils/log.py to distutils/log.pyc
byte-compiling /opt/local/Library/Frameworks/Python.framework/Versions/3.11/lib/python3.11/distutils/msvc9compiler.py to distutils/msvc9compiler.pyc
byte-compiling /opt/local/Library/Frameworks/Python.framework/Versions/3.11/lib/python3.11/distutils/msvccompiler.py to distutils/msvccompiler.pyc
byte-compiling /opt/local/Library/Frameworks/Python.framework/Versions/3.11/lib/python3.11/distutils/spawn.py to distutils/spawn.pyc
byte-compiling /opt/local/Library/Frameworks/Python.framework/Versions/3.11/lib/python3.11/distutils/sysconfig.py to distutils/sysconfig.pyc
byte-compiling /opt/local/Library/Frameworks/Python.framework/Versions/3.11/lib/python3.11/distutils/text_file.py to distutils/text_file.pyc
byte-compiling /opt/local/Library/Frameworks/Python.framework/Versions/3.11/lib/python3.11/distutils/unixccompiler.py to distutils/unixccompiler.pyc
byte-compiling /opt/local/Library/Frameworks/Python.framework/Versions/3.11/lib/python3.11/distutils/util.py to distutils/util.pyc
byte-compiling /opt/local/Library/Frameworks/Python.framework/Versions/3.11/lib/python3.11/distutils/version.py to distutils/version.pyc
byte-compiling /opt/local/Library/Frameworks/Python.framework/Versions/3.11/lib/python3.11/distutils/versionpredicate.py to distutils/versionpredicate.pyc
byte-compiling /opt/local/Library/Frameworks/Python.framework/Versions/3.11/lib/python3.11/doctest.py to doctest.pyc
byte-compiling /opt/local/Library/Frameworks/Python.framework/Versions/3.11/lib/python3.11/email/__init__.py to email/__init__.pyc
creating /Users/jamie/Documents/Projects/python/py2app-error/build/bdist.macosx-14.0-arm64/python3.11-standalone/app/collect/email
byte-compiling /opt/local/Library/Frameworks/Python.framework/Versions/3.11/lib/python3.11/email/_encoded_words.py to email/_encoded_words.pyc
byte-compiling /opt/local/Library/Frameworks/Python.framework/Versions/3.11/lib/python3.11/email/_header_value_parser.py to email/_header_value_parser.pyc
byte-compiling /opt/local/Library/Frameworks/Python.framework/Versions/3.11/lib/python3.11/email/_parseaddr.py to email/_parseaddr.pyc
byte-compiling /opt/local/Library/Frameworks/Python.framework/Versions/3.11/lib/python3.11/email/_policybase.py to email/_policybase.pyc
byte-compiling /opt/local/Library/Frameworks/Python.framework/Versions/3.11/lib/python3.11/email/base64mime.py to email/base64mime.pyc
byte-compiling /opt/local/Library/Frameworks/Python.framework/Versions/3.11/lib/python3.11/email/charset.py to email/charset.pyc
byte-compiling /opt/local/Library/Frameworks/Python.framework/Versions/3.11/lib/python3.11/email/contentmanager.py to email/contentmanager.pyc
byte-compiling /opt/local/Library/Frameworks/Python.framework/Versions/3.11/lib/python3.11/email/encoders.py to email/encoders.pyc
byte-compiling /opt/local/Library/Frameworks/Python.framework/Versions/3.11/lib/python3.11/email/errors.py to email/errors.pyc
byte-compiling /opt/local/Library/Frameworks/Python.framework/Versions/3.11/lib/python3.11/email/feedparser.py to email/feedparser.pyc
byte-compiling /opt/local/Library/Frameworks/Python.framework/Versions/3.11/lib/python3.11/email/generator.py to email/generator.pyc
byte-compiling /opt/local/Library/Frameworks/Python.framework/Versions/3.11/lib/python3.11/email/header.py to email/header.pyc
byte-compiling /opt/local/Library/Frameworks/Python.framework/Versions/3.11/lib/python3.11/email/headerregistry.py to email/headerregistry.pyc
byte-compiling /opt/local/Library/Frameworks/Python.framework/Versions/3.11/lib/python3.11/email/iterators.py to email/iterators.pyc
byte-compiling /opt/local/Library/Frameworks/Python.framework/Versions/3.11/lib/python3.11/email/message.py to email/message.pyc
byte-compiling /opt/local/Library/Frameworks/Python.framework/Versions/3.11/lib/python3.11/email/mime/__init__.py to email/mime/__init__.pyc
creating /Users/jamie/Documents/Projects/python/py2app-error/build/bdist.macosx-14.0-arm64/python3.11-standalone/app/collect/email/mime
byte-compiling /opt/local/Library/Frameworks/Python.framework/Versions/3.11/lib/python3.11/email/mime/base.py to email/mime/base.pyc
byte-compiling /opt/local/Library/Frameworks/Python.framework/Versions/3.11/lib/python3.11/email/mime/multipart.py to email/mime/multipart.pyc
byte-compiling /opt/local/Library/Frameworks/Python.framework/Versions/3.11/lib/python3.11/email/mime/nonmultipart.py to email/mime/nonmultipart.pyc
byte-compiling /opt/local/Library/Frameworks/Python.framework/Versions/3.11/lib/python3.11/email/mime/text.py to email/mime/text.pyc
byte-compiling /opt/local/Library/Frameworks/Python.framework/Versions/3.11/lib/python3.11/email/parser.py to email/parser.pyc
byte-compiling /opt/local/Library/Frameworks/Python.framework/Versions/3.11/lib/python3.11/email/policy.py to email/policy.pyc
byte-compiling /opt/local/Library/Frameworks/Python.framework/Versions/3.11/lib/python3.11/email/quoprimime.py to email/quoprimime.pyc
byte-compiling /opt/local/Library/Frameworks/Python.framework/Versions/3.11/lib/python3.11/email/utils.py to email/utils.pyc
byte-compiling /opt/local/Library/Frameworks/Python.framework/Versions/3.11/lib/python3.11/encodings/__init__.py to encodings/__init__.pyc
creating /Users/jamie/Documents/Projects/python/py2app-error/build/bdist.macosx-14.0-arm64/python3.11-standalone/app/collect/encodings
byte-compiling /opt/local/Library/Frameworks/Python.framework/Versions/3.11/lib/python3.11/encodings/aliases.py to encodings/aliases.pyc
byte-compiling /opt/local/Library/Frameworks/Python.framework/Versions/3.11/lib/python3.11/encodings/ascii.py to encodings/ascii.pyc
byte-compiling /opt/local/Library/Frameworks/Python.framework/Versions/3.11/lib/python3.11/encodings/base64_codec.py to encodings/base64_codec.pyc
byte-compiling /opt/local/Library/Frameworks/Python.framework/Versions/3.11/lib/python3.11/encodings/big5.py to encodings/big5.pyc
byte-compiling /opt/local/Library/Frameworks/Python.framework/Versions/3.11/lib/python3.11/encodings/big5hkscs.py to encodings/big5hkscs.pyc
byte-compiling /opt/local/Library/Frameworks/Python.framework/Versions/3.11/lib/python3.11/encodings/bz2_codec.py to encodings/bz2_codec.pyc
byte-compiling /opt/local/Library/Frameworks/Python.framework/Versions/3.11/lib/python3.11/encodings/charmap.py to encodings/charmap.pyc
byte-compiling /opt/local/Library/Frameworks/Python.framework/Versions/3.11/lib/python3.11/encodings/cp037.py to encodings/cp037.pyc
byte-compiling /opt/local/Library/Frameworks/Python.framework/Versions/3.11/lib/python3.11/encodings/cp1006.py to encodings/cp1006.pyc
byte-compiling /opt/local/Library/Frameworks/Python.framework/Versions/3.11/lib/python3.11/encodings/cp1026.py to encodings/cp1026.pyc
byte-compiling /opt/local/Library/Frameworks/Python.framework/Versions/3.11/lib/python3.11/encodings/cp1125.py to encodings/cp1125.pyc
byte-compiling /opt/local/Library/Frameworks/Python.framework/Versions/3.11/lib/python3.11/encodings/cp1140.py to encodings/cp1140.pyc
byte-compiling /opt/local/Library/Frameworks/Python.framework/Versions/3.11/lib/python3.11/encodings/cp1250.py to encodings/cp1250.pyc
byte-compiling /opt/local/Library/Frameworks/Python.framework/Versions/3.11/lib/python3.11/encodings/cp1251.py to encodings/cp1251.pyc
byte-compiling /opt/local/Library/Frameworks/Python.framework/Versions/3.11/lib/python3.11/encodings/cp1252.py to encodings/cp1252.pyc
byte-compiling /opt/local/Library/Frameworks/Python.framework/Versions/3.11/lib/python3.11/encodings/cp1253.py to encodings/cp1253.pyc
byte-compiling /opt/local/Library/Frameworks/Python.framework/Versions/3.11/lib/python3.11/encodings/cp1254.py to encodings/cp1254.pyc
byte-compiling /opt/local/Library/Frameworks/Python.framework/Versions/3.11/lib/python3.11/encodings/cp1255.py to encodings/cp1255.pyc
byte-compiling /opt/local/Library/Frameworks/Python.framework/Versions/3.11/lib/python3.11/encodings/cp1256.py to encodings/cp1256.pyc
byte-compiling /opt/local/Library/Frameworks/Python.framework/Versions/3.11/lib/python3.11/encodings/cp1257.py to encodings/cp1257.pyc
byte-compiling /opt/local/Library/Frameworks/Python.framework/Versions/3.11/lib/python3.11/encodings/cp1258.py to encodings/cp1258.pyc
byte-compiling /opt/local/Library/Frameworks/Python.framework/Versions/3.11/lib/python3.11/encodings/cp273.py to encodings/cp273.pyc
byte-compiling /opt/local/Library/Frameworks/Python.framework/Versions/3.11/lib/python3.11/encodings/cp424.py to encodings/cp424.pyc
byte-compiling /opt/local/Library/Frameworks/Python.framework/Versions/3.11/lib/python3.11/encodings/cp437.py to encodings/cp437.pyc
byte-compiling /opt/local/Library/Frameworks/Python.framework/Versions/3.11/lib/python3.11/encodings/cp500.py to encodings/cp500.pyc
byte-compiling /opt/local/Library/Frameworks/Python.framework/Versions/3.11/lib/python3.11/encodings/cp720.py to encodings/cp720.pyc
byte-compiling /opt/local/Library/Frameworks/Python.framework/Versions/3.11/lib/python3.11/encodings/cp737.py to encodings/cp737.pyc
byte-compiling /opt/local/Library/Frameworks/Python.framework/Versions/3.11/lib/python3.11/encodings/cp775.py to encodings/cp775.pyc
byte-compiling /opt/local/Library/Frameworks/Python.framework/Versions/3.11/lib/python3.11/encodings/cp850.py to encodings/cp850.pyc
byte-compiling /opt/local/Library/Frameworks/Python.framework/Versions/3.11/lib/python3.11/encodings/cp852.py to encodings/cp852.pyc
byte-compiling /opt/local/Library/Frameworks/Python.framework/Versions/3.11/lib/python3.11/encodings/cp855.py to encodings/cp855.pyc
byte-compiling /opt/local/Library/Frameworks/Python.framework/Versions/3.11/lib/python3.11/encodings/cp856.py to encodings/cp856.pyc
byte-compiling /opt/local/Library/Frameworks/Python.framework/Versions/3.11/lib/python3.11/encodings/cp857.py to encodings/cp857.pyc
byte-compiling /opt/local/Library/Frameworks/Python.framework/Versions/3.11/lib/python3.11/encodings/cp858.py to encodings/cp858.pyc
byte-compiling /opt/local/Library/Frameworks/Python.framework/Versions/3.11/lib/python3.11/encodings/cp860.py to encodings/cp860.pyc
byte-compiling /opt/local/Library/Frameworks/Python.framework/Versions/3.11/lib/python3.11/encodings/cp861.py to encodings/cp861.pyc
byte-compiling /opt/local/Library/Frameworks/Python.framework/Versions/3.11/lib/python3.11/encodings/cp862.py to encodings/cp862.pyc
byte-compiling /opt/local/Library/Frameworks/Python.framework/Versions/3.11/lib/python3.11/encodings/cp863.py to encodings/cp863.pyc
byte-compiling /opt/local/Library/Frameworks/Python.framework/Versions/3.11/lib/python3.11/encodings/cp864.py to encodings/cp864.pyc
byte-compiling /opt/local/Library/Frameworks/Python.framework/Versions/3.11/lib/python3.11/encodings/cp865.py to encodings/cp865.pyc
byte-compiling /opt/local/Library/Frameworks/Python.framework/Versions/3.11/lib/python3.11/encodings/cp866.py to encodings/cp866.pyc
byte-compiling /opt/local/Library/Frameworks/Python.framework/Versions/3.11/lib/python3.11/encodings/cp869.py to encodings/cp869.pyc
byte-compiling /opt/local/Library/Frameworks/Python.framework/Versions/3.11/lib/python3.11/encodings/cp874.py to encodings/cp874.pyc
byte-compiling /opt/local/Library/Frameworks/Python.framework/Versions/3.11/lib/python3.11/encodings/cp875.py to encodings/cp875.pyc
byte-compiling /opt/local/Library/Frameworks/Python.framework/Versions/3.11/lib/python3.11/encodings/cp932.py to encodings/cp932.pyc
byte-compiling /opt/local/Library/Frameworks/Python.framework/Versions/3.11/lib/python3.11/encodings/cp949.py to encodings/cp949.pyc
byte-compiling /opt/local/Library/Frameworks/Python.framework/Versions/3.11/lib/python3.11/encodings/cp950.py to encodings/cp950.pyc
byte-compiling /opt/local/Library/Frameworks/Python.framework/Versions/3.11/lib/python3.11/encodings/euc_jis_2004.py to encodings/euc_jis_2004.pyc
byte-compiling /opt/local/Library/Frameworks/Python.framework/Versions/3.11/lib/python3.11/encodings/euc_jisx0213.py to encodings/euc_jisx0213.pyc
byte-compiling /opt/local/Library/Frameworks/Python.framework/Versions/3.11/lib/python3.11/encodings/euc_jp.py to encodings/euc_jp.pyc
byte-compiling /opt/local/Library/Frameworks/Python.framework/Versions/3.11/lib/python3.11/encodings/euc_kr.py to encodings/euc_kr.pyc
byte-compiling /opt/local/Library/Frameworks/Python.framework/Versions/3.11/lib/python3.11/encodings/gb18030.py to encodings/gb18030.pyc
byte-compiling /opt/local/Library/Frameworks/Python.framework/Versions/3.11/lib/python3.11/encodings/gb2312.py to encodings/gb2312.pyc
byte-compiling /opt/local/Library/Frameworks/Python.framework/Versions/3.11/lib/python3.11/encodings/gbk.py to encodings/gbk.pyc
byte-compiling /opt/local/Library/Frameworks/Python.framework/Versions/3.11/lib/python3.11/encodings/hex_codec.py to encodings/hex_codec.pyc
byte-compiling /opt/local/Library/Frameworks/Python.framework/Versions/3.11/lib/python3.11/encodings/hp_roman8.py to encodings/hp_roman8.pyc
byte-compiling /opt/local/Library/Frameworks/Python.framework/Versions/3.11/lib/python3.11/encodings/hz.py to encodings/hz.pyc
byte-compiling /opt/local/Library/Frameworks/Python.framework/Versions/3.11/lib/python3.11/encodings/idna.py to encodings/idna.pyc
byte-compiling /opt/local/Library/Frameworks/Python.framework/Versions/3.11/lib/python3.11/encodings/iso2022_jp.py to encodings/iso2022_jp.pyc
byte-compiling /opt/local/Library/Frameworks/Python.framework/Versions/3.11/lib/python3.11/encodings/iso2022_jp_1.py to encodings/iso2022_jp_1.pyc
byte-compiling /opt/local/Library/Frameworks/Python.framework/Versions/3.11/lib/python3.11/encodings/iso2022_jp_2.py to encodings/iso2022_jp_2.pyc
byte-compiling /opt/local/Library/Frameworks/Python.framework/Versions/3.11/lib/python3.11/encodings/iso2022_jp_2004.py to encodings/iso2022_jp_2004.pyc
byte-compiling /opt/local/Library/Frameworks/Python.framework/Versions/3.11/lib/python3.11/encodings/iso2022_jp_3.py to encodings/iso2022_jp_3.pyc
byte-compiling /opt/local/Library/Frameworks/Python.framework/Versions/3.11/lib/python3.11/encodings/iso2022_jp_ext.py to encodings/iso2022_jp_ext.pyc
byte-compiling /opt/local/Library/Frameworks/Python.framework/Versions/3.11/lib/python3.11/encodings/iso2022_kr.py to encodings/iso2022_kr.pyc
byte-compiling /opt/local/Library/Frameworks/Python.framework/Versions/3.11/lib/python3.11/encodings/iso8859_1.py to encodings/iso8859_1.pyc
byte-compiling /opt/local/Library/Frameworks/Python.framework/Versions/3.11/lib/python3.11/encodings/iso8859_10.py to encodings/iso8859_10.pyc
byte-compiling /opt/local/Library/Frameworks/Python.framework/Versions/3.11/lib/python3.11/encodings/iso8859_11.py to encodings/iso8859_11.pyc
byte-compiling /opt/local/Library/Frameworks/Python.framework/Versions/3.11/lib/python3.11/encodings/iso8859_13.py to encodings/iso8859_13.pyc
byte-compiling /opt/local/Library/Frameworks/Python.framework/Versions/3.11/lib/python3.11/encodings/iso8859_14.py to encodings/iso8859_14.pyc
byte-compiling /opt/local/Library/Frameworks/Python.framework/Versions/3.11/lib/python3.11/encodings/iso8859_15.py to encodings/iso8859_15.pyc
byte-compiling /opt/local/Library/Frameworks/Python.framework/Versions/3.11/lib/python3.11/encodings/iso8859_16.py to encodings/iso8859_16.pyc
byte-compiling /opt/local/Library/Frameworks/Python.framework/Versions/3.11/lib/python3.11/encodings/iso8859_2.py to encodings/iso8859_2.pyc
byte-compiling /opt/local/Library/Frameworks/Python.framework/Versions/3.11/lib/python3.11/encodings/iso8859_3.py to encodings/iso8859_3.pyc
byte-compiling /opt/local/Library/Frameworks/Python.framework/Versions/3.11/lib/python3.11/encodings/iso8859_4.py to encodings/iso8859_4.pyc
byte-compiling /opt/local/Library/Frameworks/Python.framework/Versions/3.11/lib/python3.11/encodings/iso8859_5.py to encodings/iso8859_5.pyc
byte-compiling /opt/local/Library/Frameworks/Python.framework/Versions/3.11/lib/python3.11/encodings/iso8859_6.py to encodings/iso8859_6.pyc
byte-compiling /opt/local/Library/Frameworks/Python.framework/Versions/3.11/lib/python3.11/encodings/iso8859_7.py to encodings/iso8859_7.pyc
byte-compiling /opt/local/Library/Frameworks/Python.framework/Versions/3.11/lib/python3.11/encodings/iso8859_8.py to encodings/iso8859_8.pyc
byte-compiling /opt/local/Library/Frameworks/Python.framework/Versions/3.11/lib/python3.11/encodings/iso8859_9.py to encodings/iso8859_9.pyc
byte-compiling /opt/local/Library/Frameworks/Python.framework/Versions/3.11/lib/python3.11/encodings/johab.py to encodings/johab.pyc
byte-compiling /opt/local/Library/Frameworks/Python.framework/Versions/3.11/lib/python3.11/encodings/koi8_r.py to encodings/koi8_r.pyc
byte-compiling /opt/local/Library/Frameworks/Python.framework/Versions/3.11/lib/python3.11/encodings/koi8_t.py to encodings/koi8_t.pyc
byte-compiling /opt/local/Library/Frameworks/Python.framework/Versions/3.11/lib/python3.11/encodings/koi8_u.py to encodings/koi8_u.pyc
byte-compiling /opt/local/Library/Frameworks/Python.framework/Versions/3.11/lib/python3.11/encodings/kz1048.py to encodings/kz1048.pyc
byte-compiling /opt/local/Library/Frameworks/Python.framework/Versions/3.11/lib/python3.11/encodings/latin_1.py to encodings/latin_1.pyc
byte-compiling /opt/local/Library/Frameworks/Python.framework/Versions/3.11/lib/python3.11/encodings/mac_arabic.py to encodings/mac_arabic.pyc
byte-compiling /opt/local/Library/Frameworks/Python.framework/Versions/3.11/lib/python3.11/encodings/mac_croatian.py to encodings/mac_croatian.pyc
byte-compiling /opt/local/Library/Frameworks/Python.framework/Versions/3.11/lib/python3.11/encodings/mac_cyrillic.py to encodings/mac_cyrillic.pyc
byte-compiling /opt/local/Library/Frameworks/Python.framework/Versions/3.11/lib/python3.11/encodings/mac_farsi.py to encodings/mac_farsi.pyc
byte-compiling /opt/local/Library/Frameworks/Python.framework/Versions/3.11/lib/python3.11/encodings/mac_greek.py to encodings/mac_greek.pyc
byte-compiling /opt/local/Library/Frameworks/Python.framework/Versions/3.11/lib/python3.11/encodings/mac_iceland.py to encodings/mac_iceland.pyc
byte-compiling /opt/local/Library/Frameworks/Python.framework/Versions/3.11/lib/python3.11/encodings/mac_latin2.py to encodings/mac_latin2.pyc
byte-compiling /opt/local/Library/Frameworks/Python.framework/Versions/3.11/lib/python3.11/encodings/mac_roman.py to encodings/mac_roman.pyc
byte-compiling /opt/local/Library/Frameworks/Python.framework/Versions/3.11/lib/python3.11/encodings/mac_romanian.py to encodings/mac_romanian.pyc
byte-compiling /opt/local/Library/Frameworks/Python.framework/Versions/3.11/lib/python3.11/encodings/mac_turkish.py to encodings/mac_turkish.pyc
byte-compiling /opt/local/Library/Frameworks/Python.framework/Versions/3.11/lib/python3.11/encodings/mbcs.py to encodings/mbcs.pyc
byte-compiling /opt/local/Library/Frameworks/Python.framework/Versions/3.11/lib/python3.11/encodings/oem.py to encodings/oem.pyc
byte-compiling /opt/local/Library/Frameworks/Python.framework/Versions/3.11/lib/python3.11/encodings/palmos.py to encodings/palmos.pyc
byte-compiling /opt/local/Library/Frameworks/Python.framework/Versions/3.11/lib/python3.11/encodings/ptcp154.py to encodings/ptcp154.pyc
byte-compiling /opt/local/Library/Frameworks/Python.framework/Versions/3.11/lib/python3.11/encodings/punycode.py to encodings/punycode.pyc
byte-compiling /opt/local/Library/Frameworks/Python.framework/Versions/3.11/lib/python3.11/encodings/quopri_codec.py to encodings/quopri_codec.pyc
byte-compiling /opt/local/Library/Frameworks/Python.framework/Versions/3.11/lib/python3.11/encodings/raw_unicode_escape.py to encodings/raw_unicode_escape.pyc
byte-compiling /opt/local/Library/Frameworks/Python.framework/Versions/3.11/lib/python3.11/encodings/rot_13.py to encodings/rot_13.pyc
byte-compiling /opt/local/Library/Frameworks/Python.framework/Versions/3.11/lib/python3.11/encodings/shift_jis.py to encodings/shift_jis.pyc
byte-compiling /opt/local/Library/Frameworks/Python.framework/Versions/3.11/lib/python3.11/encodings/shift_jis_2004.py to encodings/shift_jis_2004.pyc
byte-compiling /opt/local/Library/Frameworks/Python.framework/Versions/3.11/lib/python3.11/encodings/shift_jisx0213.py to encodings/shift_jisx0213.pyc
byte-compiling /opt/local/Library/Frameworks/Python.framework/Versions/3.11/lib/python3.11/encodings/tis_620.py to encodings/tis_620.pyc
byte-compiling /opt/local/Library/Frameworks/Python.framework/Versions/3.11/lib/python3.11/encodings/undefined.py to encodings/undefined.pyc
byte-compiling /opt/local/Library/Frameworks/Python.framework/Versions/3.11/lib/python3.11/encodings/unicode_escape.py to encodings/unicode_escape.pyc
byte-compiling /opt/local/Library/Frameworks/Python.framework/Versions/3.11/lib/python3.11/encodings/utf_16.py to encodings/utf_16.pyc
byte-compiling /opt/local/Library/Frameworks/Python.framework/Versions/3.11/lib/python3.11/encodings/utf_16_be.py to encodings/utf_16_be.pyc
byte-compiling /opt/local/Library/Frameworks/Python.framework/Versions/3.11/lib/python3.11/encodings/utf_16_le.py to encodings/utf_16_le.pyc
byte-compiling /opt/local/Library/Frameworks/Python.framework/Versions/3.11/lib/python3.11/encodings/utf_32.py to encodings/utf_32.pyc
byte-compiling /opt/local/Library/Frameworks/Python.framework/Versions/3.11/lib/python3.11/encodings/utf_32_be.py to encodings/utf_32_be.pyc
byte-compiling /opt/local/Library/Frameworks/Python.framework/Versions/3.11/lib/python3.11/encodings/utf_32_le.py to encodings/utf_32_le.pyc
byte-compiling /opt/local/Library/Frameworks/Python.framework/Versions/3.11/lib/python3.11/encodings/utf_7.py to encodings/utf_7.pyc
byte-compiling /opt/local/Library/Frameworks/Python.framework/Versions/3.11/lib/python3.11/encodings/utf_8.py to encodings/utf_8.pyc
byte-compiling /opt/local/Library/Frameworks/Python.framework/Versions/3.11/lib/python3.11/encodings/utf_8_sig.py to encodings/utf_8_sig.pyc
byte-compiling /opt/local/Library/Frameworks/Python.framework/Versions/3.11/lib/python3.11/encodings/uu_codec.py to encodings/uu_codec.pyc
byte-compiling /opt/local/Library/Frameworks/Python.framework/Versions/3.11/lib/python3.11/encodings/zlib_codec.py to encodings/zlib_codec.pyc
byte-compiling /opt/local/Library/Frameworks/Python.framework/Versions/3.11/lib/python3.11/enum.py to enum.pyc
byte-compiling /opt/local/Library/Frameworks/Python.framework/Versions/3.11/lib/python3.11/filecmp.py to filecmp.pyc
byte-compiling /opt/local/Library/Frameworks/Python.framework/Versions/3.11/lib/python3.11/fileinput.py to fileinput.pyc
byte-compiling /opt/local/Library/Frameworks/Python.framework/Versions/3.11/lib/python3.11/fnmatch.py to fnmatch.pyc
byte-compiling /opt/local/Library/Frameworks/Python.framework/Versions/3.11/lib/python3.11/fractions.py to fractions.pyc
byte-compiling /opt/local/Library/Frameworks/Python.framework/Versions/3.11/lib/python3.11/ftplib.py to ftplib.pyc
byte-compiling /opt/local/Library/Frameworks/Python.framework/Versions/3.11/lib/python3.11/functools.py to functools.pyc
byte-compiling /opt/local/Library/Frameworks/Python.framework/Versions/3.11/lib/python3.11/genericpath.py to genericpath.pyc
byte-compiling /opt/local/Library/Frameworks/Python.framework/Versions/3.11/lib/python3.11/getopt.py to getopt.pyc
byte-compiling /opt/local/Library/Frameworks/Python.framework/Versions/3.11/lib/python3.11/getpass.py to getpass.pyc
byte-compiling /opt/local/Library/Frameworks/Python.framework/Versions/3.11/lib/python3.11/gettext.py to gettext.pyc
byte-compiling /opt/local/Library/Frameworks/Python.framework/Versions/3.11/lib/python3.11/glob.py to glob.pyc
byte-compiling /opt/local/Library/Frameworks/Python.framework/Versions/3.11/lib/python3.11/gzip.py to gzip.pyc
byte-compiling /opt/local/Library/Frameworks/Python.framework/Versions/3.11/lib/python3.11/hashlib.py to hashlib.pyc
byte-compiling /opt/local/Library/Frameworks/Python.framework/Versions/3.11/lib/python3.11/heapq.py to heapq.pyc
byte-compiling /opt/local/Library/Frameworks/Python.framework/Versions/3.11/lib/python3.11/hmac.py to hmac.pyc
byte-compiling /opt/local/Library/Frameworks/Python.framework/Versions/3.11/lib/python3.11/html/__init__.py to html/__init__.pyc
creating /Users/jamie/Documents/Projects/python/py2app-error/build/bdist.macosx-14.0-arm64/python3.11-standalone/app/collect/html
byte-compiling /opt/local/Library/Frameworks/Python.framework/Versions/3.11/lib/python3.11/html/entities.py to html/entities.pyc
byte-compiling /opt/local/Library/Frameworks/Python.framework/Versions/3.11/lib/python3.11/html/parser.py to html/parser.pyc
byte-compiling /opt/local/Library/Frameworks/Python.framework/Versions/3.11/lib/python3.11/http/__init__.py to http/__init__.pyc
creating /Users/jamie/Documents/Projects/python/py2app-error/build/bdist.macosx-14.0-arm64/python3.11-standalone/app/collect/http
byte-compiling /opt/local/Library/Frameworks/Python.framework/Versions/3.11/lib/python3.11/http/client.py to http/client.pyc
byte-compiling /opt/local/Library/Frameworks/Python.framework/Versions/3.11/lib/python3.11/http/cookiejar.py to http/cookiejar.pyc
byte-compiling /opt/local/Library/Frameworks/Python.framework/Versions/3.11/lib/python3.11/http/cookies.py to http/cookies.pyc
byte-compiling /opt/local/Library/Frameworks/Python.framework/Versions/3.11/lib/python3.11/http/server.py to http/server.pyc
byte-compiling /opt/local/Library/Frameworks/Python.framework/Versions/3.11/lib/python3.11/imp.py to imp.pyc
byte-compiling /opt/local/Library/Frameworks/Python.framework/Versions/3.11/lib/python3.11/importlib/__init__.py to importlib/__init__.pyc
creating /Users/jamie/Documents/Projects/python/py2app-error/build/bdist.macosx-14.0-arm64/python3.11-standalone/app/collect/importlib
byte-compiling /opt/local/Library/Frameworks/Python.framework/Versions/3.11/lib/python3.11/importlib/_abc.py to importlib/_abc.pyc
byte-compiling /opt/local/Library/Frameworks/Python.framework/Versions/3.11/lib/python3.11/importlib/_bootstrap.py to importlib/_bootstrap.pyc
byte-compiling /opt/local/Library/Frameworks/Python.framework/Versions/3.11/lib/python3.11/importlib/_bootstrap_external.py to importlib/_bootstrap_external.pyc
byte-compiling /opt/local/Library/Frameworks/Python.framework/Versions/3.11/lib/python3.11/importlib/abc.py to importlib/abc.pyc
byte-compiling /opt/local/Library/Frameworks/Python.framework/Versions/3.11/lib/python3.11/importlib/machinery.py to importlib/machinery.pyc
byte-compiling /opt/local/Library/Frameworks/Python.framework/Versions/3.11/lib/python3.11/importlib/metadata/__init__.py to importlib/metadata/__init__.pyc
creating /Users/jamie/Documents/Projects/python/py2app-error/build/bdist.macosx-14.0-arm64/python3.11-standalone/app/collect/importlib/metadata
byte-compiling /opt/local/Library/Frameworks/Python.framework/Versions/3.11/lib/python3.11/importlib/metadata/_adapters.py to importlib/metadata/_adapters.pyc
byte-compiling /opt/local/Library/Frameworks/Python.framework/Versions/3.11/lib/python3.11/importlib/metadata/_collections.py to importlib/metadata/_collections.pyc
byte-compiling /opt/local/Library/Frameworks/Python.framework/Versions/3.11/lib/python3.11/importlib/metadata/_functools.py to importlib/metadata/_functools.pyc
byte-compiling /opt/local/Library/Frameworks/Python.framework/Versions/3.11/lib/python3.11/importlib/metadata/_itertools.py to importlib/metadata/_itertools.pyc
byte-compiling /opt/local/Library/Frameworks/Python.framework/Versions/3.11/lib/python3.11/importlib/metadata/_meta.py to importlib/metadata/_meta.pyc
byte-compiling /opt/local/Library/Frameworks/Python.framework/Versions/3.11/lib/python3.11/importlib/metadata/_text.py to importlib/metadata/_text.pyc
byte-compiling /opt/local/Library/Frameworks/Python.framework/Versions/3.11/lib/python3.11/importlib/readers.py to importlib/readers.pyc
byte-compiling /opt/local/Library/Frameworks/Python.framework/Versions/3.11/lib/python3.11/importlib/resources/__init__.py to importlib/resources/__init__.pyc
creating /Users/jamie/Documents/Projects/python/py2app-error/build/bdist.macosx-14.0-arm64/python3.11-standalone/app/collect/importlib/resources
byte-compiling /opt/local/Library/Frameworks/Python.framework/Versions/3.11/lib/python3.11/importlib/resources/_adapters.py to importlib/resources/_adapters.pyc
byte-compiling /opt/local/Library/Frameworks/Python.framework/Versions/3.11/lib/python3.11/importlib/resources/_common.py to importlib/resources/_common.pyc
byte-compiling /opt/local/Library/Frameworks/Python.framework/Versions/3.11/lib/python3.11/importlib/resources/_itertools.py to importlib/resources/_itertools.pyc
byte-compiling /opt/local/Library/Frameworks/Python.framework/Versions/3.11/lib/python3.11/importlib/resources/_legacy.py to importlib/resources/_legacy.pyc
byte-compiling /opt/local/Library/Frameworks/Python.framework/Versions/3.11/lib/python3.11/importlib/resources/abc.py to importlib/resources/abc.pyc
byte-compiling /opt/local/Library/Frameworks/Python.framework/Versions/3.11/lib/python3.11/importlib/resources/readers.py to importlib/resources/readers.pyc
byte-compiling /opt/local/Library/Frameworks/Python.framework/Versions/3.11/lib/python3.11/importlib/util.py to importlib/util.pyc
byte-compiling /opt/local/Library/Frameworks/Python.framework/Versions/3.11/lib/python3.11/inspect.py to inspect.pyc
byte-compiling /opt/local/Library/Frameworks/Python.framework/Versions/3.11/lib/python3.11/io.py to io.pyc
byte-compiling /opt/local/Library/Frameworks/Python.framework/Versions/3.11/lib/python3.11/ipaddress.py to ipaddress.pyc
byte-compiling /opt/local/Library/Frameworks/Python.framework/Versions/3.11/lib/python3.11/json/__init__.py to json/__init__.pyc
creating /Users/jamie/Documents/Projects/python/py2app-error/build/bdist.macosx-14.0-arm64/python3.11-standalone/app/collect/json
byte-compiling /opt/local/Library/Frameworks/Python.framework/Versions/3.11/lib/python3.11/json/decoder.py to json/decoder.pyc
byte-compiling /opt/local/Library/Frameworks/Python.framework/Versions/3.11/lib/python3.11/json/encoder.py to json/encoder.pyc
byte-compiling /opt/local/Library/Frameworks/Python.framework/Versions/3.11/lib/python3.11/json/scanner.py to json/scanner.pyc
byte-compiling /opt/local/Library/Frameworks/Python.framework/Versions/3.11/lib/python3.11/keyword.py to keyword.pyc
byte-compiling /opt/local/Library/Frameworks/Python.framework/Versions/3.11/lib/python3.11/lib2to3/__init__.py to lib2to3/__init__.pyc
creating /Users/jamie/Documents/Projects/python/py2app-error/build/bdist.macosx-14.0-arm64/python3.11-standalone/app/collect/lib2to3
byte-compiling /opt/local/Library/Frameworks/Python.framework/Versions/3.11/lib/python3.11/lib2to3/btm_matcher.py to lib2to3/btm_matcher.pyc
byte-compiling /opt/local/Library/Frameworks/Python.framework/Versions/3.11/lib/python3.11/lib2to3/btm_utils.py to lib2to3/btm_utils.pyc
byte-compiling /opt/local/Library/Frameworks/Python.framework/Versions/3.11/lib/python3.11/lib2to3/fixer_util.py to lib2to3/fixer_util.pyc
byte-compiling /opt/local/Library/Frameworks/Python.framework/Versions/3.11/lib/python3.11/lib2to3/patcomp.py to lib2to3/patcomp.pyc
byte-compiling /opt/local/Library/Frameworks/Python.framework/Versions/3.11/lib/python3.11/lib2to3/pgen2/__init__.py to lib2to3/pgen2/__init__.pyc
creating /Users/jamie/Documents/Projects/python/py2app-error/build/bdist.macosx-14.0-arm64/python3.11-standalone/app/collect/lib2to3/pgen2
byte-compiling /opt/local/Library/Frameworks/Python.framework/Versions/3.11/lib/python3.11/lib2to3/pgen2/driver.py to lib2to3/pgen2/driver.pyc
byte-compiling /opt/local/Library/Frameworks/Python.framework/Versions/3.11/lib/python3.11/lib2to3/pgen2/grammar.py to lib2to3/pgen2/grammar.pyc
byte-compiling /opt/local/Library/Frameworks/Python.framework/Versions/3.11/lib/python3.11/lib2to3/pgen2/literals.py to lib2to3/pgen2/literals.pyc
byte-compiling /opt/local/Library/Frameworks/Python.framework/Versions/3.11/lib/python3.11/lib2to3/pgen2/parse.py to lib2to3/pgen2/parse.pyc
byte-compiling /opt/local/Library/Frameworks/Python.framework/Versions/3.11/lib/python3.11/lib2to3/pgen2/pgen.py to lib2to3/pgen2/pgen.pyc
byte-compiling /opt/local/Library/Frameworks/Python.framework/Versions/3.11/lib/python3.11/lib2to3/pgen2/token.py to lib2to3/pgen2/token.pyc
byte-compiling /opt/local/Library/Frameworks/Python.framework/Versions/3.11/lib/python3.11/lib2to3/pgen2/tokenize.py to lib2to3/pgen2/tokenize.pyc
byte-compiling /opt/local/Library/Frameworks/Python.framework/Versions/3.11/lib/python3.11/lib2to3/pygram.py to lib2to3/pygram.pyc
byte-compiling /opt/local/Library/Frameworks/Python.framework/Versions/3.11/lib/python3.11/lib2to3/pytree.py to lib2to3/pytree.pyc
byte-compiling /opt/local/Library/Frameworks/Python.framework/Versions/3.11/lib/python3.11/lib2to3/refactor.py to lib2to3/refactor.pyc
byte-compiling /opt/local/Library/Frameworks/Python.framework/Versions/3.11/lib/python3.11/linecache.py to linecache.pyc
byte-compiling /opt/local/Library/Frameworks/Python.framework/Versions/3.11/lib/python3.11/locale.py to locale.pyc
byte-compiling /opt/local/Library/Frameworks/Python.framework/Versions/3.11/lib/python3.11/logging/__init__.py to logging/__init__.pyc
creating /Users/jamie/Documents/Projects/python/py2app-error/build/bdist.macosx-14.0-arm64/python3.11-standalone/app/collect/logging
byte-compiling /opt/local/Library/Frameworks/Python.framework/Versions/3.11/lib/python3.11/logging/config.py to logging/config.pyc
byte-compiling /opt/local/Library/Frameworks/Python.framework/Versions/3.11/lib/python3.11/logging/handlers.py to logging/handlers.pyc
byte-compiling /opt/local/Library/Frameworks/Python.framework/Versions/3.11/lib/python3.11/lzma.py to lzma.pyc
byte-compiling /opt/local/Library/Frameworks/Python.framework/Versions/3.11/lib/python3.11/mimetypes.py to mimetypes.pyc
byte-compiling /opt/local/Library/Frameworks/Python.framework/Versions/3.11/lib/python3.11/multiprocessing/__init__.py to multiprocessing/__init__.pyc
creating /Users/jamie/Documents/Projects/python/py2app-error/build/bdist.macosx-14.0-arm64/python3.11-standalone/app/collect/multiprocessing
byte-compiling /opt/local/Library/Frameworks/Python.framework/Versions/3.11/lib/python3.11/multiprocessing/connection.py to multiprocessing/connection.pyc
byte-compiling /opt/local/Library/Frameworks/Python.framework/Versions/3.11/lib/python3.11/multiprocessing/context.py to multiprocessing/context.pyc
byte-compiling /opt/local/Library/Frameworks/Python.framework/Versions/3.11/lib/python3.11/multiprocessing/dummy/__init__.py to multiprocessing/dummy/__init__.pyc
creating /Users/jamie/Documents/Projects/python/py2app-error/build/bdist.macosx-14.0-arm64/python3.11-standalone/app/collect/multiprocessing/dummy
byte-compiling /opt/local/Library/Frameworks/Python.framework/Versions/3.11/lib/python3.11/multiprocessing/dummy/connection.py to multiprocessing/dummy/connection.pyc
byte-compiling /opt/local/Library/Frameworks/Python.framework/Versions/3.11/lib/python3.11/multiprocessing/forkserver.py to multiprocessing/forkserver.pyc
byte-compiling /opt/local/Library/Frameworks/Python.framework/Versions/3.11/lib/python3.11/multiprocessing/heap.py to multiprocessing/heap.pyc
byte-compiling /opt/local/Library/Frameworks/Python.framework/Versions/3.11/lib/python3.11/multiprocessing/managers.py to multiprocessing/managers.pyc
byte-compiling /opt/local/Library/Frameworks/Python.framework/Versions/3.11/lib/python3.11/multiprocessing/pool.py to multiprocessing/pool.pyc
byte-compiling /opt/local/Library/Frameworks/Python.framework/Versions/3.11/lib/python3.11/multiprocessing/popen_fork.py to multiprocessing/popen_fork.pyc
byte-compiling /opt/local/Library/Frameworks/Python.framework/Versions/3.11/lib/python3.11/multiprocessing/popen_forkserver.py to multiprocessing/popen_forkserver.pyc
byte-compiling /opt/local/Library/Frameworks/Python.framework/Versions/3.11/lib/python3.11/multiprocessing/popen_spawn_posix.py to multiprocessing/popen_spawn_posix.pyc
byte-compiling /opt/local/Library/Frameworks/Python.framework/Versions/3.11/lib/python3.11/multiprocessing/popen_spawn_win32.py to multiprocessing/popen_spawn_win32.pyc
byte-compiling /opt/local/Library/Frameworks/Python.framework/Versions/3.11/lib/python3.11/multiprocessing/process.py to multiprocessing/process.pyc
byte-compiling /opt/local/Library/Frameworks/Python.framework/Versions/3.11/lib/python3.11/multiprocessing/queues.py to multiprocessing/queues.pyc
byte-compiling /opt/local/Library/Frameworks/Python.framework/Versions/3.11/lib/python3.11/multiprocessing/reduction.py to multiprocessing/reduction.pyc
byte-compiling /opt/local/Library/Frameworks/Python.framework/Versions/3.11/lib/python3.11/multiprocessing/resource_sharer.py to multiprocessing/resource_sharer.pyc
byte-compiling /opt/local/Library/Frameworks/Python.framework/Versions/3.11/lib/python3.11/multiprocessing/resource_tracker.py to multiprocessing/resource_tracker.pyc
byte-compiling /opt/local/Library/Frameworks/Python.framework/Versions/3.11/lib/python3.11/multiprocessing/shared_memory.py to multiprocessing/shared_memory.pyc
byte-compiling /opt/local/Library/Frameworks/Python.framework/Versions/3.11/lib/python3.11/multiprocessing/sharedctypes.py to multiprocessing/sharedctypes.pyc
byte-compiling /opt/local/Library/Frameworks/Python.framework/Versions/3.11/lib/python3.11/multiprocessing/spawn.py to multiprocessing/spawn.pyc
byte-compiling /opt/local/Library/Frameworks/Python.framework/Versions/3.11/lib/python3.11/multiprocessing/synchronize.py to multiprocessing/synchronize.pyc
byte-compiling /opt/local/Library/Frameworks/Python.framework/Versions/3.11/lib/python3.11/multiprocessing/util.py to multiprocessing/util.pyc
byte-compiling /opt/local/Library/Frameworks/Python.framework/Versions/3.11/lib/python3.11/netrc.py to netrc.pyc
byte-compiling /opt/local/Library/Frameworks/Python.framework/Versions/3.11/lib/python3.11/ntpath.py to ntpath.pyc
byte-compiling /opt/local/Library/Frameworks/Python.framework/Versions/3.11/lib/python3.11/numbers.py to numbers.pyc
byte-compiling /opt/local/Library/Frameworks/Python.framework/Versions/3.11/lib/python3.11/opcode.py to opcode.pyc
byte-compiling /opt/local/Library/Frameworks/Python.framework/Versions/3.11/lib/python3.11/operator.py to operator.pyc
byte-compiling /opt/local/Library/Frameworks/Python.framework/Versions/3.11/lib/python3.11/optparse.py to optparse.pyc
byte-compiling /opt/local/Library/Frameworks/Python.framework/Versions/3.11/lib/python3.11/os.py to os.pyc
byte-compiling /opt/local/Library/Frameworks/Python.framework/Versions/3.11/lib/python3.11/pathlib.py to pathlib.pyc
byte-compiling /opt/local/Library/Frameworks/Python.framework/Versions/3.11/lib/python3.11/pdb.py to pdb.pyc
byte-compiling /opt/local/Library/Frameworks/Python.framework/Versions/3.11/lib/python3.11/pickle.py to pickle.pyc
byte-compiling /opt/local/Library/Frameworks/Python.framework/Versions/3.11/lib/python3.11/pkgutil.py to pkgutil.pyc
byte-compiling /opt/local/Library/Frameworks/Python.framework/Versions/3.11/lib/python3.11/platform.py to platform.pyc
byte-compiling /opt/local/Library/Frameworks/Python.framework/Versions/3.11/lib/python3.11/plistlib.py to plistlib.pyc
byte-compiling /opt/local/Library/Frameworks/Python.framework/Versions/3.11/lib/python3.11/posixpath.py to posixpath.pyc
byte-compiling /opt/local/Library/Frameworks/Python.framework/Versions/3.11/lib/python3.11/pprint.py to pprint.pyc
byte-compiling /opt/local/Library/Frameworks/Python.framework/Versions/3.11/lib/python3.11/pty.py to pty.pyc
byte-compiling /opt/local/Library/Frameworks/Python.framework/Versions/3.11/lib/python3.11/py_compile.py to py_compile.pyc
byte-compiling /opt/local/Library/Frameworks/Python.framework/Versions/3.11/lib/python3.11/pydoc.py to pydoc.pyc
byte-compiling /opt/local/Library/Frameworks/Python.framework/Versions/3.11/lib/python3.11/pydoc_data/__init__.py to pydoc_data/__init__.pyc
creating /Users/jamie/Documents/Projects/python/py2app-error/build/bdist.macosx-14.0-arm64/python3.11-standalone/app/collect/pydoc_data
byte-compiling /opt/local/Library/Frameworks/Python.framework/Versions/3.11/lib/python3.11/pydoc_data/topics.py to pydoc_data/topics.pyc
byte-compiling /opt/local/Library/Frameworks/Python.framework/Versions/3.11/lib/python3.11/queue.py to queue.pyc
byte-compiling /opt/local/Library/Frameworks/Python.framework/Versions/3.11/lib/python3.11/quopri.py to quopri.pyc
byte-compiling /opt/local/Library/Frameworks/Python.framework/Versions/3.11/lib/python3.11/random.py to random.pyc
byte-compiling /opt/local/Library/Frameworks/Python.framework/Versions/3.11/lib/python3.11/re/__init__.py to re/__init__.pyc
creating /Users/jamie/Documents/Projects/python/py2app-error/build/bdist.macosx-14.0-arm64/python3.11-standalone/app/collect/re
byte-compiling /opt/local/Library/Frameworks/Python.framework/Versions/3.11/lib/python3.11/re/_casefix.py to re/_casefix.pyc
byte-compiling /opt/local/Library/Frameworks/Python.framework/Versions/3.11/lib/python3.11/re/_compiler.py to re/_compiler.pyc
byte-compiling /opt/local/Library/Frameworks/Python.framework/Versions/3.11/lib/python3.11/re/_constants.py to re/_constants.pyc
byte-compiling /opt/local/Library/Frameworks/Python.framework/Versions/3.11/lib/python3.11/re/_parser.py to re/_parser.pyc
byte-compiling /opt/local/Library/Frameworks/Python.framework/Versions/3.11/lib/python3.11/reprlib.py to reprlib.pyc
byte-compiling /opt/local/Library/Frameworks/Python.framework/Versions/3.11/lib/python3.11/runpy.py to runpy.pyc
byte-compiling /opt/local/Library/Frameworks/Python.framework/Versions/3.11/lib/python3.11/secrets.py to secrets.pyc
byte-compiling /opt/local/Library/Frameworks/Python.framework/Versions/3.11/lib/python3.11/selectors.py to selectors.pyc
byte-compiling /opt/local/Library/Frameworks/Python.framework/Versions/3.11/lib/python3.11/shlex.py to shlex.pyc
byte-compiling /opt/local/Library/Frameworks/Python.framework/Versions/3.11/lib/python3.11/shutil.py to shutil.pyc
byte-compiling /opt/local/Library/Frameworks/Python.framework/Versions/3.11/lib/python3.11/signal.py to signal.pyc
byte-compiling /opt/local/Library/Frameworks/Python.framework/Versions/3.11/lib/python3.11/smtplib.py to smtplib.pyc
byte-compiling /opt/local/Library/Frameworks/Python.framework/Versions/3.11/lib/python3.11/socket.py to socket.pyc
byte-compiling /opt/local/Library/Frameworks/Python.framework/Versions/3.11/lib/python3.11/socketserver.py to socketserver.pyc
byte-compiling /opt/local/Library/Frameworks/Python.framework/Versions/3.11/lib/python3.11/ssl.py to ssl.pyc
byte-compiling /opt/local/Library/Frameworks/Python.framework/Versions/3.11/lib/python3.11/stat.py to stat.pyc
byte-compiling /opt/local/Library/Frameworks/Python.framework/Versions/3.11/lib/python3.11/statistics.py to statistics.pyc
byte-compiling /opt/local/Library/Frameworks/Python.framework/Versions/3.11/lib/python3.11/string.py to string.pyc
byte-compiling /opt/local/Library/Frameworks/Python.framework/Versions/3.11/lib/python3.11/stringprep.py to stringprep.pyc
byte-compiling /opt/local/Library/Frameworks/Python.framework/Versions/3.11/lib/python3.11/struct.py to struct.pyc
byte-compiling /opt/local/Library/Frameworks/Python.framework/Versions/3.11/lib/python3.11/subprocess.py to subprocess.pyc
byte-compiling /opt/local/Library/Frameworks/Python.framework/Versions/3.11/lib/python3.11/sysconfig.py to sysconfig.pyc
byte-compiling /opt/local/Library/Frameworks/Python.framework/Versions/3.11/lib/python3.11/tarfile.py to tarfile.pyc
byte-compiling /opt/local/Library/Frameworks/Python.framework/Versions/3.11/lib/python3.11/tempfile.py to tempfile.pyc
byte-compiling /opt/local/Library/Frameworks/Python.framework/Versions/3.11/lib/python3.11/test/__init__.py to test/__init__.pyc
creating /Users/jamie/Documents/Projects/python/py2app-error/build/bdist.macosx-14.0-arm64/python3.11-standalone/app/collect/test
byte-compiling /opt/local/Library/Frameworks/Python.framework/Versions/3.11/lib/python3.11/test/support/__init__.py to test/support/__init__.pyc
creating /Users/jamie/Documents/Projects/python/py2app-error/build/bdist.macosx-14.0-arm64/python3.11-standalone/app/collect/test/support
byte-compiling /opt/local/Library/Frameworks/Python.framework/Versions/3.11/lib/python3.11/test/support/import_helper.py to test/support/import_helper.pyc
byte-compiling /opt/local/Library/Frameworks/Python.framework/Versions/3.11/lib/python3.11/test/support/os_helper.py to test/support/os_helper.pyc
byte-compiling /opt/local/Library/Frameworks/Python.framework/Versions/3.11/lib/python3.11/test/support/script_helper.py to test/support/script_helper.pyc
byte-compiling /opt/local/Library/Frameworks/Python.framework/Versions/3.11/lib/python3.11/textwrap.py to textwrap.pyc
byte-compiling /opt/local/Library/Frameworks/Python.framework/Versions/3.11/lib/python3.11/threading.py to threading.pyc
byte-compiling /opt/local/Library/Frameworks/Python.framework/Versions/3.11/lib/python3.11/timeit.py to timeit.pyc
byte-compiling /opt/local/Library/Frameworks/Python.framework/Versions/3.11/lib/python3.11/tkinter/__init__.py to tkinter/__init__.pyc
creating /Users/jamie/Documents/Projects/python/py2app-error/build/bdist.macosx-14.0-arm64/python3.11-standalone/app/collect/tkinter
byte-compiling /opt/local/Library/Frameworks/Python.framework/Versions/3.11/lib/python3.11/tkinter/constants.py to tkinter/constants.pyc
byte-compiling /opt/local/Library/Frameworks/Python.framework/Versions/3.11/lib/python3.11/token.py to token.pyc
byte-compiling /opt/local/Library/Frameworks/Python.framework/Versions/3.11/lib/python3.11/tokenize.py to tokenize.pyc
byte-compiling /opt/local/Library/Frameworks/Python.framework/Versions/3.11/lib/python3.11/traceback.py to traceback.pyc
byte-compiling /opt/local/Library/Frameworks/Python.framework/Versions/3.11/lib/python3.11/tracemalloc.py to tracemalloc.pyc
byte-compiling /opt/local/Library/Frameworks/Python.framework/Versions/3.11/lib/python3.11/tty.py to tty.pyc
byte-compiling /opt/local/Library/Frameworks/Python.framework/Versions/3.11/lib/python3.11/types.py to types.pyc
byte-compiling /opt/local/Library/Frameworks/Python.framework/Versions/3.11/lib/python3.11/typing.py to typing.pyc
byte-compiling /opt/local/Library/Frameworks/Python.framework/Versions/3.11/lib/python3.11/unittest/__init__.py to unittest/__init__.pyc
creating /Users/jamie/Documents/Projects/python/py2app-error/build/bdist.macosx-14.0-arm64/python3.11-standalone/app/collect/unittest
byte-compiling /opt/local/Library/Frameworks/Python.framework/Versions/3.11/lib/python3.11/unittest/_log.py to unittest/_log.pyc
byte-compiling /opt/local/Library/Frameworks/Python.framework/Versions/3.11/lib/python3.11/unittest/async_case.py to unittest/async_case.pyc
byte-compiling /opt/local/Library/Frameworks/Python.framework/Versions/3.11/lib/python3.11/unittest/case.py to unittest/case.pyc
byte-compiling /opt/local/Library/Frameworks/Python.framework/Versions/3.11/lib/python3.11/unittest/loader.py to unittest/loader.pyc
byte-compiling /opt/local/Library/Frameworks/Python.framework/Versions/3.11/lib/python3.11/unittest/main.py to unittest/main.pyc
byte-compiling /opt/local/Library/Frameworks/Python.framework/Versions/3.11/lib/python3.11/unittest/mock.py to unittest/mock.pyc
byte-compiling /opt/local/Library/Frameworks/Python.framework/Versions/3.11/lib/python3.11/unittest/result.py to unittest/result.pyc
byte-compiling /opt/local/Library/Frameworks/Python.framework/Versions/3.11/lib/python3.11/unittest/runner.py to unittest/runner.pyc
byte-compiling /opt/local/Library/Frameworks/Python.framework/Versions/3.11/lib/python3.11/unittest/signals.py to unittest/signals.pyc
byte-compiling /opt/local/Library/Frameworks/Python.framework/Versions/3.11/lib/python3.11/unittest/suite.py to unittest/suite.pyc
byte-compiling /opt/local/Library/Frameworks/Python.framework/Versions/3.11/lib/python3.11/unittest/util.py to unittest/util.pyc
byte-compiling /opt/local/Library/Frameworks/Python.framework/Versions/3.11/lib/python3.11/urllib/__init__.py to urllib/__init__.pyc
creating /Users/jamie/Documents/Projects/python/py2app-error/build/bdist.macosx-14.0-arm64/python3.11-standalone/app/collect/urllib
byte-compiling /opt/local/Library/Frameworks/Python.framework/Versions/3.11/lib/python3.11/urllib/error.py to urllib/error.pyc
byte-compiling /opt/local/Library/Frameworks/Python.framework/Versions/3.11/lib/python3.11/urllib/parse.py to urllib/parse.pyc
byte-compiling /opt/local/Library/Frameworks/Python.framework/Versions/3.11/lib/python3.11/urllib/request.py to urllib/request.pyc
byte-compiling /opt/local/Library/Frameworks/Python.framework/Versions/3.11/lib/python3.11/urllib/response.py to urllib/response.pyc
byte-compiling /opt/local/Library/Frameworks/Python.framework/Versions/3.11/lib/python3.11/urllib/robotparser.py to urllib/robotparser.pyc
byte-compiling /opt/local/Library/Frameworks/Python.framework/Versions/3.11/lib/python3.11/uuid.py to uuid.pyc
byte-compiling /opt/local/Library/Frameworks/Python.framework/Versions/3.11/lib/python3.11/warnings.py to warnings.pyc
byte-compiling /opt/local/Library/Frameworks/Python.framework/Versions/3.11/lib/python3.11/weakref.py to weakref.pyc
byte-compiling /opt/local/Library/Frameworks/Python.framework/Versions/3.11/lib/python3.11/webbrowser.py to webbrowser.pyc
byte-compiling /opt/local/Library/Frameworks/Python.framework/Versions/3.11/lib/python3.11/xml/__init__.py to xml/__init__.pyc
creating /Users/jamie/Documents/Projects/python/py2app-error/build/bdist.macosx-14.0-arm64/python3.11-standalone/app/collect/xml
byte-compiling /opt/local/Library/Frameworks/Python.framework/Versions/3.11/lib/python3.11/xml/dom/NodeFilter.py to xml/dom/NodeFilter.pyc
creating /Users/jamie/Documents/Projects/python/py2app-error/build/bdist.macosx-14.0-arm64/python3.11-standalone/app/collect/xml/dom
byte-compiling /opt/local/Library/Frameworks/Python.framework/Versions/3.11/lib/python3.11/xml/dom/__init__.py to xml/dom/__init__.pyc
byte-compiling /opt/local/Library/Frameworks/Python.framework/Versions/3.11/lib/python3.11/xml/dom/domreg.py to xml/dom/domreg.pyc
byte-compiling /opt/local/Library/Frameworks/Python.framework/Versions/3.11/lib/python3.11/xml/dom/expatbuilder.py to xml/dom/expatbuilder.pyc
byte-compiling /opt/local/Library/Frameworks/Python.framework/Versions/3.11/lib/python3.11/xml/dom/minicompat.py to xml/dom/minicompat.pyc
byte-compiling /opt/local/Library/Frameworks/Python.framework/Versions/3.11/lib/python3.11/xml/dom/minidom.py to xml/dom/minidom.pyc
byte-compiling /opt/local/Library/Frameworks/Python.framework/Versions/3.11/lib/python3.11/xml/dom/pulldom.py to xml/dom/pulldom.pyc
byte-compiling /opt/local/Library/Frameworks/Python.framework/Versions/3.11/lib/python3.11/xml/dom/xmlbuilder.py to xml/dom/xmlbuilder.pyc
byte-compiling /opt/local/Library/Frameworks/Python.framework/Versions/3.11/lib/python3.11/xml/etree/ElementInclude.py to xml/etree/ElementInclude.pyc
creating /Users/jamie/Documents/Projects/python/py2app-error/build/bdist.macosx-14.0-arm64/python3.11-standalone/app/collect/xml/etree
byte-compiling /opt/local/Library/Frameworks/Python.framework/Versions/3.11/lib/python3.11/xml/etree/ElementPath.py to xml/etree/ElementPath.pyc
byte-compiling /opt/local/Library/Frameworks/Python.framework/Versions/3.11/lib/python3.11/xml/etree/ElementTree.py to xml/etree/ElementTree.pyc
byte-compiling /opt/local/Library/Frameworks/Python.framework/Versions/3.11/lib/python3.11/xml/etree/__init__.py to xml/etree/__init__.pyc
byte-compiling /opt/local/Library/Frameworks/Python.framework/Versions/3.11/lib/python3.11/xml/etree/cElementTree.py to xml/etree/cElementTree.pyc
byte-compiling /opt/local/Library/Frameworks/Python.framework/Versions/3.11/lib/python3.11/xml/parsers/__init__.py to xml/parsers/__init__.pyc
creating /Users/jamie/Documents/Projects/python/py2app-error/build/bdist.macosx-14.0-arm64/python3.11-standalone/app/collect/xml/parsers
byte-compiling /opt/local/Library/Frameworks/Python.framework/Versions/3.11/lib/python3.11/xml/parsers/expat.py to xml/parsers/expat.pyc
byte-compiling /opt/local/Library/Frameworks/Python.framework/Versions/3.11/lib/python3.11/xml/sax/__init__.py to xml/sax/__init__.pyc
creating /Users/jamie/Documents/Projects/python/py2app-error/build/bdist.macosx-14.0-arm64/python3.11-standalone/app/collect/xml/sax
byte-compiling /opt/local/Library/Frameworks/Python.framework/Versions/3.11/lib/python3.11/xml/sax/_exceptions.py to xml/sax/_exceptions.pyc
byte-compiling /opt/local/Library/Frameworks/Python.framework/Versions/3.11/lib/python3.11/xml/sax/expatreader.py to xml/sax/expatreader.pyc
byte-compiling /opt/local/Library/Frameworks/Python.framework/Versions/3.11/lib/python3.11/xml/sax/handler.py to xml/sax/handler.pyc
byte-compiling /opt/local/Library/Frameworks/Python.framework/Versions/3.11/lib/python3.11/xml/sax/saxutils.py to xml/sax/saxutils.pyc
byte-compiling /opt/local/Library/Frameworks/Python.framework/Versions/3.11/lib/python3.11/xml/sax/xmlreader.py to xml/sax/xmlreader.pyc
byte-compiling /opt/local/Library/Frameworks/Python.framework/Versions/3.11/lib/python3.11/xmlrpc/__init__.py to xmlrpc/__init__.pyc
creating /Users/jamie/Documents/Projects/python/py2app-error/build/bdist.macosx-14.0-arm64/python3.11-standalone/app/collect/xmlrpc
byte-compiling /opt/local/Library/Frameworks/Python.framework/Versions/3.11/lib/python3.11/xmlrpc/client.py to xmlrpc/client.pyc
byte-compiling /opt/local/Library/Frameworks/Python.framework/Versions/3.11/lib/python3.11/xmlrpc/server.py to xmlrpc/server.pyc
byte-compiling /opt/local/Library/Frameworks/Python.framework/Versions/3.11/lib/python3.11/zipfile.py to zipfile.pyc
byte-compiling /opt/local/Library/Frameworks/Python.framework/Versions/3.11/lib/python3.11/zipimport.py to zipimport.pyc
byte-compiling /Users/jamie/Documents/Projects/python/py2app-error/build/bdist.macosx-14.0-arm64/python3.11-standalone/app/temp/PIL/_imaging.py to PIL/_imaging.pyc
byte-compiling /Users/jamie/Documents/Projects/python/py2app-error/build/bdist.macosx-14.0-arm64/python3.11-standalone/app/temp/PIL/_imagingcms.py to PIL/_imagingcms.pyc
byte-compiling /Users/jamie/Documents/Projects/python/py2app-error/build/bdist.macosx-14.0-arm64/python3.11-standalone/app/temp/PIL/_imagingmath.py to PIL/_imagingmath.pyc
copying file /Users/jamie/Documents/Projects/python/py2app-error/.eggs/packaging-24.1-py3.11.egg/packaging/py.typed -> /Users/jamie/Documents/Projects/python/py2app-error/build/bdist.macosx-14.0-arm64/python3.11-standalone/app/collect/packaging/py.typed
copying file /Users/jamie/Documents/Projects/python/py2app-error/.venv/lib/python3.11/site-packages/PIL/_imagingmath.pyi -> /Users/jamie/Documents/Projects/python/py2app-error/build/bdist.macosx-14.0-arm64/python3.11-standalone/app/collect/PIL/_imagingmath.pyi
copying file /Users/jamie/Documents/Projects/python/py2app-error/.venv/lib/python3.11/site-packages/PIL/_imagingmorph.pyi -> /Users/jamie/Documents/Projects/python/py2app-error/build/bdist.macosx-14.0-arm64/python3.11-standalone/app/collect/PIL/_imagingmorph.pyi
copying file /Users/jamie/Documents/Projects/python/py2app-error/.venv/lib/python3.11/site-packages/PIL/_imagingcms.pyi -> /Users/jamie/Documents/Projects/python/py2app-error/build/bdist.macosx-14.0-arm64/python3.11-standalone/app/collect/PIL/_imagingcms.pyi
copying file /Users/jamie/Documents/Projects/python/py2app-error/.venv/lib/python3.11/site-packages/PIL/_webp.pyi -> /Users/jamie/Documents/Projects/python/py2app-error/build/bdist.macosx-14.0-arm64/python3.11-standalone/app/collect/PIL/_webp.pyi
creating /Users/jamie/Documents/Projects/python/py2app-error/build/bdist.macosx-14.0-arm64/python3.11-standalone/app/collect/PIL/.dylibs
copying file /Users/jamie/Documents/Projects/python/py2app-error/.venv/lib/python3.11/site-packages/PIL/.dylibs/liblcms2.2.dylib -> /Users/jamie/Documents/Projects/python/py2app-error/build/bdist.macosx-14.0-arm64/python3.11-standalone/app/collect/PIL/.dylibs/liblcms2.2.dylib
copying file /Users/jamie/Documents/Projects/python/py2app-error/.venv/lib/python3.11/site-packages/PIL/.dylibs/libpng16.16.dylib -> /Users/jamie/Documents/Projects/python/py2app-error/build/bdist.macosx-14.0-arm64/python3.11-standalone/app/collect/PIL/.dylibs/libpng16.16.dylib
copying file /Users/jamie/Documents/Projects/python/py2app-error/.venv/lib/python3.11/site-packages/PIL/.dylibs/libxcb.1.1.0.dylib -> /Users/jamie/Documents/Projects/python/py2app-error/build/bdist.macosx-14.0-arm64/python3.11-standalone/app/collect/PIL/.dylibs/libxcb.1.1.0.dylib
copying file /Users/jamie/Documents/Projects/python/py2app-error/.venv/lib/python3.11/site-packages/PIL/.dylibs/libjpeg.62.4.0.dylib -> /Users/jamie/Documents/Projects/python/py2app-error/build/bdist.macosx-14.0-arm64/python3.11-standalone/app/collect/PIL/.dylibs/libjpeg.62.4.0.dylib
copying file /Users/jamie/Documents/Projects/python/py2app-error/.venv/lib/python3.11/site-packages/PIL/.dylibs/libbrotlidec.1.1.0.dylib -> /Users/jamie/Documents/Projects/python/py2app-error/build/bdist.macosx-14.0-arm64/python3.11-standalone/app/collect/PIL/.dylibs/libbrotlidec.1.1.0.dylib
copying file /Users/jamie/Documents/Projects/python/py2app-error/.venv/lib/python3.11/site-packages/PIL/.dylibs/libfreetype.6.dylib -> /Users/jamie/Documents/Projects/python/py2app-error/build/bdist.macosx-14.0-arm64/python3.11-standalone/app/collect/PIL/.dylibs/libfreetype.6.dylib
copying file /Users/jamie/Documents/Projects/python/py2app-error/.venv/lib/python3.11/site-packages/PIL/.dylibs/libXau.6.0.0.dylib -> /Users/jamie/Documents/Projects/python/py2app-error/build/bdist.macosx-14.0-arm64/python3.11-standalone/app/collect/PIL/.dylibs/libXau.6.0.0.dylib
copying file /Users/jamie/Documents/Projects/python/py2app-error/.venv/lib/python3.11/site-packages/PIL/.dylibs/libbrotlicommon.1.1.0.dylib -> /Users/jamie/Documents/Projects/python/py2app-error/build/bdist.macosx-14.0-arm64/python3.11-standalone/app/collect/PIL/.dylibs/libbrotlicommon.1.1.0.dylib
copying file /Users/jamie/Documents/Projects/python/py2app-error/.venv/lib/python3.11/site-packages/PIL/.dylibs/libharfbuzz.0.dylib -> /Users/jamie/Documents/Projects/python/py2app-error/build/bdist.macosx-14.0-arm64/python3.11-standalone/app/collect/PIL/.dylibs/libharfbuzz.0.dylib
copying file /Users/jamie/Documents/Projects/python/py2app-error/.venv/lib/python3.11/site-packages/PIL/.dylibs/libsharpyuv.0.dylib -> /Users/jamie/Documents/Projects/python/py2app-error/build/bdist.macosx-14.0-arm64/python3.11-standalone/app/collect/PIL/.dylibs/libsharpyuv.0.dylib
copying file /Users/jamie/Documents/Projects/python/py2app-error/.venv/lib/python3.11/site-packages/PIL/.dylibs/libz.1.3.1.dylib -> /Users/jamie/Documents/Projects/python/py2app-error/build/bdist.macosx-14.0-arm64/python3.11-standalone/app/collect/PIL/.dylibs/libz.1.3.1.dylib
copying file /Users/jamie/Documents/Projects/python/py2app-error/.venv/lib/python3.11/site-packages/PIL/.dylibs/libwebp.7.dylib -> /Users/jamie/Documents/Projects/python/py2app-error/build/bdist.macosx-14.0-arm64/python3.11-standalone/app/collect/PIL/.dylibs/libwebp.7.dylib
copying file /Users/jamie/Documents/Projects/python/py2app-error/.venv/lib/python3.11/site-packages/PIL/.dylibs/libopenjp2.2.5.2.dylib -> /Users/jamie/Documents/Projects/python/py2app-error/build/bdist.macosx-14.0-arm64/python3.11-standalone/app/collect/PIL/.dylibs/libopenjp2.2.5.2.dylib
copying file /Users/jamie/Documents/Projects/python/py2app-error/.venv/lib/python3.11/site-packages/PIL/.dylibs/libwebpmux.3.dylib -> /Users/jamie/Documents/Projects/python/py2app-error/build/bdist.macosx-14.0-arm64/python3.11-standalone/app/collect/PIL/.dylibs/libwebpmux.3.dylib
copying file /Users/jamie/Documents/Projects/python/py2app-error/.venv/lib/python3.11/site-packages/PIL/.dylibs/libwebpdemux.2.dylib -> /Users/jamie/Documents/Projects/python/py2app-error/build/bdist.macosx-14.0-arm64/python3.11-standalone/app/collect/PIL/.dylibs/libwebpdemux.2.dylib
copying file /Users/jamie/Documents/Projects/python/py2app-error/.venv/lib/python3.11/site-packages/PIL/.dylibs/liblzma.5.dylib -> /Users/jamie/Documents/Projects/python/py2app-error/build/bdist.macosx-14.0-arm64/python3.11-standalone/app/collect/PIL/.dylibs/liblzma.5.dylib
copying file /Users/jamie/Documents/Projects/python/py2app-error/.venv/lib/python3.11/site-packages/PIL/.dylibs/libtiff.6.dylib -> /Users/jamie/Documents/Projects/python/py2app-error/build/bdist.macosx-14.0-arm64/python3.11-standalone/app/collect/PIL/.dylibs/libtiff.6.dylib
copying file /Users/jamie/Documents/Projects/python/py2app-error/.venv/lib/python3.11/site-packages/PIL/_imaging.pyi -> /Users/jamie/Documents/Projects/python/py2app-error/build/bdist.macosx-14.0-arm64/python3.11-standalone/app/collect/PIL/_imaging.pyi
copying file /Users/jamie/Documents/Projects/python/py2app-error/.venv/lib/python3.11/site-packages/PIL/_imagingft.pyi -> /Users/jamie/Documents/Projects/python/py2app-error/build/bdist.macosx-14.0-arm64/python3.11-standalone/app/collect/PIL/_imagingft.pyi
copying file /Users/jamie/Documents/Projects/python/py2app-error/.venv/lib/python3.11/site-packages/PIL/py.typed -> /Users/jamie/Documents/Projects/python/py2app-error/build/bdist.macosx-14.0-arm64/python3.11-standalone/app/collect/PIL/py.typed
copying file /Users/jamie/Documents/Projects/python/py2app-error/.venv/lib/python3.11/site-packages/pip/py.typed -> /Users/jamie/Documents/Projects/python/py2app-error/build/bdist.macosx-14.0-arm64/python3.11-standalone/app/collect/pip/py.typed
copying file /Users/jamie/Documents/Projects/python/py2app-error/.venv/lib/python3.11/site-packages/pip/_vendor/vendor.txt -> /Users/jamie/Documents/Projects/python/py2app-error/build/bdist.macosx-14.0-arm64/python3.11-standalone/app/collect/pip/_vendor/vendor.txt
copying file /Users/jamie/Documents/Projects/python/py2app-error/.venv/lib/python3.11/site-packages/pip/_vendor/cachecontrol/py.typed -> /Users/jamie/Documents/Projects/python/py2app-error/build/bdist.macosx-14.0-arm64/python3.11-standalone/app/collect/pip/_vendor/cachecontrol/py.typed
copying file /Users/jamie/Documents/Projects/python/py2app-error/.venv/lib/python3.11/site-packages/pip/_vendor/certifi/py.typed -> /Users/jamie/Documents/Projects/python/py2app-error/build/bdist.macosx-14.0-arm64/python3.11-standalone/app/collect/pip/_vendor/certifi/py.typed
copying file /Users/jamie/Documents/Projects/python/py2app-error/.venv/lib/python3.11/site-packages/pip/_vendor/certifi/cacert.pem -> /Users/jamie/Documents/Projects/python/py2app-error/build/bdist.macosx-14.0-arm64/python3.11-standalone/app/collect/pip/_vendor/certifi/cacert.pem
copying file /Users/jamie/Documents/Projects/python/py2app-error/.venv/lib/python3.11/site-packages/pip/_vendor/chardet/py.typed -> /Users/jamie/Documents/Projects/python/py2app-error/build/bdist.macosx-14.0-arm64/python3.11-standalone/app/collect/pip/_vendor/chardet/py.typed
copying file /Users/jamie/Documents/Projects/python/py2app-error/.venv/lib/python3.11/site-packages/pip/_vendor/distlib/w64-arm.exe -> /Users/jamie/Documents/Projects/python/py2app-error/build/bdist.macosx-14.0-arm64/python3.11-standalone/app/collect/pip/_vendor/distlib/w64-arm.exe
copying file /Users/jamie/Documents/Projects/python/py2app-error/.venv/lib/python3.11/site-packages/pip/_vendor/distlib/w32.exe -> /Users/jamie/Documents/Projects/python/py2app-error/build/bdist.macosx-14.0-arm64/python3.11-standalone/app/collect/pip/_vendor/distlib/w32.exe
copying file /Users/jamie/Documents/Projects/python/py2app-error/.venv/lib/python3.11/site-packages/pip/_vendor/distlib/t32.exe -> /Users/jamie/Documents/Projects/python/py2app-error/build/bdist.macosx-14.0-arm64/python3.11-standalone/app/collect/pip/_vendor/distlib/t32.exe
copying file /Users/jamie/Documents/Projects/python/py2app-error/.venv/lib/python3.11/site-packages/pip/_vendor/distlib/w64.exe -> /Users/jamie/Documents/Projects/python/py2app-error/build/bdist.macosx-14.0-arm64/python3.11-standalone/app/collect/pip/_vendor/distlib/w64.exe
copying file /Users/jamie/Documents/Projects/python/py2app-error/.venv/lib/python3.11/site-packages/pip/_vendor/distlib/t64-arm.exe -> /Users/jamie/Documents/Projects/python/py2app-error/build/bdist.macosx-14.0-arm64/python3.11-standalone/app/collect/pip/_vendor/distlib/t64-arm.exe
copying file /Users/jamie/Documents/Projects/python/py2app-error/.venv/lib/python3.11/site-packages/pip/_vendor/distlib/t64.exe -> /Users/jamie/Documents/Projects/python/py2app-error/build/bdist.macosx-14.0-arm64/python3.11-standalone/app/collect/pip/_vendor/distlib/t64.exe
copying file /Users/jamie/Documents/Projects/python/py2app-error/.venv/lib/python3.11/site-packages/pip/_vendor/distro/py.typed -> /Users/jamie/Documents/Projects/python/py2app-error/build/bdist.macosx-14.0-arm64/python3.11-standalone/app/collect/pip/_vendor/distro/py.typed
copying file /Users/jamie/Documents/Projects/python/py2app-error/.venv/lib/python3.11/site-packages/pip/_vendor/idna/py.typed -> /Users/jamie/Documents/Projects/python/py2app-error/build/bdist.macosx-14.0-arm64/python3.11-standalone/app/collect/pip/_vendor/idna/py.typed
copying file /Users/jamie/Documents/Projects/python/py2app-error/.venv/lib/python3.11/site-packages/pip/_vendor/packaging/py.typed -> /Users/jamie/Documents/Projects/python/py2app-error/build/bdist.macosx-14.0-arm64/python3.11-standalone/app/collect/pip/_vendor/packaging/py.typed
copying file /Users/jamie/Documents/Projects/python/py2app-error/.venv/lib/python3.11/site-packages/pip/_vendor/platformdirs/py.typed -> /Users/jamie/Documents/Projects/python/py2app-error/build/bdist.macosx-14.0-arm64/python3.11-standalone/app/collect/pip/_vendor/platformdirs/py.typed
copying file /Users/jamie/Documents/Projects/python/py2app-error/.venv/lib/python3.11/site-packages/pip/_vendor/pyparsing/py.typed -> /Users/jamie/Documents/Projects/python/py2app-error/build/bdist.macosx-14.0-arm64/python3.11-standalone/app/collect/pip/_vendor/pyparsing/py.typed
copying file /Users/jamie/Documents/Projects/python/py2app-error/.venv/lib/python3.11/site-packages/pip/_vendor/rich/py.typed -> /Users/jamie/Documents/Projects/python/py2app-error/build/bdist.macosx-14.0-arm64/python3.11-standalone/app/collect/pip/_vendor/rich/py.typed
copying file /Users/jamie/Documents/Projects/python/py2app-error/.venv/lib/python3.11/site-packages/pip/_vendor/tenacity/py.typed -> /Users/jamie/Documents/Projects/python/py2app-error/build/bdist.macosx-14.0-arm64/python3.11-standalone/app/collect/pip/_vendor/tenacity/py.typed
copying file /Users/jamie/Documents/Projects/python/py2app-error/.venv/lib/python3.11/site-packages/pip/_vendor/tomli/py.typed -> /Users/jamie/Documents/Projects/python/py2app-error/build/bdist.macosx-14.0-arm64/python3.11-standalone/app/collect/pip/_vendor/tomli/py.typed
copying file /Users/jamie/Documents/Projects/python/py2app-error/.venv/lib/python3.11/site-packages/setuptools/cli-arm64.exe -> /Users/jamie/Documents/Projects/python/py2app-error/build/bdist.macosx-14.0-arm64/python3.11-standalone/app/collect/setuptools/cli-arm64.exe
copying file /Users/jamie/Documents/Projects/python/py2app-error/.venv/lib/python3.11/site-packages/setuptools/cli-64.exe -> /Users/jamie/Documents/Projects/python/py2app-error/build/bdist.macosx-14.0-arm64/python3.11-standalone/app/collect/setuptools/cli-64.exe
copying file /Users/jamie/Documents/Projects/python/py2app-error/.venv/lib/python3.11/site-packages/setuptools/gui-64.exe -> /Users/jamie/Documents/Projects/python/py2app-error/build/bdist.macosx-14.0-arm64/python3.11-standalone/app/collect/setuptools/gui-64.exe
copying file /Users/jamie/Documents/Projects/python/py2app-error/.venv/lib/python3.11/site-packages/setuptools/script.tmpl -> /Users/jamie/Documents/Projects/python/py2app-error/build/bdist.macosx-14.0-arm64/python3.11-standalone/app/collect/setuptools/script.tmpl
copying file /Users/jamie/Documents/Projects/python/py2app-error/.venv/lib/python3.11/site-packages/setuptools/cli.exe -> /Users/jamie/Documents/Projects/python/py2app-error/build/bdist.macosx-14.0-arm64/python3.11-standalone/app/collect/setuptools/cli.exe
copying file /Users/jamie/Documents/Projects/python/py2app-error/.venv/lib/python3.11/site-packages/setuptools/cli-32.exe -> /Users/jamie/Documents/Projects/python/py2app-error/build/bdist.macosx-14.0-arm64/python3.11-standalone/app/collect/setuptools/cli-32.exe
copying file /Users/jamie/Documents/Projects/python/py2app-error/.venv/lib/python3.11/site-packages/setuptools/gui-32.exe -> /Users/jamie/Documents/Projects/python/py2app-error/build/bdist.macosx-14.0-arm64/python3.11-standalone/app/collect/setuptools/gui-32.exe
copying file /Users/jamie/Documents/Projects/python/py2app-error/.venv/lib/python3.11/site-packages/setuptools/gui.exe -> /Users/jamie/Documents/Projects/python/py2app-error/build/bdist.macosx-14.0-arm64/python3.11-standalone/app/collect/setuptools/gui.exe
copying file /Users/jamie/Documents/Projects/python/py2app-error/.venv/lib/python3.11/site-packages/setuptools/gui-arm64.exe -> /Users/jamie/Documents/Projects/python/py2app-error/build/bdist.macosx-14.0-arm64/python3.11-standalone/app/collect/setuptools/gui-arm64.exe
copying file /Users/jamie/Documents/Projects/python/py2app-error/.venv/lib/python3.11/site-packages/setuptools/script (dev).tmpl -> /Users/jamie/Documents/Projects/python/py2app-error/build/bdist.macosx-14.0-arm64/python3.11-standalone/app/collect/setuptools/script (dev).tmpl
copying file /Users/jamie/Documents/Projects/python/py2app-error/.venv/lib/python3.11/site-packages/setuptools/command/launcher manifest.xml -> /Users/jamie/Documents/Projects/python/py2app-error/build/bdist.macosx-14.0-arm64/python3.11-standalone/app/collect/setuptools/command/launcher manifest.xml
creating /Users/jamie/Documents/Projects/python/py2app-error/build/bdist.macosx-14.0-arm64/python3.11-standalone/app/collect/numpy/random/_examples/cffi/__pycache__
copying file /Users/jamie/Documents/Projects/python/py2app-error/.venv/lib/python3.11/site-packages/numpy/random/_examples/cffi/__pycache__/parse.cpython-311.pyc -> /Users/jamie/Documents/Projects/python/py2app-error/build/bdist.macosx-14.0-arm64/python3.11-standalone/app/collect/numpy/random/_examples/cffi/__pycache__/parse.cpython-311.pyc
copying file /Users/jamie/Documents/Projects/python/py2app-error/.venv/lib/python3.11/site-packages/numpy/random/_examples/cffi/__pycache__/extending.cpython-311.pyc -> /Users/jamie/Documents/Projects/python/py2app-error/build/bdist.macosx-14.0-arm64/python3.11-standalone/app/collect/numpy/random/_examples/cffi/__pycache__/extending.cpython-311.pyc
copying file /Users/jamie/Documents/Projects/python/py2app-error/.venv/lib/python3.11/site-packages/numpy/random/_examples/cffi/parse.py -> /Users/jamie/Documents/Projects/python/py2app-error/build/bdist.macosx-14.0-arm64/python3.11-standalone/app/collect/numpy/random/_examples/cffi/parse.py
copying file /Users/jamie/Documents/Projects/python/py2app-error/.venv/lib/python3.11/site-packages/numpy/random/_examples/cffi/extending.py -> /Users/jamie/Documents/Projects/python/py2app-error/build/bdist.macosx-14.0-arm64/python3.11-standalone/app/collect/numpy/random/_examples/cffi/extending.py
creating /Users/jamie/Documents/Projects/python/py2app-error/build/bdist.macosx-14.0-arm64/python3.11-standalone/app/collect/numpy/random/_examples/cython
copying file /Users/jamie/Documents/Projects/python/py2app-error/.venv/lib/python3.11/site-packages/numpy/random/_examples/cython/meson.build -> /Users/jamie/Documents/Projects/python/py2app-error/build/bdist.macosx-14.0-arm64/python3.11-standalone/app/collect/numpy/random/_examples/cython/meson.build
copying file /Users/jamie/Documents/Projects/python/py2app-error/.venv/lib/python3.11/site-packages/numpy/random/_examples/cython/extending_distributions.pyx -> /Users/jamie/Documents/Projects/python/py2app-error/build/bdist.macosx-14.0-arm64/python3.11-standalone/app/collect/numpy/random/_examples/cython/extending_distributions.pyx
copying file /Users/jamie/Documents/Projects/python/py2app-error/.venv/lib/python3.11/site-packages/numpy/random/_examples/cython/extending.pyx -> /Users/jamie/Documents/Projects/python/py2app-error/build/bdist.macosx-14.0-arm64/python3.11-standalone/app/collect/numpy/random/_examples/cython/extending.pyx
creating /Users/jamie/Documents/Projects/python/py2app-error/build/bdist.macosx-14.0-arm64/python3.11-standalone/app/collect/numpy/random/_examples/numba/__pycache__
copying file /Users/jamie/Documents/Projects/python/py2app-error/.venv/lib/python3.11/site-packages/numpy/random/_examples/numba/__pycache__/extending_distributions.cpython-311.pyc -> /Users/jamie/Documents/Projects/python/py2app-error/build/bdist.macosx-14.0-arm64/python3.11-standalone/app/collect/numpy/random/_examples/numba/__pycache__/extending_distributions.cpython-311.pyc
copying file /Users/jamie/Documents/Projects/python/py2app-error/.venv/lib/python3.11/site-packages/numpy/random/_examples/numba/__pycache__/extending.cpython-311.pyc -> /Users/jamie/Documents/Projects/python/py2app-error/build/bdist.macosx-14.0-arm64/python3.11-standalone/app/collect/numpy/random/_examples/numba/__pycache__/extending.cpython-311.pyc
copying file /Users/jamie/Documents/Projects/python/py2app-error/.venv/lib/python3.11/site-packages/numpy/random/_examples/numba/extending.py -> /Users/jamie/Documents/Projects/python/py2app-error/build/bdist.macosx-14.0-arm64/python3.11-standalone/app/collect/numpy/random/_examples/numba/extending.py
copying file /Users/jamie/Documents/Projects/python/py2app-error/.venv/lib/python3.11/site-packages/numpy/random/_examples/numba/extending_distributions.py -> /Users/jamie/Documents/Projects/python/py2app-error/build/bdist.macosx-14.0-arm64/python3.11-standalone/app/collect/numpy/random/_examples/numba/extending_distributions.py
copying file /opt/local/Library/Frameworks/Python.framework/Versions/3.11/lib/python3.11/ctypes/macholib/fetch_macholib -> /Users/jamie/Documents/Projects/python/py2app-error/build/bdist.macosx-14.0-arm64/python3.11-standalone/app/collect/ctypes/macholib/fetch_macholib
copying file /opt/local/Library/Frameworks/Python.framework/Versions/3.11/lib/python3.11/ctypes/macholib/README.ctypes -> /Users/jamie/Documents/Projects/python/py2app-error/build/bdist.macosx-14.0-arm64/python3.11-standalone/app/collect/ctypes/macholib/README.ctypes
copying file /opt/local/Library/Frameworks/Python.framework/Versions/3.11/lib/python3.11/ctypes/macholib/fetch_macholib.bat -> /Users/jamie/Documents/Projects/python/py2app-error/build/bdist.macosx-14.0-arm64/python3.11-standalone/app/collect/ctypes/macholib/fetch_macholib.bat
copying file /opt/local/Library/Frameworks/Python.framework/Versions/3.11/lib/python3.11/distutils/README -> /Users/jamie/Documents/Projects/python/py2app-error/build/bdist.macosx-14.0-arm64/python3.11-standalone/app/collect/distutils/README
copying file /opt/local/Library/Frameworks/Python.framework/Versions/3.11/lib/python3.11/distutils/command/command_template -> /Users/jamie/Documents/Projects/python/py2app-error/build/bdist.macosx-14.0-arm64/python3.11-standalone/app/collect/distutils/command/command_template
copying file /opt/local/Library/Frameworks/Python.framework/Versions/3.11/lib/python3.11/email/architecture.rst -> /Users/jamie/Documents/Projects/python/py2app-error/build/bdist.macosx-14.0-arm64/python3.11-standalone/app/collect/email/architecture.rst
copying file /opt/local/Library/Frameworks/Python.framework/Versions/3.11/lib/python3.11/lib2to3/Grammar.txt -> /Users/jamie/Documents/Projects/python/py2app-error/build/bdist.macosx-14.0-arm64/python3.11-standalone/app/collect/lib2to3/Grammar.txt
copying file /opt/local/Library/Frameworks/Python.framework/Versions/3.11/lib/python3.11/lib2to3/Grammar3.11.8.final.0.pickle -> /Users/jamie/Documents/Projects/python/py2app-error/build/bdist.macosx-14.0-arm64/python3.11-standalone/app/collect/lib2to3/Grammar3.11.8.final.0.pickle
copying file /opt/local/Library/Frameworks/Python.framework/Versions/3.11/lib/python3.11/lib2to3/PatternGrammar.txt -> /Users/jamie/Documents/Projects/python/py2app-error/build/bdist.macosx-14.0-arm64/python3.11-standalone/app/collect/lib2to3/PatternGrammar.txt
copying file /opt/local/Library/Frameworks/Python.framework/Versions/3.11/lib/python3.11/lib2to3/PatternGrammar3.11.8.final.0.pickle -> /Users/jamie/Documents/Projects/python/py2app-error/build/bdist.macosx-14.0-arm64/python3.11-standalone/app/collect/lib2to3/PatternGrammar3.11.8.final.0.pickle
copying file /opt/local/Library/Frameworks/Python.framework/Versions/3.11/lib/python3.11/pydoc_data/_pydoc.css -> /Users/jamie/Documents/Projects/python/py2app-error/build/bdist.macosx-14.0-arm64/python3.11-standalone/app/collect/pydoc_data/_pydoc.css
copying file /opt/local/Library/Frameworks/Python.framework/Versions/3.11/lib/python3.11/test/test_difflib_expect.html -> /Users/jamie/Documents/Projects/python/py2app-error/build/bdist.macosx-14.0-arm64/python3.11-standalone/app/collect/test/test_difflib_expect.html
copying file /opt/local/Library/Frameworks/Python.framework/Versions/3.11/lib/python3.11/test/pstats.pck -> /Users/jamie/Documents/Projects/python/py2app-error/build/bdist.macosx-14.0-arm64/python3.11-standalone/app/collect/test/pstats.pck
creating /Users/jamie/Documents/Projects/python/py2app-error/build/bdist.macosx-14.0-arm64/python3.11-standalone/app/collect/test/crashers
copying file /opt/local/Library/Frameworks/Python.framework/Versions/3.11/lib/python3.11/test/crashers/gc_inspection.py -> /Users/jamie/Documents/Projects/python/py2app-error/build/bdist.macosx-14.0-arm64/python3.11-standalone/app/collect/test/crashers/gc_inspection.py
copying file /opt/local/Library/Frameworks/Python.framework/Versions/3.11/lib/python3.11/test/crashers/trace_at_recursion_limit.py -> /Users/jamie/Documents/Projects/python/py2app-error/build/bdist.macosx-14.0-arm64/python3.11-standalone/app/collect/test/crashers/trace_at_recursion_limit.py
copying file /opt/local/Library/Frameworks/Python.framework/Versions/3.11/lib/python3.11/test/crashers/underlying_dict.py -> /Users/jamie/Documents/Projects/python/py2app-error/build/bdist.macosx-14.0-arm64/python3.11-standalone/app/collect/test/crashers/underlying_dict.py
copying file /opt/local/Library/Frameworks/Python.framework/Versions/3.11/lib/python3.11/test/crashers/infinite_loop_re.py -> /Users/jamie/Documents/Projects/python/py2app-error/build/bdist.macosx-14.0-arm64/python3.11-standalone/app/collect/test/crashers/infinite_loop_re.py
copying file /opt/local/Library/Frameworks/Python.framework/Versions/3.11/lib/python3.11/test/crashers/mutation_inside_cyclegc.py -> /Users/jamie/Documents/Projects/python/py2app-error/build/bdist.macosx-14.0-arm64/python3.11-standalone/app/collect/test/crashers/mutation_inside_cyclegc.py
creating /Users/jamie/Documents/Projects/python/py2app-error/build/bdist.macosx-14.0-arm64/python3.11-standalone/app/collect/test/crashers/__pycache__
copying file /opt/local/Library/Frameworks/Python.framework/Versions/3.11/lib/python3.11/test/crashers/__pycache__/underlying_dict.cpython-311.opt-1.pyc -> /Users/jamie/Documents/Projects/python/py2app-error/build/bdist.macosx-14.0-arm64/python3.11-standalone/app/collect/test/crashers/__pycache__/underlying_dict.cpython-311.opt-1.pyc
copying file /opt/local/Library/Frameworks/Python.framework/Versions/3.11/lib/python3.11/test/crashers/__pycache__/underlying_dict.cpython-311.opt-2.pyc -> /Users/jamie/Documents/Projects/python/py2app-error/build/bdist.macosx-14.0-arm64/python3.11-standalone/app/collect/test/crashers/__pycache__/underlying_dict.cpython-311.opt-2.pyc
copying file /opt/local/Library/Frameworks/Python.framework/Versions/3.11/lib/python3.11/test/crashers/__pycache__/underlying_dict.cpython-311.pyc -> /Users/jamie/Documents/Projects/python/py2app-error/build/bdist.macosx-14.0-arm64/python3.11-standalone/app/collect/test/crashers/__pycache__/underlying_dict.cpython-311.pyc
copying file /opt/local/Library/Frameworks/Python.framework/Versions/3.11/lib/python3.11/test/crashers/__pycache__/mutation_inside_cyclegc.cpython-311.opt-2.pyc -> /Users/jamie/Documents/Projects/python/py2app-error/build/bdist.macosx-14.0-arm64/python3.11-standalone/app/collect/test/crashers/__pycache__/mutation_inside_cyclegc.cpython-311.opt-2.pyc
copying file /opt/local/Library/Frameworks/Python.framework/Versions/3.11/lib/python3.11/test/crashers/__pycache__/mutation_inside_cyclegc.cpython-311.opt-1.pyc -> /Users/jamie/Documents/Projects/python/py2app-error/build/bdist.macosx-14.0-arm64/python3.11-standalone/app/collect/test/crashers/__pycache__/mutation_inside_cyclegc.cpython-311.opt-1.pyc
copying file /opt/local/Library/Frameworks/Python.framework/Versions/3.11/lib/python3.11/test/crashers/__pycache__/recursive_call.cpython-311.opt-2.pyc -> /Users/jamie/Documents/Projects/python/py2app-error/build/bdist.macosx-14.0-arm64/python3.11-standalone/app/collect/test/crashers/__pycache__/recursive_call.cpython-311.opt-2.pyc
copying file /opt/local/Library/Frameworks/Python.framework/Versions/3.11/lib/python3.11/test/crashers/__pycache__/bogus_code_obj.cpython-311.opt-2.pyc -> /Users/jamie/Documents/Projects/python/py2app-error/build/bdist.macosx-14.0-arm64/python3.11-standalone/app/collect/test/crashers/__pycache__/bogus_code_obj.cpython-311.opt-2.pyc
copying file /opt/local/Library/Frameworks/Python.framework/Versions/3.11/lib/python3.11/test/crashers/__pycache__/gc_inspection.cpython-311.opt-2.pyc -> /Users/jamie/Documents/Projects/python/py2app-error/build/bdist.macosx-14.0-arm64/python3.11-standalone/app/collect/test/crashers/__pycache__/gc_inspection.cpython-311.opt-2.pyc
copying file /opt/local/Library/Frameworks/Python.framework/Versions/3.11/lib/python3.11/test/crashers/__pycache__/recursive_call.cpython-311.opt-1.pyc -> /Users/jamie/Documents/Projects/python/py2app-error/build/bdist.macosx-14.0-arm64/python3.11-standalone/app/collect/test/crashers/__pycache__/recursive_call.cpython-311.opt-1.pyc
copying file /opt/local/Library/Frameworks/Python.framework/Versions/3.11/lib/python3.11/test/crashers/__pycache__/bogus_code_obj.cpython-311.opt-1.pyc -> /Users/jamie/Documents/Projects/python/py2app-error/build/bdist.macosx-14.0-arm64/python3.11-standalone/app/collect/test/crashers/__pycache__/bogus_code_obj.cpython-311.opt-1.pyc
copying file /opt/local/Library/Frameworks/Python.framework/Versions/3.11/lib/python3.11/test/crashers/__pycache__/gc_inspection.cpython-311.opt-1.pyc -> /Users/jamie/Documents/Projects/python/py2app-error/build/bdist.macosx-14.0-arm64/python3.11-standalone/app/collect/test/crashers/__pycache__/gc_inspection.cpython-311.opt-1.pyc
copying file /opt/local/Library/Frameworks/Python.framework/Versions/3.11/lib/python3.11/test/crashers/__pycache__/trace_at_recursion_limit.cpython-311.opt-2.pyc -> /Users/jamie/Documents/Projects/python/py2app-error/build/bdist.macosx-14.0-arm64/python3.11-standalone/app/collect/test/crashers/__pycache__/trace_at_recursion_limit.cpython-311.opt-2.pyc
copying file /opt/local/Library/Frameworks/Python.framework/Versions/3.11/lib/python3.11/test/crashers/__pycache__/gc_inspection.cpython-311.pyc -> /Users/jamie/Documents/Projects/python/py2app-error/build/bdist.macosx-14.0-arm64/python3.11-standalone/app/collect/test/crashers/__pycache__/gc_inspection.cpython-311.pyc
copying file /opt/local/Library/Frameworks/Python.framework/Versions/3.11/lib/python3.11/test/crashers/__pycache__/trace_at_recursion_limit.cpython-311.opt-1.pyc -> /Users/jamie/Documents/Projects/python/py2app-error/build/bdist.macosx-14.0-arm64/python3.11-standalone/app/collect/test/crashers/__pycache__/trace_at_recursion_limit.cpython-311.opt-1.pyc
copying file /opt/local/Library/Frameworks/Python.framework/Versions/3.11/lib/python3.11/test/crashers/__pycache__/infinite_loop_re.cpython-311.pyc -> /Users/jamie/Documents/Projects/python/py2app-error/build/bdist.macosx-14.0-arm64/python3.11-standalone/app/collect/test/crashers/__pycache__/infinite_loop_re.cpython-311.pyc
copying file /opt/local/Library/Frameworks/Python.framework/Versions/3.11/lib/python3.11/test/crashers/__pycache__/infinite_loop_re.cpython-311.opt-2.pyc -> /Users/jamie/Documents/Projects/python/py2app-error/build/bdist.macosx-14.0-arm64/python3.11-standalone/app/collect/test/crashers/__pycache__/infinite_loop_re.cpython-311.opt-2.pyc
copying file /opt/local/Library/Frameworks/Python.framework/Versions/3.11/lib/python3.11/test/crashers/__pycache__/bogus_code_obj.cpython-311.pyc -> /Users/jamie/Documents/Projects/python/py2app-error/build/bdist.macosx-14.0-arm64/python3.11-standalone/app/collect/test/crashers/__pycache__/bogus_code_obj.cpython-311.pyc
copying file /opt/local/Library/Frameworks/Python.framework/Versions/3.11/lib/python3.11/test/crashers/__pycache__/infinite_loop_re.cpython-311.opt-1.pyc -> /Users/jamie/Documents/Projects/python/py2app-error/build/bdist.macosx-14.0-arm64/python3.11-standalone/app/collect/test/crashers/__pycache__/infinite_loop_re.cpython-311.opt-1.pyc
copying file /opt/local/Library/Frameworks/Python.framework/Versions/3.11/lib/python3.11/test/crashers/__pycache__/trace_at_recursion_limit.cpython-311.pyc -> /Users/jamie/Documents/Projects/python/py2app-error/build/bdist.macosx-14.0-arm64/python3.11-standalone/app/collect/test/crashers/__pycache__/trace_at_recursion_limit.cpython-311.pyc
copying file /opt/local/Library/Frameworks/Python.framework/Versions/3.11/lib/python3.11/test/crashers/__pycache__/mutation_inside_cyclegc.cpython-311.pyc -> /Users/jamie/Documents/Projects/python/py2app-error/build/bdist.macosx-14.0-arm64/python3.11-standalone/app/collect/test/crashers/__pycache__/mutation_inside_cyclegc.cpython-311.pyc
copying file /opt/local/Library/Frameworks/Python.framework/Versions/3.11/lib/python3.11/test/crashers/__pycache__/recursive_call.cpython-311.pyc -> /Users/jamie/Documents/Projects/python/py2app-error/build/bdist.macosx-14.0-arm64/python3.11-standalone/app/collect/test/crashers/__pycache__/recursive_call.cpython-311.pyc
copying file /opt/local/Library/Frameworks/Python.framework/Versions/3.11/lib/python3.11/test/crashers/README -> /Users/jamie/Documents/Projects/python/py2app-error/build/bdist.macosx-14.0-arm64/python3.11-standalone/app/collect/test/crashers/README
copying file /opt/local/Library/Frameworks/Python.framework/Versions/3.11/lib/python3.11/test/crashers/bogus_code_obj.py -> /Users/jamie/Documents/Projects/python/py2app-error/build/bdist.macosx-14.0-arm64/python3.11-standalone/app/collect/test/crashers/bogus_code_obj.py
copying file /opt/local/Library/Frameworks/Python.framework/Versions/3.11/lib/python3.11/test/crashers/recursive_call.py -> /Users/jamie/Documents/Projects/python/py2app-error/build/bdist.macosx-14.0-arm64/python3.11-standalone/app/collect/test/crashers/recursive_call.py
copying file /opt/local/Library/Frameworks/Python.framework/Versions/3.11/lib/python3.11/test/Sine-1000Hz-300ms.aif -> /Users/jamie/Documents/Projects/python/py2app-error/build/bdist.macosx-14.0-arm64/python3.11-standalone/app/collect/test/Sine-1000Hz-300ms.aif
copying file /opt/local/Library/Frameworks/Python.framework/Versions/3.11/lib/python3.11/test/testtar.tar.xz -> /Users/jamie/Documents/Projects/python/py2app-error/build/bdist.macosx-14.0-arm64/python3.11-standalone/app/collect/test/testtar.tar.xz
creating /Users/jamie/Documents/Projects/python/py2app-error/build/bdist.macosx-14.0-arm64/python3.11-standalone/app/collect/test/ziptestdata
copying file /opt/local/Library/Frameworks/Python.framework/Versions/3.11/lib/python3.11/test/ziptestdata/exe_with_zip -> /Users/jamie/Documents/Projects/python/py2app-error/build/bdist.macosx-14.0-arm64/python3.11-standalone/app/collect/test/ziptestdata/exe_with_zip
copying file /opt/local/Library/Frameworks/Python.framework/Versions/3.11/lib/python3.11/test/ziptestdata/testdata_module_inside_zip.py -> /Users/jamie/Documents/Projects/python/py2app-error/build/bdist.macosx-14.0-arm64/python3.11-standalone/app/collect/test/ziptestdata/testdata_module_inside_zip.py
copying file /opt/local/Library/Frameworks/Python.framework/Versions/3.11/lib/python3.11/test/ziptestdata/exe_with_z64 -> /Users/jamie/Documents/Projects/python/py2app-error/build/bdist.macosx-14.0-arm64/python3.11-standalone/app/collect/test/ziptestdata/exe_with_z64
creating /Users/jamie/Documents/Projects/python/py2app-error/build/bdist.macosx-14.0-arm64/python3.11-standalone/app/collect/test/ziptestdata/__pycache__
copying file /opt/local/Library/Frameworks/Python.framework/Versions/3.11/lib/python3.11/test/ziptestdata/__pycache__/testdata_module_inside_zip.cpython-311.opt-1.pyc -> /Users/jamie/Documents/Projects/python/py2app-error/build/bdist.macosx-14.0-arm64/python3.11-standalone/app/collect/test/ziptestdata/__pycache__/testdata_module_inside_zip.cpython-311.opt-1.pyc
copying file /opt/local/Library/Frameworks/Python.framework/Versions/3.11/lib/python3.11/test/ziptestdata/__pycache__/testdata_module_inside_zip.cpython-311.opt-2.pyc -> /Users/jamie/Documents/Projects/python/py2app-error/build/bdist.macosx-14.0-arm64/python3.11-standalone/app/collect/test/ziptestdata/__pycache__/testdata_module_inside_zip.cpython-311.opt-2.pyc
copying file /opt/local/Library/Frameworks/Python.framework/Versions/3.11/lib/python3.11/test/ziptestdata/__pycache__/testdata_module_inside_zip.cpython-311.pyc -> /Users/jamie/Documents/Projects/python/py2app-error/build/bdist.macosx-14.0-arm64/python3.11-standalone/app/collect/test/ziptestdata/__pycache__/testdata_module_inside_zip.cpython-311.pyc
copying file /opt/local/Library/Frameworks/Python.framework/Versions/3.11/lib/python3.11/test/ziptestdata/README.md -> /Users/jamie/Documents/Projects/python/py2app-error/build/bdist.macosx-14.0-arm64/python3.11-standalone/app/collect/test/ziptestdata/README.md
copying file /opt/local/Library/Frameworks/Python.framework/Versions/3.11/lib/python3.11/test/ziptestdata/header.sh -> /Users/jamie/Documents/Projects/python/py2app-error/build/bdist.macosx-14.0-arm64/python3.11-standalone/app/collect/test/ziptestdata/header.sh
copying file /opt/local/Library/Frameworks/Python.framework/Versions/3.11/lib/python3.11/test/zipdir.zip -> /Users/jamie/Documents/Projects/python/py2app-error/build/bdist.macosx-14.0-arm64/python3.11-standalone/app/collect/test/zipdir.zip
creating /Users/jamie/Documents/Projects/python/py2app-error/build/bdist.macosx-14.0-arm64/python3.11-standalone/app/collect/test/audiodata
copying file /opt/local/Library/Frameworks/Python.framework/Versions/3.11/lib/python3.11/test/audiodata/pluck-pcm16.aiff -> /Users/jamie/Documents/Projects/python/py2app-error/build/bdist.macosx-14.0-arm64/python3.11-standalone/app/collect/test/audiodata/pluck-pcm16.aiff
copying file /opt/local/Library/Frameworks/Python.framework/Versions/3.11/lib/python3.11/test/audiodata/pluck-pcm24.wav -> /Users/jamie/Documents/Projects/python/py2app-error/build/bdist.macosx-14.0-arm64/python3.11-standalone/app/collect/test/audiodata/pluck-pcm24.wav
copying file /opt/local/Library/Frameworks/Python.framework/Versions/3.11/lib/python3.11/test/audiodata/pluck-pcm32.wav -> /Users/jamie/Documents/Projects/python/py2app-error/build/bdist.macosx-14.0-arm64/python3.11-standalone/app/collect/test/audiodata/pluck-pcm32.wav
copying file /opt/local/Library/Frameworks/Python.framework/Versions/3.11/lib/python3.11/test/audiodata/pluck-pcm24.au -> /Users/jamie/Documents/Projects/python/py2app-error/build/bdist.macosx-14.0-arm64/python3.11-standalone/app/collect/test/audiodata/pluck-pcm24.au
copying file /opt/local/Library/Frameworks/Python.framework/Versions/3.11/lib/python3.11/test/audiodata/pluck-pcm24.aiff -> /Users/jamie/Documents/Projects/python/py2app-error/build/bdist.macosx-14.0-arm64/python3.11-standalone/app/collect/test/audiodata/pluck-pcm24.aiff
copying file /opt/local/Library/Frameworks/Python.framework/Versions/3.11/lib/python3.11/test/audiodata/pluck-pcm16.wav -> /Users/jamie/Documents/Projects/python/py2app-error/build/bdist.macosx-14.0-arm64/python3.11-standalone/app/collect/test/audiodata/pluck-pcm16.wav
copying file /opt/local/Library/Frameworks/Python.framework/Versions/3.11/lib/python3.11/test/audiodata/pluck-pcm32.aiff -> /Users/jamie/Documents/Projects/python/py2app-error/build/bdist.macosx-14.0-arm64/python3.11-standalone/app/collect/test/audiodata/pluck-pcm32.aiff
copying file /opt/local/Library/Frameworks/Python.framework/Versions/3.11/lib/python3.11/test/audiodata/pluck-ulaw.au -> /Users/jamie/Documents/Projects/python/py2app-error/build/bdist.macosx-14.0-arm64/python3.11-standalone/app/collect/test/audiodata/pluck-ulaw.au
copying file /opt/local/Library/Frameworks/Python.framework/Versions/3.11/lib/python3.11/test/audiodata/pluck-pcm8.wav -> /Users/jamie/Documents/Projects/python/py2app-error/build/bdist.macosx-14.0-arm64/python3.11-standalone/app/collect/test/audiodata/pluck-pcm8.wav
copying file /opt/local/Library/Frameworks/Python.framework/Versions/3.11/lib/python3.11/test/audiodata/pluck-ulaw.aifc -> /Users/jamie/Documents/Projects/python/py2app-error/build/bdist.macosx-14.0-arm64/python3.11-standalone/app/collect/test/audiodata/pluck-ulaw.aifc
copying file /opt/local/Library/Frameworks/Python.framework/Versions/3.11/lib/python3.11/test/audiodata/pluck-pcm8.aiff -> /Users/jamie/Documents/Projects/python/py2app-error/build/bdist.macosx-14.0-arm64/python3.11-standalone/app/collect/test/audiodata/pluck-pcm8.aiff
copying file /opt/local/Library/Frameworks/Python.framework/Versions/3.11/lib/python3.11/test/audiodata/pluck-alaw.aifc -> /Users/jamie/Documents/Projects/python/py2app-error/build/bdist.macosx-14.0-arm64/python3.11-standalone/app/collect/test/audiodata/pluck-alaw.aifc
copying file /opt/local/Library/Frameworks/Python.framework/Versions/3.11/lib/python3.11/test/audiodata/pluck-pcm32.au -> /Users/jamie/Documents/Projects/python/py2app-error/build/bdist.macosx-14.0-arm64/python3.11-standalone/app/collect/test/audiodata/pluck-pcm32.au
copying file /opt/local/Library/Frameworks/Python.framework/Versions/3.11/lib/python3.11/test/audiodata/pluck-pcm16.au -> /Users/jamie/Documents/Projects/python/py2app-error/build/bdist.macosx-14.0-arm64/python3.11-standalone/app/collect/test/audiodata/pluck-pcm16.au
copying file /opt/local/Library/Frameworks/Python.framework/Versions/3.11/lib/python3.11/test/audiodata/pluck-pcm8.au -> /Users/jamie/Documents/Projects/python/py2app-error/build/bdist.macosx-14.0-arm64/python3.11-standalone/app/collect/test/audiodata/pluck-pcm8.au
copying file /opt/local/Library/Frameworks/Python.framework/Versions/3.11/lib/python3.11/test/mailcap.txt -> /Users/jamie/Documents/Projects/python/py2app-error/build/bdist.macosx-14.0-arm64/python3.11-standalone/app/collect/test/mailcap.txt
copying file /opt/local/Library/Frameworks/Python.framework/Versions/3.11/lib/python3.11/test/empty.vbs -> /Users/jamie/Documents/Projects/python/py2app-error/build/bdist.macosx-14.0-arm64/python3.11-standalone/app/collect/test/empty.vbs
creating /Users/jamie/Documents/Projects/python/py2app-error/build/bdist.macosx-14.0-arm64/python3.11-standalone/app/collect/test/dtracedata
copying file /opt/local/Library/Frameworks/Python.framework/Versions/3.11/lib/python3.11/test/dtracedata/instance.py -> /Users/jamie/Documents/Projects/python/py2app-error/build/bdist.macosx-14.0-arm64/python3.11-standalone/app/collect/test/dtracedata/instance.py
copying file /opt/local/Library/Frameworks/Python.framework/Versions/3.11/lib/python3.11/test/dtracedata/gc.d.expected -> /Users/jamie/Documents/Projects/python/py2app-error/build/bdist.macosx-14.0-arm64/python3.11-standalone/app/collect/test/dtracedata/gc.d.expected
copying file /opt/local/Library/Frameworks/Python.framework/Versions/3.11/lib/python3.11/test/dtracedata/call_stack.py -> /Users/jamie/Documents/Projects/python/py2app-error/build/bdist.macosx-14.0-arm64/python3.11-standalone/app/collect/test/dtracedata/call_stack.py
copying file /opt/local/Library/Frameworks/Python.framework/Versions/3.11/lib/python3.11/test/dtracedata/gc.py -> /Users/jamie/Documents/Projects/python/py2app-error/build/bdist.macosx-14.0-arm64/python3.11-standalone/app/collect/test/dtracedata/gc.py
copying file /opt/local/Library/Frameworks/Python.framework/Versions/3.11/lib/python3.11/test/dtracedata/call_stack.stp.expected -> /Users/jamie/Documents/Projects/python/py2app-error/build/bdist.macosx-14.0-arm64/python3.11-standalone/app/collect/test/dtracedata/call_stack.stp.expected
copying file /opt/local/Library/Frameworks/Python.framework/Versions/3.11/lib/python3.11/test/dtracedata/line.py -> /Users/jamie/Documents/Projects/python/py2app-error/build/bdist.macosx-14.0-arm64/python3.11-standalone/app/collect/test/dtracedata/line.py
copying file /opt/local/Library/Frameworks/Python.framework/Versions/3.11/lib/python3.11/test/dtracedata/assert_usable.d -> /Users/jamie/Documents/Projects/python/py2app-error/build/bdist.macosx-14.0-arm64/python3.11-standalone/app/collect/test/dtracedata/assert_usable.d
copying file /opt/local/Library/Frameworks/Python.framework/Versions/3.11/lib/python3.11/test/dtracedata/line.d -> /Users/jamie/Documents/Projects/python/py2app-error/build/bdist.macosx-14.0-arm64/python3.11-standalone/app/collect/test/dtracedata/line.d
copying file /opt/local/Library/Frameworks/Python.framework/Versions/3.11/lib/python3.11/test/dtracedata/gc.stp -> /Users/jamie/Documents/Projects/python/py2app-error/build/bdist.macosx-14.0-arm64/python3.11-standalone/app/collect/test/dtracedata/gc.stp
creating /Users/jamie/Documents/Projects/python/py2app-error/build/bdist.macosx-14.0-arm64/python3.11-standalone/app/collect/test/dtracedata/__pycache__
copying file /opt/local/Library/Frameworks/Python.framework/Versions/3.11/lib/python3.11/test/dtracedata/__pycache__/instance.cpython-311.pyc -> /Users/jamie/Documents/Projects/python/py2app-error/build/bdist.macosx-14.0-arm64/python3.11-standalone/app/collect/test/dtracedata/__pycache__/instance.cpython-311.pyc
copying file /opt/local/Library/Frameworks/Python.framework/Versions/3.11/lib/python3.11/test/dtracedata/__pycache__/line.cpython-311.opt-1.pyc -> /Users/jamie/Documents/Projects/python/py2app-error/build/bdist.macosx-14.0-arm64/python3.11-standalone/app/collect/test/dtracedata/__pycache__/line.cpython-311.opt-1.pyc
copying file /opt/local/Library/Frameworks/Python.framework/Versions/3.11/lib/python3.11/test/dtracedata/__pycache__/line.cpython-311.opt-2.pyc -> /Users/jamie/Documents/Projects/python/py2app-error/build/bdist.macosx-14.0-arm64/python3.11-standalone/app/collect/test/dtracedata/__pycache__/line.cpython-311.opt-2.pyc
copying file /opt/local/Library/Frameworks/Python.framework/Versions/3.11/lib/python3.11/test/dtracedata/__pycache__/instance.cpython-311.opt-1.pyc -> /Users/jamie/Documents/Projects/python/py2app-error/build/bdist.macosx-14.0-arm64/python3.11-standalone/app/collect/test/dtracedata/__pycache__/instance.cpython-311.opt-1.pyc
copying file /opt/local/Library/Frameworks/Python.framework/Versions/3.11/lib/python3.11/test/dtracedata/__pycache__/instance.cpython-311.opt-2.pyc -> /Users/jamie/Documents/Projects/python/py2app-error/build/bdist.macosx-14.0-arm64/python3.11-standalone/app/collect/test/dtracedata/__pycache__/instance.cpython-311.opt-2.pyc
copying file /opt/local/Library/Frameworks/Python.framework/Versions/3.11/lib/python3.11/test/dtracedata/__pycache__/line.cpython-311.pyc -> /Users/jamie/Documents/Projects/python/py2app-error/build/bdist.macosx-14.0-arm64/python3.11-standalone/app/collect/test/dtracedata/__pycache__/line.cpython-311.pyc
copying file /opt/local/Library/Frameworks/Python.framework/Versions/3.11/lib/python3.11/test/dtracedata/__pycache__/call_stack.cpython-311.pyc -> /Users/jamie/Documents/Projects/python/py2app-error/build/bdist.macosx-14.0-arm64/python3.11-standalone/app/collect/test/dtracedata/__pycache__/call_stack.cpython-311.pyc
copying file /opt/local/Library/Frameworks/Python.framework/Versions/3.11/lib/python3.11/test/dtracedata/__pycache__/gc.cpython-311.opt-2.pyc -> /Users/jamie/Documents/Projects/python/py2app-error/build/bdist.macosx-14.0-arm64/python3.11-standalone/app/collect/test/dtracedata/__pycache__/gc.cpython-311.opt-2.pyc
copying file /opt/local/Library/Frameworks/Python.framework/Versions/3.11/lib/python3.11/test/dtracedata/__pycache__/gc.cpython-311.opt-1.pyc -> /Users/jamie/Documents/Projects/python/py2app-error/build/bdist.macosx-14.0-arm64/python3.11-standalone/app/collect/test/dtracedata/__pycache__/gc.cpython-311.opt-1.pyc
copying file /opt/local/Library/Frameworks/Python.framework/Versions/3.11/lib/python3.11/test/dtracedata/__pycache__/call_stack.cpython-311.opt-2.pyc -> /Users/jamie/Documents/Projects/python/py2app-error/build/bdist.macosx-14.0-arm64/python3.11-standalone/app/collect/test/dtracedata/__pycache__/call_stack.cpython-311.opt-2.pyc
copying file /opt/local/Library/Frameworks/Python.framework/Versions/3.11/lib/python3.11/test/dtracedata/__pycache__/call_stack.cpython-311.opt-1.pyc -> /Users/jamie/Documents/Projects/python/py2app-error/build/bdist.macosx-14.0-arm64/python3.11-standalone/app/collect/test/dtracedata/__pycache__/call_stack.cpython-311.opt-1.pyc
copying file /opt/local/Library/Frameworks/Python.framework/Versions/3.11/lib/python3.11/test/dtracedata/__pycache__/gc.cpython-311.pyc -> /Users/jamie/Documents/Projects/python/py2app-error/build/bdist.macosx-14.0-arm64/python3.11-standalone/app/collect/test/dtracedata/__pycache__/gc.cpython-311.pyc
copying file /opt/local/Library/Frameworks/Python.framework/Versions/3.11/lib/python3.11/test/dtracedata/gc.stp.expected -> /Users/jamie/Documents/Projects/python/py2app-error/build/bdist.macosx-14.0-arm64/python3.11-standalone/app/collect/test/dtracedata/gc.stp.expected
copying file /opt/local/Library/Frameworks/Python.framework/Versions/3.11/lib/python3.11/test/dtracedata/call_stack.stp -> /Users/jamie/Documents/Projects/python/py2app-error/build/bdist.macosx-14.0-arm64/python3.11-standalone/app/collect/test/dtracedata/call_stack.stp
copying file /opt/local/Library/Frameworks/Python.framework/Versions/3.11/lib/python3.11/test/dtracedata/line.d.expected -> /Users/jamie/Documents/Projects/python/py2app-error/build/bdist.macosx-14.0-arm64/python3.11-standalone/app/collect/test/dtracedata/line.d.expected
copying file /opt/local/Library/Frameworks/Python.framework/Versions/3.11/lib/python3.11/test/dtracedata/call_stack.d -> /Users/jamie/Documents/Projects/python/py2app-error/build/bdist.macosx-14.0-arm64/python3.11-standalone/app/collect/test/dtracedata/call_stack.d
copying file /opt/local/Library/Frameworks/Python.framework/Versions/3.11/lib/python3.11/test/dtracedata/assert_usable.stp -> /Users/jamie/Documents/Projects/python/py2app-error/build/bdist.macosx-14.0-arm64/python3.11-standalone/app/collect/test/dtracedata/assert_usable.stp
copying file /opt/local/Library/Frameworks/Python.framework/Versions/3.11/lib/python3.11/test/dtracedata/call_stack.d.expected -> /Users/jamie/Documents/Projects/python/py2app-error/build/bdist.macosx-14.0-arm64/python3.11-standalone/app/collect/test/dtracedata/call_stack.d.expected
copying file /opt/local/Library/Frameworks/Python.framework/Versions/3.11/lib/python3.11/test/dtracedata/gc.d -> /Users/jamie/Documents/Projects/python/py2app-error/build/bdist.macosx-14.0-arm64/python3.11-standalone/app/collect/test/dtracedata/gc.d
copying file /opt/local/Library/Frameworks/Python.framework/Versions/3.11/lib/python3.11/test/testtar.tar -> /Users/jamie/Documents/Projects/python/py2app-error/build/bdist.macosx-14.0-arm64/python3.11-standalone/app/collect/test/testtar.tar
copying file /opt/local/Library/Frameworks/Python.framework/Versions/3.11/lib/python3.11/test/cmath_testcases.txt -> /Users/jamie/Documents/Projects/python/py2app-error/build/bdist.macosx-14.0-arm64/python3.11-standalone/app/collect/test/cmath_testcases.txt
copying file /opt/local/Library/Frameworks/Python.framework/Versions/3.11/lib/python3.11/test/randv2_32.pck -> /Users/jamie/Documents/Projects/python/py2app-error/build/bdist.macosx-14.0-arm64/python3.11-standalone/app/collect/test/randv2_32.pck
copying file /opt/local/Library/Frameworks/Python.framework/Versions/3.11/lib/python3.11/test/recursion.tar -> /Users/jamie/Documents/Projects/python/py2app-error/build/bdist.macosx-14.0-arm64/python3.11-standalone/app/collect/test/recursion.tar
copying file /opt/local/Library/Frameworks/Python.framework/Versions/3.11/lib/python3.11/test/ieee754.txt -> /Users/jamie/Documents/Projects/python/py2app-error/build/bdist.macosx-14.0-arm64/python3.11-standalone/app/collect/test/ieee754.txt
copying file /opt/local/Library/Frameworks/Python.framework/Versions/3.11/lib/python3.11/test/formatfloat_testcases.txt -> /Users/jamie/Documents/Projects/python/py2app-error/build/bdist.macosx-14.0-arm64/python3.11-standalone/app/collect/test/formatfloat_testcases.txt
creating /Users/jamie/Documents/Projects/python/py2app-error/build/bdist.macosx-14.0-arm64/python3.11-standalone/app/collect/test/decimaltestdata
copying file /opt/local/Library/Frameworks/Python.framework/Versions/3.11/lib/python3.11/test/decimaltestdata/shift.decTest -> /Users/jamie/Documents/Projects/python/py2app-error/build/bdist.macosx-14.0-arm64/python3.11-standalone/app/collect/test/decimaltestdata/shift.decTest
copying file /opt/local/Library/Frameworks/Python.framework/Versions/3.11/lib/python3.11/test/decimaltestdata/decSingle.decTest -> /Users/jamie/Documents/Projects/python/py2app-error/build/bdist.macosx-14.0-arm64/python3.11-standalone/app/collect/test/decimaltestdata/decSingle.decTest
copying file /opt/local/Library/Frameworks/Python.framework/Versions/3.11/lib/python3.11/test/decimaltestdata/ddCopyNegate.decTest -> /Users/jamie/Documents/Projects/python/py2app-error/build/bdist.macosx-14.0-arm64/python3.11-standalone/app/collect/test/decimaltestdata/ddCopyNegate.decTest
copying file /opt/local/Library/Frameworks/Python.framework/Versions/3.11/lib/python3.11/test/decimaltestdata/comparetotal.decTest -> /Users/jamie/Documents/Projects/python/py2app-error/build/bdist.macosx-14.0-arm64/python3.11-standalone/app/collect/test/decimaltestdata/comparetotal.decTest
copying file /opt/local/Library/Frameworks/Python.framework/Versions/3.11/lib/python3.11/test/decimaltestdata/dqMin.decTest -> /Users/jamie/Documents/Projects/python/py2app-error/build/bdist.macosx-14.0-arm64/python3.11-standalone/app/collect/test/decimaltestdata/dqMin.decTest
copying file /opt/local/Library/Frameworks/Python.framework/Versions/3.11/lib/python3.11/test/decimaltestdata/powersqrt.decTest -> /Users/jamie/Documents/Projects/python/py2app-error/build/bdist.macosx-14.0-arm64/python3.11-standalone/app/collect/test/decimaltestdata/powersqrt.decTest
copying file /opt/local/Library/Frameworks/Python.framework/Versions/3.11/lib/python3.11/test/decimaltestdata/max.decTest -> /Users/jamie/Documents/Projects/python/py2app-error/build/bdist.macosx-14.0-arm64/python3.11-standalone/app/collect/test/decimaltestdata/max.decTest
copying file /opt/local/Library/Frameworks/Python.framework/Versions/3.11/lib/python3.11/test/decimaltestdata/samequantum.decTest -> /Users/jamie/Documents/Projects/python/py2app-error/build/bdist.macosx-14.0-arm64/python3.11-standalone/app/collect/test/decimaltestdata/samequantum.decTest
copying file /opt/local/Library/Frameworks/Python.framework/Versions/3.11/lib/python3.11/test/decimaltestdata/ddClass.decTest -> /Users/jamie/Documents/Projects/python/py2app-error/build/bdist.macosx-14.0-arm64/python3.11-standalone/app/collect/test/decimaltestdata/ddClass.decTest
copying file /opt/local/Library/Frameworks/Python.framework/Versions/3.11/lib/python3.11/test/decimaltestdata/ddCopy.decTest -> /Users/jamie/Documents/Projects/python/py2app-error/build/bdist.macosx-14.0-arm64/python3.11-standalone/app/collect/test/decimaltestdata/ddCopy.decTest
copying file /opt/local/Library/Frameworks/Python.framework/Versions/3.11/lib/python3.11/test/decimaltestdata/decDouble.decTest -> /Users/jamie/Documents/Projects/python/py2app-error/build/bdist.macosx-14.0-arm64/python3.11-standalone/app/collect/test/decimaltestdata/decDouble.decTest
copying file /opt/local/Library/Frameworks/Python.framework/Versions/3.11/lib/python3.11/test/decimaltestdata/ddMaxMag.decTest -> /Users/jamie/Documents/Projects/python/py2app-error/build/bdist.macosx-14.0-arm64/python3.11-standalone/app/collect/test/decimaltestdata/ddMaxMag.decTest
copying file /opt/local/Library/Frameworks/Python.framework/Versions/3.11/lib/python3.11/test/decimaltestdata/minmag.decTest -> /Users/jamie/Documents/Projects/python/py2app-error/build/bdist.macosx-14.0-arm64/python3.11-standalone/app/collect/test/decimaltestdata/minmag.decTest
copying file /opt/local/Library/Frameworks/Python.framework/Versions/3.11/lib/python3.11/test/decimaltestdata/dsEncode.decTest -> /Users/jamie/Documents/Projects/python/py2app-error/build/bdist.macosx-14.0-arm64/python3.11-standalone/app/collect/test/decimaltestdata/dsEncode.decTest
copying file /opt/local/Library/Frameworks/Python.framework/Versions/3.11/lib/python3.11/test/decimaltestdata/log10.decTest -> /Users/jamie/Documents/Projects/python/py2app-error/build/bdist.macosx-14.0-arm64/python3.11-standalone/app/collect/test/decimaltestdata/log10.decTest
copying file /opt/local/Library/Frameworks/Python.framework/Versions/3.11/lib/python3.11/test/decimaltestdata/dqDivideInt.decTest -> /Users/jamie/Documents/Projects/python/py2app-error/build/bdist.macosx-14.0-arm64/python3.11-standalone/app/collect/test/decimaltestdata/dqDivideInt.decTest
copying file /opt/local/Library/Frameworks/Python.framework/Versions/3.11/lib/python3.11/test/decimaltestdata/dqReduce.decTest -> /Users/jamie/Documents/Projects/python/py2app-error/build/bdist.macosx-14.0-arm64/python3.11-standalone/app/collect/test/decimaltestdata/dqReduce.decTest
copying file /opt/local/Library/Frameworks/Python.framework/Versions/3.11/lib/python3.11/test/decimaltestdata/ddNextToward.decTest -> /Users/jamie/Documents/Projects/python/py2app-error/build/bdist.macosx-14.0-arm64/python3.11-standalone/app/collect/test/decimaltestdata/ddNextToward.decTest
copying file /opt/local/Library/Frameworks/Python.framework/Versions/3.11/lib/python3.11/test/decimaltestdata/power.decTest -> /Users/jamie/Documents/Projects/python/py2app-error/build/bdist.macosx-14.0-arm64/python3.11-standalone/app/collect/test/decimaltestdata/power.decTest
copying file /opt/local/Library/Frameworks/Python.framework/Versions/3.11/lib/python3.11/test/decimaltestdata/ddCompareTotalMag.decTest -> /Users/jamie/Documents/Projects/python/py2app-error/build/bdist.macosx-14.0-arm64/python3.11-standalone/app/collect/test/decimaltestdata/ddCompareTotalMag.decTest
copying file /opt/local/Library/Frameworks/Python.framework/Versions/3.11/lib/python3.11/test/decimaltestdata/ddMinus.decTest -> /Users/jamie/Documents/Projects/python/py2app-error/build/bdist.macosx-14.0-arm64/python3.11-standalone/app/collect/test/decimaltestdata/ddMinus.decTest
copying file /opt/local/Library/Frameworks/Python.framework/Versions/3.11/lib/python3.11/test/decimaltestdata/testall.decTest -> /Users/jamie/Documents/Projects/python/py2app-error/build/bdist.macosx-14.0-arm64/python3.11-standalone/app/collect/test/decimaltestdata/testall.decTest
copying file /opt/local/Library/Frameworks/Python.framework/Versions/3.11/lib/python3.11/test/decimaltestdata/ddReduce.decTest -> /Users/jamie/Documents/Projects/python/py2app-error/build/bdist.macosx-14.0-arm64/python3.11-standalone/app/collect/test/decimaltestdata/ddReduce.decTest
copying file /opt/local/Library/Frameworks/Python.framework/Versions/3.11/lib/python3.11/test/decimaltestdata/plus.decTest -> /Users/jamie/Documents/Projects/python/py2app-error/build/bdist.macosx-14.0-arm64/python3.11-standalone/app/collect/test/decimaltestdata/plus.decTest
copying file /opt/local/Library/Frameworks/Python.framework/Versions/3.11/lib/python3.11/test/decimaltestdata/dqLogB.decTest -> /Users/jamie/Documents/Projects/python/py2app-error/build/bdist.macosx-14.0-arm64/python3.11-standalone/app/collect/test/decimaltestdata/dqLogB.decTest
copying file /opt/local/Library/Frameworks/Python.framework/Versions/3.11/lib/python3.11/test/decimaltestdata/or.decTest -> /Users/jamie/Documents/Projects/python/py2app-error/build/bdist.macosx-14.0-arm64/python3.11-standalone/app/collect/test/decimaltestdata/or.decTest
copying file /opt/local/Library/Frameworks/Python.framework/Versions/3.11/lib/python3.11/test/decimaltestdata/dqMaxMag.decTest -> /Users/jamie/Documents/Projects/python/py2app-error/build/bdist.macosx-14.0-arm64/python3.11-standalone/app/collect/test/decimaltestdata/dqMaxMag.decTest
copying file /opt/local/Library/Frameworks/Python.framework/Versions/3.11/lib/python3.11/test/decimaltestdata/dqSameQuantum.decTest -> /Users/jamie/Documents/Projects/python/py2app-error/build/bdist.macosx-14.0-arm64/python3.11-standalone/app/collect/test/decimaltestdata/dqSameQuantum.decTest
copying file /opt/local/Library/Frameworks/Python.framework/Versions/3.11/lib/python3.11/test/decimaltestdata/extra.decTest -> /Users/jamie/Documents/Projects/python/py2app-error/build/bdist.macosx-14.0-arm64/python3.11-standalone/app/collect/test/decimaltestdata/extra.decTest
copying file /opt/local/Library/Frameworks/Python.framework/Versions/3.11/lib/python3.11/test/decimaltestdata/dqPlus.decTest -> /Users/jamie/Documents/Projects/python/py2app-error/build/bdist.macosx-14.0-arm64/python3.11-standalone/app/collect/test/decimaltestdata/dqPlus.decTest
copying file /opt/local/Library/Frameworks/Python.framework/Versions/3.11/lib/python3.11/test/decimaltestdata/logb.decTest -> /Users/jamie/Documents/Projects/python/py2app-error/build/bdist.macosx-14.0-arm64/python3.11-standalone/app/collect/test/decimaltestdata/logb.decTest
copying file /opt/local/Library/Frameworks/Python.framework/Versions/3.11/lib/python3.11/test/decimaltestdata/ddMax.decTest -> /Users/jamie/Documents/Projects/python/py2app-error/build/bdist.macosx-14.0-arm64/python3.11-standalone/app/collect/test/decimaltestdata/ddMax.decTest
copying file /opt/local/Library/Frameworks/Python.framework/Versions/3.11/lib/python3.11/test/decimaltestdata/scaleb.decTest -> /Users/jamie/Documents/Projects/python/py2app-error/build/bdist.macosx-14.0-arm64/python3.11-standalone/app/collect/test/decimaltestdata/scaleb.decTest
copying file /opt/local/Library/Frameworks/Python.framework/Versions/3.11/lib/python3.11/test/decimaltestdata/dqQuantize.decTest -> /Users/jamie/Documents/Projects/python/py2app-error/build/bdist.macosx-14.0-arm64/python3.11-standalone/app/collect/test/decimaltestdata/dqQuantize.decTest
copying file /opt/local/Library/Frameworks/Python.framework/Versions/3.11/lib/python3.11/test/decimaltestdata/dqInvert.decTest -> /Users/jamie/Documents/Projects/python/py2app-error/build/bdist.macosx-14.0-arm64/python3.11-standalone/app/collect/test/decimaltestdata/dqInvert.decTest
copying file /opt/local/Library/Frameworks/Python.framework/Versions/3.11/lib/python3.11/test/decimaltestdata/divideint.decTest -> /Users/jamie/Documents/Projects/python/py2app-error/build/bdist.macosx-14.0-arm64/python3.11-standalone/app/collect/test/decimaltestdata/divideint.decTest
copying file /opt/local/Library/Frameworks/Python.framework/Versions/3.11/lib/python3.11/test/decimaltestdata/ddQuantize.decTest -> /Users/jamie/Documents/Projects/python/py2app-error/build/bdist.macosx-14.0-arm64/python3.11-standalone/app/collect/test/decimaltestdata/ddQuantize.decTest
copying file /opt/local/Library/Frameworks/Python.framework/Versions/3.11/lib/python3.11/test/decimaltestdata/comparetotmag.decTest -> /Users/jamie/Documents/Projects/python/py2app-error/build/bdist.macosx-14.0-arm64/python3.11-standalone/app/collect/test/decimaltestdata/comparetotmag.decTest
copying file /opt/local/Library/Frameworks/Python.framework/Versions/3.11/lib/python3.11/test/decimaltestdata/subtract.decTest -> /Users/jamie/Documents/Projects/python/py2app-error/build/bdist.macosx-14.0-arm64/python3.11-standalone/app/collect/test/decimaltestdata/subtract.decTest
copying file /opt/local/Library/Frameworks/Python.framework/Versions/3.11/lib/python3.11/test/decimaltestdata/ddLogB.decTest -> /Users/jamie/Documents/Projects/python/py2app-error/build/bdist.macosx-14.0-arm64/python3.11-standalone/app/collect/test/decimaltestdata/ddLogB.decTest
copying file /opt/local/Library/Frameworks/Python.framework/Versions/3.11/lib/python3.11/test/decimaltestdata/divide.decTest -> /Users/jamie/Documents/Projects/python/py2app-error/build/bdist.macosx-14.0-arm64/python3.11-standalone/app/collect/test/decimaltestdata/divide.decTest
copying file /opt/local/Library/Frameworks/Python.framework/Versions/3.11/lib/python3.11/test/decimaltestdata/ddPlus.decTest -> /Users/jamie/Documents/Projects/python/py2app-error/build/bdist.macosx-14.0-arm64/python3.11-standalone/app/collect/test/decimaltestdata/ddPlus.decTest
copying file /opt/local/Library/Frameworks/Python.framework/Versions/3.11/lib/python3.11/test/decimaltestdata/dqFMA.decTest -> /Users/jamie/Documents/Projects/python/py2app-error/build/bdist.macosx-14.0-arm64/python3.11-standalone/app/collect/test/decimaltestdata/dqFMA.decTest
copying file /opt/local/Library/Frameworks/Python.framework/Versions/3.11/lib/python3.11/test/decimaltestdata/dqMinus.decTest -> /Users/jamie/Documents/Projects/python/py2app-error/build/bdist.macosx-14.0-arm64/python3.11-standalone/app/collect/test/decimaltestdata/dqMinus.decTest
copying file /opt/local/Library/Frameworks/Python.framework/Versions/3.11/lib/python3.11/test/decimaltestdata/dqCopyAbs.decTest -> /Users/jamie/Documents/Projects/python/py2app-error/build/bdist.macosx-14.0-arm64/python3.11-standalone/app/collect/test/decimaltestdata/dqCopyAbs.decTest
copying file /opt/local/Library/Frameworks/Python.framework/Versions/3.11/lib/python3.11/test/decimaltestdata/ddInvert.decTest -> /Users/jamie/Documents/Projects/python/py2app-error/build/bdist.macosx-14.0-arm64/python3.11-standalone/app/collect/test/decimaltestdata/ddInvert.decTest
copying file /opt/local/Library/Frameworks/Python.framework/Versions/3.11/lib/python3.11/test/decimaltestdata/rounding.decTest -> /Users/jamie/Documents/Projects/python/py2app-error/build/bdist.macosx-14.0-arm64/python3.11-standalone/app/collect/test/decimaltestdata/rounding.decTest
copying file /opt/local/Library/Frameworks/Python.framework/Versions/3.11/lib/python3.11/test/decimaltestdata/ddDivideInt.decTest -> /Users/jamie/Documents/Projects/python/py2app-error/build/bdist.macosx-14.0-arm64/python3.11-standalone/app/collect/test/decimaltestdata/ddDivideInt.decTest
copying file /opt/local/Library/Frameworks/Python.framework/Versions/3.11/lib/python3.11/test/decimaltestdata/dqRotate.decTest -> /Users/jamie/Documents/Projects/python/py2app-error/build/bdist.macosx-14.0-arm64/python3.11-standalone/app/collect/test/decimaltestdata/dqRotate.decTest
copying file /opt/local/Library/Frameworks/Python.framework/Versions/3.11/lib/python3.11/test/decimaltestdata/dsBase.decTest -> /Users/jamie/Documents/Projects/python/py2app-error/build/bdist.macosx-14.0-arm64/python3.11-standalone/app/collect/test/decimaltestdata/dsBase.decTest
copying file /opt/local/Library/Frameworks/Python.framework/Versions/3.11/lib/python3.11/test/decimaltestdata/ddToIntegral.decTest -> /Users/jamie/Documents/Projects/python/py2app-error/build/bdist.macosx-14.0-arm64/python3.11-standalone/app/collect/test/decimaltestdata/ddToIntegral.decTest
copying file /opt/local/Library/Frameworks/Python.framework/Versions/3.11/lib/python3.11/test/decimaltestdata/copyabs.decTest -> /Users/jamie/Documents/Projects/python/py2app-error/build/bdist.macosx-14.0-arm64/python3.11-standalone/app/collect/test/decimaltestdata/copyabs.decTest
copying file /opt/local/Library/Frameworks/Python.framework/Versions/3.11/lib/python3.11/test/decimaltestdata/inexact.decTest -> /Users/jamie/Documents/Projects/python/py2app-error/build/bdist.macosx-14.0-arm64/python3.11-standalone/app/collect/test/decimaltestdata/inexact.decTest
copying file /opt/local/Library/Frameworks/Python.framework/Versions/3.11/lib/python3.11/test/decimaltestdata/dqAbs.decTest -> /Users/jamie/Documents/Projects/python/py2app-error/build/bdist.macosx-14.0-arm64/python3.11-standalone/app/collect/test/decimaltestdata/dqAbs.decTest
copying file /opt/local/Library/Frameworks/Python.framework/Versions/3.11/lib/python3.11/test/decimaltestdata/dqAdd.decTest -> /Users/jamie/Documents/Projects/python/py2app-error/build/bdist.macosx-14.0-arm64/python3.11-standalone/app/collect/test/decimaltestdata/dqAdd.decTest
copying file /opt/local/Library/Frameworks/Python.framework/Versions/3.11/lib/python3.11/test/decimaltestdata/quantize.decTest -> /Users/jamie/Documents/Projects/python/py2app-error/build/bdist.macosx-14.0-arm64/python3.11-standalone/app/collect/test/decimaltestdata/quantize.decTest
copying file /opt/local/Library/Frameworks/Python.framework/Versions/3.11/lib/python3.11/test/decimaltestdata/dqClass.decTest -> /Users/jamie/Documents/Projects/python/py2app-error/build/bdist.macosx-14.0-arm64/python3.11-standalone/app/collect/test/decimaltestdata/dqClass.decTest
copying file /opt/local/Library/Frameworks/Python.framework/Versions/3.11/lib/python3.11/test/decimaltestdata/dqXor.decTest -> /Users/jamie/Documents/Projects/python/py2app-error/build/bdist.macosx-14.0-arm64/python3.11-standalone/app/collect/test/decimaltestdata/dqXor.decTest
copying file /opt/local/Library/Frameworks/Python.framework/Versions/3.11/lib/python3.11/test/decimaltestdata/copy.decTest -> /Users/jamie/Documents/Projects/python/py2app-error/build/bdist.macosx-14.0-arm64/python3.11-standalone/app/collect/test/decimaltestdata/copy.decTest
copying file /opt/local/Library/Frameworks/Python.framework/Versions/3.11/lib/python3.11/test/decimaltestdata/ddCompare.decTest -> /Users/jamie/Documents/Projects/python/py2app-error/build/bdist.macosx-14.0-arm64/python3.11-standalone/app/collect/test/decimaltestdata/ddCompare.decTest
copying file /opt/local/Library/Frameworks/Python.framework/Versions/3.11/lib/python3.11/test/decimaltestdata/dqOr.decTest -> /Users/jamie/Documents/Projects/python/py2app-error/build/bdist.macosx-14.0-arm64/python3.11-standalone/app/collect/test/decimaltestdata/dqOr.decTest
copying file /opt/local/Library/Frameworks/Python.framework/Versions/3.11/lib/python3.11/test/decimaltestdata/ddSubtract.decTest -> /Users/jamie/Documents/Projects/python/py2app-error/build/bdist.macosx-14.0-arm64/python3.11-standalone/app/collect/test/decimaltestdata/ddSubtract.decTest
copying file /opt/local/Library/Frameworks/Python.framework/Versions/3.11/lib/python3.11/test/decimaltestdata/ddCompareSig.decTest -> /Users/jamie/Documents/Projects/python/py2app-error/build/bdist.macosx-14.0-arm64/python3.11-standalone/app/collect/test/decimaltestdata/ddCompareSig.decTest
copying file /opt/local/Library/Frameworks/Python.framework/Versions/3.11/lib/python3.11/test/decimaltestdata/dqSubtract.decTest -> /Users/jamie/Documents/Projects/python/py2app-error/build/bdist.macosx-14.0-arm64/python3.11-standalone/app/collect/test/decimaltestdata/dqSubtract.decTest
copying file /opt/local/Library/Frameworks/Python.framework/Versions/3.11/lib/python3.11/test/decimaltestdata/rescale.decTest -> /Users/jamie/Documents/Projects/python/py2app-error/build/bdist.macosx-14.0-arm64/python3.11-standalone/app/collect/test/decimaltestdata/rescale.decTest
copying file /opt/local/Library/Frameworks/Python.framework/Versions/3.11/lib/python3.11/test/decimaltestdata/ddRotate.decTest -> /Users/jamie/Documents/Projects/python/py2app-error/build/bdist.macosx-14.0-arm64/python3.11-standalone/app/collect/test/decimaltestdata/ddRotate.decTest
copying file /opt/local/Library/Frameworks/Python.framework/Versions/3.11/lib/python3.11/test/decimaltestdata/dqCopy.decTest -> /Users/jamie/Documents/Projects/python/py2app-error/build/bdist.macosx-14.0-arm64/python3.11-standalone/app/collect/test/decimaltestdata/dqCopy.decTest
copying file /opt/local/Library/Frameworks/Python.framework/Versions/3.11/lib/python3.11/test/decimaltestdata/dqAnd.decTest -> /Users/jamie/Documents/Projects/python/py2app-error/build/bdist.macosx-14.0-arm64/python3.11-standalone/app/collect/test/decimaltestdata/dqAnd.decTest
copying file /opt/local/Library/Frameworks/Python.framework/Versions/3.11/lib/python3.11/test/decimaltestdata/ddOr.decTest -> /Users/jamie/Documents/Projects/python/py2app-error/build/bdist.macosx-14.0-arm64/python3.11-standalone/app/collect/test/decimaltestdata/ddOr.decTest
copying file /opt/local/Library/Frameworks/Python.framework/Versions/3.11/lib/python3.11/test/decimaltestdata/compare.decTest -> /Users/jamie/Documents/Projects/python/py2app-error/build/bdist.macosx-14.0-arm64/python3.11-standalone/app/collect/test/decimaltestdata/compare.decTest
copying file /opt/local/Library/Frameworks/Python.framework/Versions/3.11/lib/python3.11/test/decimaltestdata/abs.decTest -> /Users/jamie/Documents/Projects/python/py2app-error/build/bdist.macosx-14.0-arm64/python3.11-standalone/app/collect/test/decimaltestdata/abs.decTest
copying file /opt/local/Library/Frameworks/Python.framework/Versions/3.11/lib/python3.11/test/decimaltestdata/class.decTest -> /Users/jamie/Documents/Projects/python/py2app-error/build/bdist.macosx-14.0-arm64/python3.11-standalone/app/collect/test/decimaltestdata/class.decTest
copying file /opt/local/Library/Frameworks/Python.framework/Versions/3.11/lib/python3.11/test/decimaltestdata/add.decTest -> /Users/jamie/Documents/Projects/python/py2app-error/build/bdist.macosx-14.0-arm64/python3.11-standalone/app/collect/test/decimaltestdata/add.decTest
copying file /opt/local/Library/Frameworks/Python.framework/Versions/3.11/lib/python3.11/test/decimaltestdata/randoms.decTest -> /Users/jamie/Documents/Projects/python/py2app-error/build/bdist.macosx-14.0-arm64/python3.11-standalone/app/collect/test/decimaltestdata/randoms.decTest
copying file /opt/local/Library/Frameworks/Python.framework/Versions/3.11/lib/python3.11/test/decimaltestdata/and.decTest -> /Users/jamie/Documents/Projects/python/py2app-error/build/bdist.macosx-14.0-arm64/python3.11-standalone/app/collect/test/decimaltestdata/and.decTest
copying file /opt/local/Library/Frameworks/Python.framework/Versions/3.11/lib/python3.11/test/decimaltestdata/ddCopySign.decTest -> /Users/jamie/Documents/Projects/python/py2app-error/build/bdist.macosx-14.0-arm64/python3.11-standalone/app/collect/test/decimaltestdata/ddCopySign.decTest
copying file /opt/local/Library/Frameworks/Python.framework/Versions/3.11/lib/python3.11/test/decimaltestdata/ddCopyAbs.decTest -> /Users/jamie/Documents/Projects/python/py2app-error/build/bdist.macosx-14.0-arm64/python3.11-standalone/app/collect/test/decimaltestdata/ddCopyAbs.decTest
copying file /opt/local/Library/Frameworks/Python.framework/Versions/3.11/lib/python3.11/test/decimaltestdata/dqNextToward.decTest -> /Users/jamie/Documents/Projects/python/py2app-error/build/bdist.macosx-14.0-arm64/python3.11-standalone/app/collect/test/decimaltestdata/dqNextToward.decTest
copying file /opt/local/Library/Frameworks/Python.framework/Versions/3.11/lib/python3.11/test/decimaltestdata/ln.decTest -> /Users/jamie/Documents/Projects/python/py2app-error/build/bdist.macosx-14.0-arm64/python3.11-standalone/app/collect/test/decimaltestdata/ln.decTest
copying file /opt/local/Library/Frameworks/Python.framework/Versions/3.11/lib/python3.11/test/decimaltestdata/ddShift.decTest -> /Users/jamie/Documents/Projects/python/py2app-error/build/bdist.macosx-14.0-arm64/python3.11-standalone/app/collect/test/decimaltestdata/ddShift.decTest
copying file /opt/local/Library/Frameworks/Python.framework/Versions/3.11/lib/python3.11/test/decimaltestdata/ddFMA.decTest -> /Users/jamie/Documents/Projects/python/py2app-error/build/bdist.macosx-14.0-arm64/python3.11-standalone/app/collect/test/decimaltestdata/ddFMA.decTest
copying file /opt/local/Library/Frameworks/Python.framework/Versions/3.11/lib/python3.11/test/decimaltestdata/remainderNear.decTest -> /Users/jamie/Documents/Projects/python/py2app-error/build/bdist.macosx-14.0-arm64/python3.11-standalone/app/collect/test/decimaltestdata/remainderNear.decTest
copying file /opt/local/Library/Frameworks/Python.framework/Versions/3.11/lib/python3.11/test/decimaltestdata/exp.decTest -> /Users/jamie/Documents/Projects/python/py2app-error/build/bdist.macosx-14.0-arm64/python3.11-standalone/app/collect/test/decimaltestdata/exp.decTest
copying file /opt/local/Library/Frameworks/Python.framework/Versions/3.11/lib/python3.11/test/decimaltestdata/ddRemainder.decTest -> /Users/jamie/Documents/Projects/python/py2app-error/build/bdist.macosx-14.0-arm64/python3.11-standalone/app/collect/test/decimaltestdata/ddRemainder.decTest
copying file /opt/local/Library/Frameworks/Python.framework/Versions/3.11/lib/python3.11/test/decimaltestdata/ddCanonical.decTest -> /Users/jamie/Documents/Projects/python/py2app-error/build/bdist.macosx-14.0-arm64/python3.11-standalone/app/collect/test/decimaltestdata/ddCanonical.decTest
copying file /opt/local/Library/Frameworks/Python.framework/Versions/3.11/lib/python3.11/test/decimaltestdata/xor.decTest -> /Users/jamie/Documents/Projects/python/py2app-error/build/bdist.macosx-14.0-arm64/python3.11-standalone/app/collect/test/decimaltestdata/xor.decTest
copying file /opt/local/Library/Frameworks/Python.framework/Versions/3.11/lib/python3.11/test/decimaltestdata/dqCopySign.decTest -> /Users/jamie/Documents/Projects/python/py2app-error/build/bdist.macosx-14.0-arm64/python3.11-standalone/app/collect/test/decimaltestdata/dqCopySign.decTest
copying file /opt/local/Library/Frameworks/Python.framework/Versions/3.11/lib/python3.11/test/decimaltestdata/dqBase.decTest -> /Users/jamie/Documents/Projects/python/py2app-error/build/bdist.macosx-14.0-arm64/python3.11-standalone/app/collect/test/decimaltestdata/dqBase.decTest
copying file /opt/local/Library/Frameworks/Python.framework/Versions/3.11/lib/python3.11/test/decimaltestdata/maxmag.decTest -> /Users/jamie/Documents/Projects/python/py2app-error/build/bdist.macosx-14.0-arm64/python3.11-standalone/app/collect/test/decimaltestdata/maxmag.decTest
copying file /opt/local/Library/Frameworks/Python.framework/Versions/3.11/lib/python3.11/test/decimaltestdata/ddMinMag.decTest -> /Users/jamie/Documents/Projects/python/py2app-error/build/bdist.macosx-14.0-arm64/python3.11-standalone/app/collect/test/decimaltestdata/ddMinMag.decTest
copying file /opt/local/Library/Frameworks/Python.framework/Versions/3.11/lib/python3.11/test/decimaltestdata/ddAdd.decTest -> /Users/jamie/Documents/Projects/python/py2app-error/build/bdist.macosx-14.0-arm64/python3.11-standalone/app/collect/test/decimaltestdata/ddAdd.decTest
copying file /opt/local/Library/Frameworks/Python.framework/Versions/3.11/lib/python3.11/test/decimaltestdata/minus.decTest -> /Users/jamie/Documents/Projects/python/py2app-error/build/bdist.macosx-14.0-arm64/python3.11-standalone/app/collect/test/decimaltestdata/minus.decTest
copying file /opt/local/Library/Frameworks/Python.framework/Versions/3.11/lib/python3.11/test/decimaltestdata/ddAbs.decTest -> /Users/jamie/Documents/Projects/python/py2app-error/build/bdist.macosx-14.0-arm64/python3.11-standalone/app/collect/test/decimaltestdata/ddAbs.decTest
copying file /opt/local/Library/Frameworks/Python.framework/Versions/3.11/lib/python3.11/test/decimaltestdata/base.decTest -> /Users/jamie/Documents/Projects/python/py2app-error/build/bdist.macosx-14.0-arm64/python3.11-standalone/app/collect/test/decimaltestdata/base.decTest
copying file /opt/local/Library/Frameworks/Python.framework/Versions/3.11/lib/python3.11/test/decimaltestdata/dqNextMinus.decTest -> /Users/jamie/Documents/Projects/python/py2app-error/build/bdist.macosx-14.0-arm64/python3.11-standalone/app/collect/test/decimaltestdata/dqNextMinus.decTest
copying file /opt/local/Library/Frameworks/Python.framework/Versions/3.11/lib/python3.11/test/decimaltestdata/ddRemainderNear.decTest -> /Users/jamie/Documents/Projects/python/py2app-error/build/bdist.macosx-14.0-arm64/python3.11-standalone/app/collect/test/decimaltestdata/ddRemainderNear.decTest
copying file /opt/local/Library/Frameworks/Python.framework/Versions/3.11/lib/python3.11/test/decimaltestdata/ddXor.decTest -> /Users/jamie/Documents/Projects/python/py2app-error/build/bdist.macosx-14.0-arm64/python3.11-standalone/app/collect/test/decimaltestdata/ddXor.decTest
copying file /opt/local/Library/Frameworks/Python.framework/Versions/3.11/lib/python3.11/test/decimaltestdata/decQuad.decTest -> /Users/jamie/Documents/Projects/python/py2app-error/build/bdist.macosx-14.0-arm64/python3.11-standalone/app/collect/test/decimaltestdata/decQuad.decTest
copying file /opt/local/Library/Frameworks/Python.framework/Versions/3.11/lib/python3.11/test/decimaltestdata/reduce.decTest -> /Users/jamie/Documents/Projects/python/py2app-error/build/bdist.macosx-14.0-arm64/python3.11-standalone/app/collect/test/decimaltestdata/reduce.decTest
copying file /opt/local/Library/Frameworks/Python.framework/Versions/3.11/lib/python3.11/test/decimaltestdata/remainder.decTest -> /Users/jamie/Documents/Projects/python/py2app-error/build/bdist.macosx-14.0-arm64/python3.11-standalone/app/collect/test/decimaltestdata/remainder.decTest
copying file /opt/local/Library/Frameworks/Python.framework/Versions/3.11/lib/python3.11/test/decimaltestdata/fma.decTest -> /Users/jamie/Documents/Projects/python/py2app-error/build/bdist.macosx-14.0-arm64/python3.11-standalone/app/collect/test/decimaltestdata/fma.decTest
copying file /opt/local/Library/Frameworks/Python.framework/Versions/3.11/lib/python3.11/test/decimaltestdata/copysign.decTest -> /Users/jamie/Documents/Projects/python/py2app-error/build/bdist.macosx-14.0-arm64/python3.11-standalone/app/collect/test/decimaltestdata/copysign.decTest
copying file /opt/local/Library/Frameworks/Python.framework/Versions/3.11/lib/python3.11/test/decimaltestdata/dqCompare.decTest -> /Users/jamie/Documents/Projects/python/py2app-error/build/bdist.macosx-14.0-arm64/python3.11-standalone/app/collect/test/decimaltestdata/dqCompare.decTest
copying file /opt/local/Library/Frameworks/Python.framework/Versions/3.11/lib/python3.11/test/decimaltestdata/squareroot.decTest -> /Users/jamie/Documents/Projects/python/py2app-error/build/bdist.macosx-14.0-arm64/python3.11-standalone/app/collect/test/decimaltestdata/squareroot.decTest
copying file /opt/local/Library/Frameworks/Python.framework/Versions/3.11/lib/python3.11/test/decimaltestdata/tointegral.decTest -> /Users/jamie/Documents/Projects/python/py2app-error/build/bdist.macosx-14.0-arm64/python3.11-standalone/app/collect/test/decimaltestdata/tointegral.decTest
copying file /opt/local/Library/Frameworks/Python.framework/Versions/3.11/lib/python3.11/test/decimaltestdata/dqMinMag.decTest -> /Users/jamie/Documents/Projects/python/py2app-error/build/bdist.macosx-14.0-arm64/python3.11-standalone/app/collect/test/decimaltestdata/dqMinMag.decTest
copying file /opt/local/Library/Frameworks/Python.framework/Versions/3.11/lib/python3.11/test/decimaltestdata/dqCopyNegate.decTest -> /Users/jamie/Documents/Projects/python/py2app-error/build/bdist.macosx-14.0-arm64/python3.11-standalone/app/collect/test/decimaltestdata/dqCopyNegate.decTest
copying file /opt/local/Library/Frameworks/Python.framework/Versions/3.11/lib/python3.11/test/decimaltestdata/randomBound32.decTest -> /Users/jamie/Documents/Projects/python/py2app-error/build/bdist.macosx-14.0-arm64/python3.11-standalone/app/collect/test/decimaltestdata/randomBound32.decTest
copying file /opt/local/Library/Frameworks/Python.framework/Versions/3.11/lib/python3.11/test/decimaltestdata/ddAnd.decTest -> /Users/jamie/Documents/Projects/python/py2app-error/build/bdist.macosx-14.0-arm64/python3.11-standalone/app/collect/test/decimaltestdata/ddAnd.decTest
copying file /opt/local/Library/Frameworks/Python.framework/Versions/3.11/lib/python3.11/test/decimaltestdata/nextplus.decTest -> /Users/jamie/Documents/Projects/python/py2app-error/build/bdist.macosx-14.0-arm64/python3.11-standalone/app/collect/test/decimaltestdata/nextplus.decTest
copying file /opt/local/Library/Frameworks/Python.framework/Versions/3.11/lib/python3.11/test/decimaltestdata/ddMultiply.decTest -> /Users/jamie/Documents/Projects/python/py2app-error/build/bdist.macosx-14.0-arm64/python3.11-standalone/app/collect/test/decimaltestdata/ddMultiply.decTest
copying file /opt/local/Library/Frameworks/Python.framework/Versions/3.11/lib/python3.11/test/decimaltestdata/ddBase.decTest -> /Users/jamie/Documents/Projects/python/py2app-error/build/bdist.macosx-14.0-arm64/python3.11-standalone/app/collect/test/decimaltestdata/ddBase.decTest
copying file /opt/local/Library/Frameworks/Python.framework/Versions/3.11/lib/python3.11/test/decimaltestdata/ddScaleB.decTest -> /Users/jamie/Documents/Projects/python/py2app-error/build/bdist.macosx-14.0-arm64/python3.11-standalone/app/collect/test/decimaltestdata/ddScaleB.decTest
copying file /opt/local/Library/Frameworks/Python.framework/Versions/3.11/lib/python3.11/test/decimaltestdata/ddMin.decTest -> /Users/jamie/Documents/Projects/python/py2app-error/build/bdist.macosx-14.0-arm64/python3.11-standalone/app/collect/test/decimaltestdata/ddMin.decTest
copying file /opt/local/Library/Frameworks/Python.framework/Versions/3.11/lib/python3.11/test/decimaltestdata/dqDivide.decTest -> /Users/jamie/Documents/Projects/python/py2app-error/build/bdist.macosx-14.0-arm64/python3.11-standalone/app/collect/test/decimaltestdata/dqDivide.decTest
copying file /opt/local/Library/Frameworks/Python.framework/Versions/3.11/lib/python3.11/test/decimaltestdata/dqCompareTotal.decTest -> /Users/jamie/Documents/Projects/python/py2app-error/build/bdist.macosx-14.0-arm64/python3.11-standalone/app/collect/test/decimaltestdata/dqCompareTotal.decTest
copying file /opt/local/Library/Frameworks/Python.framework/Versions/3.11/lib/python3.11/test/decimaltestdata/nextminus.decTest -> /Users/jamie/Documents/Projects/python/py2app-error/build/bdist.macosx-14.0-arm64/python3.11-standalone/app/collect/test/decimaltestdata/nextminus.decTest
copying file /opt/local/Library/Frameworks/Python.framework/Versions/3.11/lib/python3.11/test/decimaltestdata/dqCompareSig.decTest -> /Users/jamie/Documents/Projects/python/py2app-error/build/bdist.macosx-14.0-arm64/python3.11-standalone/app/collect/test/decimaltestdata/dqCompareSig.decTest
copying file /opt/local/Library/Frameworks/Python.framework/Versions/3.11/lib/python3.11/test/decimaltestdata/dqMultiply.decTest -> /Users/jamie/Documents/Projects/python/py2app-error/build/bdist.macosx-14.0-arm64/python3.11-standalone/app/collect/test/decimaltestdata/dqMultiply.decTest
copying file /opt/local/Library/Frameworks/Python.framework/Versions/3.11/lib/python3.11/test/decimaltestdata/tointegralx.decTest -> /Users/jamie/Documents/Projects/python/py2app-error/build/bdist.macosx-14.0-arm64/python3.11-standalone/app/collect/test/decimaltestdata/tointegralx.decTest
copying file /opt/local/Library/Frameworks/Python.framework/Versions/3.11/lib/python3.11/test/decimaltestdata/ddDivide.decTest -> /Users/jamie/Documents/Projects/python/py2app-error/build/bdist.macosx-14.0-arm64/python3.11-standalone/app/collect/test/decimaltestdata/ddDivide.decTest
copying file /opt/local/Library/Frameworks/Python.framework/Versions/3.11/lib/python3.11/test/decimaltestdata/dqRemainderNear.decTest -> /Users/jamie/Documents/Projects/python/py2app-error/build/bdist.macosx-14.0-arm64/python3.11-standalone/app/collect/test/decimaltestdata/dqRemainderNear.decTest
copying file /opt/local/Library/Frameworks/Python.framework/Versions/3.11/lib/python3.11/test/decimaltestdata/dqRemainder.decTest -> /Users/jamie/Documents/Projects/python/py2app-error/build/bdist.macosx-14.0-arm64/python3.11-standalone/app/collect/test/decimaltestdata/dqRemainder.decTest
copying file /opt/local/Library/Frameworks/Python.framework/Versions/3.11/lib/python3.11/test/decimaltestdata/dqCanonical.decTest -> /Users/jamie/Documents/Projects/python/py2app-error/build/bdist.macosx-14.0-arm64/python3.11-standalone/app/collect/test/decimaltestdata/dqCanonical.decTest
copying file /opt/local/Library/Frameworks/Python.framework/Versions/3.11/lib/python3.11/test/decimaltestdata/invert.decTest -> /Users/jamie/Documents/Projects/python/py2app-error/build/bdist.macosx-14.0-arm64/python3.11-standalone/app/collect/test/decimaltestdata/invert.decTest
copying file /opt/local/Library/Frameworks/Python.framework/Versions/3.11/lib/python3.11/test/decimaltestdata/dqToIntegral.decTest -> /Users/jamie/Documents/Projects/python/py2app-error/build/bdist.macosx-14.0-arm64/python3.11-standalone/app/collect/test/decimaltestdata/dqToIntegral.decTest
copying file /opt/local/Library/Frameworks/Python.framework/Versions/3.11/lib/python3.11/test/decimaltestdata/copynegate.decTest -> /Users/jamie/Documents/Projects/python/py2app-error/build/bdist.macosx-14.0-arm64/python3.11-standalone/app/collect/test/decimaltestdata/copynegate.decTest
copying file /opt/local/Library/Frameworks/Python.framework/Versions/3.11/lib/python3.11/test/decimaltestdata/dqScaleB.decTest -> /Users/jamie/Documents/Projects/python/py2app-error/build/bdist.macosx-14.0-arm64/python3.11-standalone/app/collect/test/decimaltestdata/dqScaleB.decTest
copying file /opt/local/Library/Frameworks/Python.framework/Versions/3.11/lib/python3.11/test/decimaltestdata/ddEncode.decTest -> /Users/jamie/Documents/Projects/python/py2app-error/build/bdist.macosx-14.0-arm64/python3.11-standalone/app/collect/test/decimaltestdata/ddEncode.decTest
copying file /opt/local/Library/Frameworks/Python.framework/Versions/3.11/lib/python3.11/test/decimaltestdata/min.decTest -> /Users/jamie/Documents/Projects/python/py2app-error/build/bdist.macosx-14.0-arm64/python3.11-standalone/app/collect/test/decimaltestdata/min.decTest
copying file /opt/local/Library/Frameworks/Python.framework/Versions/3.11/lib/python3.11/test/decimaltestdata/ddNextPlus.decTest -> /Users/jamie/Documents/Projects/python/py2app-error/build/bdist.macosx-14.0-arm64/python3.11-standalone/app/collect/test/decimaltestdata/ddNextPlus.decTest
copying file /opt/local/Library/Frameworks/Python.framework/Versions/3.11/lib/python3.11/test/decimaltestdata/multiply.decTest -> /Users/jamie/Documents/Projects/python/py2app-error/build/bdist.macosx-14.0-arm64/python3.11-standalone/app/collect/test/decimaltestdata/multiply.decTest
copying file /opt/local/Library/Frameworks/Python.framework/Versions/3.11/lib/python3.11/test/decimaltestdata/ddNextMinus.decTest -> /Users/jamie/Documents/Projects/python/py2app-error/build/bdist.macosx-14.0-arm64/python3.11-standalone/app/collect/test/decimaltestdata/ddNextMinus.decTest
copying file /opt/local/Library/Frameworks/Python.framework/Versions/3.11/lib/python3.11/test/decimaltestdata/dqNextPlus.decTest -> /Users/jamie/Documents/Projects/python/py2app-error/build/bdist.macosx-14.0-arm64/python3.11-standalone/app/collect/test/decimaltestdata/dqNextPlus.decTest
copying file /opt/local/Library/Frameworks/Python.framework/Versions/3.11/lib/python3.11/test/decimaltestdata/clamp.decTest -> /Users/jamie/Documents/Projects/python/py2app-error/build/bdist.macosx-14.0-arm64/python3.11-standalone/app/collect/test/decimaltestdata/clamp.decTest
copying file /opt/local/Library/Frameworks/Python.framework/Versions/3.11/lib/python3.11/test/decimaltestdata/ddCompareTotal.decTest -> /Users/jamie/Documents/Projects/python/py2app-error/build/bdist.macosx-14.0-arm64/python3.11-standalone/app/collect/test/decimaltestdata/ddCompareTotal.decTest
copying file /opt/local/Library/Frameworks/Python.framework/Versions/3.11/lib/python3.11/test/decimaltestdata/ddSameQuantum.decTest -> /Users/jamie/Documents/Projects/python/py2app-error/build/bdist.macosx-14.0-arm64/python3.11-standalone/app/collect/test/decimaltestdata/ddSameQuantum.decTest
copying file /opt/local/Library/Frameworks/Python.framework/Versions/3.11/lib/python3.11/test/decimaltestdata/dqCompareTotalMag.decTest -> /Users/jamie/Documents/Projects/python/py2app-error/build/bdist.macosx-14.0-arm64/python3.11-standalone/app/collect/test/decimaltestdata/dqCompareTotalMag.decTest
copying file /opt/local/Library/Frameworks/Python.framework/Versions/3.11/lib/python3.11/test/decimaltestdata/nexttoward.decTest -> /Users/jamie/Documents/Projects/python/py2app-error/build/bdist.macosx-14.0-arm64/python3.11-standalone/app/collect/test/decimaltestdata/nexttoward.decTest
copying file /opt/local/Library/Frameworks/Python.framework/Versions/3.11/lib/python3.11/test/decimaltestdata/dqShift.decTest -> /Users/jamie/Documents/Projects/python/py2app-error/build/bdist.macosx-14.0-arm64/python3.11-standalone/app/collect/test/decimaltestdata/dqShift.decTest
copying file /opt/local/Library/Frameworks/Python.framework/Versions/3.11/lib/python3.11/test/decimaltestdata/dqEncode.decTest -> /Users/jamie/Documents/Projects/python/py2app-error/build/bdist.macosx-14.0-arm64/python3.11-standalone/app/collect/test/decimaltestdata/dqEncode.decTest
copying file /opt/local/Library/Frameworks/Python.framework/Versions/3.11/lib/python3.11/test/decimaltestdata/rotate.decTest -> /Users/jamie/Documents/Projects/python/py2app-error/build/bdist.macosx-14.0-arm64/python3.11-standalone/app/collect/test/decimaltestdata/rotate.decTest
copying file /opt/local/Library/Frameworks/Python.framework/Versions/3.11/lib/python3.11/test/decimaltestdata/dqMax.decTest -> /Users/jamie/Documents/Projects/python/py2app-error/build/bdist.macosx-14.0-arm64/python3.11-standalone/app/collect/test/decimaltestdata/dqMax.decTest
creating /Users/jamie/Documents/Projects/python/py2app-error/build/bdist.macosx-14.0-arm64/python3.11-standalone/app/collect/test/xmltestdata
copying file /opt/local/Library/Frameworks/Python.framework/Versions/3.11/lib/python3.11/test/xmltestdata/simple-ns.xml -> /Users/jamie/Documents/Projects/python/py2app-error/build/bdist.macosx-14.0-arm64/python3.11-standalone/app/collect/test/xmltestdata/simple-ns.xml
copying file /opt/local/Library/Frameworks/Python.framework/Versions/3.11/lib/python3.11/test/xmltestdata/test.xml -> /Users/jamie/Documents/Projects/python/py2app-error/build/bdist.macosx-14.0-arm64/python3.11-standalone/app/collect/test/xmltestdata/test.xml
copying file /opt/local/Library/Frameworks/Python.framework/Versions/3.11/lib/python3.11/test/xmltestdata/simple.xml -> /Users/jamie/Documents/Projects/python/py2app-error/build/bdist.macosx-14.0-arm64/python3.11-standalone/app/collect/test/xmltestdata/simple.xml
creating /Users/jamie/Documents/Projects/python/py2app-error/build/bdist.macosx-14.0-arm64/python3.11-standalone/app/collect/test/xmltestdata/c14n-20
copying file /opt/local/Library/Frameworks/Python.framework/Versions/3.11/lib/python3.11/test/xmltestdata/c14n-20/inNsSuperfluous.xml -> /Users/jamie/Documents/Projects/python/py2app-error/build/bdist.macosx-14.0-arm64/python3.11-standalone/app/collect/test/xmltestdata/c14n-20/inNsSuperfluous.xml
copying file /opt/local/Library/Frameworks/Python.framework/Versions/3.11/lib/python3.11/test/xmltestdata/c14n-20/inNsContent.xml -> /Users/jamie/Documents/Projects/python/py2app-error/build/bdist.macosx-14.0-arm64/python3.11-standalone/app/collect/test/xmltestdata/c14n-20/inNsContent.xml
copying file /opt/local/Library/Frameworks/Python.framework/Versions/3.11/lib/python3.11/test/xmltestdata/c14n-20/c14nQnameXpathElem.xml -> /Users/jamie/Documents/Projects/python/py2app-error/build/bdist.macosx-14.0-arm64/python3.11-standalone/app/collect/test/xmltestdata/c14n-20/c14nQnameXpathElem.xml
copying file /opt/local/Library/Frameworks/Python.framework/Versions/3.11/lib/python3.11/test/xmltestdata/c14n-20/out_inNsContent_c14nQnameXpathElem.xml -> /Users/jamie/Documents/Projects/python/py2app-error/build/bdist.macosx-14.0-arm64/python3.11-standalone/app/collect/test/xmltestdata/c14n-20/out_inNsContent_c14nQnameXpathElem.xml
copying file /opt/local/Library/Frameworks/Python.framework/Versions/3.11/lib/python3.11/test/xmltestdata/c14n-20/out_inNsContent_c14nQnameElem.xml -> /Users/jamie/Documents/Projects/python/py2app-error/build/bdist.macosx-14.0-arm64/python3.11-standalone/app/collect/test/xmltestdata/c14n-20/out_inNsContent_c14nQnameElem.xml
copying file /opt/local/Library/Frameworks/Python.framework/Versions/3.11/lib/python3.11/test/xmltestdata/c14n-20/c14nPrefix.xml -> /Users/jamie/Documents/Projects/python/py2app-error/build/bdist.macosx-14.0-arm64/python3.11-standalone/app/collect/test/xmltestdata/c14n-20/c14nPrefix.xml
copying file /opt/local/Library/Frameworks/Python.framework/Versions/3.11/lib/python3.11/test/xmltestdata/c14n-20/c14nTrim.xml -> /Users/jamie/Documents/Projects/python/py2app-error/build/bdist.macosx-14.0-arm64/python3.11-standalone/app/collect/test/xmltestdata/c14n-20/c14nTrim.xml
copying file /opt/local/Library/Frameworks/Python.framework/Versions/3.11/lib/python3.11/test/xmltestdata/c14n-20/out_inC14N1_c14nComment.xml -> /Users/jamie/Documents/Projects/python/py2app-error/build/bdist.macosx-14.0-arm64/python3.11-standalone/app/collect/test/xmltestdata/c14n-20/out_inC14N1_c14nComment.xml
copying file /opt/local/Library/Frameworks/Python.framework/Versions/3.11/lib/python3.11/test/xmltestdata/c14n-20/c14nDefault.xml -> /Users/jamie/Documents/Projects/python/py2app-error/build/bdist.macosx-14.0-arm64/python3.11-standalone/app/collect/test/xmltestdata/c14n-20/c14nDefault.xml
copying file /opt/local/Library/Frameworks/Python.framework/Versions/3.11/lib/python3.11/test/xmltestdata/c14n-20/out_inNsSort_c14nPrefix.xml -> /Users/jamie/Documents/Projects/python/py2app-error/build/bdist.macosx-14.0-arm64/python3.11-standalone/app/collect/test/xmltestdata/c14n-20/out_inNsSort_c14nPrefix.xml
copying file /opt/local/Library/Frameworks/Python.framework/Versions/3.11/lib/python3.11/test/xmltestdata/c14n-20/world.txt -> /Users/jamie/Documents/Projects/python/py2app-error/build/bdist.macosx-14.0-arm64/python3.11-standalone/app/collect/test/xmltestdata/c14n-20/world.txt
copying file /opt/local/Library/Frameworks/Python.framework/Versions/3.11/lib/python3.11/test/xmltestdata/c14n-20/out_inC14N6_c14nDefault.xml -> /Users/jamie/Documents/Projects/python/py2app-error/build/bdist.macosx-14.0-arm64/python3.11-standalone/app/collect/test/xmltestdata/c14n-20/out_inC14N6_c14nDefault.xml
copying file /opt/local/Library/Frameworks/Python.framework/Versions/3.11/lib/python3.11/test/xmltestdata/c14n-20/out_inNsDefault_c14nPrefix.xml -> /Users/jamie/Documents/Projects/python/py2app-error/build/bdist.macosx-14.0-arm64/python3.11-standalone/app/collect/test/xmltestdata/c14n-20/out_inNsDefault_c14nPrefix.xml
copying file /opt/local/Library/Frameworks/Python.framework/Versions/3.11/lib/python3.11/test/xmltestdata/c14n-20/out_inC14N3_c14nTrim.xml -> /Users/jamie/Documents/Projects/python/py2app-error/build/bdist.macosx-14.0-arm64/python3.11-standalone/app/collect/test/xmltestdata/c14n-20/out_inC14N3_c14nTrim.xml
copying file /opt/local/Library/Frameworks/Python.framework/Versions/3.11/lib/python3.11/test/xmltestdata/c14n-20/out_inC14N4_c14nTrim.xml -> /Users/jamie/Documents/Projects/python/py2app-error/build/bdist.macosx-14.0-arm64/python3.11-standalone/app/collect/test/xmltestdata/c14n-20/out_inC14N4_c14nTrim.xml
copying file /opt/local/Library/Frameworks/Python.framework/Versions/3.11/lib/python3.11/test/xmltestdata/c14n-20/out_inNsSuperfluous_c14nPrefix.xml -> /Users/jamie/Documents/Projects/python/py2app-error/build/bdist.macosx-14.0-arm64/python3.11-standalone/app/collect/test/xmltestdata/c14n-20/out_inNsSuperfluous_c14nPrefix.xml
copying file /opt/local/Library/Frameworks/Python.framework/Versions/3.11/lib/python3.11/test/xmltestdata/c14n-20/out_inC14N5_c14nTrim.xml -> /Users/jamie/Documents/Projects/python/py2app-error/build/bdist.macosx-14.0-arm64/python3.11-standalone/app/collect/test/xmltestdata/c14n-20/out_inC14N5_c14nTrim.xml
copying file /opt/local/Library/Frameworks/Python.framework/Versions/3.11/lib/python3.11/test/xmltestdata/c14n-20/c14nComment.xml -> /Users/jamie/Documents/Projects/python/py2app-error/build/bdist.macosx-14.0-arm64/python3.11-standalone/app/collect/test/xmltestdata/c14n-20/c14nComment.xml
copying file /opt/local/Library/Frameworks/Python.framework/Versions/3.11/lib/python3.11/test/xmltestdata/c14n-20/out_inC14N2_c14nTrim.xml -> /Users/jamie/Documents/Projects/python/py2app-error/build/bdist.macosx-14.0-arm64/python3.11-standalone/app/collect/test/xmltestdata/c14n-20/out_inC14N2_c14nTrim.xml
copying file /opt/local/Library/Frameworks/Python.framework/Versions/3.11/lib/python3.11/test/xmltestdata/c14n-20/out_inC14N1_c14nDefault.xml -> /Users/jamie/Documents/Projects/python/py2app-error/build/bdist.macosx-14.0-arm64/python3.11-standalone/app/collect/test/xmltestdata/c14n-20/out_inC14N1_c14nDefault.xml
copying file /opt/local/Library/Frameworks/Python.framework/Versions/3.11/lib/python3.11/test/xmltestdata/c14n-20/README -> /Users/jamie/Documents/Projects/python/py2app-error/build/bdist.macosx-14.0-arm64/python3.11-standalone/app/collect/test/xmltestdata/c14n-20/README
copying file /opt/local/Library/Frameworks/Python.framework/Versions/3.11/lib/python3.11/test/xmltestdata/c14n-20/out_inC14N4_c14nDefault.xml -> /Users/jamie/Documents/Projects/python/py2app-error/build/bdist.macosx-14.0-arm64/python3.11-standalone/app/collect/test/xmltestdata/c14n-20/out_inC14N4_c14nDefault.xml
copying file /opt/local/Library/Frameworks/Python.framework/Versions/3.11/lib/python3.11/test/xmltestdata/c14n-20/inC14N6.xml -> /Users/jamie/Documents/Projects/python/py2app-error/build/bdist.macosx-14.0-arm64/python3.11-standalone/app/collect/test/xmltestdata/c14n-20/inC14N6.xml
copying file /opt/local/Library/Frameworks/Python.framework/Versions/3.11/lib/python3.11/test/xmltestdata/c14n-20/out_inNsXml_c14nDefault.xml -> /Users/jamie/Documents/Projects/python/py2app-error/build/bdist.macosx-14.0-arm64/python3.11-standalone/app/collect/test/xmltestdata/c14n-20/out_inNsXml_c14nDefault.xml
copying file /opt/local/Library/Frameworks/Python.framework/Versions/3.11/lib/python3.11/test/xmltestdata/c14n-20/out_inNsRedecl_c14nPrefix.xml -> /Users/jamie/Documents/Projects/python/py2app-error/build/bdist.macosx-14.0-arm64/python3.11-standalone/app/collect/test/xmltestdata/c14n-20/out_inNsRedecl_c14nPrefix.xml
copying file /opt/local/Library/Frameworks/Python.framework/Versions/3.11/lib/python3.11/test/xmltestdata/c14n-20/inNsDefault.xml -> /Users/jamie/Documents/Projects/python/py2app-error/build/bdist.macosx-14.0-arm64/python3.11-standalone/app/collect/test/xmltestdata/c14n-20/inNsDefault.xml
copying file /opt/local/Library/Frameworks/Python.framework/Versions/3.11/lib/python3.11/test/xmltestdata/c14n-20/out_inNsXml_c14nQname.xml -> /Users/jamie/Documents/Projects/python/py2app-error/build/bdist.macosx-14.0-arm64/python3.11-standalone/app/collect/test/xmltestdata/c14n-20/out_inNsXml_c14nQname.xml
copying file /opt/local/Library/Frameworks/Python.framework/Versions/3.11/lib/python3.11/test/xmltestdata/c14n-20/inC14N5.xml -> /Users/jamie/Documents/Projects/python/py2app-error/build/bdist.macosx-14.0-arm64/python3.11-standalone/app/collect/test/xmltestdata/c14n-20/inC14N5.xml
copying file /opt/local/Library/Frameworks/Python.framework/Versions/3.11/lib/python3.11/test/xmltestdata/c14n-20/doc.xsl -> /Users/jamie/Documents/Projects/python/py2app-error/build/bdist.macosx-14.0-arm64/python3.11-standalone/app/collect/test/xmltestdata/c14n-20/doc.xsl
copying file /opt/local/Library/Frameworks/Python.framework/Versions/3.11/lib/python3.11/test/xmltestdata/c14n-20/inC14N4.xml -> /Users/jamie/Documents/Projects/python/py2app-error/build/bdist.macosx-14.0-arm64/python3.11-standalone/app/collect/test/xmltestdata/c14n-20/inC14N4.xml
copying file /opt/local/Library/Frameworks/Python.framework/Versions/3.11/lib/python3.11/test/xmltestdata/c14n-20/inNsRedecl.xml -> /Users/jamie/Documents/Projects/python/py2app-error/build/bdist.macosx-14.0-arm64/python3.11-standalone/app/collect/test/xmltestdata/c14n-20/inNsRedecl.xml
copying file /opt/local/Library/Frameworks/Python.framework/Versions/3.11/lib/python3.11/test/xmltestdata/c14n-20/inC14N1.xml -> /Users/jamie/Documents/Projects/python/py2app-error/build/bdist.macosx-14.0-arm64/python3.11-standalone/app/collect/test/xmltestdata/c14n-20/inC14N1.xml
copying file /opt/local/Library/Frameworks/Python.framework/Versions/3.11/lib/python3.11/test/xmltestdata/c14n-20/c14nQnameElem.xml -> /Users/jamie/Documents/Projects/python/py2app-error/build/bdist.macosx-14.0-arm64/python3.11-standalone/app/collect/test/xmltestdata/c14n-20/c14nQnameElem.xml
copying file /opt/local/Library/Frameworks/Python.framework/Versions/3.11/lib/python3.11/test/xmltestdata/c14n-20/out_inNsXml_c14nPrefix.xml -> /Users/jamie/Documents/Projects/python/py2app-error/build/bdist.macosx-14.0-arm64/python3.11-standalone/app/collect/test/xmltestdata/c14n-20/out_inNsXml_c14nPrefix.xml
copying file /opt/local/Library/Frameworks/Python.framework/Versions/3.11/lib/python3.11/test/xmltestdata/c14n-20/out_inNsDefault_c14nDefault.xml -> /Users/jamie/Documents/Projects/python/py2app-error/build/bdist.macosx-14.0-arm64/python3.11-standalone/app/collect/test/xmltestdata/c14n-20/out_inNsDefault_c14nDefault.xml
copying file /opt/local/Library/Frameworks/Python.framework/Versions/3.11/lib/python3.11/test/xmltestdata/c14n-20/inNsSort.xml -> /Users/jamie/Documents/Projects/python/py2app-error/build/bdist.macosx-14.0-arm64/python3.11-standalone/app/collect/test/xmltestdata/c14n-20/inNsSort.xml
copying file /opt/local/Library/Frameworks/Python.framework/Versions/3.11/lib/python3.11/test/xmltestdata/c14n-20/inC14N3.xml -> /Users/jamie/Documents/Projects/python/py2app-error/build/bdist.macosx-14.0-arm64/python3.11-standalone/app/collect/test/xmltestdata/c14n-20/inC14N3.xml
copying file /opt/local/Library/Frameworks/Python.framework/Versions/3.11/lib/python3.11/test/xmltestdata/c14n-20/inC14N2.xml -> /Users/jamie/Documents/Projects/python/py2app-error/build/bdist.macosx-14.0-arm64/python3.11-standalone/app/collect/test/xmltestdata/c14n-20/inC14N2.xml
copying file /opt/local/Library/Frameworks/Python.framework/Versions/3.11/lib/python3.11/test/xmltestdata/c14n-20/out_inNsRedecl_c14nDefault.xml -> /Users/jamie/Documents/Projects/python/py2app-error/build/bdist.macosx-14.0-arm64/python3.11-standalone/app/collect/test/xmltestdata/c14n-20/out_inNsRedecl_c14nDefault.xml
copying file /opt/local/Library/Frameworks/Python.framework/Versions/3.11/lib/python3.11/test/xmltestdata/c14n-20/out_inNsXml_c14nPrefixQname.xml -> /Users/jamie/Documents/Projects/python/py2app-error/build/bdist.macosx-14.0-arm64/python3.11-standalone/app/collect/test/xmltestdata/c14n-20/out_inNsXml_c14nPrefixQname.xml
copying file /opt/local/Library/Frameworks/Python.framework/Versions/3.11/lib/python3.11/test/xmltestdata/c14n-20/out_inNsPushdown_c14nPrefix.xml -> /Users/jamie/Documents/Projects/python/py2app-error/build/bdist.macosx-14.0-arm64/python3.11-standalone/app/collect/test/xmltestdata/c14n-20/out_inNsPushdown_c14nPrefix.xml
copying file /opt/local/Library/Frameworks/Python.framework/Versions/3.11/lib/python3.11/test/xmltestdata/c14n-20/out_inC14N3_c14nDefault.xml -> /Users/jamie/Documents/Projects/python/py2app-error/build/bdist.macosx-14.0-arm64/python3.11-standalone/app/collect/test/xmltestdata/c14n-20/out_inC14N3_c14nDefault.xml
copying file /opt/local/Library/Frameworks/Python.framework/Versions/3.11/lib/python3.11/test/xmltestdata/c14n-20/out_inNsContent_c14nPrefixQnameXpathElem.xml -> /Users/jamie/Documents/Projects/python/py2app-error/build/bdist.macosx-14.0-arm64/python3.11-standalone/app/collect/test/xmltestdata/c14n-20/out_inNsContent_c14nPrefixQnameXpathElem.xml
copying file /opt/local/Library/Frameworks/Python.framework/Versions/3.11/lib/python3.11/test/xmltestdata/c14n-20/out_inNsSuperfluous_c14nDefault.xml -> /Users/jamie/Documents/Projects/python/py2app-error/build/bdist.macosx-14.0-arm64/python3.11-standalone/app/collect/test/xmltestdata/c14n-20/out_inNsSuperfluous_c14nDefault.xml
copying file /opt/local/Library/Frameworks/Python.framework/Versions/3.11/lib/python3.11/test/xmltestdata/c14n-20/inNsPushdown.xml -> /Users/jamie/Documents/Projects/python/py2app-error/build/bdist.macosx-14.0-arm64/python3.11-standalone/app/collect/test/xmltestdata/c14n-20/inNsPushdown.xml
copying file /opt/local/Library/Frameworks/Python.framework/Versions/3.11/lib/python3.11/test/xmltestdata/c14n-20/c14nPrefixQnameXpathElem.xml -> /Users/jamie/Documents/Projects/python/py2app-error/build/bdist.macosx-14.0-arm64/python3.11-standalone/app/collect/test/xmltestdata/c14n-20/c14nPrefixQnameXpathElem.xml
copying file /opt/local/Library/Frameworks/Python.framework/Versions/3.11/lib/python3.11/test/xmltestdata/c14n-20/doc.dtd -> /Users/jamie/Documents/Projects/python/py2app-error/build/bdist.macosx-14.0-arm64/python3.11-standalone/app/collect/test/xmltestdata/c14n-20/doc.dtd
copying file /opt/local/Library/Frameworks/Python.framework/Versions/3.11/lib/python3.11/test/xmltestdata/c14n-20/out_inC14N2_c14nDefault.xml -> /Users/jamie/Documents/Projects/python/py2app-error/build/bdist.macosx-14.0-arm64/python3.11-standalone/app/collect/test/xmltestdata/c14n-20/out_inC14N2_c14nDefault.xml
copying file /opt/local/Library/Frameworks/Python.framework/Versions/3.11/lib/python3.11/test/xmltestdata/c14n-20/c14nQname.xml -> /Users/jamie/Documents/Projects/python/py2app-error/build/bdist.macosx-14.0-arm64/python3.11-standalone/app/collect/test/xmltestdata/c14n-20/c14nQname.xml
copying file /opt/local/Library/Frameworks/Python.framework/Versions/3.11/lib/python3.11/test/xmltestdata/c14n-20/out_inC14N3_c14nPrefix.xml -> /Users/jamie/Documents/Projects/python/py2app-error/build/bdist.macosx-14.0-arm64/python3.11-standalone/app/collect/test/xmltestdata/c14n-20/out_inC14N3_c14nPrefix.xml
copying file /opt/local/Library/Frameworks/Python.framework/Versions/3.11/lib/python3.11/test/xmltestdata/c14n-20/inNsXml.xml -> /Users/jamie/Documents/Projects/python/py2app-error/build/bdist.macosx-14.0-arm64/python3.11-standalone/app/collect/test/xmltestdata/c14n-20/inNsXml.xml
copying file /opt/local/Library/Frameworks/Python.framework/Versions/3.11/lib/python3.11/test/xmltestdata/c14n-20/c14nPrefixQname.xml -> /Users/jamie/Documents/Projects/python/py2app-error/build/bdist.macosx-14.0-arm64/python3.11-standalone/app/collect/test/xmltestdata/c14n-20/c14nPrefixQname.xml
copying file /opt/local/Library/Frameworks/Python.framework/Versions/3.11/lib/python3.11/test/xmltestdata/c14n-20/out_inC14N5_c14nDefault.xml -> /Users/jamie/Documents/Projects/python/py2app-error/build/bdist.macosx-14.0-arm64/python3.11-standalone/app/collect/test/xmltestdata/c14n-20/out_inC14N5_c14nDefault.xml
copying file /opt/local/Library/Frameworks/Python.framework/Versions/3.11/lib/python3.11/test/xmltestdata/c14n-20/out_inNsContent_c14nDefault.xml -> /Users/jamie/Documents/Projects/python/py2app-error/build/bdist.macosx-14.0-arm64/python3.11-standalone/app/collect/test/xmltestdata/c14n-20/out_inNsContent_c14nDefault.xml
copying file /opt/local/Library/Frameworks/Python.framework/Versions/3.11/lib/python3.11/test/xmltestdata/c14n-20/out_inNsSort_c14nDefault.xml -> /Users/jamie/Documents/Projects/python/py2app-error/build/bdist.macosx-14.0-arm64/python3.11-standalone/app/collect/test/xmltestdata/c14n-20/out_inNsSort_c14nDefault.xml
copying file /opt/local/Library/Frameworks/Python.framework/Versions/3.11/lib/python3.11/test/xmltestdata/c14n-20/out_inNsPushdown_c14nDefault.xml -> /Users/jamie/Documents/Projects/python/py2app-error/build/bdist.macosx-14.0-arm64/python3.11-standalone/app/collect/test/xmltestdata/c14n-20/out_inNsPushdown_c14nDefault.xml
copying file /opt/local/Library/Frameworks/Python.framework/Versions/3.11/lib/python3.11/test/xmltestdata/expat224_utf8_bug.xml -> /Users/jamie/Documents/Projects/python/py2app-error/build/bdist.macosx-14.0-arm64/python3.11-standalone/app/collect/test/xmltestdata/expat224_utf8_bug.xml
copying file /opt/local/Library/Frameworks/Python.framework/Versions/3.11/lib/python3.11/test/xmltestdata/test.xml.out -> /Users/jamie/Documents/Projects/python/py2app-error/build/bdist.macosx-14.0-arm64/python3.11-standalone/app/collect/test/xmltestdata/test.xml.out
copying file /opt/local/Library/Frameworks/Python.framework/Versions/3.11/lib/python3.11/test/clinic.test.c -> /Users/jamie/Documents/Projects/python/py2app-error/build/bdist.macosx-14.0-arm64/python3.11-standalone/app/collect/test/clinic.test.c
copying file /opt/local/Library/Frameworks/Python.framework/Versions/3.11/lib/python3.11/test/audiotest.au -> /Users/jamie/Documents/Projects/python/py2app-error/build/bdist.macosx-14.0-arm64/python3.11-standalone/app/collect/test/audiotest.au
creating /Users/jamie/Documents/Projects/python/py2app-error/build/bdist.macosx-14.0-arm64/python3.11-standalone/app/collect/test/cjkencodings
copying file /opt/local/Library/Frameworks/Python.framework/Versions/3.11/lib/python3.11/test/cjkencodings/gb2312-utf8.txt -> /Users/jamie/Documents/Projects/python/py2app-error/build/bdist.macosx-14.0-arm64/python3.11-standalone/app/collect/test/cjkencodings/gb2312-utf8.txt
copying file /opt/local/Library/Frameworks/Python.framework/Versions/3.11/lib/python3.11/test/cjkencodings/shift_jisx0213-utf8.txt -> /Users/jamie/Documents/Projects/python/py2app-error/build/bdist.macosx-14.0-arm64/python3.11-standalone/app/collect/test/cjkencodings/shift_jisx0213-utf8.txt
copying file /opt/local/Library/Frameworks/Python.framework/Versions/3.11/lib/python3.11/test/cjkencodings/iso2022_jp.txt -> /Users/jamie/Documents/Projects/python/py2app-error/build/bdist.macosx-14.0-arm64/python3.11-standalone/app/collect/test/cjkencodings/iso2022_jp.txt
copying file /opt/local/Library/Frameworks/Python.framework/Versions/3.11/lib/python3.11/test/cjkencodings/hz.txt -> /Users/jamie/Documents/Projects/python/py2app-error/build/bdist.macosx-14.0-arm64/python3.11-standalone/app/collect/test/cjkencodings/hz.txt
copying file /opt/local/Library/Frameworks/Python.framework/Versions/3.11/lib/python3.11/test/cjkencodings/gb2312.txt -> /Users/jamie/Documents/Projects/python/py2app-error/build/bdist.macosx-14.0-arm64/python3.11-standalone/app/collect/test/cjkencodings/gb2312.txt
copying file /opt/local/Library/Frameworks/Python.framework/Versions/3.11/lib/python3.11/test/cjkencodings/cp949.txt -> /Users/jamie/Documents/Projects/python/py2app-error/build/bdist.macosx-14.0-arm64/python3.11-standalone/app/collect/test/cjkencodings/cp949.txt
copying file /opt/local/Library/Frameworks/Python.framework/Versions/3.11/lib/python3.11/test/cjkencodings/iso2022_jp-utf8.txt -> /Users/jamie/Documents/Projects/python/py2app-error/build/bdist.macosx-14.0-arm64/python3.11-standalone/app/collect/test/cjkencodings/iso2022_jp-utf8.txt
copying file /opt/local/Library/Frameworks/Python.framework/Versions/3.11/lib/python3.11/test/cjkencodings/johab.txt -> /Users/jamie/Documents/Projects/python/py2app-error/build/bdist.macosx-14.0-arm64/python3.11-standalone/app/collect/test/cjkencodings/johab.txt
copying file /opt/local/Library/Frameworks/Python.framework/Versions/3.11/lib/python3.11/test/cjkencodings/big5.txt -> /Users/jamie/Documents/Projects/python/py2app-error/build/bdist.macosx-14.0-arm64/python3.11-standalone/app/collect/test/cjkencodings/big5.txt
copying file /opt/local/Library/Frameworks/Python.framework/Versions/3.11/lib/python3.11/test/cjkencodings/shift_jis.txt -> /Users/jamie/Documents/Projects/python/py2app-error/build/bdist.macosx-14.0-arm64/python3.11-standalone/app/collect/test/cjkencodings/shift_jis.txt
copying file /opt/local/Library/Frameworks/Python.framework/Versions/3.11/lib/python3.11/test/cjkencodings/cp949-utf8.txt -> /Users/jamie/Documents/Projects/python/py2app-error/build/bdist.macosx-14.0-arm64/python3.11-standalone/app/collect/test/cjkencodings/cp949-utf8.txt
copying file /opt/local/Library/Frameworks/Python.framework/Versions/3.11/lib/python3.11/test/cjkencodings/iso2022_kr.txt -> /Users/jamie/Documents/Projects/python/py2app-error/build/bdist.macosx-14.0-arm64/python3.11-standalone/app/collect/test/cjkencodings/iso2022_kr.txt
copying file /opt/local/Library/Frameworks/Python.framework/Versions/3.11/lib/python3.11/test/cjkencodings/big5hkscs-utf8.txt -> /Users/jamie/Documents/Projects/python/py2app-error/build/bdist.macosx-14.0-arm64/python3.11-standalone/app/collect/test/cjkencodings/big5hkscs-utf8.txt
copying file /opt/local/Library/Frameworks/Python.framework/Versions/3.11/lib/python3.11/test/cjkencodings/euc_jp-utf8.txt -> /Users/jamie/Documents/Projects/python/py2app-error/build/bdist.macosx-14.0-arm64/python3.11-standalone/app/collect/test/cjkencodings/euc_jp-utf8.txt
copying file /opt/local/Library/Frameworks/Python.framework/Versions/3.11/lib/python3.11/test/cjkencodings/shift_jis-utf8.txt -> /Users/jamie/Documents/Projects/python/py2app-error/build/bdist.macosx-14.0-arm64/python3.11-standalone/app/collect/test/cjkencodings/shift_jis-utf8.txt
copying file /opt/local/Library/Frameworks/Python.framework/Versions/3.11/lib/python3.11/test/cjkencodings/euc_jp.txt -> /Users/jamie/Documents/Projects/python/py2app-error/build/bdist.macosx-14.0-arm64/python3.11-standalone/app/collect/test/cjkencodings/euc_jp.txt
copying file /opt/local/Library/Frameworks/Python.framework/Versions/3.11/lib/python3.11/test/cjkencodings/gbk-utf8.txt -> /Users/jamie/Documents/Projects/python/py2app-error/build/bdist.macosx-14.0-arm64/python3.11-standalone/app/collect/test/cjkencodings/gbk-utf8.txt
copying file /opt/local/Library/Frameworks/Python.framework/Versions/3.11/lib/python3.11/test/cjkencodings/euc_jisx0213.txt -> /Users/jamie/Documents/Projects/python/py2app-error/build/bdist.macosx-14.0-arm64/python3.11-standalone/app/collect/test/cjkencodings/euc_jisx0213.txt
copying file /opt/local/Library/Frameworks/Python.framework/Versions/3.11/lib/python3.11/test/cjkencodings/euc_jisx0213-utf8.txt -> /Users/jamie/Documents/Projects/python/py2app-error/build/bdist.macosx-14.0-arm64/python3.11-standalone/app/collect/test/cjkencodings/euc_jisx0213-utf8.txt
copying file /opt/local/Library/Frameworks/Python.framework/Versions/3.11/lib/python3.11/test/cjkencodings/hz-utf8.txt -> /Users/jamie/Documents/Projects/python/py2app-error/build/bdist.macosx-14.0-arm64/python3.11-standalone/app/collect/test/cjkencodings/hz-utf8.txt
copying file /opt/local/Library/Frameworks/Python.framework/Versions/3.11/lib/python3.11/test/cjkencodings/euc_kr-utf8.txt -> /Users/jamie/Documents/Projects/python/py2app-error/build/bdist.macosx-14.0-arm64/python3.11-standalone/app/collect/test/cjkencodings/euc_kr-utf8.txt
copying file /opt/local/Library/Frameworks/Python.framework/Versions/3.11/lib/python3.11/test/cjkencodings/euc_kr.txt -> /Users/jamie/Documents/Projects/python/py2app-error/build/bdist.macosx-14.0-arm64/python3.11-standalone/app/collect/test/cjkencodings/euc_kr.txt
copying file /opt/local/Library/Frameworks/Python.framework/Versions/3.11/lib/python3.11/test/cjkencodings/big5-utf8.txt -> /Users/jamie/Documents/Projects/python/py2app-error/build/bdist.macosx-14.0-arm64/python3.11-standalone/app/collect/test/cjkencodings/big5-utf8.txt
copying file /opt/local/Library/Frameworks/Python.framework/Versions/3.11/lib/python3.11/test/cjkencodings/johab-utf8.txt -> /Users/jamie/Documents/Projects/python/py2app-error/build/bdist.macosx-14.0-arm64/python3.11-standalone/app/collect/test/cjkencodings/johab-utf8.txt
copying file /opt/local/Library/Frameworks/Python.framework/Versions/3.11/lib/python3.11/test/cjkencodings/gb18030-utf8.txt -> /Users/jamie/Documents/Projects/python/py2app-error/build/bdist.macosx-14.0-arm64/python3.11-standalone/app/collect/test/cjkencodings/gb18030-utf8.txt
copying file /opt/local/Library/Frameworks/Python.framework/Versions/3.11/lib/python3.11/test/cjkencodings/gb18030.txt -> /Users/jamie/Documents/Projects/python/py2app-error/build/bdist.macosx-14.0-arm64/python3.11-standalone/app/collect/test/cjkencodings/gb18030.txt
copying file /opt/local/Library/Frameworks/Python.framework/Versions/3.11/lib/python3.11/test/cjkencodings/shift_jisx0213.txt -> /Users/jamie/Documents/Projects/python/py2app-error/build/bdist.macosx-14.0-arm64/python3.11-standalone/app/collect/test/cjkencodings/shift_jisx0213.txt
copying file /opt/local/Library/Frameworks/Python.framework/Versions/3.11/lib/python3.11/test/cjkencodings/iso2022_kr-utf8.txt -> /Users/jamie/Documents/Projects/python/py2app-error/build/bdist.macosx-14.0-arm64/python3.11-standalone/app/collect/test/cjkencodings/iso2022_kr-utf8.txt
copying file /opt/local/Library/Frameworks/Python.framework/Versions/3.11/lib/python3.11/test/cjkencodings/gbk.txt -> /Users/jamie/Documents/Projects/python/py2app-error/build/bdist.macosx-14.0-arm64/python3.11-standalone/app/collect/test/cjkencodings/gbk.txt
copying file /opt/local/Library/Frameworks/Python.framework/Versions/3.11/lib/python3.11/test/cjkencodings/big5hkscs.txt -> /Users/jamie/Documents/Projects/python/py2app-error/build/bdist.macosx-14.0-arm64/python3.11-standalone/app/collect/test/cjkencodings/big5hkscs.txt
creating /Users/jamie/Documents/Projects/python/py2app-error/build/bdist.macosx-14.0-arm64/python3.11-standalone/app/collect/test/regrtestdata
creating /Users/jamie/Documents/Projects/python/py2app-error/build/bdist.macosx-14.0-arm64/python3.11-standalone/app/collect/test/regrtestdata/import_from_tests
copying file /opt/local/Library/Frameworks/Python.framework/Versions/3.11/lib/python3.11/test/regrtestdata/import_from_tests/test_regrtest_c.py -> /Users/jamie/Documents/Projects/python/py2app-error/build/bdist.macosx-14.0-arm64/python3.11-standalone/app/collect/test/regrtestdata/import_from_tests/test_regrtest_c.py
creating /Users/jamie/Documents/Projects/python/py2app-error/build/bdist.macosx-14.0-arm64/python3.11-standalone/app/collect/test/regrtestdata/import_from_tests/__pycache__
copying file /opt/local/Library/Frameworks/Python.framework/Versions/3.11/lib/python3.11/test/regrtestdata/import_from_tests/__pycache__/test_regrtest_c.cpython-311.pyc -> /Users/jamie/Documents/Projects/python/py2app-error/build/bdist.macosx-14.0-arm64/python3.11-standalone/app/collect/test/regrtestdata/import_from_tests/__pycache__/test_regrtest_c.cpython-311.pyc
copying file /opt/local/Library/Frameworks/Python.framework/Versions/3.11/lib/python3.11/test/regrtestdata/import_from_tests/__pycache__/test_regrtest_a.cpython-311.pyc -> /Users/jamie/Documents/Projects/python/py2app-error/build/bdist.macosx-14.0-arm64/python3.11-standalone/app/collect/test/regrtestdata/import_from_tests/__pycache__/test_regrtest_a.cpython-311.pyc
copying file /opt/local/Library/Frameworks/Python.framework/Versions/3.11/lib/python3.11/test/regrtestdata/import_from_tests/__pycache__/test_regrtest_c.cpython-311.opt-1.pyc -> /Users/jamie/Documents/Projects/python/py2app-error/build/bdist.macosx-14.0-arm64/python3.11-standalone/app/collect/test/regrtestdata/import_from_tests/__pycache__/test_regrtest_c.cpython-311.opt-1.pyc
copying file /opt/local/Library/Frameworks/Python.framework/Versions/3.11/lib/python3.11/test/regrtestdata/import_from_tests/__pycache__/test_regrtest_c.cpython-311.opt-2.pyc -> /Users/jamie/Documents/Projects/python/py2app-error/build/bdist.macosx-14.0-arm64/python3.11-standalone/app/collect/test/regrtestdata/import_from_tests/__pycache__/test_regrtest_c.cpython-311.opt-2.pyc
copying file /opt/local/Library/Frameworks/Python.framework/Versions/3.11/lib/python3.11/test/regrtestdata/import_from_tests/__pycache__/test_regrtest_a.cpython-311.opt-1.pyc -> /Users/jamie/Documents/Projects/python/py2app-error/build/bdist.macosx-14.0-arm64/python3.11-standalone/app/collect/test/regrtestdata/import_from_tests/__pycache__/test_regrtest_a.cpython-311.opt-1.pyc
copying file /opt/local/Library/Frameworks/Python.framework/Versions/3.11/lib/python3.11/test/regrtestdata/import_from_tests/__pycache__/test_regrtest_a.cpython-311.opt-2.pyc -> /Users/jamie/Documents/Projects/python/py2app-error/build/bdist.macosx-14.0-arm64/python3.11-standalone/app/collect/test/regrtestdata/import_from_tests/__pycache__/test_regrtest_a.cpython-311.opt-2.pyc
copying file /opt/local/Library/Frameworks/Python.framework/Versions/3.11/lib/python3.11/test/regrtestdata/import_from_tests/test_regrtest_a.py -> /Users/jamie/Documents/Projects/python/py2app-error/build/bdist.macosx-14.0-arm64/python3.11-standalone/app/collect/test/regrtestdata/import_from_tests/test_regrtest_a.py
creating /Users/jamie/Documents/Projects/python/py2app-error/build/bdist.macosx-14.0-arm64/python3.11-standalone/app/collect/test/regrtestdata/import_from_tests/test_regrtest_b
copying file /opt/local/Library/Frameworks/Python.framework/Versions/3.11/lib/python3.11/test/regrtestdata/import_from_tests/test_regrtest_b/util.py -> /Users/jamie/Documents/Projects/python/py2app-error/build/bdist.macosx-14.0-arm64/python3.11-standalone/app/collect/test/regrtestdata/import_from_tests/test_regrtest_b/util.py
copying file /opt/local/Library/Frameworks/Python.framework/Versions/3.11/lib/python3.11/test/regrtestdata/import_from_tests/test_regrtest_b/__init__.py -> /Users/jamie/Documents/Projects/python/py2app-error/build/bdist.macosx-14.0-arm64/python3.11-standalone/app/collect/test/regrtestdata/import_from_tests/test_regrtest_b/__init__.py
creating /Users/jamie/Documents/Projects/python/py2app-error/build/bdist.macosx-14.0-arm64/python3.11-standalone/app/collect/test/regrtestdata/import_from_tests/test_regrtest_b/__pycache__
copying file /opt/local/Library/Frameworks/Python.framework/Versions/3.11/lib/python3.11/test/regrtestdata/import_from_tests/test_regrtest_b/__pycache__/util.cpython-311.opt-1.pyc -> /Users/jamie/Documents/Projects/python/py2app-error/build/bdist.macosx-14.0-arm64/python3.11-standalone/app/collect/test/regrtestdata/import_from_tests/test_regrtest_b/__pycache__/util.cpython-311.opt-1.pyc
copying file /opt/local/Library/Frameworks/Python.framework/Versions/3.11/lib/python3.11/test/regrtestdata/import_from_tests/test_regrtest_b/__pycache__/util.cpython-311.pyc -> /Users/jamie/Documents/Projects/python/py2app-error/build/bdist.macosx-14.0-arm64/python3.11-standalone/app/collect/test/regrtestdata/import_from_tests/test_regrtest_b/__pycache__/util.cpython-311.pyc
copying file /opt/local/Library/Frameworks/Python.framework/Versions/3.11/lib/python3.11/test/regrtestdata/import_from_tests/test_regrtest_b/__pycache__/util.cpython-311.opt-2.pyc -> /Users/jamie/Documents/Projects/python/py2app-error/build/bdist.macosx-14.0-arm64/python3.11-standalone/app/collect/test/regrtestdata/import_from_tests/test_regrtest_b/__pycache__/util.cpython-311.opt-2.pyc
copying file /opt/local/Library/Frameworks/Python.framework/Versions/3.11/lib/python3.11/test/regrtestdata/import_from_tests/test_regrtest_b/__pycache__/__init__.cpython-311.opt-2.pyc -> /Users/jamie/Documents/Projects/python/py2app-error/build/bdist.macosx-14.0-arm64/python3.11-standalone/app/collect/test/regrtestdata/import_from_tests/test_regrtest_b/__pycache__/__init__.cpython-311.opt-2.pyc
copying file /opt/local/Library/Frameworks/Python.framework/Versions/3.11/lib/python3.11/test/regrtestdata/import_from_tests/test_regrtest_b/__pycache__/__init__.cpython-311.opt-1.pyc -> /Users/jamie/Documents/Projects/python/py2app-error/build/bdist.macosx-14.0-arm64/python3.11-standalone/app/collect/test/regrtestdata/import_from_tests/test_regrtest_b/__pycache__/__init__.cpython-311.opt-1.pyc
copying file /opt/local/Library/Frameworks/Python.framework/Versions/3.11/lib/python3.11/test/regrtestdata/import_from_tests/test_regrtest_b/__pycache__/__init__.cpython-311.pyc -> /Users/jamie/Documents/Projects/python/py2app-error/build/bdist.macosx-14.0-arm64/python3.11-standalone/app/collect/test/regrtestdata/import_from_tests/test_regrtest_b/__pycache__/__init__.cpython-311.pyc
creating /Users/jamie/Documents/Projects/python/py2app-error/build/bdist.macosx-14.0-arm64/python3.11-standalone/app/collect/test/certdata
copying file /opt/local/Library/Frameworks/Python.framework/Versions/3.11/lib/python3.11/test/certdata/nokia.pem -> /Users/jamie/Documents/Projects/python/py2app-error/build/bdist.macosx-14.0-arm64/python3.11-standalone/app/collect/test/certdata/nokia.pem
copying file /opt/local/Library/Frameworks/Python.framework/Versions/3.11/lib/python3.11/test/certdata/nullcert.pem -> /Users/jamie/Documents/Projects/python/py2app-error/build/bdist.macosx-14.0-arm64/python3.11-standalone/app/collect/test/certdata/nullcert.pem
copying file /opt/local/Library/Frameworks/Python.framework/Versions/3.11/lib/python3.11/test/certdata/nosan.pem -> /Users/jamie/Documents/Projects/python/py2app-error/build/bdist.macosx-14.0-arm64/python3.11-standalone/app/collect/test/certdata/nosan.pem
copying file /opt/local/Library/Frameworks/Python.framework/Versions/3.11/lib/python3.11/test/certdata/make_ssl_certs.py -> /Users/jamie/Documents/Projects/python/py2app-error/build/bdist.macosx-14.0-arm64/python3.11-standalone/app/collect/test/certdata/make_ssl_certs.py
copying file /opt/local/Library/Frameworks/Python.framework/Versions/3.11/lib/python3.11/test/certdata/nullbytecert.pem -> /Users/jamie/Documents/Projects/python/py2app-error/build/bdist.macosx-14.0-arm64/python3.11-standalone/app/collect/test/certdata/nullbytecert.pem
copying file /opt/local/Library/Frameworks/Python.framework/Versions/3.11/lib/python3.11/test/certdata/pycacert.pem -> /Users/jamie/Documents/Projects/python/py2app-error/build/bdist.macosx-14.0-arm64/python3.11-standalone/app/collect/test/certdata/pycacert.pem
copying file /opt/local/Library/Frameworks/Python.framework/Versions/3.11/lib/python3.11/test/certdata/revocation.crl -> /Users/jamie/Documents/Projects/python/py2app-error/build/bdist.macosx-14.0-arm64/python3.11-standalone/app/collect/test/certdata/revocation.crl
copying file /opt/local/Library/Frameworks/Python.framework/Versions/3.11/lib/python3.11/test/certdata/talos-2019-0758.pem -> /Users/jamie/Documents/Projects/python/py2app-error/build/bdist.macosx-14.0-arm64/python3.11-standalone/app/collect/test/certdata/talos-2019-0758.pem
creating /Users/jamie/Documents/Projects/python/py2app-error/build/bdist.macosx-14.0-arm64/python3.11-standalone/app/collect/test/certdata/__pycache__
copying file /opt/local/Library/Frameworks/Python.framework/Versions/3.11/lib/python3.11/test/certdata/__pycache__/make_ssl_certs.cpython-311.opt-2.pyc -> /Users/jamie/Documents/Projects/python/py2app-error/build/bdist.macosx-14.0-arm64/python3.11-standalone/app/collect/test/certdata/__pycache__/make_ssl_certs.cpython-311.opt-2.pyc
copying file /opt/local/Library/Frameworks/Python.framework/Versions/3.11/lib/python3.11/test/certdata/__pycache__/make_ssl_certs.cpython-311.opt-1.pyc -> /Users/jamie/Documents/Projects/python/py2app-error/build/bdist.macosx-14.0-arm64/python3.11-standalone/app/collect/test/certdata/__pycache__/make_ssl_certs.cpython-311.opt-1.pyc
copying file /opt/local/Library/Frameworks/Python.framework/Versions/3.11/lib/python3.11/test/certdata/__pycache__/make_ssl_certs.cpython-311.pyc -> /Users/jamie/Documents/Projects/python/py2app-error/build/bdist.macosx-14.0-arm64/python3.11-standalone/app/collect/test/certdata/__pycache__/make_ssl_certs.cpython-311.pyc
copying file /opt/local/Library/Frameworks/Python.framework/Versions/3.11/lib/python3.11/test/certdata/keycert.passwd.pem -> /Users/jamie/Documents/Projects/python/py2app-error/build/bdist.macosx-14.0-arm64/python3.11-standalone/app/collect/test/certdata/keycert.passwd.pem
copying file /opt/local/Library/Frameworks/Python.framework/Versions/3.11/lib/python3.11/test/certdata/keycert.pem -> /Users/jamie/Documents/Projects/python/py2app-error/build/bdist.macosx-14.0-arm64/python3.11-standalone/app/collect/test/certdata/keycert.pem
copying file /opt/local/Library/Frameworks/Python.framework/Versions/3.11/lib/python3.11/test/certdata/pycakey.pem -> /Users/jamie/Documents/Projects/python/py2app-error/build/bdist.macosx-14.0-arm64/python3.11-standalone/app/collect/test/certdata/pycakey.pem
copying file /opt/local/Library/Frameworks/Python.framework/Versions/3.11/lib/python3.11/test/certdata/selfsigned_pythontestdotnet.pem -> /Users/jamie/Documents/Projects/python/py2app-error/build/bdist.macosx-14.0-arm64/python3.11-standalone/app/collect/test/certdata/selfsigned_pythontestdotnet.pem
copying file /opt/local/Library/Frameworks/Python.framework/Versions/3.11/lib/python3.11/test/certdata/allsans.pem -> /Users/jamie/Documents/Projects/python/py2app-error/build/bdist.macosx-14.0-arm64/python3.11-standalone/app/collect/test/certdata/allsans.pem
copying file /opt/local/Library/Frameworks/Python.framework/Versions/3.11/lib/python3.11/test/certdata/keycert4.pem -> /Users/jamie/Documents/Projects/python/py2app-error/build/bdist.macosx-14.0-arm64/python3.11-standalone/app/collect/test/certdata/keycert4.pem
copying file /opt/local/Library/Frameworks/Python.framework/Versions/3.11/lib/python3.11/test/certdata/badkey.pem -> /Users/jamie/Documents/Projects/python/py2app-error/build/bdist.macosx-14.0-arm64/python3.11-standalone/app/collect/test/certdata/badkey.pem
copying file /opt/local/Library/Frameworks/Python.framework/Versions/3.11/lib/python3.11/test/certdata/idnsans.pem -> /Users/jamie/Documents/Projects/python/py2app-error/build/bdist.macosx-14.0-arm64/python3.11-standalone/app/collect/test/certdata/idnsans.pem
copying file /opt/local/Library/Frameworks/Python.framework/Versions/3.11/lib/python3.11/test/certdata/keycert2.pem -> /Users/jamie/Documents/Projects/python/py2app-error/build/bdist.macosx-14.0-arm64/python3.11-standalone/app/collect/test/certdata/keycert2.pem
copying file /opt/local/Library/Frameworks/Python.framework/Versions/3.11/lib/python3.11/test/certdata/ssl_cert.pem -> /Users/jamie/Documents/Projects/python/py2app-error/build/bdist.macosx-14.0-arm64/python3.11-standalone/app/collect/test/certdata/ssl_cert.pem
copying file /opt/local/Library/Frameworks/Python.framework/Versions/3.11/lib/python3.11/test/certdata/ssl_key.passwd.pem -> /Users/jamie/Documents/Projects/python/py2app-error/build/bdist.macosx-14.0-arm64/python3.11-standalone/app/collect/test/certdata/ssl_key.passwd.pem
copying file /opt/local/Library/Frameworks/Python.framework/Versions/3.11/lib/python3.11/test/certdata/keycert3.pem -> /Users/jamie/Documents/Projects/python/py2app-error/build/bdist.macosx-14.0-arm64/python3.11-standalone/app/collect/test/certdata/keycert3.pem
copying file /opt/local/Library/Frameworks/Python.framework/Versions/3.11/lib/python3.11/test/certdata/badcert.pem -> /Users/jamie/Documents/Projects/python/py2app-error/build/bdist.macosx-14.0-arm64/python3.11-standalone/app/collect/test/certdata/badcert.pem
copying file /opt/local/Library/Frameworks/Python.framework/Versions/3.11/lib/python3.11/test/certdata/ssl_key.pem -> /Users/jamie/Documents/Projects/python/py2app-error/build/bdist.macosx-14.0-arm64/python3.11-standalone/app/collect/test/certdata/ssl_key.pem
copying file /opt/local/Library/Frameworks/Python.framework/Versions/3.11/lib/python3.11/test/certdata/keycertecc.pem -> /Users/jamie/Documents/Projects/python/py2app-error/build/bdist.macosx-14.0-arm64/python3.11-standalone/app/collect/test/certdata/keycertecc.pem
copying file /opt/local/Library/Frameworks/Python.framework/Versions/3.11/lib/python3.11/test/certdata/ffdh3072.pem -> /Users/jamie/Documents/Projects/python/py2app-error/build/bdist.macosx-14.0-arm64/python3.11-standalone/app/collect/test/certdata/ffdh3072.pem
creating /Users/jamie/Documents/Projects/python/py2app-error/build/bdist.macosx-14.0-arm64/python3.11-standalone/app/collect/test/certdata/capath
copying file /opt/local/Library/Frameworks/Python.framework/Versions/3.11/lib/python3.11/test/certdata/capath/4e1295a3.0 -> /Users/jamie/Documents/Projects/python/py2app-error/build/bdist.macosx-14.0-arm64/python3.11-standalone/app/collect/test/certdata/capath/4e1295a3.0
copying file /opt/local/Library/Frameworks/Python.framework/Versions/3.11/lib/python3.11/test/certdata/capath/5ed36f99.0 -> /Users/jamie/Documents/Projects/python/py2app-error/build/bdist.macosx-14.0-arm64/python3.11-standalone/app/collect/test/certdata/capath/5ed36f99.0
copying file /opt/local/Library/Frameworks/Python.framework/Versions/3.11/lib/python3.11/test/certdata/capath/99d0fa06.0 -> /Users/jamie/Documents/Projects/python/py2app-error/build/bdist.macosx-14.0-arm64/python3.11-standalone/app/collect/test/certdata/capath/99d0fa06.0
copying file /opt/local/Library/Frameworks/Python.framework/Versions/3.11/lib/python3.11/test/certdata/capath/6e88d7b8.0 -> /Users/jamie/Documents/Projects/python/py2app-error/build/bdist.macosx-14.0-arm64/python3.11-standalone/app/collect/test/certdata/capath/6e88d7b8.0
copying file /opt/local/Library/Frameworks/Python.framework/Versions/3.11/lib/python3.11/test/certdata/capath/ceff1710.0 -> /Users/jamie/Documents/Projects/python/py2app-error/build/bdist.macosx-14.0-arm64/python3.11-standalone/app/collect/test/certdata/capath/ceff1710.0
copying file /opt/local/Library/Frameworks/Python.framework/Versions/3.11/lib/python3.11/test/certdata/capath/b1930218.0 -> /Users/jamie/Documents/Projects/python/py2app-error/build/bdist.macosx-14.0-arm64/python3.11-standalone/app/collect/test/certdata/capath/b1930218.0
copying file /opt/local/Library/Frameworks/Python.framework/Versions/3.11/lib/python3.11/test/certdata/secp384r1.pem -> /Users/jamie/Documents/Projects/python/py2app-error/build/bdist.macosx-14.0-arm64/python3.11-standalone/app/collect/test/certdata/secp384r1.pem
copying file /opt/local/Library/Frameworks/Python.framework/Versions/3.11/lib/python3.11/test/exception_hierarchy.txt -> /Users/jamie/Documents/Projects/python/py2app-error/build/bdist.macosx-14.0-arm64/python3.11-standalone/app/collect/test/exception_hierarchy.txt
copying file /opt/local/Library/Frameworks/Python.framework/Versions/3.11/lib/python3.11/test/mime.types -> /Users/jamie/Documents/Projects/python/py2app-error/build/bdist.macosx-14.0-arm64/python3.11-standalone/app/collect/test/mime.types
creating /Users/jamie/Documents/Projects/python/py2app-error/build/bdist.macosx-14.0-arm64/python3.11-standalone/app/collect/test/imghdrdata
copying file /opt/local/Library/Frameworks/Python.framework/Versions/3.11/lib/python3.11/test/imghdrdata/python.ppm -> /Users/jamie/Documents/Projects/python/py2app-error/build/bdist.macosx-14.0-arm64/python3.11-standalone/app/collect/test/imghdrdata/python.ppm
copying file /opt/local/Library/Frameworks/Python.framework/Versions/3.11/lib/python3.11/test/imghdrdata/python.webp -> /Users/jamie/Documents/Projects/python/py2app-error/build/bdist.macosx-14.0-arm64/python3.11-standalone/app/collect/test/imghdrdata/python.webp
copying file /opt/local/Library/Frameworks/Python.framework/Versions/3.11/lib/python3.11/test/imghdrdata/python.exr -> /Users/jamie/Documents/Projects/python/py2app-error/build/bdist.macosx-14.0-arm64/python3.11-standalone/app/collect/test/imghdrdata/python.exr
copying file /opt/local/Library/Frameworks/Python.framework/Versions/3.11/lib/python3.11/test/imghdrdata/python.jpg -> /Users/jamie/Documents/Projects/python/py2app-error/build/bdist.macosx-14.0-arm64/python3.11-standalone/app/collect/test/imghdrdata/python.jpg
copying file /opt/local/Library/Frameworks/Python.framework/Versions/3.11/lib/python3.11/test/imghdrdata/python.png -> /Users/jamie/Documents/Projects/python/py2app-error/build/bdist.macosx-14.0-arm64/python3.11-standalone/app/collect/test/imghdrdata/python.png
copying file /opt/local/Library/Frameworks/Python.framework/Versions/3.11/lib/python3.11/test/imghdrdata/python.ras -> /Users/jamie/Documents/Projects/python/py2app-error/build/bdist.macosx-14.0-arm64/python3.11-standalone/app/collect/test/imghdrdata/python.ras
copying file /opt/local/Library/Frameworks/Python.framework/Versions/3.11/lib/python3.11/test/imghdrdata/python.pbm -> /Users/jamie/Documents/Projects/python/py2app-error/build/bdist.macosx-14.0-arm64/python3.11-standalone/app/collect/test/imghdrdata/python.pbm
copying file /opt/local/Library/Frameworks/Python.framework/Versions/3.11/lib/python3.11/test/imghdrdata/python.sgi -> /Users/jamie/Documents/Projects/python/py2app-error/build/bdist.macosx-14.0-arm64/python3.11-standalone/app/collect/test/imghdrdata/python.sgi
copying file /opt/local/Library/Frameworks/Python.framework/Versions/3.11/lib/python3.11/test/imghdrdata/python.bmp -> /Users/jamie/Documents/Projects/python/py2app-error/build/bdist.macosx-14.0-arm64/python3.11-standalone/app/collect/test/imghdrdata/python.bmp
copying file /opt/local/Library/Frameworks/Python.framework/Versions/3.11/lib/python3.11/test/imghdrdata/python.tiff -> /Users/jamie/Documents/Projects/python/py2app-error/build/bdist.macosx-14.0-arm64/python3.11-standalone/app/collect/test/imghdrdata/python.tiff
copying file /opt/local/Library/Frameworks/Python.framework/Versions/3.11/lib/python3.11/test/imghdrdata/python.gif -> /Users/jamie/Documents/Projects/python/py2app-error/build/bdist.macosx-14.0-arm64/python3.11-standalone/app/collect/test/imghdrdata/python.gif
copying file /opt/local/Library/Frameworks/Python.framework/Versions/3.11/lib/python3.11/test/imghdrdata/python.xbm -> /Users/jamie/Documents/Projects/python/py2app-error/build/bdist.macosx-14.0-arm64/python3.11-standalone/app/collect/test/imghdrdata/python.xbm
copying file /opt/local/Library/Frameworks/Python.framework/Versions/3.11/lib/python3.11/test/imghdrdata/python.pgm -> /Users/jamie/Documents/Projects/python/py2app-error/build/bdist.macosx-14.0-arm64/python3.11-standalone/app/collect/test/imghdrdata/python.pgm
copying file /opt/local/Library/Frameworks/Python.framework/Versions/3.11/lib/python3.11/test/imghdrdata/python-raw.jpg -> /Users/jamie/Documents/Projects/python/py2app-error/build/bdist.macosx-14.0-arm64/python3.11-standalone/app/collect/test/imghdrdata/python-raw.jpg
copying file /opt/local/Library/Frameworks/Python.framework/Versions/3.11/lib/python3.11/test/zip_cp437_header.zip -> /Users/jamie/Documents/Projects/python/py2app-error/build/bdist.macosx-14.0-arm64/python3.11-standalone/app/collect/test/zip_cp437_header.zip
copying file /opt/local/Library/Frameworks/Python.framework/Versions/3.11/lib/python3.11/test/randv3.pck -> /Users/jamie/Documents/Projects/python/py2app-error/build/bdist.macosx-14.0-arm64/python3.11-standalone/app/collect/test/randv3.pck
creating /Users/jamie/Documents/Projects/python/py2app-error/build/bdist.macosx-14.0-arm64/python3.11-standalone/app/collect/test/sndhdrdata
copying file /opt/local/Library/Frameworks/Python.framework/Versions/3.11/lib/python3.11/test/sndhdrdata/sndhdr.8svx -> /Users/jamie/Documents/Projects/python/py2app-error/build/bdist.macosx-14.0-arm64/python3.11-standalone/app/collect/test/sndhdrdata/sndhdr.8svx
copying file /opt/local/Library/Frameworks/Python.framework/Versions/3.11/lib/python3.11/test/sndhdrdata/sndhdr.aifc -> /Users/jamie/Documents/Projects/python/py2app-error/build/bdist.macosx-14.0-arm64/python3.11-standalone/app/collect/test/sndhdrdata/sndhdr.aifc
copying file /opt/local/Library/Frameworks/Python.framework/Versions/3.11/lib/python3.11/test/sndhdrdata/sndhdr.sndt -> /Users/jamie/Documents/Projects/python/py2app-error/build/bdist.macosx-14.0-arm64/python3.11-standalone/app/collect/test/sndhdrdata/sndhdr.sndt
copying file /opt/local/Library/Frameworks/Python.framework/Versions/3.11/lib/python3.11/test/sndhdrdata/sndhdr.wav -> /Users/jamie/Documents/Projects/python/py2app-error/build/bdist.macosx-14.0-arm64/python3.11-standalone/app/collect/test/sndhdrdata/sndhdr.wav
copying file /opt/local/Library/Frameworks/Python.framework/Versions/3.11/lib/python3.11/test/sndhdrdata/README -> /Users/jamie/Documents/Projects/python/py2app-error/build/bdist.macosx-14.0-arm64/python3.11-standalone/app/collect/test/sndhdrdata/README
copying file /opt/local/Library/Frameworks/Python.framework/Versions/3.11/lib/python3.11/test/sndhdrdata/sndhdr.hcom -> /Users/jamie/Documents/Projects/python/py2app-error/build/bdist.macosx-14.0-arm64/python3.11-standalone/app/collect/test/sndhdrdata/sndhdr.hcom
copying file /opt/local/Library/Frameworks/Python.framework/Versions/3.11/lib/python3.11/test/sndhdrdata/sndhdr.aiff -> /Users/jamie/Documents/Projects/python/py2app-error/build/bdist.macosx-14.0-arm64/python3.11-standalone/app/collect/test/sndhdrdata/sndhdr.aiff
copying file /opt/local/Library/Frameworks/Python.framework/Versions/3.11/lib/python3.11/test/sndhdrdata/sndhdr.au -> /Users/jamie/Documents/Projects/python/py2app-error/build/bdist.macosx-14.0-arm64/python3.11-standalone/app/collect/test/sndhdrdata/sndhdr.au
copying file /opt/local/Library/Frameworks/Python.framework/Versions/3.11/lib/python3.11/test/sndhdrdata/sndhdr.voc -> /Users/jamie/Documents/Projects/python/py2app-error/build/bdist.macosx-14.0-arm64/python3.11-standalone/app/collect/test/sndhdrdata/sndhdr.voc
creating /Users/jamie/Documents/Projects/python/py2app-error/build/bdist.macosx-14.0-arm64/python3.11-standalone/app/collect/test/data
copying file /opt/local/Library/Frameworks/Python.framework/Versions/3.11/lib/python3.11/test/data/README -> /Users/jamie/Documents/Projects/python/py2app-error/build/bdist.macosx-14.0-arm64/python3.11-standalone/app/collect/test/data/README
copying file /opt/local/Library/Frameworks/Python.framework/Versions/3.11/lib/python3.11/test/randv2_64.pck -> /Users/jamie/Documents/Projects/python/py2app-error/build/bdist.macosx-14.0-arm64/python3.11-standalone/app/collect/test/randv2_64.pck
creating /Users/jamie/Documents/Projects/python/py2app-error/build/bdist.macosx-14.0-arm64/python3.11-standalone/app/collect/test/subprocessdata
copying file /opt/local/Library/Frameworks/Python.framework/Versions/3.11/lib/python3.11/test/subprocessdata/fd_status.py -> /Users/jamie/Documents/Projects/python/py2app-error/build/bdist.macosx-14.0-arm64/python3.11-standalone/app/collect/test/subprocessdata/fd_status.py
creating /Users/jamie/Documents/Projects/python/py2app-error/build/bdist.macosx-14.0-arm64/python3.11-standalone/app/collect/test/subprocessdata/__pycache__
copying file /opt/local/Library/Frameworks/Python.framework/Versions/3.11/lib/python3.11/test/subprocessdata/__pycache__/fd_status.cpython-311.pyc -> /Users/jamie/Documents/Projects/python/py2app-error/build/bdist.macosx-14.0-arm64/python3.11-standalone/app/collect/test/subprocessdata/__pycache__/fd_status.cpython-311.pyc
copying file /opt/local/Library/Frameworks/Python.framework/Versions/3.11/lib/python3.11/test/subprocessdata/__pycache__/input_reader.cpython-311.pyc -> /Users/jamie/Documents/Projects/python/py2app-error/build/bdist.macosx-14.0-arm64/python3.11-standalone/app/collect/test/subprocessdata/__pycache__/input_reader.cpython-311.pyc
copying file /opt/local/Library/Frameworks/Python.framework/Versions/3.11/lib/python3.11/test/subprocessdata/__pycache__/sigchild_ignore.cpython-311.pyc -> /Users/jamie/Documents/Projects/python/py2app-error/build/bdist.macosx-14.0-arm64/python3.11-standalone/app/collect/test/subprocessdata/__pycache__/sigchild_ignore.cpython-311.pyc
copying file /opt/local/Library/Frameworks/Python.framework/Versions/3.11/lib/python3.11/test/subprocessdata/__pycache__/qcat.cpython-311.opt-2.pyc -> /Users/jamie/Documents/Projects/python/py2app-error/build/bdist.macosx-14.0-arm64/python3.11-standalone/app/collect/test/subprocessdata/__pycache__/qcat.cpython-311.opt-2.pyc
copying file /opt/local/Library/Frameworks/Python.framework/Versions/3.11/lib/python3.11/test/subprocessdata/__pycache__/qgrep.cpython-311.opt-2.pyc -> /Users/jamie/Documents/Projects/python/py2app-error/build/bdist.macosx-14.0-arm64/python3.11-standalone/app/collect/test/subprocessdata/__pycache__/qgrep.cpython-311.opt-2.pyc
copying file /opt/local/Library/Frameworks/Python.framework/Versions/3.11/lib/python3.11/test/subprocessdata/__pycache__/qcat.cpython-311.opt-1.pyc -> /Users/jamie/Documents/Projects/python/py2app-error/build/bdist.macosx-14.0-arm64/python3.11-standalone/app/collect/test/subprocessdata/__pycache__/qcat.cpython-311.opt-1.pyc
copying file /opt/local/Library/Frameworks/Python.framework/Versions/3.11/lib/python3.11/test/subprocessdata/__pycache__/qgrep.cpython-311.opt-1.pyc -> /Users/jamie/Documents/Projects/python/py2app-error/build/bdist.macosx-14.0-arm64/python3.11-standalone/app/collect/test/subprocessdata/__pycache__/qgrep.cpython-311.opt-1.pyc
copying file /opt/local/Library/Frameworks/Python.framework/Versions/3.11/lib/python3.11/test/subprocessdata/__pycache__/fd_status.cpython-311.opt-2.pyc -> /Users/jamie/Documents/Projects/python/py2app-error/build/bdist.macosx-14.0-arm64/python3.11-standalone/app/collect/test/subprocessdata/__pycache__/fd_status.cpython-311.opt-2.pyc
copying file /opt/local/Library/Frameworks/Python.framework/Versions/3.11/lib/python3.11/test/subprocessdata/__pycache__/sigchild_ignore.cpython-311.opt-2.pyc -> /Users/jamie/Documents/Projects/python/py2app-error/build/bdist.macosx-14.0-arm64/python3.11-standalone/app/collect/test/subprocessdata/__pycache__/sigchild_ignore.cpython-311.opt-2.pyc
copying file /opt/local/Library/Frameworks/Python.framework/Versions/3.11/lib/python3.11/test/subprocessdata/__pycache__/fd_status.cpython-311.opt-1.pyc -> /Users/jamie/Documents/Projects/python/py2app-error/build/bdist.macosx-14.0-arm64/python3.11-standalone/app/collect/test/subprocessdata/__pycache__/fd_status.cpython-311.opt-1.pyc
copying file /opt/local/Library/Frameworks/Python.framework/Versions/3.11/lib/python3.11/test/subprocessdata/__pycache__/sigchild_ignore.cpython-311.opt-1.pyc -> /Users/jamie/Documents/Projects/python/py2app-error/build/bdist.macosx-14.0-arm64/python3.11-standalone/app/collect/test/subprocessdata/__pycache__/sigchild_ignore.cpython-311.opt-1.pyc
copying file /opt/local/Library/Frameworks/Python.framework/Versions/3.11/lib/python3.11/test/subprocessdata/__pycache__/qgrep.cpython-311.pyc -> /Users/jamie/Documents/Projects/python/py2app-error/build/bdist.macosx-14.0-arm64/python3.11-standalone/app/collect/test/subprocessdata/__pycache__/qgrep.cpython-311.pyc
copying file /opt/local/Library/Frameworks/Python.framework/Versions/3.11/lib/python3.11/test/subprocessdata/__pycache__/input_reader.cpython-311.opt-2.pyc -> /Users/jamie/Documents/Projects/python/py2app-error/build/bdist.macosx-14.0-arm64/python3.11-standalone/app/collect/test/subprocessdata/__pycache__/input_reader.cpython-311.opt-2.pyc
copying file /opt/local/Library/Frameworks/Python.framework/Versions/3.11/lib/python3.11/test/subprocessdata/__pycache__/input_reader.cpython-311.opt-1.pyc -> /Users/jamie/Documents/Projects/python/py2app-error/build/bdist.macosx-14.0-arm64/python3.11-standalone/app/collect/test/subprocessdata/__pycache__/input_reader.cpython-311.opt-1.pyc
copying file /opt/local/Library/Frameworks/Python.framework/Versions/3.11/lib/python3.11/test/subprocessdata/__pycache__/qcat.cpython-311.pyc -> /Users/jamie/Documents/Projects/python/py2app-error/build/bdist.macosx-14.0-arm64/python3.11-standalone/app/collect/test/subprocessdata/__pycache__/qcat.cpython-311.pyc
copying file /opt/local/Library/Frameworks/Python.framework/Versions/3.11/lib/python3.11/test/subprocessdata/qcat.py -> /Users/jamie/Documents/Projects/python/py2app-error/build/bdist.macosx-14.0-arm64/python3.11-standalone/app/collect/test/subprocessdata/qcat.py
copying file /opt/local/Library/Frameworks/Python.framework/Versions/3.11/lib/python3.11/test/subprocessdata/sigchild_ignore.py -> /Users/jamie/Documents/Projects/python/py2app-error/build/bdist.macosx-14.0-arm64/python3.11-standalone/app/collect/test/subprocessdata/sigchild_ignore.py
copying file /opt/local/Library/Frameworks/Python.framework/Versions/3.11/lib/python3.11/test/subprocessdata/input_reader.py -> /Users/jamie/Documents/Projects/python/py2app-error/build/bdist.macosx-14.0-arm64/python3.11-standalone/app/collect/test/subprocessdata/input_reader.py
copying file /opt/local/Library/Frameworks/Python.framework/Versions/3.11/lib/python3.11/test/subprocessdata/qgrep.py -> /Users/jamie/Documents/Projects/python/py2app-error/build/bdist.macosx-14.0-arm64/python3.11-standalone/app/collect/test/subprocessdata/qgrep.py
copying file /opt/local/Library/Frameworks/Python.framework/Versions/3.11/lib/python3.11/test/math_testcases.txt -> /Users/jamie/Documents/Projects/python/py2app-error/build/bdist.macosx-14.0-arm64/python3.11-standalone/app/collect/test/math_testcases.txt
creating /Users/jamie/Documents/Projects/python/py2app-error/build/bdist.macosx-14.0-arm64/python3.11-standalone/app/collect/test/configdata
copying file /opt/local/Library/Frameworks/Python.framework/Versions/3.11/lib/python3.11/test/configdata/cfgparser.3 -> /Users/jamie/Documents/Projects/python/py2app-error/build/bdist.macosx-14.0-arm64/python3.11-standalone/app/collect/test/configdata/cfgparser.3
copying file /opt/local/Library/Frameworks/Python.framework/Versions/3.11/lib/python3.11/test/configdata/cfgparser.2 -> /Users/jamie/Documents/Projects/python/py2app-error/build/bdist.macosx-14.0-arm64/python3.11-standalone/app/collect/test/configdata/cfgparser.2
copying file /opt/local/Library/Frameworks/Python.framework/Versions/3.11/lib/python3.11/test/configdata/cfgparser.1 -> /Users/jamie/Documents/Projects/python/py2app-error/build/bdist.macosx-14.0-arm64/python3.11-standalone/app/collect/test/configdata/cfgparser.1
copying file /opt/local/Library/Frameworks/Python.framework/Versions/3.11/lib/python3.11/test/floating_points.txt -> /Users/jamie/Documents/Projects/python/py2app-error/build/bdist.macosx-14.0-arm64/python3.11-standalone/app/collect/test/floating_points.txt
copying file /Users/jamie/Documents/Projects/python/py2app-error/.venv/lib/python3.11/site-packages/six-1.16.0.dist-info/LICENSE -> /Users/jamie/Documents/Projects/python/py2app-error/build/bdist.macosx-14.0-arm64/python3.11-standalone/app/collect/six-1.16.0.dist-info/LICENSE
copying file /Users/jamie/Documents/Projects/python/py2app-error/.venv/lib/python3.11/site-packages/six-1.16.0.dist-info/WHEEL -> /Users/jamie/Documents/Projects/python/py2app-error/build/bdist.macosx-14.0-arm64/python3.11-standalone/app/collect/six-1.16.0.dist-info/WHEEL
copying file /Users/jamie/Documents/Projects/python/py2app-error/.venv/lib/python3.11/site-packages/six-1.16.0.dist-info/top_level.txt -> /Users/jamie/Documents/Projects/python/py2app-error/build/bdist.macosx-14.0-arm64/python3.11-standalone/app/collect/six-1.16.0.dist-info/top_level.txt
copying file /Users/jamie/Documents/Projects/python/py2app-error/.venv/lib/python3.11/site-packages/six-1.16.0.dist-info/INSTALLER -> /Users/jamie/Documents/Projects/python/py2app-error/build/bdist.macosx-14.0-arm64/python3.11-standalone/app/collect/six-1.16.0.dist-info/INSTALLER
copying file /Users/jamie/Documents/Projects/python/py2app-error/.venv/lib/python3.11/site-packages/six-1.16.0.dist-info/METADATA -> /Users/jamie/Documents/Projects/python/py2app-error/build/bdist.macosx-14.0-arm64/python3.11-standalone/app/collect/six-1.16.0.dist-info/METADATA
copying file /Users/jamie/Documents/Projects/python/py2app-error/.venv/lib/python3.11/site-packages/pip-24.0.dist-info/WHEEL -> /Users/jamie/Documents/Projects/python/py2app-error/build/bdist.macosx-14.0-arm64/python3.11-standalone/app/collect/pip-24.0.dist-info/WHEEL
copying file /Users/jamie/Documents/Projects/python/py2app-error/.venv/lib/python3.11/site-packages/pip-24.0.dist-info/entry_points.txt -> /Users/jamie/Documents/Projects/python/py2app-error/build/bdist.macosx-14.0-arm64/python3.11-standalone/app/collect/pip-24.0.dist-info/entry_points.txt
copying file /Users/jamie/Documents/Projects/python/py2app-error/.venv/lib/python3.11/site-packages/pip-24.0.dist-info/top_level.txt -> /Users/jamie/Documents/Projects/python/py2app-error/build/bdist.macosx-14.0-arm64/python3.11-standalone/app/collect/pip-24.0.dist-info/top_level.txt
copying file /Users/jamie/Documents/Projects/python/py2app-error/.venv/lib/python3.11/site-packages/pip-24.0.dist-info/LICENSE.txt -> /Users/jamie/Documents/Projects/python/py2app-error/build/bdist.macosx-14.0-arm64/python3.11-standalone/app/collect/pip-24.0.dist-info/LICENSE.txt
copying file /Users/jamie/Documents/Projects/python/py2app-error/.venv/lib/python3.11/site-packages/pip-24.0.dist-info/AUTHORS.txt -> /Users/jamie/Documents/Projects/python/py2app-error/build/bdist.macosx-14.0-arm64/python3.11-standalone/app/collect/pip-24.0.dist-info/AUTHORS.txt
copying file /Users/jamie/Documents/Projects/python/py2app-error/.venv/lib/python3.11/site-packages/pip-24.0.dist-info/REQUESTED -> /Users/jamie/Documents/Projects/python/py2app-error/build/bdist.macosx-14.0-arm64/python3.11-standalone/app/collect/pip-24.0.dist-info/REQUESTED
copying file /Users/jamie/Documents/Projects/python/py2app-error/.venv/lib/python3.11/site-packages/pip-24.0.dist-info/INSTALLER -> /Users/jamie/Documents/Projects/python/py2app-error/build/bdist.macosx-14.0-arm64/python3.11-standalone/app/collect/pip-24.0.dist-info/INSTALLER
copying file /Users/jamie/Documents/Projects/python/py2app-error/.venv/lib/python3.11/site-packages/pip-24.0.dist-info/METADATA -> /Users/jamie/Documents/Projects/python/py2app-error/build/bdist.macosx-14.0-arm64/python3.11-standalone/app/collect/pip-24.0.dist-info/METADATA
copying file /Users/jamie/Documents/Projects/python/py2app-error/.venv/lib/python3.11/site-packages/setuptools-65.5.0.dist-info/LICENSE -> /Users/jamie/Documents/Projects/python/py2app-error/build/bdist.macosx-14.0-arm64/python3.11-standalone/app/collect/setuptools-65.5.0.dist-info/LICENSE
copying file /Users/jamie/Documents/Projects/python/py2app-error/.venv/lib/python3.11/site-packages/setuptools-65.5.0.dist-info/WHEEL -> /Users/jamie/Documents/Projects/python/py2app-error/build/bdist.macosx-14.0-arm64/python3.11-standalone/app/collect/setuptools-65.5.0.dist-info/WHEEL
copying file /Users/jamie/Documents/Projects/python/py2app-error/.venv/lib/python3.11/site-packages/setuptools-65.5.0.dist-info/entry_points.txt -> /Users/jamie/Documents/Projects/python/py2app-error/build/bdist.macosx-14.0-arm64/python3.11-standalone/app/collect/setuptools-65.5.0.dist-info/entry_points.txt
copying file /Users/jamie/Documents/Projects/python/py2app-error/.venv/lib/python3.11/site-packages/setuptools-65.5.0.dist-info/top_level.txt -> /Users/jamie/Documents/Projects/python/py2app-error/build/bdist.macosx-14.0-arm64/python3.11-standalone/app/collect/setuptools-65.5.0.dist-info/top_level.txt
copying file /Users/jamie/Documents/Projects/python/py2app-error/.venv/lib/python3.11/site-packages/setuptools-65.5.0.dist-info/REQUESTED -> /Users/jamie/Documents/Projects/python/py2app-error/build/bdist.macosx-14.0-arm64/python3.11-standalone/app/collect/setuptools-65.5.0.dist-info/REQUESTED
copying file /Users/jamie/Documents/Projects/python/py2app-error/.venv/lib/python3.11/site-packages/setuptools-65.5.0.dist-info/INSTALLER -> /Users/jamie/Documents/Projects/python/py2app-error/build/bdist.macosx-14.0-arm64/python3.11-standalone/app/collect/setuptools-65.5.0.dist-info/INSTALLER
copying file /Users/jamie/Documents/Projects/python/py2app-error/.venv/lib/python3.11/site-packages/setuptools-65.5.0.dist-info/METADATA -> /Users/jamie/Documents/Projects/python/py2app-error/build/bdist.macosx-14.0-arm64/python3.11-standalone/app/collect/setuptools-65.5.0.dist-info/METADATA
copying file /Users/jamie/Documents/Projects/python/py2app-error/.venv/lib/python3.11/site-packages/wxPython-4.2.1.dist-info/WHEEL -> /Users/jamie/Documents/Projects/python/py2app-error/build/bdist.macosx-14.0-arm64/python3.11-standalone/app/collect/wxPython-4.2.1.dist-info/WHEEL
copying file /Users/jamie/Documents/Projects/python/py2app-error/.venv/lib/python3.11/site-packages/wxPython-4.2.1.dist-info/entry_points.txt -> /Users/jamie/Documents/Projects/python/py2app-error/build/bdist.macosx-14.0-arm64/python3.11-standalone/app/collect/wxPython-4.2.1.dist-info/entry_points.txt
copying file /Users/jamie/Documents/Projects/python/py2app-error/.venv/lib/python3.11/site-packages/wxPython-4.2.1.dist-info/top_level.txt -> /Users/jamie/Documents/Projects/python/py2app-error/build/bdist.macosx-14.0-arm64/python3.11-standalone/app/collect/wxPython-4.2.1.dist-info/top_level.txt
copying file /Users/jamie/Documents/Projects/python/py2app-error/.venv/lib/python3.11/site-packages/wxPython-4.2.1.dist-info/LICENSE.txt -> /Users/jamie/Documents/Projects/python/py2app-error/build/bdist.macosx-14.0-arm64/python3.11-standalone/app/collect/wxPython-4.2.1.dist-info/LICENSE.txt
copying file /Users/jamie/Documents/Projects/python/py2app-error/.venv/lib/python3.11/site-packages/wxPython-4.2.1.dist-info/REQUESTED -> /Users/jamie/Documents/Projects/python/py2app-error/build/bdist.macosx-14.0-arm64/python3.11-standalone/app/collect/wxPython-4.2.1.dist-info/REQUESTED
copying file /Users/jamie/Documents/Projects/python/py2app-error/.venv/lib/python3.11/site-packages/wxPython-4.2.1.dist-info/INSTALLER -> /Users/jamie/Documents/Projects/python/py2app-error/build/bdist.macosx-14.0-arm64/python3.11-standalone/app/collect/wxPython-4.2.1.dist-info/INSTALLER
copying file /Users/jamie/Documents/Projects/python/py2app-error/.venv/lib/python3.11/site-packages/wxPython-4.2.1.dist-info/METADATA -> /Users/jamie/Documents/Projects/python/py2app-error/build/bdist.macosx-14.0-arm64/python3.11-standalone/app/collect/wxPython-4.2.1.dist-info/METADATA
copying file /Users/jamie/Documents/Projects/python/py2app-error/.venv/lib/python3.11/site-packages/numpy-2.0.1.dist-info/WHEEL -> /Users/jamie/Documents/Projects/python/py2app-error/build/bdist.macosx-14.0-arm64/python3.11-standalone/app/collect/numpy-2.0.1.dist-info/WHEEL
copying file /Users/jamie/Documents/Projects/python/py2app-error/.venv/lib/python3.11/site-packages/numpy-2.0.1.dist-info/entry_points.txt -> /Users/jamie/Documents/Projects/python/py2app-error/build/bdist.macosx-14.0-arm64/python3.11-standalone/app/collect/numpy-2.0.1.dist-info/entry_points.txt
copying file /Users/jamie/Documents/Projects/python/py2app-error/.venv/lib/python3.11/site-packages/numpy-2.0.1.dist-info/LICENSE.txt -> /Users/jamie/Documents/Projects/python/py2app-error/build/bdist.macosx-14.0-arm64/python3.11-standalone/app/collect/numpy-2.0.1.dist-info/LICENSE.txt
copying file /Users/jamie/Documents/Projects/python/py2app-error/.venv/lib/python3.11/site-packages/numpy-2.0.1.dist-info/INSTALLER -> /Users/jamie/Documents/Projects/python/py2app-error/build/bdist.macosx-14.0-arm64/python3.11-standalone/app/collect/numpy-2.0.1.dist-info/INSTALLER
copying file /Users/jamie/Documents/Projects/python/py2app-error/.venv/lib/python3.11/site-packages/numpy-2.0.1.dist-info/METADATA -> /Users/jamie/Documents/Projects/python/py2app-error/build/bdist.macosx-14.0-arm64/python3.11-standalone/app/collect/numpy-2.0.1.dist-info/METADATA
copying file /Users/jamie/Documents/Projects/python/py2app-error/.venv/lib/python3.11/site-packages/pillow-10.4.0.dist-info/zip-safe -> /Users/jamie/Documents/Projects/python/py2app-error/build/bdist.macosx-14.0-arm64/python3.11-standalone/app/collect/pillow-10.4.0.dist-info/zip-safe
copying file /Users/jamie/Documents/Projects/python/py2app-error/.venv/lib/python3.11/site-packages/pillow-10.4.0.dist-info/LICENSE -> /Users/jamie/Documents/Projects/python/py2app-error/build/bdist.macosx-14.0-arm64/python3.11-standalone/app/collect/pillow-10.4.0.dist-info/LICENSE
copying file /Users/jamie/Documents/Projects/python/py2app-error/.venv/lib/python3.11/site-packages/pillow-10.4.0.dist-info/WHEEL -> /Users/jamie/Documents/Projects/python/py2app-error/build/bdist.macosx-14.0-arm64/python3.11-standalone/app/collect/pillow-10.4.0.dist-info/WHEEL
copying file /Users/jamie/Documents/Projects/python/py2app-error/.venv/lib/python3.11/site-packages/pillow-10.4.0.dist-info/top_level.txt -> /Users/jamie/Documents/Projects/python/py2app-error/build/bdist.macosx-14.0-arm64/python3.11-standalone/app/collect/pillow-10.4.0.dist-info/top_level.txt
copying file /Users/jamie/Documents/Projects/python/py2app-error/.venv/lib/python3.11/site-packages/pillow-10.4.0.dist-info/INSTALLER -> /Users/jamie/Documents/Projects/python/py2app-error/build/bdist.macosx-14.0-arm64/python3.11-standalone/app/collect/pillow-10.4.0.dist-info/INSTALLER
copying file /Users/jamie/Documents/Projects/python/py2app-error/.venv/lib/python3.11/site-packages/pillow-10.4.0.dist-info/METADATA -> /Users/jamie/Documents/Projects/python/py2app-error/build/bdist.macosx-14.0-arm64/python3.11-standalone/app/collect/pillow-10.4.0.dist-info/METADATA
*** creating application bundle: Timer ***
Copy '/Users/jamie/Documents/Projects/python/py2app-error/.eggs/py2app-0.28.8-py3.11.egg/py2app/apptemplate/prebuilt/main-arm64' -> '/Users/jamie/Documents/Projects/python/py2app-error/dist/Timer.app/Contents/MacOS/Timer'
byte-compiling /Users/jamie/Documents/Projects/python/py2app-error/dist/Timer.app/Contents/Resources/site.py to site.pyc
copying file timer.py -> /Users/jamie/Documents/Projects/python/py2app-error/dist/Timer.app/Contents/Resources
creating /Users/jamie/Documents/Projects/python/py2app-error/dist/Timer.app/Contents/Resources/lib
creating /Users/jamie/Documents/Projects/python/py2app-error/dist/Timer.app/Contents/Resources/lib/python3.11
creating /Users/jamie/Documents/Projects/python/py2app-error/dist/Timer.app/Contents/Resources/lib/python3.11/config-3.11-darwin
creating /Users/jamie/Documents/Projects/python/py2app-error/dist/Timer.app/Contents/Resources/include
creating /Users/jamie/Documents/Projects/python/py2app-error/dist/Timer.app/Contents/Resources/include/python3.11
copying file /opt/local/Library/Frameworks/Python.framework/Versions/3.11/include/python3.11/pyconfig.h -> /Users/jamie/Documents/Projects/python/py2app-error/dist/Timer.app/Contents/Resources/include/python3.11/pyconfig.h
copying file build/bdist.macosx-14.0-arm64/python3.11-standalone/app/python311.zip -> /Users/jamie/Documents/Projects/python/py2app-error/dist/Timer.app/Contents/Resources/lib
copying file /opt/local/Library/Frameworks/Python.framework/Versions/3.11/lib/python3.11/lib-dynload/zlib.cpython-311-darwin.so -> /Users/jamie/Documents/Projects/python/py2app-error/dist/Timer.app/Contents/Resources
creating /Users/jamie/Documents/Projects/python/py2app-error/dist/Timer.app/Contents/Resources/lib/python3.11/lib-dynload
creating /Users/jamie/Documents/Projects/python/py2app-error/dist/Timer.app/Contents/Frameworks
creating /Users/jamie/Documents/Projects/python/py2app-error/dist/Timer.app/Contents/Resources/lib/python3.11/wx
creating /Users/jamie/Documents/Projects/python/py2app-error/dist/Timer.app/Contents/Resources/lib/python3.11/wx/svg
copying file /Users/jamie/Documents/Projects/python/py2app-error/.venv/lib/python3.11/site-packages/wx/svg/__init__.py -> /Users/jamie/Documents/Projects/python/py2app-error/dist/Timer.app/Contents/Resources/lib/python3.11/wx/svg/__init__.py
creating /Users/jamie/Documents/Projects/python/py2app-error/dist/Timer.app/Contents/Resources/lib/python3.11/wx/svg/__pycache__
copying file /Users/jamie/Documents/Projects/python/py2app-error/.venv/lib/python3.11/site-packages/wx/svg/__pycache__/__init__.cpython-311.pyc -> /Users/jamie/Documents/Projects/python/py2app-error/dist/Timer.app/Contents/Resources/lib/python3.11/wx/svg/__pycache__/__init__.cpython-311.pyc
copying file /Users/jamie/Documents/Projects/python/py2app-error/.venv/lib/python3.11/site-packages/wx/svg/_nanosvg.cpython-311-darwin.so -> /Users/jamie/Documents/Projects/python/py2app-error/dist/Timer.app/Contents/Resources/lib/python3.11/wx/svg/_nanosvg.cpython-311-darwin.so
copying file /Users/jamie/Documents/Projects/python/py2app-error/.venv/lib/python3.11/site-packages/wx/siplib.cpython-311-darwin.so -> /Users/jamie/Documents/Projects/python/py2app-error/dist/Timer.app/Contents/Resources/lib/python3.11/wx/siplib.cpython-311-darwin.so
copying file /Users/jamie/Documents/Projects/python/py2app-error/.venv/lib/python3.11/site-packages/wx/glcanvas.pyi -> /Users/jamie/Documents/Projects/python/py2app-error/dist/Timer.app/Contents/Resources/lib/python3.11/wx/glcanvas.pyi
copying file /Users/jamie/Documents/Projects/python/py2app-error/.venv/lib/python3.11/site-packages/wx/libwx_osx_cocoau_aui-3.2.0.2.1.dylib -> /Users/jamie/Documents/Projects/python/py2app-error/dist/Timer.app/Contents/Resources/lib/python3.11/wx/libwx_osx_cocoau_aui-3.2.0.2.1.dylib
copying file /Users/jamie/Documents/Projects/python/py2app-error/.venv/lib/python3.11/site-packages/wx/_html2.cpython-311-darwin.so -> /Users/jamie/Documents/Projects/python/py2app-error/dist/Timer.app/Contents/Resources/lib/python3.11/wx/_html2.cpython-311-darwin.so
copying file /Users/jamie/Documents/Projects/python/py2app-error/.venv/lib/python3.11/site-packages/wx/_propgrid.cpython-311-darwin.so -> /Users/jamie/Documents/Projects/python/py2app-error/dist/Timer.app/Contents/Resources/lib/python3.11/wx/_propgrid.cpython-311-darwin.so
copying file /Users/jamie/Documents/Projects/python/py2app-error/.venv/lib/python3.11/site-packages/wx/grid.py -> /Users/jamie/Documents/Projects/python/py2app-error/dist/Timer.app/Contents/Resources/lib/python3.11/wx/grid.py
copying file /Users/jamie/Documents/Projects/python/py2app-error/.venv/lib/python3.11/site-packages/wx/html.pyi -> /Users/jamie/Documents/Projects/python/py2app-error/dist/Timer.app/Contents/Resources/lib/python3.11/wx/html.pyi
copying file /Users/jamie/Documents/Projects/python/py2app-error/.venv/lib/python3.11/site-packages/wx/_stc.cpython-311-darwin.so -> /Users/jamie/Documents/Projects/python/py2app-error/dist/Timer.app/Contents/Resources/lib/python3.11/wx/_stc.cpython-311-darwin.so
copying file /Users/jamie/Documents/Projects/python/py2app-error/.venv/lib/python3.11/site-packages/wx/libwx_osx_cocoau_webview-3.2.0.2.1.dylib -> /Users/jamie/Documents/Projects/python/py2app-error/dist/Timer.app/Contents/Resources/lib/python3.11/wx/libwx_osx_cocoau_webview-3.2.0.2.1.dylib
copying file /Users/jamie/Documents/Projects/python/py2app-error/.venv/lib/python3.11/site-packages/wx/media.py -> /Users/jamie/Documents/Projects/python/py2app-error/dist/Timer.app/Contents/Resources/lib/python3.11/wx/media.py
creating /Users/jamie/Documents/Projects/python/py2app-error/dist/Timer.app/Contents/Resources/lib/python3.11/wx/tools
copying file /Users/jamie/Documents/Projects/python/py2app-error/.venv/lib/python3.11/site-packages/wx/tools/img2py.py -> /Users/jamie/Documents/Projects/python/py2app-error/dist/Timer.app/Contents/Resources/lib/python3.11/wx/tools/img2py.py
copying file /Users/jamie/Documents/Projects/python/py2app-error/.venv/lib/python3.11/site-packages/wx/tools/helpviewer.py -> /Users/jamie/Documents/Projects/python/py2app-error/dist/Timer.app/Contents/Resources/lib/python3.11/wx/tools/helpviewer.py
copying file /Users/jamie/Documents/Projects/python/py2app-error/.venv/lib/python3.11/site-packages/wx/tools/pywxrc.py -> /Users/jamie/Documents/Projects/python/py2app-error/dist/Timer.app/Contents/Resources/lib/python3.11/wx/tools/pywxrc.py
copying file /Users/jamie/Documents/Projects/python/py2app-error/.venv/lib/python3.11/site-packages/wx/tools/dbg.py -> /Users/jamie/Documents/Projects/python/py2app-error/dist/Timer.app/Contents/Resources/lib/python3.11/wx/tools/dbg.py
copying file /Users/jamie/Documents/Projects/python/py2app-error/.venv/lib/python3.11/site-packages/wx/tools/__init__.py -> /Users/jamie/Documents/Projects/python/py2app-error/dist/Timer.app/Contents/Resources/lib/python3.11/wx/tools/__init__.py
copying file /Users/jamie/Documents/Projects/python/py2app-error/.venv/lib/python3.11/site-packages/wx/tools/wxget_docs_demo.py -> /Users/jamie/Documents/Projects/python/py2app-error/dist/Timer.app/Contents/Resources/lib/python3.11/wx/tools/wxget_docs_demo.py
copying file /Users/jamie/Documents/Projects/python/py2app-error/.venv/lib/python3.11/site-packages/wx/tools/img2xpm.py -> /Users/jamie/Documents/Projects/python/py2app-error/dist/Timer.app/Contents/Resources/lib/python3.11/wx/tools/img2xpm.py
creating /Users/jamie/Documents/Projects/python/py2app-error/dist/Timer.app/Contents/Resources/lib/python3.11/wx/tools/__pycache__
copying file /Users/jamie/Documents/Projects/python/py2app-error/.venv/lib/python3.11/site-packages/wx/tools/__pycache__/pywxrc.cpython-311.pyc -> /Users/jamie/Documents/Projects/python/py2app-error/dist/Timer.app/Contents/Resources/lib/python3.11/wx/tools/__pycache__/pywxrc.cpython-311.pyc
copying file /Users/jamie/Documents/Projects/python/py2app-error/.venv/lib/python3.11/site-packages/wx/tools/__pycache__/img2img.cpython-311.pyc -> /Users/jamie/Documents/Projects/python/py2app-error/dist/Timer.app/Contents/Resources/lib/python3.11/wx/tools/__pycache__/img2img.cpython-311.pyc
copying file /Users/jamie/Documents/Projects/python/py2app-error/.venv/lib/python3.11/site-packages/wx/tools/__pycache__/img2py.cpython-311.pyc -> /Users/jamie/Documents/Projects/python/py2app-error/dist/Timer.app/Contents/Resources/lib/python3.11/wx/tools/__pycache__/img2py.cpython-311.pyc
copying file /Users/jamie/Documents/Projects/python/py2app-error/.venv/lib/python3.11/site-packages/wx/tools/__pycache__/wxget.cpython-311.pyc -> /Users/jamie/Documents/Projects/python/py2app-error/dist/Timer.app/Contents/Resources/lib/python3.11/wx/tools/__pycache__/wxget.cpython-311.pyc
copying file /Users/jamie/Documents/Projects/python/py2app-error/.venv/lib/python3.11/site-packages/wx/tools/__pycache__/genaxmodule.cpython-311.pyc -> /Users/jamie/Documents/Projects/python/py2app-error/dist/Timer.app/Contents/Resources/lib/python3.11/wx/tools/__pycache__/genaxmodule.cpython-311.pyc
copying file /Users/jamie/Documents/Projects/python/py2app-error/.venv/lib/python3.11/site-packages/wx/tools/__pycache__/img2png.cpython-311.pyc -> /Users/jamie/Documents/Projects/python/py2app-error/dist/Timer.app/Contents/Resources/lib/python3.11/wx/tools/__pycache__/img2png.cpython-311.pyc
copying file /Users/jamie/Documents/Projects/python/py2app-error/.venv/lib/python3.11/site-packages/wx/tools/__pycache__/img2xpm.cpython-311.pyc -> /Users/jamie/Documents/Projects/python/py2app-error/dist/Timer.app/Contents/Resources/lib/python3.11/wx/tools/__pycache__/img2xpm.cpython-311.pyc
copying file /Users/jamie/Documents/Projects/python/py2app-error/.venv/lib/python3.11/site-packages/wx/tools/__pycache__/wxget_docs_demo.cpython-311.pyc -> /Users/jamie/Documents/Projects/python/py2app-error/dist/Timer.app/Contents/Resources/lib/python3.11/wx/tools/__pycache__/wxget_docs_demo.cpython-311.pyc
copying file /Users/jamie/Documents/Projects/python/py2app-error/.venv/lib/python3.11/site-packages/wx/tools/__pycache__/dbg.cpython-311.pyc -> /Users/jamie/Documents/Projects/python/py2app-error/dist/Timer.app/Contents/Resources/lib/python3.11/wx/tools/__pycache__/dbg.cpython-311.pyc
copying file /Users/jamie/Documents/Projects/python/py2app-error/.venv/lib/python3.11/site-packages/wx/tools/__pycache__/helpviewer.cpython-311.pyc -> /Users/jamie/Documents/Projects/python/py2app-error/dist/Timer.app/Contents/Resources/lib/python3.11/wx/tools/__pycache__/helpviewer.cpython-311.pyc
copying file /Users/jamie/Documents/Projects/python/py2app-error/.venv/lib/python3.11/site-packages/wx/tools/__pycache__/__init__.cpython-311.pyc -> /Users/jamie/Documents/Projects/python/py2app-error/dist/Timer.app/Contents/Resources/lib/python3.11/wx/tools/__pycache__/__init__.cpython-311.pyc
copying file /Users/jamie/Documents/Projects/python/py2app-error/.venv/lib/python3.11/site-packages/wx/tools/img2img.py -> /Users/jamie/Documents/Projects/python/py2app-error/dist/Timer.app/Contents/Resources/lib/python3.11/wx/tools/img2img.py
copying file /Users/jamie/Documents/Projects/python/py2app-error/.venv/lib/python3.11/site-packages/wx/tools/img2png.py -> /Users/jamie/Documents/Projects/python/py2app-error/dist/Timer.app/Contents/Resources/lib/python3.11/wx/tools/img2png.py
copying file /Users/jamie/Documents/Projects/python/py2app-error/.venv/lib/python3.11/site-packages/wx/tools/wxget.py -> /Users/jamie/Documents/Projects/python/py2app-error/dist/Timer.app/Contents/Resources/lib/python3.11/wx/tools/wxget.py
copying file /Users/jamie/Documents/Projects/python/py2app-error/.venv/lib/python3.11/site-packages/wx/tools/genaxmodule.py -> /Users/jamie/Documents/Projects/python/py2app-error/dist/Timer.app/Contents/Resources/lib/python3.11/wx/tools/genaxmodule.py
creating /Users/jamie/Documents/Projects/python/py2app-error/dist/Timer.app/Contents/Resources/lib/python3.11/wx/py
copying file /Users/jamie/Documents/Projects/python/py2app-error/.venv/lib/python3.11/site-packages/wx/py/dispatcher.py -> /Users/jamie/Documents/Projects/python/py2app-error/dist/Timer.app/Contents/Resources/lib/python3.11/wx/py/dispatcher.py
copying file /Users/jamie/Documents/Projects/python/py2app-error/.venv/lib/python3.11/site-packages/wx/py/magic.py -> /Users/jamie/Documents/Projects/python/py2app-error/dist/Timer.app/Contents/Resources/lib/python3.11/wx/py/magic.py
copying file /Users/jamie/Documents/Projects/python/py2app-error/.venv/lib/python3.11/site-packages/wx/py/crust.py -> /Users/jamie/Documents/Projects/python/py2app-error/dist/Timer.app/Contents/Resources/lib/python3.11/wx/py/crust.py
copying file /Users/jamie/Documents/Projects/python/py2app-error/.venv/lib/python3.11/site-packages/wx/py/PyCrust_16.png -> /Users/jamie/Documents/Projects/python/py2app-error/dist/Timer.app/Contents/Resources/lib/python3.11/wx/py/PyCrust_16.png
copying file /Users/jamie/Documents/Projects/python/py2app-error/.venv/lib/python3.11/site-packages/wx/py/editwindow.py -> /Users/jamie/Documents/Projects/python/py2app-error/dist/Timer.app/Contents/Resources/lib/python3.11/wx/py/editwindow.py
copying file /Users/jamie/Documents/Projects/python/py2app-error/.venv/lib/python3.11/site-packages/wx/py/PyShell.py -> /Users/jamie/Documents/Projects/python/py2app-error/dist/Timer.app/Contents/Resources/lib/python3.11/wx/py/PyShell.py
copying file /Users/jamie/Documents/Projects/python/py2app-error/.venv/lib/python3.11/site-packages/wx/py/PyAlaMode.py -> /Users/jamie/Documents/Projects/python/py2app-error/dist/Timer.app/Contents/Resources/lib/python3.11/wx/py/PyAlaMode.py
copying file /Users/jamie/Documents/Projects/python/py2app-error/.venv/lib/python3.11/site-packages/wx/py/PyFilling.py -> /Users/jamie/Documents/Projects/python/py2app-error/dist/Timer.app/Contents/Resources/lib/python3.11/wx/py/PyFilling.py
copying file /Users/jamie/Documents/Projects/python/py2app-error/.venv/lib/python3.11/site-packages/wx/py/PySlices_16.png -> /Users/jamie/Documents/Projects/python/py2app-error/dist/Timer.app/Contents/Resources/lib/python3.11/wx/py/PySlices_16.png
copying file /Users/jamie/Documents/Projects/python/py2app-error/.venv/lib/python3.11/site-packages/wx/py/version.py -> /Users/jamie/Documents/Projects/python/py2app-error/dist/Timer.app/Contents/Resources/lib/python3.11/wx/py/version.py
copying file /Users/jamie/Documents/Projects/python/py2app-error/.venv/lib/python3.11/site-packages/wx/py/PyWrap.py -> /Users/jamie/Documents/Projects/python/py2app-error/dist/Timer.app/Contents/Resources/lib/python3.11/wx/py/PyWrap.py
copying file /Users/jamie/Documents/Projects/python/py2app-error/.venv/lib/python3.11/site-packages/wx/py/PySlices.ico -> /Users/jamie/Documents/Projects/python/py2app-error/dist/Timer.app/Contents/Resources/lib/python3.11/wx/py/PySlices.ico
copying file /Users/jamie/Documents/Projects/python/py2app-error/.venv/lib/python3.11/site-packages/wx/py/PyCrust.py -> /Users/jamie/Documents/Projects/python/py2app-error/dist/Timer.app/Contents/Resources/lib/python3.11/wx/py/PyCrust.py
copying file /Users/jamie/Documents/Projects/python/py2app-error/.venv/lib/python3.11/site-packages/wx/py/PySlices.py -> /Users/jamie/Documents/Projects/python/py2app-error/dist/Timer.app/Contents/Resources/lib/python3.11/wx/py/PySlices.py
copying file /Users/jamie/Documents/Projects/python/py2app-error/.venv/lib/python3.11/site-packages/wx/py/pseudo.py -> /Users/jamie/Documents/Projects/python/py2app-error/dist/Timer.app/Contents/Resources/lib/python3.11/wx/py/pseudo.py
copying file /Users/jamie/Documents/Projects/python/py2app-error/.venv/lib/python3.11/site-packages/wx/py/shell.py -> /Users/jamie/Documents/Projects/python/py2app-error/dist/Timer.app/Contents/Resources/lib/python3.11/wx/py/shell.py
creating /Users/jamie/Documents/Projects/python/py2app-error/dist/Timer.app/Contents/Resources/lib/python3.11/wx/py/tests
copying file /Users/jamie/Documents/Projects/python/py2app-error/.venv/lib/python3.11/site-packages/wx/py/tests/test_version.py -> /Users/jamie/Documents/Projects/python/py2app-error/dist/Timer.app/Contents/Resources/lib/python3.11/wx/py/tests/test_version.py
copying file /Users/jamie/Documents/Projects/python/py2app-error/.venv/lib/python3.11/site-packages/wx/py/tests/testall.py -> /Users/jamie/Documents/Projects/python/py2app-error/dist/Timer.app/Contents/Resources/lib/python3.11/wx/py/tests/testall.py
creating /Users/jamie/Documents/Projects/python/py2app-error/dist/Timer.app/Contents/Resources/lib/python3.11/wx/py/tests/__pycache__
copying file /Users/jamie/Documents/Projects/python/py2app-error/.venv/lib/python3.11/site-packages/wx/py/tests/__pycache__/test_interpreter.cpython-311.pyc -> /Users/jamie/Documents/Projects/python/py2app-error/dist/Timer.app/Contents/Resources/lib/python3.11/wx/py/tests/__pycache__/test_interpreter.cpython-311.pyc
copying file /Users/jamie/Documents/Projects/python/py2app-error/.venv/lib/python3.11/site-packages/wx/py/tests/__pycache__/test_introspect.cpython-311.pyc -> /Users/jamie/Documents/Projects/python/py2app-error/dist/Timer.app/Contents/Resources/lib/python3.11/wx/py/tests/__pycache__/test_introspect.cpython-311.pyc
copying file /Users/jamie/Documents/Projects/python/py2app-error/.venv/lib/python3.11/site-packages/wx/py/tests/__pycache__/test_version.cpython-311.pyc -> /Users/jamie/Documents/Projects/python/py2app-error/dist/Timer.app/Contents/Resources/lib/python3.11/wx/py/tests/__pycache__/test_version.cpython-311.pyc
copying file /Users/jamie/Documents/Projects/python/py2app-error/.venv/lib/python3.11/site-packages/wx/py/tests/__pycache__/testall.cpython-311.pyc -> /Users/jamie/Documents/Projects/python/py2app-error/dist/Timer.app/Contents/Resources/lib/python3.11/wx/py/tests/__pycache__/testall.cpython-311.pyc
copying file /Users/jamie/Documents/Projects/python/py2app-error/.venv/lib/python3.11/site-packages/wx/py/tests/__pycache__/test_pseudo.cpython-311.pyc -> /Users/jamie/Documents/Projects/python/py2app-error/dist/Timer.app/Contents/Resources/lib/python3.11/wx/py/tests/__pycache__/test_pseudo.cpython-311.pyc
copying file /Users/jamie/Documents/Projects/python/py2app-error/.venv/lib/python3.11/site-packages/wx/py/tests/test_introspect.py -> /Users/jamie/Documents/Projects/python/py2app-error/dist/Timer.app/Contents/Resources/lib/python3.11/wx/py/tests/test_introspect.py
copying file /Users/jamie/Documents/Projects/python/py2app-error/.venv/lib/python3.11/site-packages/wx/py/tests/test_interpreter.py -> /Users/jamie/Documents/Projects/python/py2app-error/dist/Timer.app/Contents/Resources/lib/python3.11/wx/py/tests/test_interpreter.py
copying file /Users/jamie/Documents/Projects/python/py2app-error/.venv/lib/python3.11/site-packages/wx/py/tests/test_pseudo.py -> /Users/jamie/Documents/Projects/python/py2app-error/dist/Timer.app/Contents/Resources/lib/python3.11/wx/py/tests/test_pseudo.py
copying file /Users/jamie/Documents/Projects/python/py2app-error/.venv/lib/python3.11/site-packages/wx/py/__init__.py -> /Users/jamie/Documents/Projects/python/py2app-error/dist/Timer.app/Contents/Resources/lib/python3.11/wx/py/__init__.py
creating /Users/jamie/Documents/Projects/python/py2app-error/dist/Timer.app/Contents/Resources/lib/python3.11/wx/py/__pycache__
copying file /Users/jamie/Documents/Projects/python/py2app-error/.venv/lib/python3.11/site-packages/wx/py/__pycache__/PyShell.cpython-311.pyc -> /Users/jamie/Documents/Projects/python/py2app-error/dist/Timer.app/Contents/Resources/lib/python3.11/wx/py/__pycache__/PyShell.cpython-311.pyc
copying file /Users/jamie/Documents/Projects/python/py2app-error/.venv/lib/python3.11/site-packages/wx/py/__pycache__/PySlices.cpython-311.pyc -> /Users/jamie/Documents/Projects/python/py2app-error/dist/Timer.app/Contents/Resources/lib/python3.11/wx/py/__pycache__/PySlices.cpython-311.pyc
copying file /Users/jamie/Documents/Projects/python/py2app-error/.venv/lib/python3.11/site-packages/wx/py/__pycache__/frame.cpython-311.pyc -> /Users/jamie/Documents/Projects/python/py2app-error/dist/Timer.app/Contents/Resources/lib/python3.11/wx/py/__pycache__/frame.cpython-311.pyc
copying file /Users/jamie/Documents/Projects/python/py2app-error/.venv/lib/python3.11/site-packages/wx/py/__pycache__/PyWrap.cpython-311.pyc -> /Users/jamie/Documents/Projects/python/py2app-error/dist/Timer.app/Contents/Resources/lib/python3.11/wx/py/__pycache__/PyWrap.cpython-311.pyc
copying file /Users/jamie/Documents/Projects/python/py2app-error/.venv/lib/python3.11/site-packages/wx/py/__pycache__/parse.cpython-311.pyc -> /Users/jamie/Documents/Projects/python/py2app-error/dist/Timer.app/Contents/Resources/lib/python3.11/wx/py/__pycache__/parse.cpython-311.pyc
copying file /Users/jamie/Documents/Projects/python/py2app-error/.venv/lib/python3.11/site-packages/wx/py/__pycache__/PyAlaModeTest.cpython-311.pyc -> /Users/jamie/Documents/Projects/python/py2app-error/dist/Timer.app/Contents/Resources/lib/python3.11/wx/py/__pycache__/PyAlaModeTest.cpython-311.pyc
copying file /Users/jamie/Documents/Projects/python/py2app-error/.venv/lib/python3.11/site-packages/wx/py/__pycache__/shell.cpython-311.pyc -> /Users/jamie/Documents/Projects/python/py2app-error/dist/Timer.app/Contents/Resources/lib/python3.11/wx/py/__pycache__/shell.cpython-311.pyc
copying file /Users/jamie/Documents/Projects/python/py2app-error/.venv/lib/python3.11/site-packages/wx/py/__pycache__/introspect.cpython-311.pyc -> /Users/jamie/Documents/Projects/python/py2app-error/dist/Timer.app/Contents/Resources/lib/python3.11/wx/py/__pycache__/introspect.cpython-311.pyc
copying file /Users/jamie/Documents/Projects/python/py2app-error/.venv/lib/python3.11/site-packages/wx/py/__pycache__/path.cpython-311.pyc -> /Users/jamie/Documents/Projects/python/py2app-error/dist/Timer.app/Contents/Resources/lib/python3.11/wx/py/__pycache__/path.cpython-311.pyc
copying file /Users/jamie/Documents/Projects/python/py2app-error/.venv/lib/python3.11/site-packages/wx/py/__pycache__/editor.cpython-311.pyc -> /Users/jamie/Documents/Projects/python/py2app-error/dist/Timer.app/Contents/Resources/lib/python3.11/wx/py/__pycache__/editor.cpython-311.pyc
copying file /Users/jamie/Documents/Projects/python/py2app-error/.venv/lib/python3.11/site-packages/wx/py/__pycache__/PyAlaCarte.cpython-311.pyc -> /Users/jamie/Documents/Projects/python/py2app-error/dist/Timer.app/Contents/Resources/lib/python3.11/wx/py/__pycache__/PyAlaCarte.cpython-311.pyc
copying file /Users/jamie/Documents/Projects/python/py2app-error/.venv/lib/python3.11/site-packages/wx/py/__pycache__/images.cpython-311.pyc -> /Users/jamie/Documents/Projects/python/py2app-error/dist/Timer.app/Contents/Resources/lib/python3.11/wx/py/__pycache__/images.cpython-311.pyc
copying file /Users/jamie/Documents/Projects/python/py2app-error/.venv/lib/python3.11/site-packages/wx/py/__pycache__/crust.cpython-311.pyc -> /Users/jamie/Documents/Projects/python/py2app-error/dist/Timer.app/Contents/Resources/lib/python3.11/wx/py/__pycache__/crust.cpython-311.pyc
copying file /Users/jamie/Documents/Projects/python/py2app-error/.venv/lib/python3.11/site-packages/wx/py/__pycache__/PyCrust.cpython-311.pyc -> /Users/jamie/Documents/Projects/python/py2app-error/dist/Timer.app/Contents/Resources/lib/python3.11/wx/py/__pycache__/PyCrust.cpython-311.pyc
copying file /Users/jamie/Documents/Projects/python/py2app-error/.venv/lib/python3.11/site-packages/wx/py/__pycache__/editwindow.cpython-311.pyc -> /Users/jamie/Documents/Projects/python/py2app-error/dist/Timer.app/Contents/Resources/lib/python3.11/wx/py/__pycache__/editwindow.cpython-311.pyc
copying file /Users/jamie/Documents/Projects/python/py2app-error/.venv/lib/python3.11/site-packages/wx/py/__pycache__/PyAlaMode.cpython-311.pyc -> /Users/jamie/Documents/Projects/python/py2app-error/dist/Timer.app/Contents/Resources/lib/python3.11/wx/py/__pycache__/PyAlaMode.cpython-311.pyc
copying file /Users/jamie/Documents/Projects/python/py2app-error/.venv/lib/python3.11/site-packages/wx/py/__pycache__/crustslices.cpython-311.pyc -> /Users/jamie/Documents/Projects/python/py2app-error/dist/Timer.app/Contents/Resources/lib/python3.11/wx/py/__pycache__/crustslices.cpython-311.pyc
copying file /Users/jamie/Documents/Projects/python/py2app-error/.venv/lib/python3.11/site-packages/wx/py/__pycache__/document.cpython-311.pyc -> /Users/jamie/Documents/Projects/python/py2app-error/dist/Timer.app/Contents/Resources/lib/python3.11/wx/py/__pycache__/document.cpython-311.pyc
copying file /Users/jamie/Documents/Projects/python/py2app-error/.venv/lib/python3.11/site-packages/wx/py/__pycache__/buffer.cpython-311.pyc -> /Users/jamie/Documents/Projects/python/py2app-error/dist/Timer.app/Contents/Resources/lib/python3.11/wx/py/__pycache__/buffer.cpython-311.pyc
copying file /Users/jamie/Documents/Projects/python/py2app-error/.venv/lib/python3.11/site-packages/wx/py/__pycache__/filling.cpython-311.pyc -> /Users/jamie/Documents/Projects/python/py2app-error/dist/Timer.app/Contents/Resources/lib/python3.11/wx/py/__pycache__/filling.cpython-311.pyc
copying file /Users/jamie/Documents/Projects/python/py2app-error/.venv/lib/python3.11/site-packages/wx/py/__pycache__/dispatcher.cpython-311.pyc -> /Users/jamie/Documents/Projects/python/py2app-error/dist/Timer.app/Contents/Resources/lib/python3.11/wx/py/__pycache__/dispatcher.cpython-311.pyc
copying file /Users/jamie/Documents/Projects/python/py2app-error/.venv/lib/python3.11/site-packages/wx/py/__pycache__/PySlicesShell.cpython-311.pyc -> /Users/jamie/Documents/Projects/python/py2app-error/dist/Timer.app/Contents/Resources/lib/python3.11/wx/py/__pycache__/PySlicesShell.cpython-311.pyc
copying file /Users/jamie/Documents/Projects/python/py2app-error/.venv/lib/python3.11/site-packages/wx/py/__pycache__/magic.cpython-311.pyc -> /Users/jamie/Documents/Projects/python/py2app-error/dist/Timer.app/Contents/Resources/lib/python3.11/wx/py/__pycache__/magic.cpython-311.pyc
copying file /Users/jamie/Documents/Projects/python/py2app-error/.venv/lib/python3.11/site-packages/wx/py/__pycache__/interpreter.cpython-311.pyc -> /Users/jamie/Documents/Projects/python/py2app-error/dist/Timer.app/Contents/Resources/lib/python3.11/wx/py/__pycache__/interpreter.cpython-311.pyc
copying file /Users/jamie/Documents/Projects/python/py2app-error/.venv/lib/python3.11/site-packages/wx/py/__pycache__/sliceshell.cpython-311.pyc -> /Users/jamie/Documents/Projects/python/py2app-error/dist/Timer.app/Contents/Resources/lib/python3.11/wx/py/__pycache__/sliceshell.cpython-311.pyc
copying file /Users/jamie/Documents/Projects/python/py2app-error/.venv/lib/python3.11/site-packages/wx/py/__pycache__/PyFilling.cpython-311.pyc -> /Users/jamie/Documents/Projects/python/py2app-error/dist/Timer.app/Contents/Resources/lib/python3.11/wx/py/__pycache__/PyFilling.cpython-311.pyc
copying file /Users/jamie/Documents/Projects/python/py2app-error/.venv/lib/python3.11/site-packages/wx/py/__pycache__/pseudo.cpython-311.pyc -> /Users/jamie/Documents/Projects/python/py2app-error/dist/Timer.app/Contents/Resources/lib/python3.11/wx/py/__pycache__/pseudo.cpython-311.pyc
copying file /Users/jamie/Documents/Projects/python/py2app-error/.venv/lib/python3.11/site-packages/wx/py/__pycache__/version.cpython-311.pyc -> /Users/jamie/Documents/Projects/python/py2app-error/dist/Timer.app/Contents/Resources/lib/python3.11/wx/py/__pycache__/version.cpython-311.pyc
copying file /Users/jamie/Documents/Projects/python/py2app-error/.venv/lib/python3.11/site-packages/wx/py/__pycache__/__init__.cpython-311.pyc -> /Users/jamie/Documents/Projects/python/py2app-error/dist/Timer.app/Contents/Resources/lib/python3.11/wx/py/__pycache__/__init__.cpython-311.pyc
copying file /Users/jamie/Documents/Projects/python/py2app-error/.venv/lib/python3.11/site-packages/wx/py/introspect.py -> /Users/jamie/Documents/Projects/python/py2app-error/dist/Timer.app/Contents/Resources/lib/python3.11/wx/py/introspect.py
copying file /Users/jamie/Documents/Projects/python/py2app-error/.venv/lib/python3.11/site-packages/wx/py/CHANGES.txt -> /Users/jamie/Documents/Projects/python/py2app-error/dist/Timer.app/Contents/Resources/lib/python3.11/wx/py/CHANGES.txt
copying file /Users/jamie/Documents/Projects/python/py2app-error/.venv/lib/python3.11/site-packages/wx/py/crustslices.py -> /Users/jamie/Documents/Projects/python/py2app-error/dist/Timer.app/Contents/Resources/lib/python3.11/wx/py/crustslices.py
copying file /Users/jamie/Documents/Projects/python/py2app-error/.venv/lib/python3.11/site-packages/wx/py/interpreter.py -> /Users/jamie/Documents/Projects/python/py2app-error/dist/Timer.app/Contents/Resources/lib/python3.11/wx/py/interpreter.py
copying file /Users/jamie/Documents/Projects/python/py2app-error/.venv/lib/python3.11/site-packages/wx/py/frame.py -> /Users/jamie/Documents/Projects/python/py2app-error/dist/Timer.app/Contents/Resources/lib/python3.11/wx/py/frame.py
copying file /Users/jamie/Documents/Projects/python/py2app-error/.venv/lib/python3.11/site-packages/wx/py/buffer.py -> /Users/jamie/Documents/Projects/python/py2app-error/dist/Timer.app/Contents/Resources/lib/python3.11/wx/py/buffer.py
copying file /Users/jamie/Documents/Projects/python/py2app-error/.venv/lib/python3.11/site-packages/wx/py/document.py -> /Users/jamie/Documents/Projects/python/py2app-error/dist/Timer.app/Contents/Resources/lib/python3.11/wx/py/document.py
copying file /Users/jamie/Documents/Projects/python/py2app-error/.venv/lib/python3.11/site-packages/wx/py/PyAlaModeTest.py -> /Users/jamie/Documents/Projects/python/py2app-error/dist/Timer.app/Contents/Resources/lib/python3.11/wx/py/PyAlaModeTest.py
copying file /Users/jamie/Documents/Projects/python/py2app-error/.venv/lib/python3.11/site-packages/wx/py/images.py -> /Users/jamie/Documents/Projects/python/py2app-error/dist/Timer.app/Contents/Resources/lib/python3.11/wx/py/images.py
copying file /Users/jamie/Documents/Projects/python/py2app-error/.venv/lib/python3.11/site-packages/wx/py/README.txt -> /Users/jamie/Documents/Projects/python/py2app-error/dist/Timer.app/Contents/Resources/lib/python3.11/wx/py/README.txt
copying file /Users/jamie/Documents/Projects/python/py2app-error/.venv/lib/python3.11/site-packages/wx/py/PySlicesShell.py -> /Users/jamie/Documents/Projects/python/py2app-error/dist/Timer.app/Contents/Resources/lib/python3.11/wx/py/PySlicesShell.py
copying file /Users/jamie/Documents/Projects/python/py2app-error/.venv/lib/python3.11/site-packages/wx/py/editor.py -> /Users/jamie/Documents/Projects/python/py2app-error/dist/Timer.app/Contents/Resources/lib/python3.11/wx/py/editor.py
copying file /Users/jamie/Documents/Projects/python/py2app-error/.venv/lib/python3.11/site-packages/wx/py/PyCrust.ico -> /Users/jamie/Documents/Projects/python/py2app-error/dist/Timer.app/Contents/Resources/lib/python3.11/wx/py/PyCrust.ico
copying file /Users/jamie/Documents/Projects/python/py2app-error/.venv/lib/python3.11/site-packages/wx/py/Py.ico -> /Users/jamie/Documents/Projects/python/py2app-error/dist/Timer.app/Contents/Resources/lib/python3.11/wx/py/Py.ico
copying file /Users/jamie/Documents/Projects/python/py2app-error/.venv/lib/python3.11/site-packages/wx/py/parse.py -> /Users/jamie/Documents/Projects/python/py2app-error/dist/Timer.app/Contents/Resources/lib/python3.11/wx/py/parse.py
copying file /Users/jamie/Documents/Projects/python/py2app-error/.venv/lib/python3.11/site-packages/wx/py/PySlices_32.png -> /Users/jamie/Documents/Projects/python/py2app-error/dist/Timer.app/Contents/Resources/lib/python3.11/wx/py/PySlices_32.png
copying file /Users/jamie/Documents/Projects/python/py2app-error/.venv/lib/python3.11/site-packages/wx/py/PyAlaCarte.py -> /Users/jamie/Documents/Projects/python/py2app-error/dist/Timer.app/Contents/Resources/lib/python3.11/wx/py/PyAlaCarte.py
copying file /Users/jamie/Documents/Projects/python/py2app-error/.venv/lib/python3.11/site-packages/wx/py/path.py -> /Users/jamie/Documents/Projects/python/py2app-error/dist/Timer.app/Contents/Resources/lib/python3.11/wx/py/path.py
copying file /Users/jamie/Documents/Projects/python/py2app-error/.venv/lib/python3.11/site-packages/wx/py/sliceshell.py -> /Users/jamie/Documents/Projects/python/py2app-error/dist/Timer.app/Contents/Resources/lib/python3.11/wx/py/sliceshell.py
copying file /Users/jamie/Documents/Projects/python/py2app-error/.venv/lib/python3.11/site-packages/wx/py/filling.py -> /Users/jamie/Documents/Projects/python/py2app-error/dist/Timer.app/Contents/Resources/lib/python3.11/wx/py/filling.py
copying file /Users/jamie/Documents/Projects/python/py2app-error/.venv/lib/python3.11/site-packages/wx/py/PyCrust_32.png -> /Users/jamie/Documents/Projects/python/py2app-error/dist/Timer.app/Contents/Resources/lib/python3.11/wx/py/PyCrust_32.png
copying file /Users/jamie/Documents/Projects/python/py2app-error/.venv/lib/python3.11/site-packages/wx/libwx_osx_cocoau_gl-3.2.0.2.1.dylib -> /Users/jamie/Documents/Projects/python/py2app-error/dist/Timer.app/Contents/Resources/lib/python3.11/wx/libwx_osx_cocoau_gl-3.2.0.2.1.dylib
copying file /Users/jamie/Documents/Projects/python/py2app-error/.venv/lib/python3.11/site-packages/wx/libwx_baseu_net-3.2.0.2.1.dylib -> /Users/jamie/Documents/Projects/python/py2app-error/dist/Timer.app/Contents/Resources/lib/python3.11/wx/libwx_baseu_net-3.2.0.2.1.dylib
creating /Users/jamie/Documents/Projects/python/py2app-error/dist/Timer.app/Contents/Resources/lib/python3.11/wx/locale
creating /Users/jamie/Documents/Projects/python/py2app-error/dist/Timer.app/Contents/Resources/lib/python3.11/wx/locale/fa_IR
creating /Users/jamie/Documents/Projects/python/py2app-error/dist/Timer.app/Contents/Resources/lib/python3.11/wx/locale/fa_IR/LC_MESSAGES
copying file /Users/jamie/Documents/Projects/python/py2app-error/.venv/lib/python3.11/site-packages/wx/locale/fa_IR/LC_MESSAGES/wxstd.mo -> /Users/jamie/Documents/Projects/python/py2app-error/dist/Timer.app/Contents/Resources/lib/python3.11/wx/locale/fa_IR/LC_MESSAGES/wxstd.mo
creating /Users/jamie/Documents/Projects/python/py2app-error/dist/Timer.app/Contents/Resources/lib/python3.11/wx/locale/sl
creating /Users/jamie/Documents/Projects/python/py2app-error/dist/Timer.app/Contents/Resources/lib/python3.11/wx/locale/sl/LC_MESSAGES
copying file /Users/jamie/Documents/Projects/python/py2app-error/.venv/lib/python3.11/site-packages/wx/locale/sl/LC_MESSAGES/wxstd.mo -> /Users/jamie/Documents/Projects/python/py2app-error/dist/Timer.app/Contents/Resources/lib/python3.11/wx/locale/sl/LC_MESSAGES/wxstd.mo
creating /Users/jamie/Documents/Projects/python/py2app-error/dist/Timer.app/Contents/Resources/lib/python3.11/wx/locale/sk
creating /Users/jamie/Documents/Projects/python/py2app-error/dist/Timer.app/Contents/Resources/lib/python3.11/wx/locale/sk/LC_MESSAGES
copying file /Users/jamie/Documents/Projects/python/py2app-error/.venv/lib/python3.11/site-packages/wx/locale/sk/LC_MESSAGES/wxstd.mo -> /Users/jamie/Documents/Projects/python/py2app-error/dist/Timer.app/Contents/Resources/lib/python3.11/wx/locale/sk/LC_MESSAGES/wxstd.mo
creating /Users/jamie/Documents/Projects/python/py2app-error/dist/Timer.app/Contents/Resources/lib/python3.11/wx/locale/pl
creating /Users/jamie/Documents/Projects/python/py2app-error/dist/Timer.app/Contents/Resources/lib/python3.11/wx/locale/pl/LC_MESSAGES
copying file /Users/jamie/Documents/Projects/python/py2app-error/.venv/lib/python3.11/site-packages/wx/locale/pl/LC_MESSAGES/wxstd.mo -> /Users/jamie/Documents/Projects/python/py2app-error/dist/Timer.app/Contents/Resources/lib/python3.11/wx/locale/pl/LC_MESSAGES/wxstd.mo
creating /Users/jamie/Documents/Projects/python/py2app-error/dist/Timer.app/Contents/Resources/lib/python3.11/wx/locale/vi
creating /Users/jamie/Documents/Projects/python/py2app-error/dist/Timer.app/Contents/Resources/lib/python3.11/wx/locale/vi/LC_MESSAGES
copying file /Users/jamie/Documents/Projects/python/py2app-error/.venv/lib/python3.11/site-packages/wx/locale/vi/LC_MESSAGES/wxstd.mo -> /Users/jamie/Documents/Projects/python/py2app-error/dist/Timer.app/Contents/Resources/lib/python3.11/wx/locale/vi/LC_MESSAGES/wxstd.mo
creating /Users/jamie/Documents/Projects/python/py2app-error/dist/Timer.app/Contents/Resources/lib/python3.11/wx/locale/sq
creating /Users/jamie/Documents/Projects/python/py2app-error/dist/Timer.app/Contents/Resources/lib/python3.11/wx/locale/sq/LC_MESSAGES
copying file /Users/jamie/Documents/Projects/python/py2app-error/.venv/lib/python3.11/site-packages/wx/locale/sq/LC_MESSAGES/wxstd.mo -> /Users/jamie/Documents/Projects/python/py2app-error/dist/Timer.app/Contents/Resources/lib/python3.11/wx/locale/sq/LC_MESSAGES/wxstd.mo
creating /Users/jamie/Documents/Projects/python/py2app-error/dist/Timer.app/Contents/Resources/lib/python3.11/wx/locale/sv
creating /Users/jamie/Documents/Projects/python/py2app-error/dist/Timer.app/Contents/Resources/lib/python3.11/wx/locale/sv/LC_MESSAGES
copying file /Users/jamie/Documents/Projects/python/py2app-error/.venv/lib/python3.11/site-packages/wx/locale/sv/LC_MESSAGES/wxstd.mo -> /Users/jamie/Documents/Projects/python/py2app-error/dist/Timer.app/Contents/Resources/lib/python3.11/wx/locale/sv/LC_MESSAGES/wxstd.mo
creating /Users/jamie/Documents/Projects/python/py2app-error/dist/Timer.app/Contents/Resources/lib/python3.11/wx/locale/ms
creating /Users/jamie/Documents/Projects/python/py2app-error/dist/Timer.app/Contents/Resources/lib/python3.11/wx/locale/ms/LC_MESSAGES
copying file /Users/jamie/Documents/Projects/python/py2app-error/.venv/lib/python3.11/site-packages/wx/locale/ms/LC_MESSAGES/wxstd.mo -> /Users/jamie/Documents/Projects/python/py2app-error/dist/Timer.app/Contents/Resources/lib/python3.11/wx/locale/ms/LC_MESSAGES/wxstd.mo
creating /Users/jamie/Documents/Projects/python/py2app-error/dist/Timer.app/Contents/Resources/lib/python3.11/wx/locale/da
creating /Users/jamie/Documents/Projects/python/py2app-error/dist/Timer.app/Contents/Resources/lib/python3.11/wx/locale/da/LC_MESSAGES
copying file /Users/jamie/Documents/Projects/python/py2app-error/.venv/lib/python3.11/site-packages/wx/locale/da/LC_MESSAGES/wxstd.mo -> /Users/jamie/Documents/Projects/python/py2app-error/dist/Timer.app/Contents/Resources/lib/python3.11/wx/locale/da/LC_MESSAGES/wxstd.mo
creating /Users/jamie/Documents/Projects/python/py2app-error/dist/Timer.app/Contents/Resources/lib/python3.11/wx/locale/gl_ES
creating /Users/jamie/Documents/Projects/python/py2app-error/dist/Timer.app/Contents/Resources/lib/python3.11/wx/locale/gl_ES/LC_MESSAGES
copying file /Users/jamie/Documents/Projects/python/py2app-error/.venv/lib/python3.11/site-packages/wx/locale/gl_ES/LC_MESSAGES/wxstd.mo -> /Users/jamie/Documents/Projects/python/py2app-error/dist/Timer.app/Contents/Resources/lib/python3.11/wx/locale/gl_ES/LC_MESSAGES/wxstd.mo
creating /Users/jamie/Documents/Projects/python/py2app-error/dist/Timer.app/Contents/Resources/lib/python3.11/wx/locale/pt_BR
creating /Users/jamie/Documents/Projects/python/py2app-error/dist/Timer.app/Contents/Resources/lib/python3.11/wx/locale/pt_BR/LC_MESSAGES
copying file /Users/jamie/Documents/Projects/python/py2app-error/.venv/lib/python3.11/site-packages/wx/locale/pt_BR/LC_MESSAGES/wxstd.mo -> /Users/jamie/Documents/Projects/python/py2app-error/dist/Timer.app/Contents/Resources/lib/python3.11/wx/locale/pt_BR/LC_MESSAGES/wxstd.mo
creating /Users/jamie/Documents/Projects/python/py2app-error/dist/Timer.app/Contents/Resources/lib/python3.11/wx/locale/ko_KR
creating /Users/jamie/Documents/Projects/python/py2app-error/dist/Timer.app/Contents/Resources/lib/python3.11/wx/locale/ko_KR/LC_MESSAGES
copying file /Users/jamie/Documents/Projects/python/py2app-error/.venv/lib/python3.11/site-packages/wx/locale/ko_KR/LC_MESSAGES/wxstd.mo -> /Users/jamie/Documents/Projects/python/py2app-error/dist/Timer.app/Contents/Resources/lib/python3.11/wx/locale/ko_KR/LC_MESSAGES/wxstd.mo
creating /Users/jamie/Documents/Projects/python/py2app-error/dist/Timer.app/Contents/Resources/lib/python3.11/wx/locale/ja
creating /Users/jamie/Documents/Projects/python/py2app-error/dist/Timer.app/Contents/Resources/lib/python3.11/wx/locale/ja/LC_MESSAGES
copying file /Users/jamie/Documents/Projects/python/py2app-error/.venv/lib/python3.11/site-packages/wx/locale/ja/LC_MESSAGES/wxstd.mo -> /Users/jamie/Documents/Projects/python/py2app-error/dist/Timer.app/Contents/Resources/lib/python3.11/wx/locale/ja/LC_MESSAGES/wxstd.mo
creating /Users/jamie/Documents/Projects/python/py2app-error/dist/Timer.app/Contents/Resources/lib/python3.11/wx/locale/el
creating /Users/jamie/Documents/Projects/python/py2app-error/dist/Timer.app/Contents/Resources/lib/python3.11/wx/locale/el/LC_MESSAGES
copying file /Users/jamie/Documents/Projects/python/py2app-error/.venv/lib/python3.11/site-packages/wx/locale/el/LC_MESSAGES/wxstd.mo -> /Users/jamie/Documents/Projects/python/py2app-error/dist/Timer.app/Contents/Resources/lib/python3.11/wx/locale/el/LC_MESSAGES/wxstd.mo
creating /Users/jamie/Documents/Projects/python/py2app-error/dist/Timer.app/Contents/Resources/lib/python3.11/wx/locale/lv
creating /Users/jamie/Documents/Projects/python/py2app-error/dist/Timer.app/Contents/Resources/lib/python3.11/wx/locale/lv/LC_MESSAGES
copying file /Users/jamie/Documents/Projects/python/py2app-error/.venv/lib/python3.11/site-packages/wx/locale/lv/LC_MESSAGES/wxstd.mo -> /Users/jamie/Documents/Projects/python/py2app-error/dist/Timer.app/Contents/Resources/lib/python3.11/wx/locale/lv/LC_MESSAGES/wxstd.mo
creating /Users/jamie/Documents/Projects/python/py2app-error/dist/Timer.app/Contents/Resources/lib/python3.11/wx/locale/co
creating /Users/jamie/Documents/Projects/python/py2app-error/dist/Timer.app/Contents/Resources/lib/python3.11/wx/locale/co/LC_MESSAGES
copying file /Users/jamie/Documents/Projects/python/py2app-error/.venv/lib/python3.11/site-packages/wx/locale/co/LC_MESSAGES/wxstd.mo -> /Users/jamie/Documents/Projects/python/py2app-error/dist/Timer.app/Contents/Resources/lib/python3.11/wx/locale/co/LC_MESSAGES/wxstd.mo
creating /Users/jamie/Documents/Projects/python/py2app-error/dist/Timer.app/Contents/Resources/lib/python3.11/wx/locale/it
creating /Users/jamie/Documents/Projects/python/py2app-error/dist/Timer.app/Contents/Resources/lib/python3.11/wx/locale/it/LC_MESSAGES
copying file /Users/jamie/Documents/Projects/python/py2app-error/.venv/lib/python3.11/site-packages/wx/locale/it/LC_MESSAGES/wxstd.mo -> /Users/jamie/Documents/Projects/python/py2app-error/dist/Timer.app/Contents/Resources/lib/python3.11/wx/locale/it/LC_MESSAGES/wxstd.mo
creating /Users/jamie/Documents/Projects/python/py2app-error/dist/Timer.app/Contents/Resources/lib/python3.11/wx/locale/ca
creating /Users/jamie/Documents/Projects/python/py2app-error/dist/Timer.app/Contents/Resources/lib/python3.11/wx/locale/ca/LC_MESSAGES
copying file /Users/jamie/Documents/Projects/python/py2app-error/.venv/lib/python3.11/site-packages/wx/locale/ca/LC_MESSAGES/wxstd.mo -> /Users/jamie/Documents/Projects/python/py2app-error/dist/Timer.app/Contents/Resources/lib/python3.11/wx/locale/ca/LC_MESSAGES/wxstd.mo
creating /Users/jamie/Documents/Projects/python/py2app-error/dist/Timer.app/Contents/Resources/lib/python3.11/wx/locale/zh_TW
creating /Users/jamie/Documents/Projects/python/py2app-error/dist/Timer.app/Contents/Resources/lib/python3.11/wx/locale/zh_TW/LC_MESSAGES
copying file /Users/jamie/Documents/Projects/python/py2app-error/.venv/lib/python3.11/site-packages/wx/locale/zh_TW/LC_MESSAGES/wxstd.mo -> /Users/jamie/Documents/Projects/python/py2app-error/dist/Timer.app/Contents/Resources/lib/python3.11/wx/locale/zh_TW/LC_MESSAGES/wxstd.mo
creating /Users/jamie/Documents/Projects/python/py2app-error/dist/Timer.app/Contents/Resources/lib/python3.11/wx/locale/cs
creating /Users/jamie/Documents/Projects/python/py2app-error/dist/Timer.app/Contents/Resources/lib/python3.11/wx/locale/cs/LC_MESSAGES
copying file /Users/jamie/Documents/Projects/python/py2app-error/.venv/lib/python3.11/site-packages/wx/locale/cs/LC_MESSAGES/wxstd.mo -> /Users/jamie/Documents/Projects/python/py2app-error/dist/Timer.app/Contents/Resources/lib/python3.11/wx/locale/cs/LC_MESSAGES/wxstd.mo
creating /Users/jamie/Documents/Projects/python/py2app-error/dist/Timer.app/Contents/Resources/lib/python3.11/wx/locale/ru
creating /Users/jamie/Documents/Projects/python/py2app-error/dist/Timer.app/Contents/Resources/lib/python3.11/wx/locale/ru/LC_MESSAGES
copying file /Users/jamie/Documents/Projects/python/py2app-error/.venv/lib/python3.11/site-packages/wx/locale/ru/LC_MESSAGES/wxstd.mo -> /Users/jamie/Documents/Projects/python/py2app-error/dist/Timer.app/Contents/Resources/lib/python3.11/wx/locale/ru/LC_MESSAGES/wxstd.mo
creating /Users/jamie/Documents/Projects/python/py2app-error/dist/Timer.app/Contents/Resources/lib/python3.11/wx/locale/ro
creating /Users/jamie/Documents/Projects/python/py2app-error/dist/Timer.app/Contents/Resources/lib/python3.11/wx/locale/ro/LC_MESSAGES
copying file /Users/jamie/Documents/Projects/python/py2app-error/.venv/lib/python3.11/site-packages/wx/locale/ro/LC_MESSAGES/wxstd.mo -> /Users/jamie/Documents/Projects/python/py2app-error/dist/Timer.app/Contents/Resources/lib/python3.11/wx/locale/ro/LC_MESSAGES/wxstd.mo
creating /Users/jamie/Documents/Projects/python/py2app-error/dist/Timer.app/Contents/Resources/lib/python3.11/wx/locale/zh_CN
creating /Users/jamie/Documents/Projects/python/py2app-error/dist/Timer.app/Contents/Resources/lib/python3.11/wx/locale/zh_CN/LC_MESSAGES
copying file /Users/jamie/Documents/Projects/python/py2app-error/.venv/lib/python3.11/site-packages/wx/locale/zh_CN/LC_MESSAGES/wxstd.mo -> /Users/jamie/Documents/Projects/python/py2app-error/dist/Timer.app/Contents/Resources/lib/python3.11/wx/locale/zh_CN/LC_MESSAGES/wxstd.mo
creating /Users/jamie/Documents/Projects/python/py2app-error/dist/Timer.app/Contents/Resources/lib/python3.11/wx/locale/pt
creating /Users/jamie/Documents/Projects/python/py2app-error/dist/Timer.app/Contents/Resources/lib/python3.11/wx/locale/pt/LC_MESSAGES
copying file /Users/jamie/Documents/Projects/python/py2app-error/.venv/lib/python3.11/site-packages/wx/locale/pt/LC_MESSAGES/wxstd.mo -> /Users/jamie/Documents/Projects/python/py2app-error/dist/Timer.app/Contents/Resources/lib/python3.11/wx/locale/pt/LC_MESSAGES/wxstd.mo
creating /Users/jamie/Documents/Projects/python/py2app-error/dist/Timer.app/Contents/Resources/lib/python3.11/wx/locale/uk
creating /Users/jamie/Documents/Projects/python/py2app-error/dist/Timer.app/Contents/Resources/lib/python3.11/wx/locale/uk/LC_MESSAGES
copying file /Users/jamie/Documents/Projects/python/py2app-error/.venv/lib/python3.11/site-packages/wx/locale/uk/LC_MESSAGES/wxstd.mo -> /Users/jamie/Documents/Projects/python/py2app-error/dist/Timer.app/Contents/Resources/lib/python3.11/wx/locale/uk/LC_MESSAGES/wxstd.mo
creating /Users/jamie/Documents/Projects/python/py2app-error/dist/Timer.app/Contents/Resources/lib/python3.11/wx/locale/sr
creating /Users/jamie/Documents/Projects/python/py2app-error/dist/Timer.app/Contents/Resources/lib/python3.11/wx/locale/sr/LC_MESSAGES
copying file /Users/jamie/Documents/Projects/python/py2app-error/.venv/lib/python3.11/site-packages/wx/locale/sr/LC_MESSAGES/wxstd.mo -> /Users/jamie/Documents/Projects/python/py2app-error/dist/Timer.app/Contents/Resources/lib/python3.11/wx/locale/sr/LC_MESSAGES/wxstd.mo
creating /Users/jamie/Documents/Projects/python/py2app-error/dist/Timer.app/Contents/Resources/lib/python3.11/wx/locale/an
creating /Users/jamie/Documents/Projects/python/py2app-error/dist/Timer.app/Contents/Resources/lib/python3.11/wx/locale/an/LC_MESSAGES
copying file /Users/jamie/Documents/Projects/python/py2app-error/.venv/lib/python3.11/site-packages/wx/locale/an/LC_MESSAGES/wxstd.mo -> /Users/jamie/Documents/Projects/python/py2app-error/dist/Timer.app/Contents/Resources/lib/python3.11/wx/locale/an/LC_MESSAGES/wxstd.mo
creating /Users/jamie/Documents/Projects/python/py2app-error/dist/Timer.app/Contents/Resources/lib/python3.11/wx/locale/ar
creating /Users/jamie/Documents/Projects/python/py2app-error/dist/Timer.app/Contents/Resources/lib/python3.11/wx/locale/ar/LC_MESSAGES
copying file /Users/jamie/Documents/Projects/python/py2app-error/.venv/lib/python3.11/site-packages/wx/locale/ar/LC_MESSAGES/wxstd.mo -> /Users/jamie/Documents/Projects/python/py2app-error/dist/Timer.app/Contents/Resources/lib/python3.11/wx/locale/ar/LC_MESSAGES/wxstd.mo
creating /Users/jamie/Documents/Projects/python/py2app-error/dist/Timer.app/Contents/Resources/lib/python3.11/wx/locale/hr
creating /Users/jamie/Documents/Projects/python/py2app-error/dist/Timer.app/Contents/Resources/lib/python3.11/wx/locale/hr/LC_MESSAGES
copying file /Users/jamie/Documents/Projects/python/py2app-error/.venv/lib/python3.11/site-packages/wx/locale/hr/LC_MESSAGES/wxstd.mo -> /Users/jamie/Documents/Projects/python/py2app-error/dist/Timer.app/Contents/Resources/lib/python3.11/wx/locale/hr/LC_MESSAGES/wxstd.mo
creating /Users/jamie/Documents/Projects/python/py2app-error/dist/Timer.app/Contents/Resources/lib/python3.11/wx/locale/hu
creating /Users/jamie/Documents/Projects/python/py2app-error/dist/Timer.app/Contents/Resources/lib/python3.11/wx/locale/hu/LC_MESSAGES
copying file /Users/jamie/Documents/Projects/python/py2app-error/.venv/lib/python3.11/site-packages/wx/locale/hu/LC_MESSAGES/wxstd.mo -> /Users/jamie/Documents/Projects/python/py2app-error/dist/Timer.app/Contents/Resources/lib/python3.11/wx/locale/hu/LC_MESSAGES/wxstd.mo
creating /Users/jamie/Documents/Projects/python/py2app-error/dist/Timer.app/Contents/Resources/lib/python3.11/wx/locale/nl
creating /Users/jamie/Documents/Projects/python/py2app-error/dist/Timer.app/Contents/Resources/lib/python3.11/wx/locale/nl/LC_MESSAGES
copying file /Users/jamie/Documents/Projects/python/py2app-error/.venv/lib/python3.11/site-packages/wx/locale/nl/LC_MESSAGES/wxstd.mo -> /Users/jamie/Documents/Projects/python/py2app-error/dist/Timer.app/Contents/Resources/lib/python3.11/wx/locale/nl/LC_MESSAGES/wxstd.mo
creating /Users/jamie/Documents/Projects/python/py2app-error/dist/Timer.app/Contents/Resources/lib/python3.11/wx/locale/ne
creating /Users/jamie/Documents/Projects/python/py2app-error/dist/Timer.app/Contents/Resources/lib/python3.11/wx/locale/ne/LC_MESSAGES
copying file /Users/jamie/Documents/Projects/python/py2app-error/.venv/lib/python3.11/site-packages/wx/locale/ne/LC_MESSAGES/wxstd.mo -> /Users/jamie/Documents/Projects/python/py2app-error/dist/Timer.app/Contents/Resources/lib/python3.11/wx/locale/ne/LC_MESSAGES/wxstd.mo
creating /Users/jamie/Documents/Projects/python/py2app-error/dist/Timer.app/Contents/Resources/lib/python3.11/wx/locale/af
creating /Users/jamie/Documents/Projects/python/py2app-error/dist/Timer.app/Contents/Resources/lib/python3.11/wx/locale/af/LC_MESSAGES
copying file /Users/jamie/Documents/Projects/python/py2app-error/.venv/lib/python3.11/site-packages/wx/locale/af/LC_MESSAGES/wxstd.mo -> /Users/jamie/Documents/Projects/python/py2app-error/dist/Timer.app/Contents/Resources/lib/python3.11/wx/locale/af/LC_MESSAGES/wxstd.mo
creating /Users/jamie/Documents/Projects/python/py2app-error/dist/Timer.app/Contents/Resources/lib/python3.11/wx/locale/nb
creating /Users/jamie/Documents/Projects/python/py2app-error/dist/Timer.app/Contents/Resources/lib/python3.11/wx/locale/nb/LC_MESSAGES
copying file /Users/jamie/Documents/Projects/python/py2app-error/.venv/lib/python3.11/site-packages/wx/locale/nb/LC_MESSAGES/wxstd.mo -> /Users/jamie/Documents/Projects/python/py2app-error/dist/Timer.app/Contents/Resources/lib/python3.11/wx/locale/nb/LC_MESSAGES/wxstd.mo
creating /Users/jamie/Documents/Projects/python/py2app-error/dist/Timer.app/Contents/Resources/lib/python3.11/wx/locale/hi
creating /Users/jamie/Documents/Projects/python/py2app-error/dist/Timer.app/Contents/Resources/lib/python3.11/wx/locale/hi/LC_MESSAGES
copying file /Users/jamie/Documents/Projects/python/py2app-error/.venv/lib/python3.11/site-packages/wx/locale/hi/LC_MESSAGES/wxstd.mo -> /Users/jamie/Documents/Projects/python/py2app-error/dist/Timer.app/Contents/Resources/lib/python3.11/wx/locale/hi/LC_MESSAGES/wxstd.mo
creating /Users/jamie/Documents/Projects/python/py2app-error/dist/Timer.app/Contents/Resources/lib/python3.11/wx/locale/ka
creating /Users/jamie/Documents/Projects/python/py2app-error/dist/Timer.app/Contents/Resources/lib/python3.11/wx/locale/ka/LC_MESSAGES
copying file /Users/jamie/Documents/Projects/python/py2app-error/.venv/lib/python3.11/site-packages/wx/locale/ka/LC_MESSAGES/wxstd.mo -> /Users/jamie/Documents/Projects/python/py2app-error/dist/Timer.app/Contents/Resources/lib/python3.11/wx/locale/ka/LC_MESSAGES/wxstd.mo
creating /Users/jamie/Documents/Projects/python/py2app-error/dist/Timer.app/Contents/Resources/lib/python3.11/wx/locale/de
creating /Users/jamie/Documents/Projects/python/py2app-error/dist/Timer.app/Contents/Resources/lib/python3.11/wx/locale/de/LC_MESSAGES
copying file /Users/jamie/Documents/Projects/python/py2app-error/.venv/lib/python3.11/site-packages/wx/locale/de/LC_MESSAGES/wxstd.mo -> /Users/jamie/Documents/Projects/python/py2app-error/dist/Timer.app/Contents/Resources/lib/python3.11/wx/locale/de/LC_MESSAGES/wxstd.mo
creating /Users/jamie/Documents/Projects/python/py2app-error/dist/Timer.app/Contents/Resources/lib/python3.11/wx/locale/ca@valencia
creating /Users/jamie/Documents/Projects/python/py2app-error/dist/Timer.app/Contents/Resources/lib/python3.11/wx/locale/ca@valencia/LC_MESSAGES
copying file /Users/jamie/Documents/Projects/python/py2app-error/.venv/lib/python3.11/site-packages/wx/locale/ca@valencia/LC_MESSAGES/wxstd.mo -> /Users/jamie/Documents/Projects/python/py2app-error/dist/Timer.app/Contents/Resources/lib/python3.11/wx/locale/ca@valencia/LC_MESSAGES/wxstd.mo
creating /Users/jamie/Documents/Projects/python/py2app-error/dist/Timer.app/Contents/Resources/lib/python3.11/wx/locale/fi
creating /Users/jamie/Documents/Projects/python/py2app-error/dist/Timer.app/Contents/Resources/lib/python3.11/wx/locale/fi/LC_MESSAGES
copying file /Users/jamie/Documents/Projects/python/py2app-error/.venv/lib/python3.11/site-packages/wx/locale/fi/LC_MESSAGES/wxstd.mo -> /Users/jamie/Documents/Projects/python/py2app-error/dist/Timer.app/Contents/Resources/lib/python3.11/wx/locale/fi/LC_MESSAGES/wxstd.mo
creating /Users/jamie/Documents/Projects/python/py2app-error/dist/Timer.app/Contents/Resources/lib/python3.11/wx/locale/id
creating /Users/jamie/Documents/Projects/python/py2app-error/dist/Timer.app/Contents/Resources/lib/python3.11/wx/locale/id/LC_MESSAGES
copying file /Users/jamie/Documents/Projects/python/py2app-error/.venv/lib/python3.11/site-packages/wx/locale/id/LC_MESSAGES/wxstd.mo -> /Users/jamie/Documents/Projects/python/py2app-error/dist/Timer.app/Contents/Resources/lib/python3.11/wx/locale/id/LC_MESSAGES/wxstd.mo
creating /Users/jamie/Documents/Projects/python/py2app-error/dist/Timer.app/Contents/Resources/lib/python3.11/wx/locale/fr
creating /Users/jamie/Documents/Projects/python/py2app-error/dist/Timer.app/Contents/Resources/lib/python3.11/wx/locale/fr/LC_MESSAGES
copying file /Users/jamie/Documents/Projects/python/py2app-error/.venv/lib/python3.11/site-packages/wx/locale/fr/LC_MESSAGES/wxstd.mo -> /Users/jamie/Documents/Projects/python/py2app-error/dist/Timer.app/Contents/Resources/lib/python3.11/wx/locale/fr/LC_MESSAGES/wxstd.mo
creating /Users/jamie/Documents/Projects/python/py2app-error/dist/Timer.app/Contents/Resources/lib/python3.11/wx/locale/es
creating /Users/jamie/Documents/Projects/python/py2app-error/dist/Timer.app/Contents/Resources/lib/python3.11/wx/locale/es/LC_MESSAGES
copying file /Users/jamie/Documents/Projects/python/py2app-error/.venv/lib/python3.11/site-packages/wx/locale/es/LC_MESSAGES/wxstd.mo -> /Users/jamie/Documents/Projects/python/py2app-error/dist/Timer.app/Contents/Resources/lib/python3.11/wx/locale/es/LC_MESSAGES/wxstd.mo
creating /Users/jamie/Documents/Projects/python/py2app-error/dist/Timer.app/Contents/Resources/lib/python3.11/wx/locale/lt
creating /Users/jamie/Documents/Projects/python/py2app-error/dist/Timer.app/Contents/Resources/lib/python3.11/wx/locale/lt/LC_MESSAGES
copying file /Users/jamie/Documents/Projects/python/py2app-error/.venv/lib/python3.11/site-packages/wx/locale/lt/LC_MESSAGES/wxstd.mo -> /Users/jamie/Documents/Projects/python/py2app-error/dist/Timer.app/Contents/Resources/lib/python3.11/wx/locale/lt/LC_MESSAGES/wxstd.mo
creating /Users/jamie/Documents/Projects/python/py2app-error/dist/Timer.app/Contents/Resources/lib/python3.11/wx/locale/eu
creating /Users/jamie/Documents/Projects/python/py2app-error/dist/Timer.app/Contents/Resources/lib/python3.11/wx/locale/eu/LC_MESSAGES
copying file /Users/jamie/Documents/Projects/python/py2app-error/.venv/lib/python3.11/site-packages/wx/locale/eu/LC_MESSAGES/wxstd.mo -> /Users/jamie/Documents/Projects/python/py2app-error/dist/Timer.app/Contents/Resources/lib/python3.11/wx/locale/eu/LC_MESSAGES/wxstd.mo
creating /Users/jamie/Documents/Projects/python/py2app-error/dist/Timer.app/Contents/Resources/lib/python3.11/wx/locale/ta
creating /Users/jamie/Documents/Projects/python/py2app-error/dist/Timer.app/Contents/Resources/lib/python3.11/wx/locale/ta/LC_MESSAGES
copying file /Users/jamie/Documents/Projects/python/py2app-error/.venv/lib/python3.11/site-packages/wx/locale/ta/LC_MESSAGES/wxstd.mo -> /Users/jamie/Documents/Projects/python/py2app-error/dist/Timer.app/Contents/Resources/lib/python3.11/wx/locale/ta/LC_MESSAGES/wxstd.mo
creating /Users/jamie/Documents/Projects/python/py2app-error/dist/Timer.app/Contents/Resources/lib/python3.11/wx/locale/tr
creating /Users/jamie/Documents/Projects/python/py2app-error/dist/Timer.app/Contents/Resources/lib/python3.11/wx/locale/tr/LC_MESSAGES
copying file /Users/jamie/Documents/Projects/python/py2app-error/.venv/lib/python3.11/site-packages/wx/locale/tr/LC_MESSAGES/wxstd.mo -> /Users/jamie/Documents/Projects/python/py2app-error/dist/Timer.app/Contents/Resources/lib/python3.11/wx/locale/tr/LC_MESSAGES/wxstd.mo
copying file /Users/jamie/Documents/Projects/python/py2app-error/.venv/lib/python3.11/site-packages/wx/dataview.py -> /Users/jamie/Documents/Projects/python/py2app-error/dist/Timer.app/Contents/Resources/lib/python3.11/wx/dataview.py
copying file /Users/jamie/Documents/Projects/python/py2app-error/.venv/lib/python3.11/site-packages/wx/ribbon.pyi -> /Users/jamie/Documents/Projects/python/py2app-error/dist/Timer.app/Contents/Resources/lib/python3.11/wx/ribbon.pyi
copying file /Users/jamie/Documents/Projects/python/py2app-error/.venv/lib/python3.11/site-packages/wx/_aui.cpython-311-darwin.so -> /Users/jamie/Documents/Projects/python/py2app-error/dist/Timer.app/Contents/Resources/lib/python3.11/wx/_aui.cpython-311-darwin.so
copying file /Users/jamie/Documents/Projects/python/py2app-error/.venv/lib/python3.11/site-packages/wx/propgrid.pyi -> /Users/jamie/Documents/Projects/python/py2app-error/dist/Timer.app/Contents/Resources/lib/python3.11/wx/propgrid.pyi
copying file /Users/jamie/Documents/Projects/python/py2app-error/.venv/lib/python3.11/site-packages/wx/msw.py -> /Users/jamie/Documents/Projects/python/py2app-error/dist/Timer.app/Contents/Resources/lib/python3.11/wx/msw.py
copying file /Users/jamie/Documents/Projects/python/py2app-error/.venv/lib/python3.11/site-packages/wx/libwx_osx_cocoau_stc-3.2.0.2.1.dylib -> /Users/jamie/Documents/Projects/python/py2app-error/dist/Timer.app/Contents/Resources/lib/python3.11/wx/libwx_osx_cocoau_stc-3.2.0.2.1.dylib
copying file /Users/jamie/Documents/Projects/python/py2app-error/.venv/lib/python3.11/site-packages/wx/core.pyi -> /Users/jamie/Documents/Projects/python/py2app-error/dist/Timer.app/Contents/Resources/lib/python3.11/wx/core.pyi
creating /Users/jamie/Documents/Projects/python/py2app-error/dist/Timer.app/Contents/Resources/lib/python3.11/wx/include
creating /Users/jamie/Documents/Projects/python/py2app-error/dist/Timer.app/Contents/Resources/lib/python3.11/wx/include/wxPython
copying file /Users/jamie/Documents/Projects/python/py2app-error/.venv/lib/python3.11/site-packages/wx/include/wxPython/wxpy_api.h -> /Users/jamie/Documents/Projects/python/py2app-error/dist/Timer.app/Contents/Resources/lib/python3.11/wx/include/wxPython/wxpy_api.h
copying file /Users/jamie/Documents/Projects/python/py2app-error/.venv/lib/python3.11/site-packages/wx/include/wxPython/sip.h -> /Users/jamie/Documents/Projects/python/py2app-error/dist/Timer.app/Contents/Resources/lib/python3.11/wx/include/wxPython/sip.h
copying file /Users/jamie/Documents/Projects/python/py2app-error/.venv/lib/python3.11/site-packages/wx/_xrc.cpython-311-darwin.so -> /Users/jamie/Documents/Projects/python/py2app-error/dist/Timer.app/Contents/Resources/lib/python3.11/wx/_xrc.cpython-311-darwin.so
copying file /Users/jamie/Documents/Projects/python/py2app-error/.venv/lib/python3.11/site-packages/wx/libwx_osx_cocoau_xrc-3.2.0.2.1.dylib -> /Users/jamie/Documents/Projects/python/py2app-error/dist/Timer.app/Contents/Resources/lib/python3.11/wx/libwx_osx_cocoau_xrc-3.2.0.2.1.dylib
copying file /Users/jamie/Documents/Projects/python/py2app-error/.venv/lib/python3.11/site-packages/wx/html.py -> /Users/jamie/Documents/Projects/python/py2app-error/dist/Timer.app/Contents/Resources/lib/python3.11/wx/html.py
copying file /Users/jamie/Documents/Projects/python/py2app-error/.venv/lib/python3.11/site-packages/wx/ribbon.py -> /Users/jamie/Documents/Projects/python/py2app-error/dist/Timer.app/Contents/Resources/lib/python3.11/wx/ribbon.py
copying file /Users/jamie/Documents/Projects/python/py2app-error/.venv/lib/python3.11/site-packages/wx/_ribbon.cpython-311-darwin.so -> /Users/jamie/Documents/Projects/python/py2app-error/dist/Timer.app/Contents/Resources/lib/python3.11/wx/_ribbon.cpython-311-darwin.so
copying file /Users/jamie/Documents/Projects/python/py2app-error/.venv/lib/python3.11/site-packages/wx/media.pyi -> /Users/jamie/Documents/Projects/python/py2app-error/dist/Timer.app/Contents/Resources/lib/python3.11/wx/media.pyi
copying file /Users/jamie/Documents/Projects/python/py2app-error/.venv/lib/python3.11/site-packages/wx/xml.py -> /Users/jamie/Documents/Projects/python/py2app-error/dist/Timer.app/Contents/Resources/lib/python3.11/wx/xml.py
copying file /Users/jamie/Documents/Projects/python/py2app-error/.venv/lib/python3.11/site-packages/wx/adv.py -> /Users/jamie/Documents/Projects/python/py2app-error/dist/Timer.app/Contents/Resources/lib/python3.11/wx/adv.py
copying file /Users/jamie/Documents/Projects/python/py2app-error/.venv/lib/python3.11/site-packages/wx/html2.pyi -> /Users/jamie/Documents/Projects/python/py2app-error/dist/Timer.app/Contents/Resources/lib/python3.11/wx/html2.pyi
copying file /Users/jamie/Documents/Projects/python/py2app-error/.venv/lib/python3.11/site-packages/wx/__init__.py -> /Users/jamie/Documents/Projects/python/py2app-error/dist/Timer.app/Contents/Resources/lib/python3.11/wx/__init__.py
copying file /Users/jamie/Documents/Projects/python/py2app-error/.venv/lib/python3.11/site-packages/wx/core.py -> /Users/jamie/Documents/Projects/python/py2app-error/dist/Timer.app/Contents/Resources/lib/python3.11/wx/core.py
copying file /Users/jamie/Documents/Projects/python/py2app-error/.venv/lib/python3.11/site-packages/wx/_xml.cpython-311-darwin.so -> /Users/jamie/Documents/Projects/python/py2app-error/dist/Timer.app/Contents/Resources/lib/python3.11/wx/_xml.cpython-311-darwin.so
copying file /Users/jamie/Documents/Projects/python/py2app-error/.venv/lib/python3.11/site-packages/wx/__version__.py -> /Users/jamie/Documents/Projects/python/py2app-error/dist/Timer.app/Contents/Resources/lib/python3.11/wx/__version__.py
copying file /Users/jamie/Documents/Projects/python/py2app-error/.venv/lib/python3.11/site-packages/wx/libwx_baseu-3.2.0.2.1.dylib -> /Users/jamie/Documents/Projects/python/py2app-error/dist/Timer.app/Contents/Resources/lib/python3.11/wx/libwx_baseu-3.2.0.2.1.dylib
creating /Users/jamie/Documents/Projects/python/py2app-error/dist/Timer.app/Contents/Resources/lib/python3.11/wx/__pycache__
copying file /Users/jamie/Documents/Projects/python/py2app-error/.venv/lib/python3.11/site-packages/wx/__pycache__/html.cpython-311.pyc -> /Users/jamie/Documents/Projects/python/py2app-error/dist/Timer.app/Contents/Resources/lib/python3.11/wx/__pycache__/html.cpython-311.pyc
copying file /Users/jamie/Documents/Projects/python/py2app-error/.venv/lib/python3.11/site-packages/wx/__pycache__/ribbon.cpython-311.pyc -> /Users/jamie/Documents/Projects/python/py2app-error/dist/Timer.app/Contents/Resources/lib/python3.11/wx/__pycache__/ribbon.cpython-311.pyc
copying file /Users/jamie/Documents/Projects/python/py2app-error/.venv/lib/python3.11/site-packages/wx/__pycache__/gizmos.cpython-311.pyc -> /Users/jamie/Documents/Projects/python/py2app-error/dist/Timer.app/Contents/Resources/lib/python3.11/wx/__pycache__/gizmos.cpython-311.pyc
copying file /Users/jamie/Documents/Projects/python/py2app-error/.venv/lib/python3.11/site-packages/wx/__pycache__/__version__.cpython-311.pyc -> /Users/jamie/Documents/Projects/python/py2app-error/dist/Timer.app/Contents/Resources/lib/python3.11/wx/__pycache__/__version__.cpython-311.pyc
copying file /Users/jamie/Documents/Projects/python/py2app-error/.venv/lib/python3.11/site-packages/wx/__pycache__/core.cpython-311.pyc -> /Users/jamie/Documents/Projects/python/py2app-error/dist/Timer.app/Contents/Resources/lib/python3.11/wx/__pycache__/core.cpython-311.pyc
copying file /Users/jamie/Documents/Projects/python/py2app-error/.venv/lib/python3.11/site-packages/wx/__pycache__/stc.cpython-311.pyc -> /Users/jamie/Documents/Projects/python/py2app-error/dist/Timer.app/Contents/Resources/lib/python3.11/wx/__pycache__/stc.cpython-311.pyc
copying file /Users/jamie/Documents/Projects/python/py2app-error/.venv/lib/python3.11/site-packages/wx/__pycache__/xml.cpython-311.pyc -> /Users/jamie/Documents/Projects/python/py2app-error/dist/Timer.app/Contents/Resources/lib/python3.11/wx/__pycache__/xml.cpython-311.pyc
copying file /Users/jamie/Documents/Projects/python/py2app-error/.venv/lib/python3.11/site-packages/wx/__pycache__/xrc.cpython-311.pyc -> /Users/jamie/Documents/Projects/python/py2app-error/dist/Timer.app/Contents/Resources/lib/python3.11/wx/__pycache__/xrc.cpython-311.pyc
copying file /Users/jamie/Documents/Projects/python/py2app-error/.venv/lib/python3.11/site-packages/wx/__pycache__/aui.cpython-311.pyc -> /Users/jamie/Documents/Projects/python/py2app-error/dist/Timer.app/Contents/Resources/lib/python3.11/wx/__pycache__/aui.cpython-311.pyc
copying file /Users/jamie/Documents/Projects/python/py2app-error/.venv/lib/python3.11/site-packages/wx/__pycache__/html2.cpython-311.pyc -> /Users/jamie/Documents/Projects/python/py2app-error/dist/Timer.app/Contents/Resources/lib/python3.11/wx/__pycache__/html2.cpython-311.pyc
copying file /Users/jamie/Documents/Projects/python/py2app-error/.venv/lib/python3.11/site-packages/wx/__pycache__/msw.cpython-311.pyc -> /Users/jamie/Documents/Projects/python/py2app-error/dist/Timer.app/Contents/Resources/lib/python3.11/wx/__pycache__/msw.cpython-311.pyc
copying file /Users/jamie/Documents/Projects/python/py2app-error/.venv/lib/python3.11/site-packages/wx/__pycache__/grid.cpython-311.pyc -> /Users/jamie/Documents/Projects/python/py2app-error/dist/Timer.app/Contents/Resources/lib/python3.11/wx/__pycache__/grid.cpython-311.pyc
copying file /Users/jamie/Documents/Projects/python/py2app-error/.venv/lib/python3.11/site-packages/wx/__pycache__/dataview.cpython-311.pyc -> /Users/jamie/Documents/Projects/python/py2app-error/dist/Timer.app/Contents/Resources/lib/python3.11/wx/__pycache__/dataview.cpython-311.pyc
copying file /Users/jamie/Documents/Projects/python/py2app-error/.venv/lib/python3.11/site-packages/wx/__pycache__/propgrid.cpython-311.pyc -> /Users/jamie/Documents/Projects/python/py2app-error/dist/Timer.app/Contents/Resources/lib/python3.11/wx/__pycache__/propgrid.cpython-311.pyc
copying file /Users/jamie/Documents/Projects/python/py2app-error/.venv/lib/python3.11/site-packages/wx/__pycache__/glcanvas.cpython-311.pyc -> /Users/jamie/Documents/Projects/python/py2app-error/dist/Timer.app/Contents/Resources/lib/python3.11/wx/__pycache__/glcanvas.cpython-311.pyc
copying file /Users/jamie/Documents/Projects/python/py2app-error/.venv/lib/python3.11/site-packages/wx/__pycache__/media.cpython-311.pyc -> /Users/jamie/Documents/Projects/python/py2app-error/dist/Timer.app/Contents/Resources/lib/python3.11/wx/__pycache__/media.cpython-311.pyc
copying file /Users/jamie/Documents/Projects/python/py2app-error/.venv/lib/python3.11/site-packages/wx/__pycache__/richtext.cpython-311.pyc -> /Users/jamie/Documents/Projects/python/py2app-error/dist/Timer.app/Contents/Resources/lib/python3.11/wx/__pycache__/richtext.cpython-311.pyc
copying file /Users/jamie/Documents/Projects/python/py2app-error/.venv/lib/python3.11/site-packages/wx/__pycache__/__init__.cpython-311.pyc -> /Users/jamie/Documents/Projects/python/py2app-error/dist/Timer.app/Contents/Resources/lib/python3.11/wx/__pycache__/__init__.cpython-311.pyc
copying file /Users/jamie/Documents/Projects/python/py2app-error/.venv/lib/python3.11/site-packages/wx/__pycache__/adv.cpython-311.pyc -> /Users/jamie/Documents/Projects/python/py2app-error/dist/Timer.app/Contents/Resources/lib/python3.11/wx/__pycache__/adv.cpython-311.pyc
copying file /Users/jamie/Documents/Projects/python/py2app-error/.venv/lib/python3.11/site-packages/wx/xrc.pyi -> /Users/jamie/Documents/Projects/python/py2app-error/dist/Timer.app/Contents/Resources/lib/python3.11/wx/xrc.pyi
copying file /Users/jamie/Documents/Projects/python/py2app-error/.venv/lib/python3.11/site-packages/wx/adv.pyi -> /Users/jamie/Documents/Projects/python/py2app-error/dist/Timer.app/Contents/Resources/lib/python3.11/wx/adv.pyi
copying file /Users/jamie/Documents/Projects/python/py2app-error/.venv/lib/python3.11/site-packages/wx/stc.py -> /Users/jamie/Documents/Projects/python/py2app-error/dist/Timer.app/Contents/Resources/lib/python3.11/wx/stc.py
copying file /Users/jamie/Documents/Projects/python/py2app-error/.venv/lib/python3.11/site-packages/wx/libwx_osx_cocoau_adv-3.2.0.2.1.dylib -> /Users/jamie/Documents/Projects/python/py2app-error/dist/Timer.app/Contents/Resources/lib/python3.11/wx/libwx_osx_cocoau_adv-3.2.0.2.1.dylib
copying file /Users/jamie/Documents/Projects/python/py2app-error/.venv/lib/python3.11/site-packages/wx/libwx_osx_cocoau_html-3.2.0.2.1.dylib -> /Users/jamie/Documents/Projects/python/py2app-error/dist/Timer.app/Contents/Resources/lib/python3.11/wx/libwx_osx_cocoau_html-3.2.0.2.1.dylib
copying file /Users/jamie/Documents/Projects/python/py2app-error/.venv/lib/python3.11/site-packages/wx/_glcanvas.cpython-311-darwin.so -> /Users/jamie/Documents/Projects/python/py2app-error/dist/Timer.app/Contents/Resources/lib/python3.11/wx/_glcanvas.cpython-311-darwin.so
copying file /Users/jamie/Documents/Projects/python/py2app-error/.venv/lib/python3.11/site-packages/wx/libwx_osx_cocoau_core-3.2.0.2.1.dylib -> /Users/jamie/Documents/Projects/python/py2app-error/dist/Timer.app/Contents/Resources/lib/python3.11/wx/libwx_osx_cocoau_core-3.2.0.2.1.dylib
copying file /Users/jamie/Documents/Projects/python/py2app-error/.venv/lib/python3.11/site-packages/wx/html2.py -> /Users/jamie/Documents/Projects/python/py2app-error/dist/Timer.app/Contents/Resources/lib/python3.11/wx/html2.py
copying file /Users/jamie/Documents/Projects/python/py2app-error/.venv/lib/python3.11/site-packages/wx/stc.pyi -> /Users/jamie/Documents/Projects/python/py2app-error/dist/Timer.app/Contents/Resources/lib/python3.11/wx/stc.pyi
copying file /Users/jamie/Documents/Projects/python/py2app-error/.venv/lib/python3.11/site-packages/wx/_grid.cpython-311-darwin.so -> /Users/jamie/Documents/Projects/python/py2app-error/dist/Timer.app/Contents/Resources/lib/python3.11/wx/_grid.cpython-311-darwin.so
copying file /Users/jamie/Documents/Projects/python/py2app-error/.venv/lib/python3.11/site-packages/wx/_richtext.cpython-311-darwin.so -> /Users/jamie/Documents/Projects/python/py2app-error/dist/Timer.app/Contents/Resources/lib/python3.11/wx/_richtext.cpython-311-darwin.so
creating /Users/jamie/Documents/Projects/python/py2app-error/dist/Timer.app/Contents/Resources/lib/python3.11/wx/lib
copying file /Users/jamie/Documents/Projects/python/py2app-error/.venv/lib/python3.11/site-packages/wx/lib/infoframe.py -> /Users/jamie/Documents/Projects/python/py2app-error/dist/Timer.app/Contents/Resources/lib/python3.11/wx/lib/infoframe.py
copying file /Users/jamie/Documents/Projects/python/py2app-error/.venv/lib/python3.11/site-packages/wx/lib/colourselect.py -> /Users/jamie/Documents/Projects/python/py2app-error/dist/Timer.app/Contents/Resources/lib/python3.11/wx/lib/colourselect.py
creating /Users/jamie/Documents/Projects/python/py2app-error/dist/Timer.app/Contents/Resources/lib/python3.11/wx/lib/analogclock
copying file /Users/jamie/Documents/Projects/python/py2app-error/.venv/lib/python3.11/site-packages/wx/lib/analogclock/analogclock.py -> /Users/jamie/Documents/Projects/python/py2app-error/dist/Timer.app/Contents/Resources/lib/python3.11/wx/lib/analogclock/analogclock.py
creating /Users/jamie/Documents/Projects/python/py2app-error/dist/Timer.app/Contents/Resources/lib/python3.11/wx/lib/analogclock/lib_setup
copying file /Users/jamie/Documents/Projects/python/py2app-error/.venv/lib/python3.11/site-packages/wx/lib/analogclock/lib_setup/fontselect.py -> /Users/jamie/Documents/Projects/python/py2app-error/dist/Timer.app/Contents/Resources/lib/python3.11/wx/lib/analogclock/lib_setup/fontselect.py
copying file /Users/jamie/Documents/Projects/python/py2app-error/.venv/lib/python3.11/site-packages/wx/lib/analogclock/lib_setup/buttontreectrlpanel.py -> /Users/jamie/Documents/Projects/python/py2app-error/dist/Timer.app/Contents/Resources/lib/python3.11/wx/lib/analogclock/lib_setup/buttontreectrlpanel.py
copying file /Users/jamie/Documents/Projects/python/py2app-error/.venv/lib/python3.11/site-packages/wx/lib/analogclock/lib_setup/__init__.py -> /Users/jamie/Documents/Projects/python/py2app-error/dist/Timer.app/Contents/Resources/lib/python3.11/wx/lib/analogclock/lib_setup/__init__.py
creating /Users/jamie/Documents/Projects/python/py2app-error/dist/Timer.app/Contents/Resources/lib/python3.11/wx/lib/analogclock/lib_setup/__pycache__
copying file /Users/jamie/Documents/Projects/python/py2app-error/.venv/lib/python3.11/site-packages/wx/lib/analogclock/lib_setup/__pycache__/fontselect.cpython-311.pyc -> /Users/jamie/Documents/Projects/python/py2app-error/dist/Timer.app/Contents/Resources/lib/python3.11/wx/lib/analogclock/lib_setup/__pycache__/fontselect.cpython-311.pyc
copying file /Users/jamie/Documents/Projects/python/py2app-error/.venv/lib/python3.11/site-packages/wx/lib/analogclock/lib_setup/__pycache__/buttontreectrlpanel.cpython-311.pyc -> /Users/jamie/Documents/Projects/python/py2app-error/dist/Timer.app/Contents/Resources/lib/python3.11/wx/lib/analogclock/lib_setup/__pycache__/buttontreectrlpanel.cpython-311.pyc
copying file /Users/jamie/Documents/Projects/python/py2app-error/.venv/lib/python3.11/site-packages/wx/lib/analogclock/lib_setup/__pycache__/__init__.cpython-311.pyc -> /Users/jamie/Documents/Projects/python/py2app-error/dist/Timer.app/Contents/Resources/lib/python3.11/wx/lib/analogclock/lib_setup/__pycache__/__init__.cpython-311.pyc
copying file /Users/jamie/Documents/Projects/python/py2app-error/.venv/lib/python3.11/site-packages/wx/lib/analogclock/__init__.py -> /Users/jamie/Documents/Projects/python/py2app-error/dist/Timer.app/Contents/Resources/lib/python3.11/wx/lib/analogclock/__init__.py
creating /Users/jamie/Documents/Projects/python/py2app-error/dist/Timer.app/Contents/Resources/lib/python3.11/wx/lib/analogclock/__pycache__
copying file /Users/jamie/Documents/Projects/python/py2app-error/.venv/lib/python3.11/site-packages/wx/lib/analogclock/__pycache__/styles.cpython-311.pyc -> /Users/jamie/Documents/Projects/python/py2app-error/dist/Timer.app/Contents/Resources/lib/python3.11/wx/lib/analogclock/__pycache__/styles.cpython-311.pyc
copying file /Users/jamie/Documents/Projects/python/py2app-error/.venv/lib/python3.11/site-packages/wx/lib/analogclock/__pycache__/helpers.cpython-311.pyc -> /Users/jamie/Documents/Projects/python/py2app-error/dist/Timer.app/Contents/Resources/lib/python3.11/wx/lib/analogclock/__pycache__/helpers.cpython-311.pyc
copying file /Users/jamie/Documents/Projects/python/py2app-error/.venv/lib/python3.11/site-packages/wx/lib/analogclock/__pycache__/setup.cpython-311.pyc -> /Users/jamie/Documents/Projects/python/py2app-error/dist/Timer.app/Contents/Resources/lib/python3.11/wx/lib/analogclock/__pycache__/setup.cpython-311.pyc
copying file /Users/jamie/Documents/Projects/python/py2app-error/.venv/lib/python3.11/site-packages/wx/lib/analogclock/__pycache__/analogclock.cpython-311.pyc -> /Users/jamie/Documents/Projects/python/py2app-error/dist/Timer.app/Contents/Resources/lib/python3.11/wx/lib/analogclock/__pycache__/analogclock.cpython-311.pyc
copying file /Users/jamie/Documents/Projects/python/py2app-error/.venv/lib/python3.11/site-packages/wx/lib/analogclock/__pycache__/__init__.cpython-311.pyc -> /Users/jamie/Documents/Projects/python/py2app-error/dist/Timer.app/Contents/Resources/lib/python3.11/wx/lib/analogclock/__pycache__/__init__.cpython-311.pyc
copying file /Users/jamie/Documents/Projects/python/py2app-error/.venv/lib/python3.11/site-packages/wx/lib/analogclock/setup.py -> /Users/jamie/Documents/Projects/python/py2app-error/dist/Timer.app/Contents/Resources/lib/python3.11/wx/lib/analogclock/setup.py
copying file /Users/jamie/Documents/Projects/python/py2app-error/.venv/lib/python3.11/site-packages/wx/lib/analogclock/styles.py -> /Users/jamie/Documents/Projects/python/py2app-error/dist/Timer.app/Contents/Resources/lib/python3.11/wx/lib/analogclock/styles.py
copying file /Users/jamie/Documents/Projects/python/py2app-error/.venv/lib/python3.11/site-packages/wx/lib/analogclock/helpers.py -> /Users/jamie/Documents/Projects/python/py2app-error/dist/Timer.app/Contents/Resources/lib/python3.11/wx/lib/analogclock/helpers.py
copying file /Users/jamie/Documents/Projects/python/py2app-error/.venv/lib/python3.11/site-packages/wx/lib/rcsizer.py -> /Users/jamie/Documents/Projects/python/py2app-error/dist/Timer.app/Contents/Resources/lib/python3.11/wx/lib/rcsizer.py
copying file /Users/jamie/Documents/Projects/python/py2app-error/.venv/lib/python3.11/site-packages/wx/lib/graphics.py -> /Users/jamie/Documents/Projects/python/py2app-error/dist/Timer.app/Contents/Resources/lib/python3.11/wx/lib/graphics.py
copying file /Users/jamie/Documents/Projects/python/py2app-error/.venv/lib/python3.11/site-packages/wx/lib/softwareupdate.py -> /Users/jamie/Documents/Projects/python/py2app-error/dist/Timer.app/Contents/Resources/lib/python3.11/wx/lib/softwareupdate.py
copying file /Users/jamie/Documents/Projects/python/py2app-error/.venv/lib/python3.11/site-packages/wx/lib/throbber.py -> /Users/jamie/Documents/Projects/python/py2app-error/dist/Timer.app/Contents/Resources/lib/python3.11/wx/lib/throbber.py
copying file /Users/jamie/Documents/Projects/python/py2app-error/.venv/lib/python3.11/site-packages/wx/lib/scrolledpanel.py -> /Users/jamie/Documents/Projects/python/py2app-error/dist/Timer.app/Contents/Resources/lib/python3.11/wx/lib/scrolledpanel.py
creating /Users/jamie/Documents/Projects/python/py2app-error/dist/Timer.app/Contents/Resources/lib/python3.11/wx/lib/floatcanvas
copying file /Users/jamie/Documents/Projects/python/py2app-error/.venv/lib/python3.11/site-packages/wx/lib/floatcanvas/FloatCanvas.py -> /Users/jamie/Documents/Projects/python/py2app-error/dist/Timer.app/Contents/Resources/lib/python3.11/wx/lib/floatcanvas/FloatCanvas.py
copying file /Users/jamie/Documents/Projects/python/py2app-error/.venv/lib/python3.11/site-packages/wx/lib/floatcanvas/GUIMode.py -> /Users/jamie/Documents/Projects/python/py2app-error/dist/Timer.app/Contents/Resources/lib/python3.11/wx/lib/floatcanvas/GUIMode.py
copying file /Users/jamie/Documents/Projects/python/py2app-error/.venv/lib/python3.11/site-packages/wx/lib/floatcanvas/NavCanvas.py -> /Users/jamie/Documents/Projects/python/py2app-error/dist/Timer.app/Contents/Resources/lib/python3.11/wx/lib/floatcanvas/NavCanvas.py
copying file /Users/jamie/Documents/Projects/python/py2app-error/.venv/lib/python3.11/site-packages/wx/lib/floatcanvas/__init__.py -> /Users/jamie/Documents/Projects/python/py2app-error/dist/Timer.app/Contents/Resources/lib/python3.11/wx/lib/floatcanvas/__init__.py
creating /Users/jamie/Documents/Projects/python/py2app-error/dist/Timer.app/Contents/Resources/lib/python3.11/wx/lib/floatcanvas/__pycache__
copying file /Users/jamie/Documents/Projects/python/py2app-error/.venv/lib/python3.11/site-packages/wx/lib/floatcanvas/__pycache__/ScreenShot.cpython-311.pyc -> /Users/jamie/Documents/Projects/python/py2app-error/dist/Timer.app/Contents/Resources/lib/python3.11/wx/lib/floatcanvas/__pycache__/ScreenShot.cpython-311.pyc
copying file /Users/jamie/Documents/Projects/python/py2app-error/.venv/lib/python3.11/site-packages/wx/lib/floatcanvas/__pycache__/FloatCanvas.cpython-311.pyc -> /Users/jamie/Documents/Projects/python/py2app-error/dist/Timer.app/Contents/Resources/lib/python3.11/wx/lib/floatcanvas/__pycache__/FloatCanvas.cpython-311.pyc
copying file /Users/jamie/Documents/Projects/python/py2app-error/.venv/lib/python3.11/site-packages/wx/lib/floatcanvas/__pycache__/NavCanvas.cpython-311.pyc -> /Users/jamie/Documents/Projects/python/py2app-error/dist/Timer.app/Contents/Resources/lib/python3.11/wx/lib/floatcanvas/__pycache__/NavCanvas.cpython-311.pyc
copying file /Users/jamie/Documents/Projects/python/py2app-error/.venv/lib/python3.11/site-packages/wx/lib/floatcanvas/__pycache__/Resources.cpython-311.pyc -> /Users/jamie/Documents/Projects/python/py2app-error/dist/Timer.app/Contents/Resources/lib/python3.11/wx/lib/floatcanvas/__pycache__/Resources.cpython-311.pyc
copying file /Users/jamie/Documents/Projects/python/py2app-error/.venv/lib/python3.11/site-packages/wx/lib/floatcanvas/__pycache__/GUIMode.cpython-311.pyc -> /Users/jamie/Documents/Projects/python/py2app-error/dist/Timer.app/Contents/Resources/lib/python3.11/wx/lib/floatcanvas/__pycache__/GUIMode.cpython-311.pyc
copying file /Users/jamie/Documents/Projects/python/py2app-error/.venv/lib/python3.11/site-packages/wx/lib/floatcanvas/__pycache__/FCEvents.cpython-311.pyc -> /Users/jamie/Documents/Projects/python/py2app-error/dist/Timer.app/Contents/Resources/lib/python3.11/wx/lib/floatcanvas/__pycache__/FCEvents.cpython-311.pyc
copying file /Users/jamie/Documents/Projects/python/py2app-error/.venv/lib/python3.11/site-packages/wx/lib/floatcanvas/__pycache__/FCObjects.cpython-311.pyc -> /Users/jamie/Documents/Projects/python/py2app-error/dist/Timer.app/Contents/Resources/lib/python3.11/wx/lib/floatcanvas/__pycache__/FCObjects.cpython-311.pyc
copying file /Users/jamie/Documents/Projects/python/py2app-error/.venv/lib/python3.11/site-packages/wx/lib/floatcanvas/__pycache__/__init__.cpython-311.pyc -> /Users/jamie/Documents/Projects/python/py2app-error/dist/Timer.app/Contents/Resources/lib/python3.11/wx/lib/floatcanvas/__pycache__/__init__.cpython-311.pyc
creating /Users/jamie/Documents/Projects/python/py2app-error/dist/Timer.app/Contents/Resources/lib/python3.11/wx/lib/floatcanvas/Utilities
copying file /Users/jamie/Documents/Projects/python/py2app-error/.venv/lib/python3.11/site-packages/wx/lib/floatcanvas/Utilities/__init__.py -> /Users/jamie/Documents/Projects/python/py2app-error/dist/Timer.app/Contents/Resources/lib/python3.11/wx/lib/floatcanvas/Utilities/__init__.py
creating /Users/jamie/Documents/Projects/python/py2app-error/dist/Timer.app/Contents/Resources/lib/python3.11/wx/lib/floatcanvas/Utilities/__pycache__
copying file /Users/jamie/Documents/Projects/python/py2app-error/.venv/lib/python3.11/site-packages/wx/lib/floatcanvas/Utilities/__pycache__/GUI.cpython-311.pyc -> /Users/jamie/Documents/Projects/python/py2app-error/dist/Timer.app/Contents/Resources/lib/python3.11/wx/lib/floatcanvas/Utilities/__pycache__/GUI.cpython-311.pyc
copying file /Users/jamie/Documents/Projects/python/py2app-error/.venv/lib/python3.11/site-packages/wx/lib/floatcanvas/Utilities/__pycache__/Colors.cpython-311.pyc -> /Users/jamie/Documents/Projects/python/py2app-error/dist/Timer.app/Contents/Resources/lib/python3.11/wx/lib/floatcanvas/Utilities/__pycache__/Colors.cpython-311.pyc
copying file /Users/jamie/Documents/Projects/python/py2app-error/.venv/lib/python3.11/site-packages/wx/lib/floatcanvas/Utilities/__pycache__/BBox.cpython-311.pyc -> /Users/jamie/Documents/Projects/python/py2app-error/dist/Timer.app/Contents/Resources/lib/python3.11/wx/lib/floatcanvas/Utilities/__pycache__/BBox.cpython-311.pyc
copying file /Users/jamie/Documents/Projects/python/py2app-error/.venv/lib/python3.11/site-packages/wx/lib/floatcanvas/Utilities/__pycache__/__init__.cpython-311.pyc -> /Users/jamie/Documents/Projects/python/py2app-error/dist/Timer.app/Contents/Resources/lib/python3.11/wx/lib/floatcanvas/Utilities/__pycache__/__init__.cpython-311.pyc
copying file /Users/jamie/Documents/Projects/python/py2app-error/.venv/lib/python3.11/site-packages/wx/lib/floatcanvas/Utilities/GUI.py -> /Users/jamie/Documents/Projects/python/py2app-error/dist/Timer.app/Contents/Resources/lib/python3.11/wx/lib/floatcanvas/Utilities/GUI.py
copying file /Users/jamie/Documents/Projects/python/py2app-error/.venv/lib/python3.11/site-packages/wx/lib/floatcanvas/Utilities/BBox.py -> /Users/jamie/Documents/Projects/python/py2app-error/dist/Timer.app/Contents/Resources/lib/python3.11/wx/lib/floatcanvas/Utilities/BBox.py
copying file /Users/jamie/Documents/Projects/python/py2app-error/.venv/lib/python3.11/site-packages/wx/lib/floatcanvas/Utilities/Colors.py -> /Users/jamie/Documents/Projects/python/py2app-error/dist/Timer.app/Contents/Resources/lib/python3.11/wx/lib/floatcanvas/Utilities/Colors.py
copying file /Users/jamie/Documents/Projects/python/py2app-error/.venv/lib/python3.11/site-packages/wx/lib/floatcanvas/FCObjects.py -> /Users/jamie/Documents/Projects/python/py2app-error/dist/Timer.app/Contents/Resources/lib/python3.11/wx/lib/floatcanvas/FCObjects.py
copying file /Users/jamie/Documents/Projects/python/py2app-error/.venv/lib/python3.11/site-packages/wx/lib/floatcanvas/Resources.py -> /Users/jamie/Documents/Projects/python/py2app-error/dist/Timer.app/Contents/Resources/lib/python3.11/wx/lib/floatcanvas/Resources.py
copying file /Users/jamie/Documents/Projects/python/py2app-error/.venv/lib/python3.11/site-packages/wx/lib/floatcanvas/ScreenShot.py -> /Users/jamie/Documents/Projects/python/py2app-error/dist/Timer.app/Contents/Resources/lib/python3.11/wx/lib/floatcanvas/ScreenShot.py
copying file /Users/jamie/Documents/Projects/python/py2app-error/.venv/lib/python3.11/site-packages/wx/lib/floatcanvas/FCEvents.py -> /Users/jamie/Documents/Projects/python/py2app-error/dist/Timer.app/Contents/Resources/lib/python3.11/wx/lib/floatcanvas/FCEvents.py
copying file /Users/jamie/Documents/Projects/python/py2app-error/.venv/lib/python3.11/site-packages/wx/lib/CDate.py -> /Users/jamie/Documents/Projects/python/py2app-error/dist/Timer.app/Contents/Resources/lib/python3.11/wx/lib/CDate.py
copying file /Users/jamie/Documents/Projects/python/py2app-error/.venv/lib/python3.11/site-packages/wx/lib/statbmp.py -> /Users/jamie/Documents/Projects/python/py2app-error/dist/Timer.app/Contents/Resources/lib/python3.11/wx/lib/statbmp.py
copying file /Users/jamie/Documents/Projects/python/py2app-error/.venv/lib/python3.11/site-packages/wx/lib/pdfwin_old.py -> /Users/jamie/Documents/Projects/python/py2app-error/dist/Timer.app/Contents/Resources/lib/python3.11/wx/lib/pdfwin_old.py
copying file /Users/jamie/Documents/Projects/python/py2app-error/.venv/lib/python3.11/site-packages/wx/lib/printout.py -> /Users/jamie/Documents/Projects/python/py2app-error/dist/Timer.app/Contents/Resources/lib/python3.11/wx/lib/printout.py
copying file /Users/jamie/Documents/Projects/python/py2app-error/.venv/lib/python3.11/site-packages/wx/lib/platebtn.py -> /Users/jamie/Documents/Projects/python/py2app-error/dist/Timer.app/Contents/Resources/lib/python3.11/wx/lib/platebtn.py
copying file /Users/jamie/Documents/Projects/python/py2app-error/.venv/lib/python3.11/site-packages/wx/lib/myole4ax.tlb -> /Users/jamie/Documents/Projects/python/py2app-error/dist/Timer.app/Contents/Resources/lib/python3.11/wx/lib/myole4ax.tlb
copying file /Users/jamie/Documents/Projects/python/py2app-error/.venv/lib/python3.11/site-packages/wx/lib/stattext.py -> /Users/jamie/Documents/Projects/python/py2app-error/dist/Timer.app/Contents/Resources/lib/python3.11/wx/lib/stattext.py
creating /Users/jamie/Documents/Projects/python/py2app-error/dist/Timer.app/Contents/Resources/lib/python3.11/wx/lib/plot
copying file /Users/jamie/Documents/Projects/python/py2app-error/.venv/lib/python3.11/site-packages/wx/lib/plot/CHANGELOG.md -> /Users/jamie/Documents/Projects/python/py2app-error/dist/Timer.app/Contents/Resources/lib/python3.11/wx/lib/plot/CHANGELOG.md
copying file /Users/jamie/Documents/Projects/python/py2app-error/.venv/lib/python3.11/site-packages/wx/lib/plot/__init__.py -> /Users/jamie/Documents/Projects/python/py2app-error/dist/Timer.app/Contents/Resources/lib/python3.11/wx/lib/plot/__init__.py
creating /Users/jamie/Documents/Projects/python/py2app-error/dist/Timer.app/Contents/Resources/lib/python3.11/wx/lib/plot/__pycache__
copying file /Users/jamie/Documents/Projects/python/py2app-error/.venv/lib/python3.11/site-packages/wx/lib/plot/__pycache__/utils.cpython-311.pyc -> /Users/jamie/Documents/Projects/python/py2app-error/dist/Timer.app/Contents/Resources/lib/python3.11/wx/lib/plot/__pycache__/utils.cpython-311.pyc
copying file /Users/jamie/Documents/Projects/python/py2app-error/.venv/lib/python3.11/site-packages/wx/lib/plot/__pycache__/plotcanvas.cpython-311.pyc -> /Users/jamie/Documents/Projects/python/py2app-error/dist/Timer.app/Contents/Resources/lib/python3.11/wx/lib/plot/__pycache__/plotcanvas.cpython-311.pyc
copying file /Users/jamie/Documents/Projects/python/py2app-error/.venv/lib/python3.11/site-packages/wx/lib/plot/__pycache__/polyobjects.cpython-311.pyc -> /Users/jamie/Documents/Projects/python/py2app-error/dist/Timer.app/Contents/Resources/lib/python3.11/wx/lib/plot/__pycache__/polyobjects.cpython-311.pyc
copying file /Users/jamie/Documents/Projects/python/py2app-error/.venv/lib/python3.11/site-packages/wx/lib/plot/__pycache__/__init__.cpython-311.pyc -> /Users/jamie/Documents/Projects/python/py2app-error/dist/Timer.app/Contents/Resources/lib/python3.11/wx/lib/plot/__pycache__/__init__.cpython-311.pyc
copying file /Users/jamie/Documents/Projects/python/py2app-error/.venv/lib/python3.11/site-packages/wx/lib/plot/__pycache__/__main__.cpython-311.pyc -> /Users/jamie/Documents/Projects/python/py2app-error/dist/Timer.app/Contents/Resources/lib/python3.11/wx/lib/plot/__pycache__/__main__.cpython-311.pyc
copying file /Users/jamie/Documents/Projects/python/py2app-error/.venv/lib/python3.11/site-packages/wx/lib/plot/README.md -> /Users/jamie/Documents/Projects/python/py2app-error/dist/Timer.app/Contents/Resources/lib/python3.11/wx/lib/plot/README.md
copying file /Users/jamie/Documents/Projects/python/py2app-error/.venv/lib/python3.11/site-packages/wx/lib/plot/utils.py -> /Users/jamie/Documents/Projects/python/py2app-error/dist/Timer.app/Contents/Resources/lib/python3.11/wx/lib/plot/utils.py
copying file /Users/jamie/Documents/Projects/python/py2app-error/.venv/lib/python3.11/site-packages/wx/lib/plot/plotcanvas.py -> /Users/jamie/Documents/Projects/python/py2app-error/dist/Timer.app/Contents/Resources/lib/python3.11/wx/lib/plot/plotcanvas.py
creating /Users/jamie/Documents/Projects/python/py2app-error/dist/Timer.app/Contents/Resources/lib/python3.11/wx/lib/plot/examples
copying file /Users/jamie/Documents/Projects/python/py2app-error/.venv/lib/python3.11/site-packages/wx/lib/plot/examples/simple_example.py -> /Users/jamie/Documents/Projects/python/py2app-error/dist/Timer.app/Contents/Resources/lib/python3.11/wx/lib/plot/examples/simple_example.py
copying file /Users/jamie/Documents/Projects/python/py2app-error/.venv/lib/python3.11/site-packages/wx/lib/plot/examples/__init__.py -> /Users/jamie/Documents/Projects/python/py2app-error/dist/Timer.app/Contents/Resources/lib/python3.11/wx/lib/plot/examples/__init__.py
creating /Users/jamie/Documents/Projects/python/py2app-error/dist/Timer.app/Contents/Resources/lib/python3.11/wx/lib/plot/examples/__pycache__
copying file /Users/jamie/Documents/Projects/python/py2app-error/.venv/lib/python3.11/site-packages/wx/lib/plot/examples/__pycache__/simple_example.cpython-311.pyc -> /Users/jamie/Documents/Projects/python/py2app-error/dist/Timer.app/Contents/Resources/lib/python3.11/wx/lib/plot/examples/__pycache__/simple_example.cpython-311.pyc
copying file /Users/jamie/Documents/Projects/python/py2app-error/.venv/lib/python3.11/site-packages/wx/lib/plot/examples/__pycache__/demo.cpython-311.pyc -> /Users/jamie/Documents/Projects/python/py2app-error/dist/Timer.app/Contents/Resources/lib/python3.11/wx/lib/plot/examples/__pycache__/demo.cpython-311.pyc
copying file /Users/jamie/Documents/Projects/python/py2app-error/.venv/lib/python3.11/site-packages/wx/lib/plot/examples/__pycache__/__init__.cpython-311.pyc -> /Users/jamie/Documents/Projects/python/py2app-error/dist/Timer.app/Contents/Resources/lib/python3.11/wx/lib/plot/examples/__pycache__/__init__.cpython-311.pyc
copying file /Users/jamie/Documents/Projects/python/py2app-error/.venv/lib/python3.11/site-packages/wx/lib/plot/examples/demo.py -> /Users/jamie/Documents/Projects/python/py2app-error/dist/Timer.app/Contents/Resources/lib/python3.11/wx/lib/plot/examples/demo.py
copying file /Users/jamie/Documents/Projects/python/py2app-error/.venv/lib/python3.11/site-packages/wx/lib/plot/polyobjects.py -> /Users/jamie/Documents/Projects/python/py2app-error/dist/Timer.app/Contents/Resources/lib/python3.11/wx/lib/plot/polyobjects.py
copying file /Users/jamie/Documents/Projects/python/py2app-error/.venv/lib/python3.11/site-packages/wx/lib/plot/__main__.py -> /Users/jamie/Documents/Projects/python/py2app-error/dist/Timer.app/Contents/Resources/lib/python3.11/wx/lib/plot/__main__.py
copying file /Users/jamie/Documents/Projects/python/py2app-error/.venv/lib/python3.11/site-packages/wx/lib/myole4ax.idl -> /Users/jamie/Documents/Projects/python/py2app-error/dist/Timer.app/Contents/Resources/lib/python3.11/wx/lib/myole4ax.idl
copying file /Users/jamie/Documents/Projects/python/py2app-error/.venv/lib/python3.11/site-packages/wx/lib/intctrl.py -> /Users/jamie/Documents/Projects/python/py2app-error/dist/Timer.app/Contents/Resources/lib/python3.11/wx/lib/intctrl.py
copying file /Users/jamie/Documents/Projects/python/py2app-error/.venv/lib/python3.11/site-packages/wx/lib/sized_controls.py -> /Users/jamie/Documents/Projects/python/py2app-error/dist/Timer.app/Contents/Resources/lib/python3.11/wx/lib/sized_controls.py
creating /Users/jamie/Documents/Projects/python/py2app-error/dist/Timer.app/Contents/Resources/lib/python3.11/wx/lib/mixins
copying file /Users/jamie/Documents/Projects/python/py2app-error/.venv/lib/python3.11/site-packages/wx/lib/mixins/gridlabelrenderer.py -> /Users/jamie/Documents/Projects/python/py2app-error/dist/Timer.app/Contents/Resources/lib/python3.11/wx/lib/mixins/gridlabelrenderer.py
copying file /Users/jamie/Documents/Projects/python/py2app-error/.venv/lib/python3.11/site-packages/wx/lib/mixins/grid.py -> /Users/jamie/Documents/Projects/python/py2app-error/dist/Timer.app/Contents/Resources/lib/python3.11/wx/lib/mixins/grid.py
copying file /Users/jamie/Documents/Projects/python/py2app-error/.venv/lib/python3.11/site-packages/wx/lib/mixins/treemixin.py -> /Users/jamie/Documents/Projects/python/py2app-error/dist/Timer.app/Contents/Resources/lib/python3.11/wx/lib/mixins/treemixin.py
copying file /Users/jamie/Documents/Projects/python/py2app-error/.venv/lib/python3.11/site-packages/wx/lib/mixins/rubberband.py -> /Users/jamie/Documents/Projects/python/py2app-error/dist/Timer.app/Contents/Resources/lib/python3.11/wx/lib/mixins/rubberband.py
copying file /Users/jamie/Documents/Projects/python/py2app-error/.venv/lib/python3.11/site-packages/wx/lib/mixins/__init__.py -> /Users/jamie/Documents/Projects/python/py2app-error/dist/Timer.app/Contents/Resources/lib/python3.11/wx/lib/mixins/__init__.py
creating /Users/jamie/Documents/Projects/python/py2app-error/dist/Timer.app/Contents/Resources/lib/python3.11/wx/lib/mixins/__pycache__
copying file /Users/jamie/Documents/Projects/python/py2app-error/.venv/lib/python3.11/site-packages/wx/lib/mixins/__pycache__/rubberband.cpython-311.pyc -> /Users/jamie/Documents/Projects/python/py2app-error/dist/Timer.app/Contents/Resources/lib/python3.11/wx/lib/mixins/__pycache__/rubberband.cpython-311.pyc
copying file /Users/jamie/Documents/Projects/python/py2app-error/.venv/lib/python3.11/site-packages/wx/lib/mixins/__pycache__/imagelist.cpython-311.pyc -> /Users/jamie/Documents/Projects/python/py2app-error/dist/Timer.app/Contents/Resources/lib/python3.11/wx/lib/mixins/__pycache__/imagelist.cpython-311.pyc
copying file /Users/jamie/Documents/Projects/python/py2app-error/.venv/lib/python3.11/site-packages/wx/lib/mixins/__pycache__/gridlabelrenderer.cpython-311.pyc -> /Users/jamie/Documents/Projects/python/py2app-error/dist/Timer.app/Contents/Resources/lib/python3.11/wx/lib/mixins/__pycache__/gridlabelrenderer.cpython-311.pyc
copying file /Users/jamie/Documents/Projects/python/py2app-error/.venv/lib/python3.11/site-packages/wx/lib/mixins/__pycache__/listctrl.cpython-311.pyc -> /Users/jamie/Documents/Projects/python/py2app-error/dist/Timer.app/Contents/Resources/lib/python3.11/wx/lib/mixins/__pycache__/listctrl.cpython-311.pyc
copying file /Users/jamie/Documents/Projects/python/py2app-error/.venv/lib/python3.11/site-packages/wx/lib/mixins/__pycache__/treemixin.cpython-311.pyc -> /Users/jamie/Documents/Projects/python/py2app-error/dist/Timer.app/Contents/Resources/lib/python3.11/wx/lib/mixins/__pycache__/treemixin.cpython-311.pyc
copying file /Users/jamie/Documents/Projects/python/py2app-error/.venv/lib/python3.11/site-packages/wx/lib/mixins/__pycache__/grid.cpython-311.pyc -> /Users/jamie/Documents/Projects/python/py2app-error/dist/Timer.app/Contents/Resources/lib/python3.11/wx/lib/mixins/__pycache__/grid.cpython-311.pyc
copying file /Users/jamie/Documents/Projects/python/py2app-error/.venv/lib/python3.11/site-packages/wx/lib/mixins/__pycache__/inspection.cpython-311.pyc -> /Users/jamie/Documents/Projects/python/py2app-error/dist/Timer.app/Contents/Resources/lib/python3.11/wx/lib/mixins/__pycache__/inspection.cpython-311.pyc
copying file /Users/jamie/Documents/Projects/python/py2app-error/.venv/lib/python3.11/site-packages/wx/lib/mixins/__pycache__/__init__.cpython-311.pyc -> /Users/jamie/Documents/Projects/python/py2app-error/dist/Timer.app/Contents/Resources/lib/python3.11/wx/lib/mixins/__pycache__/__init__.cpython-311.pyc
copying file /Users/jamie/Documents/Projects/python/py2app-error/.venv/lib/python3.11/site-packages/wx/lib/mixins/inspection.py -> /Users/jamie/Documents/Projects/python/py2app-error/dist/Timer.app/Contents/Resources/lib/python3.11/wx/lib/mixins/inspection.py
copying file /Users/jamie/Documents/Projects/python/py2app-error/.venv/lib/python3.11/site-packages/wx/lib/mixins/imagelist.py -> /Users/jamie/Documents/Projects/python/py2app-error/dist/Timer.app/Contents/Resources/lib/python3.11/wx/lib/mixins/imagelist.py
copying file /Users/jamie/Documents/Projects/python/py2app-error/.venv/lib/python3.11/site-packages/wx/lib/mixins/listctrl.py -> /Users/jamie/Documents/Projects/python/py2app-error/dist/Timer.app/Contents/Resources/lib/python3.11/wx/lib/mixins/listctrl.py
copying file /Users/jamie/Documents/Projects/python/py2app-error/.venv/lib/python3.11/site-packages/wx/lib/flashwin_old.py -> /Users/jamie/Documents/Projects/python/py2app-error/dist/Timer.app/Contents/Resources/lib/python3.11/wx/lib/flashwin_old.py
copying file /Users/jamie/Documents/Projects/python/py2app-error/.venv/lib/python3.11/site-packages/wx/lib/colourdb.py -> /Users/jamie/Documents/Projects/python/py2app-error/dist/Timer.app/Contents/Resources/lib/python3.11/wx/lib/colourdb.py
copying file /Users/jamie/Documents/Projects/python/py2app-error/.venv/lib/python3.11/site-packages/wx/lib/imagebrowser.py -> /Users/jamie/Documents/Projects/python/py2app-error/dist/Timer.app/Contents/Resources/lib/python3.11/wx/lib/imagebrowser.py
creating /Users/jamie/Documents/Projects/python/py2app-error/dist/Timer.app/Contents/Resources/lib/python3.11/wx/lib/gizmos
copying file /Users/jamie/Documents/Projects/python/py2app-error/.venv/lib/python3.11/site-packages/wx/lib/gizmos/treelistctrl.py -> /Users/jamie/Documents/Projects/python/py2app-error/dist/Timer.app/Contents/Resources/lib/python3.11/wx/lib/gizmos/treelistctrl.py
copying file /Users/jamie/Documents/Projects/python/py2app-error/.venv/lib/python3.11/site-packages/wx/lib/gizmos/dynamicsash.py -> /Users/jamie/Documents/Projects/python/py2app-error/dist/Timer.app/Contents/Resources/lib/python3.11/wx/lib/gizmos/dynamicsash.py
copying file /Users/jamie/Documents/Projects/python/py2app-error/.venv/lib/python3.11/site-packages/wx/lib/gizmos/__init__.py -> /Users/jamie/Documents/Projects/python/py2app-error/dist/Timer.app/Contents/Resources/lib/python3.11/wx/lib/gizmos/__init__.py
creating /Users/jamie/Documents/Projects/python/py2app-error/dist/Timer.app/Contents/Resources/lib/python3.11/wx/lib/gizmos/__pycache__
copying file /Users/jamie/Documents/Projects/python/py2app-error/.venv/lib/python3.11/site-packages/wx/lib/gizmos/__pycache__/dynamicsash.cpython-311.pyc -> /Users/jamie/Documents/Projects/python/py2app-error/dist/Timer.app/Contents/Resources/lib/python3.11/wx/lib/gizmos/__pycache__/dynamicsash.cpython-311.pyc
copying file /Users/jamie/Documents/Projects/python/py2app-error/.venv/lib/python3.11/site-packages/wx/lib/gizmos/__pycache__/treelistctrl.cpython-311.pyc -> /Users/jamie/Documents/Projects/python/py2app-error/dist/Timer.app/Contents/Resources/lib/python3.11/wx/lib/gizmos/__pycache__/treelistctrl.cpython-311.pyc
copying file /Users/jamie/Documents/Projects/python/py2app-error/.venv/lib/python3.11/site-packages/wx/lib/gizmos/__pycache__/ledctrl.cpython-311.pyc -> /Users/jamie/Documents/Projects/python/py2app-error/dist/Timer.app/Contents/Resources/lib/python3.11/wx/lib/gizmos/__pycache__/ledctrl.cpython-311.pyc
copying file /Users/jamie/Documents/Projects/python/py2app-error/.venv/lib/python3.11/site-packages/wx/lib/gizmos/__pycache__/__init__.cpython-311.pyc -> /Users/jamie/Documents/Projects/python/py2app-error/dist/Timer.app/Contents/Resources/lib/python3.11/wx/lib/gizmos/__pycache__/__init__.cpython-311.pyc
copying file /Users/jamie/Documents/Projects/python/py2app-error/.venv/lib/python3.11/site-packages/wx/lib/gizmos/ledctrl.py -> /Users/jamie/Documents/Projects/python/py2app-error/dist/Timer.app/Contents/Resources/lib/python3.11/wx/lib/gizmos/ledctrl.py
creating /Users/jamie/Documents/Projects/python/py2app-error/dist/Timer.app/Contents/Resources/lib/python3.11/wx/lib/art
copying file /Users/jamie/Documents/Projects/python/py2app-error/.venv/lib/python3.11/site-packages/wx/lib/art/img2pyartprov.py -> /Users/jamie/Documents/Projects/python/py2app-error/dist/Timer.app/Contents/Resources/lib/python3.11/wx/lib/art/img2pyartprov.py
copying file /Users/jamie/Documents/Projects/python/py2app-error/.venv/lib/python3.11/site-packages/wx/lib/art/flagart.py -> /Users/jamie/Documents/Projects/python/py2app-error/dist/Timer.app/Contents/Resources/lib/python3.11/wx/lib/art/flagart.py
copying file /Users/jamie/Documents/Projects/python/py2app-error/.venv/lib/python3.11/site-packages/wx/lib/art/__init__.py -> /Users/jamie/Documents/Projects/python/py2app-error/dist/Timer.app/Contents/Resources/lib/python3.11/wx/lib/art/__init__.py
creating /Users/jamie/Documents/Projects/python/py2app-error/dist/Timer.app/Contents/Resources/lib/python3.11/wx/lib/art/__pycache__
copying file /Users/jamie/Documents/Projects/python/py2app-error/.venv/lib/python3.11/site-packages/wx/lib/art/__pycache__/img2pyartprov.cpython-311.pyc -> /Users/jamie/Documents/Projects/python/py2app-error/dist/Timer.app/Contents/Resources/lib/python3.11/wx/lib/art/__pycache__/img2pyartprov.cpython-311.pyc
copying file /Users/jamie/Documents/Projects/python/py2app-error/.venv/lib/python3.11/site-packages/wx/lib/art/__pycache__/flagart.cpython-311.pyc -> /Users/jamie/Documents/Projects/python/py2app-error/dist/Timer.app/Contents/Resources/lib/python3.11/wx/lib/art/__pycache__/flagart.cpython-311.pyc
copying file /Users/jamie/Documents/Projects/python/py2app-error/.venv/lib/python3.11/site-packages/wx/lib/art/__pycache__/__init__.cpython-311.pyc -> /Users/jamie/Documents/Projects/python/py2app-error/dist/Timer.app/Contents/Resources/lib/python3.11/wx/lib/art/__pycache__/__init__.cpython-311.pyc
copying file /Users/jamie/Documents/Projects/python/py2app-error/.venv/lib/python3.11/site-packages/wx/lib/iewin.py -> /Users/jamie/Documents/Projects/python/py2app-error/dist/Timer.app/Contents/Resources/lib/python3.11/wx/lib/iewin.py
copying file /Users/jamie/Documents/Projects/python/py2app-error/.venv/lib/python3.11/site-packages/wx/lib/gridmovers.py -> /Users/jamie/Documents/Projects/python/py2app-error/dist/Timer.app/Contents/Resources/lib/python3.11/wx/lib/gridmovers.py
copying file /Users/jamie/Documents/Projects/python/py2app-error/.venv/lib/python3.11/site-packages/wx/lib/fancytext.py -> /Users/jamie/Documents/Projects/python/py2app-error/dist/Timer.app/Contents/Resources/lib/python3.11/wx/lib/fancytext.py
creating /Users/jamie/Documents/Projects/python/py2app-error/dist/Timer.app/Contents/Resources/lib/python3.11/wx/lib/pdfviewer
creating /Users/jamie/Documents/Projects/python/py2app-error/dist/Timer.app/Contents/Resources/lib/python3.11/wx/lib/pdfviewer/bitmaps
copying file /Users/jamie/Documents/Projects/python/py2app-error/.venv/lib/python3.11/site-packages/wx/lib/pdfviewer/bitmaps/ArrowRight.png -> /Users/jamie/Documents/Projects/python/py2app-error/dist/Timer.app/Contents/Resources/lib/python3.11/wx/lib/pdfviewer/bitmaps/ArrowRight.png
copying file /Users/jamie/Documents/Projects/python/py2app-error/.venv/lib/python3.11/site-packages/wx/lib/pdfviewer/bitmaps/DirectionV.png -> /Users/jamie/Documents/Projects/python/py2app-error/dist/Timer.app/Contents/Resources/lib/python3.11/wx/lib/pdfviewer/bitmaps/DirectionV.png
copying file /Users/jamie/Documents/Projects/python/py2app-error/.venv/lib/python3.11/site-packages/wx/lib/pdfviewer/bitmaps/encode_bitmaps.py -> /Users/jamie/Documents/Projects/python/py2app-error/dist/Timer.app/Contents/Resources/lib/python3.11/wx/lib/pdfviewer/bitmaps/encode_bitmaps.py
copying file /Users/jamie/Documents/Projects/python/py2app-error/.venv/lib/python3.11/site-packages/wx/lib/pdfviewer/bitmaps/PlayerFirst.png -> /Users/jamie/Documents/Projects/python/py2app-error/dist/Timer.app/Contents/Resources/lib/python3.11/wx/lib/pdfviewer/bitmaps/PlayerFirst.png
creating /Users/jamie/Documents/Projects/python/py2app-error/dist/Timer.app/Contents/Resources/lib/python3.11/wx/lib/pdfviewer/bitmaps/__pycache__
copying file /Users/jamie/Documents/Projects/python/py2app-error/.venv/lib/python3.11/site-packages/wx/lib/pdfviewer/bitmaps/__pycache__/encode_bitmaps.cpython-311.pyc -> /Users/jamie/Documents/Projects/python/py2app-error/dist/Timer.app/Contents/Resources/lib/python3.11/wx/lib/pdfviewer/bitmaps/__pycache__/encode_bitmaps.cpython-311.pyc
copying file /Users/jamie/Documents/Projects/python/py2app-error/.venv/lib/python3.11/site-packages/wx/lib/pdfviewer/bitmaps/ZoomOut.png -> /Users/jamie/Documents/Projects/python/py2app-error/dist/Timer.app/Contents/Resources/lib/python3.11/wx/lib/pdfviewer/bitmaps/ZoomOut.png
copying file /Users/jamie/Documents/Projects/python/py2app-error/.venv/lib/python3.11/site-packages/wx/lib/pdfviewer/bitmaps/ArrowLeft.png -> /Users/jamie/Documents/Projects/python/py2app-error/dist/Timer.app/Contents/Resources/lib/python3.11/wx/lib/pdfviewer/bitmaps/ArrowLeft.png
copying file /Users/jamie/Documents/Projects/python/py2app-error/.venv/lib/python3.11/site-packages/wx/lib/pdfviewer/bitmaps/PlayerLast.png -> /Users/jamie/Documents/Projects/python/py2app-error/dist/Timer.app/Contents/Resources/lib/python3.11/wx/lib/pdfviewer/bitmaps/PlayerLast.png
copying file /Users/jamie/Documents/Projects/python/py2app-error/.venv/lib/python3.11/site-packages/wx/lib/pdfviewer/bitmaps/ReadMe.txt -> /Users/jamie/Documents/Projects/python/py2app-error/dist/Timer.app/Contents/Resources/lib/python3.11/wx/lib/pdfviewer/bitmaps/ReadMe.txt
copying file /Users/jamie/Documents/Projects/python/py2app-error/.venv/lib/python3.11/site-packages/wx/lib/pdfviewer/bitmaps/PlayerNext.png -> /Users/jamie/Documents/Projects/python/py2app-error/dist/Timer.app/Contents/Resources/lib/python3.11/wx/lib/pdfviewer/bitmaps/PlayerNext.png
copying file /Users/jamie/Documents/Projects/python/py2app-error/.venv/lib/python3.11/site-packages/wx/lib/pdfviewer/bitmaps/PlayerPrev.png -> /Users/jamie/Documents/Projects/python/py2app-error/dist/Timer.app/Contents/Resources/lib/python3.11/wx/lib/pdfviewer/bitmaps/PlayerPrev.png
copying file /Users/jamie/Documents/Projects/python/py2app-error/.venv/lib/python3.11/site-packages/wx/lib/pdfviewer/bitmaps/Printer.png -> /Users/jamie/Documents/Projects/python/py2app-error/dist/Timer.app/Contents/Resources/lib/python3.11/wx/lib/pdfviewer/bitmaps/Printer.png
copying file /Users/jamie/Documents/Projects/python/py2app-error/.venv/lib/python3.11/site-packages/wx/lib/pdfviewer/bitmaps/Save.png -> /Users/jamie/Documents/Projects/python/py2app-error/dist/Timer.app/Contents/Resources/lib/python3.11/wx/lib/pdfviewer/bitmaps/Save.png
copying file /Users/jamie/Documents/Projects/python/py2app-error/.venv/lib/python3.11/site-packages/wx/lib/pdfviewer/bitmaps/ZoomIn.png -> /Users/jamie/Documents/Projects/python/py2app-error/dist/Timer.app/Contents/Resources/lib/python3.11/wx/lib/pdfviewer/bitmaps/ZoomIn.png
copying file /Users/jamie/Documents/Projects/python/py2app-error/.venv/lib/python3.11/site-packages/wx/lib/pdfviewer/bitmaps/DirectionH.png -> /Users/jamie/Documents/Projects/python/py2app-error/dist/Timer.app/Contents/Resources/lib/python3.11/wx/lib/pdfviewer/bitmaps/DirectionH.png
copying file /Users/jamie/Documents/Projects/python/py2app-error/.venv/lib/python3.11/site-packages/wx/lib/pdfviewer/viewer.py -> /Users/jamie/Documents/Projects/python/py2app-error/dist/Timer.app/Contents/Resources/lib/python3.11/wx/lib/pdfviewer/viewer.py
copying file /Users/jamie/Documents/Projects/python/py2app-error/.venv/lib/python3.11/site-packages/wx/lib/pdfviewer/buttonpanel.py -> /Users/jamie/Documents/Projects/python/py2app-error/dist/Timer.app/Contents/Resources/lib/python3.11/wx/lib/pdfviewer/buttonpanel.py
copying file /Users/jamie/Documents/Projects/python/py2app-error/.venv/lib/python3.11/site-packages/wx/lib/pdfviewer/__init__.py -> /Users/jamie/Documents/Projects/python/py2app-error/dist/Timer.app/Contents/Resources/lib/python3.11/wx/lib/pdfviewer/__init__.py
creating /Users/jamie/Documents/Projects/python/py2app-error/dist/Timer.app/Contents/Resources/lib/python3.11/wx/lib/pdfviewer/__pycache__
copying file /Users/jamie/Documents/Projects/python/py2app-error/.venv/lib/python3.11/site-packages/wx/lib/pdfviewer/__pycache__/images.cpython-311.pyc -> /Users/jamie/Documents/Projects/python/py2app-error/dist/Timer.app/Contents/Resources/lib/python3.11/wx/lib/pdfviewer/__pycache__/images.cpython-311.pyc
copying file /Users/jamie/Documents/Projects/python/py2app-error/.venv/lib/python3.11/site-packages/wx/lib/pdfviewer/__pycache__/viewer.cpython-311.pyc -> /Users/jamie/Documents/Projects/python/py2app-error/dist/Timer.app/Contents/Resources/lib/python3.11/wx/lib/pdfviewer/__pycache__/viewer.cpython-311.pyc
copying file /Users/jamie/Documents/Projects/python/py2app-error/.venv/lib/python3.11/site-packages/wx/lib/pdfviewer/__pycache__/buttonpanel.cpython-311.pyc -> /Users/jamie/Documents/Projects/python/py2app-error/dist/Timer.app/Contents/Resources/lib/python3.11/wx/lib/pdfviewer/__pycache__/buttonpanel.cpython-311.pyc
copying file /Users/jamie/Documents/Projects/python/py2app-error/.venv/lib/python3.11/site-packages/wx/lib/pdfviewer/__pycache__/__init__.cpython-311.pyc -> /Users/jamie/Documents/Projects/python/py2app-error/dist/Timer.app/Contents/Resources/lib/python3.11/wx/lib/pdfviewer/__pycache__/__init__.cpython-311.pyc
copying file /Users/jamie/Documents/Projects/python/py2app-error/.venv/lib/python3.11/site-packages/wx/lib/pdfviewer/images.py -> /Users/jamie/Documents/Projects/python/py2app-error/dist/Timer.app/Contents/Resources/lib/python3.11/wx/lib/pdfviewer/images.py
copying file /Users/jamie/Documents/Projects/python/py2app-error/.venv/lib/python3.11/site-packages/wx/lib/foldmenu.py -> /Users/jamie/Documents/Projects/python/py2app-error/dist/Timer.app/Contents/Resources/lib/python3.11/wx/lib/foldmenu.py
copying file /Users/jamie/Documents/Projects/python/py2app-error/.venv/lib/python3.11/site-packages/wx/lib/iewin_old.py -> /Users/jamie/Documents/Projects/python/py2app-error/dist/Timer.app/Contents/Resources/lib/python3.11/wx/lib/iewin_old.py
copying file /Users/jamie/Documents/Projects/python/py2app-error/.venv/lib/python3.11/site-packages/wx/lib/multisash.py -> /Users/jamie/Documents/Projects/python/py2app-error/dist/Timer.app/Contents/Resources/lib/python3.11/wx/lib/multisash.py
copying file /Users/jamie/Documents/Projects/python/py2app-error/.venv/lib/python3.11/site-packages/wx/lib/flashwin.py -> /Users/jamie/Documents/Projects/python/py2app-error/dist/Timer.app/Contents/Resources/lib/python3.11/wx/lib/flashwin.py
copying file /Users/jamie/Documents/Projects/python/py2app-error/.venv/lib/python3.11/site-packages/wx/lib/docview.py -> /Users/jamie/Documents/Projects/python/py2app-error/dist/Timer.app/Contents/Resources/lib/python3.11/wx/lib/docview.py
creating /Users/jamie/Documents/Projects/python/py2app-error/dist/Timer.app/Contents/Resources/lib/python3.11/wx/lib/colourchooser
copying file /Users/jamie/Documents/Projects/python/py2app-error/.venv/lib/python3.11/site-packages/wx/lib/colourchooser/intl.py -> /Users/jamie/Documents/Projects/python/py2app-error/dist/Timer.app/Contents/Resources/lib/python3.11/wx/lib/colourchooser/intl.py
copying file /Users/jamie/Documents/Projects/python/py2app-error/.venv/lib/python3.11/site-packages/wx/lib/colourchooser/pycolourslider.py -> /Users/jamie/Documents/Projects/python/py2app-error/dist/Timer.app/Contents/Resources/lib/python3.11/wx/lib/colourchooser/pycolourslider.py
copying file /Users/jamie/Documents/Projects/python/py2app-error/.venv/lib/python3.11/site-packages/wx/lib/colourchooser/__init__.py -> /Users/jamie/Documents/Projects/python/py2app-error/dist/Timer.app/Contents/Resources/lib/python3.11/wx/lib/colourchooser/__init__.py
creating /Users/jamie/Documents/Projects/python/py2app-error/dist/Timer.app/Contents/Resources/lib/python3.11/wx/lib/colourchooser/__pycache__
copying file /Users/jamie/Documents/Projects/python/py2app-error/.venv/lib/python3.11/site-packages/wx/lib/colourchooser/__pycache__/pycolourbox.cpython-311.pyc -> /Users/jamie/Documents/Projects/python/py2app-error/dist/Timer.app/Contents/Resources/lib/python3.11/wx/lib/colourchooser/__pycache__/pycolourbox.cpython-311.pyc
copying file /Users/jamie/Documents/Projects/python/py2app-error/.venv/lib/python3.11/site-packages/wx/lib/colourchooser/__pycache__/canvas.cpython-311.pyc -> /Users/jamie/Documents/Projects/python/py2app-error/dist/Timer.app/Contents/Resources/lib/python3.11/wx/lib/colourchooser/__pycache__/canvas.cpython-311.pyc
copying file /Users/jamie/Documents/Projects/python/py2app-error/.venv/lib/python3.11/site-packages/wx/lib/colourchooser/__pycache__/intl.cpython-311.pyc -> /Users/jamie/Documents/Projects/python/py2app-error/dist/Timer.app/Contents/Resources/lib/python3.11/wx/lib/colourchooser/__pycache__/intl.cpython-311.pyc
copying file /Users/jamie/Documents/Projects/python/py2app-error/.venv/lib/python3.11/site-packages/wx/lib/colourchooser/__pycache__/pycolourslider.cpython-311.pyc -> /Users/jamie/Documents/Projects/python/py2app-error/dist/Timer.app/Contents/Resources/lib/python3.11/wx/lib/colourchooser/__pycache__/pycolourslider.cpython-311.pyc
copying file /Users/jamie/Documents/Projects/python/py2app-error/.venv/lib/python3.11/site-packages/wx/lib/colourchooser/__pycache__/pycolourchooser.cpython-311.pyc -> /Users/jamie/Documents/Projects/python/py2app-error/dist/Timer.app/Contents/Resources/lib/python3.11/wx/lib/colourchooser/__pycache__/pycolourchooser.cpython-311.pyc
copying file /Users/jamie/Documents/Projects/python/py2app-error/.venv/lib/python3.11/site-packages/wx/lib/colourchooser/__pycache__/pypalette.cpython-311.pyc -> /Users/jamie/Documents/Projects/python/py2app-error/dist/Timer.app/Contents/Resources/lib/python3.11/wx/lib/colourchooser/__pycache__/pypalette.cpython-311.pyc
copying file /Users/jamie/Documents/Projects/python/py2app-error/.venv/lib/python3.11/site-packages/wx/lib/colourchooser/__pycache__/__init__.cpython-311.pyc -> /Users/jamie/Documents/Projects/python/py2app-error/dist/Timer.app/Contents/Resources/lib/python3.11/wx/lib/colourchooser/__pycache__/__init__.cpython-311.pyc
copying file /Users/jamie/Documents/Projects/python/py2app-error/.venv/lib/python3.11/site-packages/wx/lib/colourchooser/pycolourchooser.py -> /Users/jamie/Documents/Projects/python/py2app-error/dist/Timer.app/Contents/Resources/lib/python3.11/wx/lib/colourchooser/pycolourchooser.py
copying file /Users/jamie/Documents/Projects/python/py2app-error/.venv/lib/python3.11/site-packages/wx/lib/colourchooser/pypalette.py -> /Users/jamie/Documents/Projects/python/py2app-error/dist/Timer.app/Contents/Resources/lib/python3.11/wx/lib/colourchooser/pypalette.py
copying file /Users/jamie/Documents/Projects/python/py2app-error/.venv/lib/python3.11/site-packages/wx/lib/colourchooser/pycolourbox.py -> /Users/jamie/Documents/Projects/python/py2app-error/dist/Timer.app/Contents/Resources/lib/python3.11/wx/lib/colourchooser/pycolourbox.py
copying file /Users/jamie/Documents/Projects/python/py2app-error/.venv/lib/python3.11/site-packages/wx/lib/colourchooser/canvas.py -> /Users/jamie/Documents/Projects/python/py2app-error/dist/Timer.app/Contents/Resources/lib/python3.11/wx/lib/colourchooser/canvas.py
copying file /Users/jamie/Documents/Projects/python/py2app-error/.venv/lib/python3.11/site-packages/wx/lib/resizewidget.py -> /Users/jamie/Documents/Projects/python/py2app-error/dist/Timer.app/Contents/Resources/lib/python3.11/wx/lib/resizewidget.py
copying file /Users/jamie/Documents/Projects/python/py2app-error/.venv/lib/python3.11/site-packages/wx/lib/splitter.py -> /Users/jamie/Documents/Projects/python/py2app-error/dist/Timer.app/Contents/Resources/lib/python3.11/wx/lib/splitter.py
copying file /Users/jamie/Documents/Projects/python/py2app-error/.venv/lib/python3.11/site-packages/wx/lib/progressindicator.py -> /Users/jamie/Documents/Projects/python/py2app-error/dist/Timer.app/Contents/Resources/lib/python3.11/wx/lib/progressindicator.py
creating /Users/jamie/Documents/Projects/python/py2app-error/dist/Timer.app/Contents/Resources/lib/python3.11/wx/lib/masked
copying file /Users/jamie/Documents/Projects/python/py2app-error/.venv/lib/python3.11/site-packages/wx/lib/masked/combobox.py -> /Users/jamie/Documents/Projects/python/py2app-error/dist/Timer.app/Contents/Resources/lib/python3.11/wx/lib/masked/combobox.py
copying file /Users/jamie/Documents/Projects/python/py2app-error/.venv/lib/python3.11/site-packages/wx/lib/masked/ctrl.py -> /Users/jamie/Documents/Projects/python/py2app-error/dist/Timer.app/Contents/Resources/lib/python3.11/wx/lib/masked/ctrl.py
copying file /Users/jamie/Documents/Projects/python/py2app-error/.venv/lib/python3.11/site-packages/wx/lib/masked/numctrl.py -> /Users/jamie/Documents/Projects/python/py2app-error/dist/Timer.app/Contents/Resources/lib/python3.11/wx/lib/masked/numctrl.py
copying file /Users/jamie/Documents/Projects/python/py2app-error/.venv/lib/python3.11/site-packages/wx/lib/masked/__init__.py -> /Users/jamie/Documents/Projects/python/py2app-error/dist/Timer.app/Contents/Resources/lib/python3.11/wx/lib/masked/__init__.py
copying file /Users/jamie/Documents/Projects/python/py2app-error/.venv/lib/python3.11/site-packages/wx/lib/masked/timectrl.py -> /Users/jamie/Documents/Projects/python/py2app-error/dist/Timer.app/Contents/Resources/lib/python3.11/wx/lib/masked/timectrl.py
copying file /Users/jamie/Documents/Projects/python/py2app-error/.venv/lib/python3.11/site-packages/wx/lib/masked/maskededit.py -> /Users/jamie/Documents/Projects/python/py2app-error/dist/Timer.app/Contents/Resources/lib/python3.11/wx/lib/masked/maskededit.py
creating /Users/jamie/Documents/Projects/python/py2app-error/dist/Timer.app/Contents/Resources/lib/python3.11/wx/lib/masked/__pycache__
copying file /Users/jamie/Documents/Projects/python/py2app-error/.venv/lib/python3.11/site-packages/wx/lib/masked/__pycache__/ctrl.cpython-311.pyc -> /Users/jamie/Documents/Projects/python/py2app-error/dist/Timer.app/Contents/Resources/lib/python3.11/wx/lib/masked/__pycache__/ctrl.cpython-311.pyc
copying file /Users/jamie/Documents/Projects/python/py2app-error/.venv/lib/python3.11/site-packages/wx/lib/masked/__pycache__/timectrl.cpython-311.pyc -> /Users/jamie/Documents/Projects/python/py2app-error/dist/Timer.app/Contents/Resources/lib/python3.11/wx/lib/masked/__pycache__/timectrl.cpython-311.pyc
copying file /Users/jamie/Documents/Projects/python/py2app-error/.venv/lib/python3.11/site-packages/wx/lib/masked/__pycache__/combobox.cpython-311.pyc -> /Users/jamie/Documents/Projects/python/py2app-error/dist/Timer.app/Contents/Resources/lib/python3.11/wx/lib/masked/__pycache__/combobox.cpython-311.pyc
copying file /Users/jamie/Documents/Projects/python/py2app-error/.venv/lib/python3.11/site-packages/wx/lib/masked/__pycache__/textctrl.cpython-311.pyc -> /Users/jamie/Documents/Projects/python/py2app-error/dist/Timer.app/Contents/Resources/lib/python3.11/wx/lib/masked/__pycache__/textctrl.cpython-311.pyc
copying file /Users/jamie/Documents/Projects/python/py2app-error/.venv/lib/python3.11/site-packages/wx/lib/masked/__pycache__/ipaddrctrl.cpython-311.pyc -> /Users/jamie/Documents/Projects/python/py2app-error/dist/Timer.app/Contents/Resources/lib/python3.11/wx/lib/masked/__pycache__/ipaddrctrl.cpython-311.pyc
copying file /Users/jamie/Documents/Projects/python/py2app-error/.venv/lib/python3.11/site-packages/wx/lib/masked/__pycache__/maskededit.cpython-311.pyc -> /Users/jamie/Documents/Projects/python/py2app-error/dist/Timer.app/Contents/Resources/lib/python3.11/wx/lib/masked/__pycache__/maskededit.cpython-311.pyc
copying file /Users/jamie/Documents/Projects/python/py2app-error/.venv/lib/python3.11/site-packages/wx/lib/masked/__pycache__/numctrl.cpython-311.pyc -> /Users/jamie/Documents/Projects/python/py2app-error/dist/Timer.app/Contents/Resources/lib/python3.11/wx/lib/masked/__pycache__/numctrl.cpython-311.pyc
copying file /Users/jamie/Documents/Projects/python/py2app-error/.venv/lib/python3.11/site-packages/wx/lib/masked/__pycache__/__init__.cpython-311.pyc -> /Users/jamie/Documents/Projects/python/py2app-error/dist/Timer.app/Contents/Resources/lib/python3.11/wx/lib/masked/__pycache__/__init__.cpython-311.pyc
copying file /Users/jamie/Documents/Projects/python/py2app-error/.venv/lib/python3.11/site-packages/wx/lib/masked/ipaddrctrl.py -> /Users/jamie/Documents/Projects/python/py2app-error/dist/Timer.app/Contents/Resources/lib/python3.11/wx/lib/masked/ipaddrctrl.py
copying file /Users/jamie/Documents/Projects/python/py2app-error/.venv/lib/python3.11/site-packages/wx/lib/masked/textctrl.py -> /Users/jamie/Documents/Projects/python/py2app-error/dist/Timer.app/Contents/Resources/lib/python3.11/wx/lib/masked/textctrl.py
copying file /Users/jamie/Documents/Projects/python/py2app-error/.venv/lib/python3.11/site-packages/wx/lib/expando.py -> /Users/jamie/Documents/Projects/python/py2app-error/dist/Timer.app/Contents/Resources/lib/python3.11/wx/lib/expando.py
copying file /Users/jamie/Documents/Projects/python/py2app-error/.venv/lib/python3.11/site-packages/wx/lib/layoutf.py -> /Users/jamie/Documents/Projects/python/py2app-error/dist/Timer.app/Contents/Resources/lib/python3.11/wx/lib/layoutf.py
copying file /Users/jamie/Documents/Projects/python/py2app-error/.venv/lib/python3.11/site-packages/wx/lib/__init__.py -> /Users/jamie/Documents/Projects/python/py2app-error/dist/Timer.app/Contents/Resources/lib/python3.11/wx/lib/__init__.py
copying file /Users/jamie/Documents/Projects/python/py2app-error/.venv/lib/python3.11/site-packages/wx/lib/evtmgr.py -> /Users/jamie/Documents/Projects/python/py2app-error/dist/Timer.app/Contents/Resources/lib/python3.11/wx/lib/evtmgr.py
copying file /Users/jamie/Documents/Projects/python/py2app-error/.venv/lib/python3.11/site-packages/wx/lib/filebrowsebutton.py -> /Users/jamie/Documents/Projects/python/py2app-error/dist/Timer.app/Contents/Resources/lib/python3.11/wx/lib/filebrowsebutton.py
creating /Users/jamie/Documents/Projects/python/py2app-error/dist/Timer.app/Contents/Resources/lib/python3.11/wx/lib/__pycache__
copying file /Users/jamie/Documents/Projects/python/py2app-error/.venv/lib/python3.11/site-packages/wx/lib/__pycache__/pdfwin_old.cpython-311.pyc -> /Users/jamie/Documents/Projects/python/py2app-error/dist/Timer.app/Contents/Resources/lib/python3.11/wx/lib/__pycache__/pdfwin_old.cpython-311.pyc
copying file /Users/jamie/Documents/Projects/python/py2app-error/.venv/lib/python3.11/site-packages/wx/lib/__pycache__/ClickableHtmlWindow.cpython-311.pyc -> /Users/jamie/Documents/Projects/python/py2app-error/dist/Timer.app/Contents/Resources/lib/python3.11/wx/lib/__pycache__/ClickableHtmlWindow.cpython-311.pyc
copying file /Users/jamie/Documents/Projects/python/py2app-error/.venv/lib/python3.11/site-packages/wx/lib/__pycache__/colourdb.cpython-311.pyc -> /Users/jamie/Documents/Projects/python/py2app-error/dist/Timer.app/Contents/Resources/lib/python3.11/wx/lib/__pycache__/colourdb.cpython-311.pyc
copying file /Users/jamie/Documents/Projects/python/py2app-error/.venv/lib/python3.11/site-packages/wx/lib/__pycache__/langlistctrl.cpython-311.pyc -> /Users/jamie/Documents/Projects/python/py2app-error/dist/Timer.app/Contents/Resources/lib/python3.11/wx/lib/__pycache__/langlistctrl.cpython-311.pyc
copying file /Users/jamie/Documents/Projects/python/py2app-error/.venv/lib/python3.11/site-packages/wx/lib/__pycache__/iewin.cpython-311.pyc -> /Users/jamie/Documents/Projects/python/py2app-error/dist/Timer.app/Contents/Resources/lib/python3.11/wx/lib/__pycache__/iewin.cpython-311.pyc
copying file /Users/jamie/Documents/Projects/python/py2app-error/.venv/lib/python3.11/site-packages/wx/lib/__pycache__/dragscroller.cpython-311.pyc -> /Users/jamie/Documents/Projects/python/py2app-error/dist/Timer.app/Contents/Resources/lib/python3.11/wx/lib/__pycache__/dragscroller.cpython-311.pyc
copying file /Users/jamie/Documents/Projects/python/py2app-error/.venv/lib/python3.11/site-packages/wx/lib/__pycache__/filebrowsebutton.cpython-311.pyc -> /Users/jamie/Documents/Projects/python/py2app-error/dist/Timer.app/Contents/Resources/lib/python3.11/wx/lib/__pycache__/filebrowsebutton.cpython-311.pyc
copying file /Users/jamie/Documents/Projects/python/py2app-error/.venv/lib/python3.11/site-packages/wx/lib/__pycache__/iewin_old.cpython-311.pyc -> /Users/jamie/Documents/Projects/python/py2app-error/dist/Timer.app/Contents/Resources/lib/python3.11/wx/lib/__pycache__/iewin_old.cpython-311.pyc
copying file /Users/jamie/Documents/Projects/python/py2app-error/.venv/lib/python3.11/site-packages/wx/lib/__pycache__/stattext.cpython-311.pyc -> /Users/jamie/Documents/Projects/python/py2app-error/dist/Timer.app/Contents/Resources/lib/python3.11/wx/lib/__pycache__/stattext.cpython-311.pyc
copying file /Users/jamie/Documents/Projects/python/py2app-error/.venv/lib/python3.11/site-packages/wx/lib/__pycache__/combotreebox.cpython-311.pyc -> /Users/jamie/Documents/Projects/python/py2app-error/dist/Timer.app/Contents/Resources/lib/python3.11/wx/lib/__pycache__/combotreebox.cpython-311.pyc
copying file /Users/jamie/Documents/Projects/python/py2app-error/.venv/lib/python3.11/site-packages/wx/lib/__pycache__/multisash.cpython-311.pyc -> /Users/jamie/Documents/Projects/python/py2app-error/dist/Timer.app/Contents/Resources/lib/python3.11/wx/lib/__pycache__/multisash.cpython-311.pyc
copying file /Users/jamie/Documents/Projects/python/py2app-error/.venv/lib/python3.11/site-packages/wx/lib/__pycache__/statbmp.cpython-311.pyc -> /Users/jamie/Documents/Projects/python/py2app-error/dist/Timer.app/Contents/Resources/lib/python3.11/wx/lib/__pycache__/statbmp.cpython-311.pyc
copying file /Users/jamie/Documents/Projects/python/py2app-error/.venv/lib/python3.11/site-packages/wx/lib/__pycache__/delayedresult.cpython-311.pyc -> /Users/jamie/Documents/Projects/python/py2app-error/dist/Timer.app/Contents/Resources/lib/python3.11/wx/lib/__pycache__/delayedresult.cpython-311.pyc
copying file /Users/jamie/Documents/Projects/python/py2app-error/.venv/lib/python3.11/site-packages/wx/lib/__pycache__/evtmgr.cpython-311.pyc -> /Users/jamie/Documents/Projects/python/py2app-error/dist/Timer.app/Contents/Resources/lib/python3.11/wx/lib/__pycache__/evtmgr.cpython-311.pyc
copying file /Users/jamie/Documents/Projects/python/py2app-error/.venv/lib/python3.11/site-packages/wx/lib/__pycache__/ticker_xrc.cpython-311.pyc -> /Users/jamie/Documents/Projects/python/py2app-error/dist/Timer.app/Contents/Resources/lib/python3.11/wx/lib/__pycache__/ticker_xrc.cpython-311.pyc
copying file /Users/jamie/Documents/Projects/python/py2app-error/.venv/lib/python3.11/site-packages/wx/lib/__pycache__/platebtn.cpython-311.pyc -> /Users/jamie/Documents/Projects/python/py2app-error/dist/Timer.app/Contents/Resources/lib/python3.11/wx/lib/__pycache__/platebtn.cpython-311.pyc
copying file /Users/jamie/Documents/Projects/python/py2app-error/.venv/lib/python3.11/site-packages/wx/lib/__pycache__/wordwrap.cpython-311.pyc -> /Users/jamie/Documents/Projects/python/py2app-error/dist/Timer.app/Contents/Resources/lib/python3.11/wx/lib/__pycache__/wordwrap.cpython-311.pyc
copying file /Users/jamie/Documents/Projects/python/py2app-error/.venv/lib/python3.11/site-packages/wx/lib/__pycache__/nvdlg.cpython-311.pyc -> /Users/jamie/Documents/Projects/python/py2app-error/dist/Timer.app/Contents/Resources/lib/python3.11/wx/lib/__pycache__/nvdlg.cpython-311.pyc
copying file /Users/jamie/Documents/Projects/python/py2app-error/.venv/lib/python3.11/site-packages/wx/lib/__pycache__/graphics.cpython-311.pyc -> /Users/jamie/Documents/Projects/python/py2app-error/dist/Timer.app/Contents/Resources/lib/python3.11/wx/lib/__pycache__/graphics.cpython-311.pyc
copying file /Users/jamie/Documents/Projects/python/py2app-error/.venv/lib/python3.11/site-packages/wx/lib/__pycache__/CDate.cpython-311.pyc -> /Users/jamie/Documents/Projects/python/py2app-error/dist/Timer.app/Contents/Resources/lib/python3.11/wx/lib/__pycache__/CDate.cpython-311.pyc
copying file /Users/jamie/Documents/Projects/python/py2app-error/.venv/lib/python3.11/site-packages/wx/lib/__pycache__/sized_controls.cpython-311.pyc -> /Users/jamie/Documents/Projects/python/py2app-error/dist/Timer.app/Contents/Resources/lib/python3.11/wx/lib/__pycache__/sized_controls.cpython-311.pyc
copying file /Users/jamie/Documents/Projects/python/py2app-error/.venv/lib/python3.11/site-packages/wx/lib/__pycache__/throbber.cpython-311.pyc -> /Users/jamie/Documents/Projects/python/py2app-error/dist/Timer.app/Contents/Resources/lib/python3.11/wx/lib/__pycache__/throbber.cpython-311.pyc
copying file /Users/jamie/Documents/Projects/python/py2app-error/.venv/lib/python3.11/site-packages/wx/lib/__pycache__/intctrl.cpython-311.pyc -> /Users/jamie/Documents/Projects/python/py2app-error/dist/Timer.app/Contents/Resources/lib/python3.11/wx/lib/__pycache__/intctrl.cpython-311.pyc
copying file /Users/jamie/Documents/Projects/python/py2app-error/.venv/lib/python3.11/site-packages/wx/lib/__pycache__/resizewidget.cpython-311.pyc -> /Users/jamie/Documents/Projects/python/py2app-error/dist/Timer.app/Contents/Resources/lib/python3.11/wx/lib/__pycache__/resizewidget.cpython-311.pyc
copying file /Users/jamie/Documents/Projects/python/py2app-error/.venv/lib/python3.11/site-packages/wx/lib/__pycache__/checkbox.cpython-311.pyc -> /Users/jamie/Documents/Projects/python/py2app-error/dist/Timer.app/Contents/Resources/lib/python3.11/wx/lib/__pycache__/checkbox.cpython-311.pyc
copying file /Users/jamie/Documents/Projects/python/py2app-error/.venv/lib/python3.11/site-packages/wx/lib/__pycache__/sheet.cpython-311.pyc -> /Users/jamie/Documents/Projects/python/py2app-error/dist/Timer.app/Contents/Resources/lib/python3.11/wx/lib/__pycache__/sheet.cpython-311.pyc
copying file /Users/jamie/Documents/Projects/python/py2app-error/.venv/lib/python3.11/site-packages/wx/lib/__pycache__/dialogs.cpython-311.pyc -> /Users/jamie/Documents/Projects/python/py2app-error/dist/Timer.app/Contents/Resources/lib/python3.11/wx/lib/__pycache__/dialogs.cpython-311.pyc
copying file /Users/jamie/Documents/Projects/python/py2app-error/.venv/lib/python3.11/site-packages/wx/lib/__pycache__/expando.cpython-311.pyc -> /Users/jamie/Documents/Projects/python/py2app-error/dist/Timer.app/Contents/Resources/lib/python3.11/wx/lib/__pycache__/expando.cpython-311.pyc
copying file /Users/jamie/Documents/Projects/python/py2app-error/.venv/lib/python3.11/site-packages/wx/lib/__pycache__/newevent.cpython-311.pyc -> /Users/jamie/Documents/Projects/python/py2app-error/dist/Timer.app/Contents/Resources/lib/python3.11/wx/lib/__pycache__/newevent.cpython-311.pyc
copying file /Users/jamie/Documents/Projects/python/py2app-error/.venv/lib/python3.11/site-packages/wx/lib/__pycache__/utils.cpython-311.pyc -> /Users/jamie/Documents/Projects/python/py2app-error/dist/Timer.app/Contents/Resources/lib/python3.11/wx/lib/__pycache__/utils.cpython-311.pyc
copying file /Users/jamie/Documents/Projects/python/py2app-error/.venv/lib/python3.11/site-packages/wx/lib/__pycache__/pdfwin.cpython-311.pyc -> /Users/jamie/Documents/Projects/python/py2app-error/dist/Timer.app/Contents/Resources/lib/python3.11/wx/lib/__pycache__/pdfwin.cpython-311.pyc
copying file /Users/jamie/Documents/Projects/python/py2app-error/.venv/lib/python3.11/site-packages/wx/lib/__pycache__/flashwin_old.cpython-311.pyc -> /Users/jamie/Documents/Projects/python/py2app-error/dist/Timer.app/Contents/Resources/lib/python3.11/wx/lib/__pycache__/flashwin_old.cpython-311.pyc
copying file /Users/jamie/Documents/Projects/python/py2app-error/.venv/lib/python3.11/site-packages/wx/lib/__pycache__/softwareupdate.cpython-311.pyc -> /Users/jamie/Documents/Projects/python/py2app-error/dist/Timer.app/Contents/Resources/lib/python3.11/wx/lib/__pycache__/softwareupdate.cpython-311.pyc
copying file /Users/jamie/Documents/Projects/python/py2app-error/.venv/lib/python3.11/site-packages/wx/lib/__pycache__/layoutf.cpython-311.pyc -> /Users/jamie/Documents/Projects/python/py2app-error/dist/Timer.app/Contents/Resources/lib/python3.11/wx/lib/__pycache__/layoutf.cpython-311.pyc
copying file /Users/jamie/Documents/Projects/python/py2app-error/.venv/lib/python3.11/site-packages/wx/lib/__pycache__/imagebrowser.cpython-311.pyc -> /Users/jamie/Documents/Projects/python/py2app-error/dist/Timer.app/Contents/Resources/lib/python3.11/wx/lib/__pycache__/imagebrowser.cpython-311.pyc
copying file /Users/jamie/Documents/Projects/python/py2app-error/.venv/lib/python3.11/site-packages/wx/lib/__pycache__/rcsizer.cpython-311.pyc -> /Users/jamie/Documents/Projects/python/py2app-error/dist/Timer.app/Contents/Resources/lib/python3.11/wx/lib/__pycache__/rcsizer.cpython-311.pyc
copying file /Users/jamie/Documents/Projects/python/py2app-error/.venv/lib/python3.11/site-packages/wx/lib/__pycache__/embeddedimage.cpython-311.pyc -> /Users/jamie/Documents/Projects/python/py2app-error/dist/Timer.app/Contents/Resources/lib/python3.11/wx/lib/__pycache__/embeddedimage.cpython-311.pyc
copying file /Users/jamie/Documents/Projects/python/py2app-error/.venv/lib/python3.11/site-packages/wx/lib/__pycache__/colourutils.cpython-311.pyc -> /Users/jamie/Documents/Projects/python/py2app-error/dist/Timer.app/Contents/Resources/lib/python3.11/wx/lib/__pycache__/colourutils.cpython-311.pyc
copying file /Users/jamie/Documents/Projects/python/py2app-error/.venv/lib/python3.11/site-packages/wx/lib/__pycache__/calendar.cpython-311.pyc -> /Users/jamie/Documents/Projects/python/py2app-error/dist/Timer.app/Contents/Resources/lib/python3.11/wx/lib/__pycache__/calendar.cpython-311.pyc
copying file /Users/jamie/Documents/Projects/python/py2app-error/.venv/lib/python3.11/site-packages/wx/lib/__pycache__/msgpanel.cpython-311.pyc -> /Users/jamie/Documents/Projects/python/py2app-error/dist/Timer.app/Contents/Resources/lib/python3.11/wx/lib/__pycache__/msgpanel.cpython-311.pyc
copying file /Users/jamie/Documents/Projects/python/py2app-error/.venv/lib/python3.11/site-packages/wx/lib/__pycache__/colourselect.cpython-311.pyc -> /Users/jamie/Documents/Projects/python/py2app-error/dist/Timer.app/Contents/Resources/lib/python3.11/wx/lib/__pycache__/colourselect.cpython-311.pyc
copying file /Users/jamie/Documents/Projects/python/py2app-error/.venv/lib/python3.11/site-packages/wx/lib/__pycache__/scrolledpanel.cpython-311.pyc -> /Users/jamie/Documents/Projects/python/py2app-error/dist/Timer.app/Contents/Resources/lib/python3.11/wx/lib/__pycache__/scrolledpanel.cpython-311.pyc
copying file /Users/jamie/Documents/Projects/python/py2app-error/.venv/lib/python3.11/site-packages/wx/lib/__pycache__/activex.cpython-311.pyc -> /Users/jamie/Documents/Projects/python/py2app-error/dist/Timer.app/Contents/Resources/lib/python3.11/wx/lib/__pycache__/activex.cpython-311.pyc
copying file /Users/jamie/Documents/Projects/python/py2app-error/.venv/lib/python3.11/site-packages/wx/lib/__pycache__/fancytext.cpython-311.pyc -> /Users/jamie/Documents/Projects/python/py2app-error/dist/Timer.app/Contents/Resources/lib/python3.11/wx/lib/__pycache__/fancytext.cpython-311.pyc
copying file /Users/jamie/Documents/Projects/python/py2app-error/.venv/lib/python3.11/site-packages/wx/lib/__pycache__/printout.cpython-311.pyc -> /Users/jamie/Documents/Projects/python/py2app-error/dist/Timer.app/Contents/Resources/lib/python3.11/wx/lib/__pycache__/printout.cpython-311.pyc
copying file /Users/jamie/Documents/Projects/python/py2app-error/.venv/lib/python3.11/site-packages/wx/lib/__pycache__/wxpTag.cpython-311.pyc -> /Users/jamie/Documents/Projects/python/py2app-error/dist/Timer.app/Contents/Resources/lib/python3.11/wx/lib/__pycache__/wxpTag.cpython-311.pyc
copying file /Users/jamie/Documents/Projects/python/py2app-error/.venv/lib/python3.11/site-packages/wx/lib/__pycache__/foldmenu.cpython-311.pyc -> /Users/jamie/Documents/Projects/python/py2app-error/dist/Timer.app/Contents/Resources/lib/python3.11/wx/lib/__pycache__/foldmenu.cpython-311.pyc
copying file /Users/jamie/Documents/Projects/python/py2app-error/.venv/lib/python3.11/site-packages/wx/lib/__pycache__/flashwin.cpython-311.pyc -> /Users/jamie/Documents/Projects/python/py2app-error/dist/Timer.app/Contents/Resources/lib/python3.11/wx/lib/__pycache__/flashwin.cpython-311.pyc
copying file /Users/jamie/Documents/Projects/python/py2app-error/.venv/lib/python3.11/site-packages/wx/lib/__pycache__/pydocview.cpython-311.pyc -> /Users/jamie/Documents/Projects/python/py2app-error/dist/Timer.app/Contents/Resources/lib/python3.11/wx/lib/__pycache__/pydocview.cpython-311.pyc
copying file /Users/jamie/Documents/Projects/python/py2app-error/.venv/lib/python3.11/site-packages/wx/lib/__pycache__/inspection.cpython-311.pyc -> /Users/jamie/Documents/Projects/python/py2app-error/dist/Timer.app/Contents/Resources/lib/python3.11/wx/lib/__pycache__/inspection.cpython-311.pyc
copying file /Users/jamie/Documents/Projects/python/py2app-error/.venv/lib/python3.11/site-packages/wx/lib/__pycache__/eventStack.cpython-311.pyc -> /Users/jamie/Documents/Projects/python/py2app-error/dist/Timer.app/Contents/Resources/lib/python3.11/wx/lib/__pycache__/eventStack.cpython-311.pyc
copying file /Users/jamie/Documents/Projects/python/py2app-error/.venv/lib/python3.11/site-packages/wx/lib/__pycache__/gridmovers.cpython-311.pyc -> /Users/jamie/Documents/Projects/python/py2app-error/dist/Timer.app/Contents/Resources/lib/python3.11/wx/lib/__pycache__/gridmovers.cpython-311.pyc
copying file /Users/jamie/Documents/Projects/python/py2app-error/.venv/lib/python3.11/site-packages/wx/lib/__pycache__/progressindicator.cpython-311.pyc -> /Users/jamie/Documents/Projects/python/py2app-error/dist/Timer.app/Contents/Resources/lib/python3.11/wx/lib/__pycache__/progressindicator.cpython-311.pyc
copying file /Users/jamie/Documents/Projects/python/py2app-error/.venv/lib/python3.11/site-packages/wx/lib/__pycache__/activexwrapper.cpython-311.pyc -> /Users/jamie/Documents/Projects/python/py2app-error/dist/Timer.app/Contents/Resources/lib/python3.11/wx/lib/__pycache__/activexwrapper.cpython-311.pyc
copying file /Users/jamie/Documents/Projects/python/py2app-error/.venv/lib/python3.11/site-packages/wx/lib/__pycache__/eventwatcher.cpython-311.pyc -> /Users/jamie/Documents/Projects/python/py2app-error/dist/Timer.app/Contents/Resources/lib/python3.11/wx/lib/__pycache__/eventwatcher.cpython-311.pyc
copying file /Users/jamie/Documents/Projects/python/py2app-error/.venv/lib/python3.11/site-packages/wx/lib/__pycache__/imageutils.cpython-311.pyc -> /Users/jamie/Documents/Projects/python/py2app-error/dist/Timer.app/Contents/Resources/lib/python3.11/wx/lib/__pycache__/imageutils.cpython-311.pyc
copying file /Users/jamie/Documents/Projects/python/py2app-error/.venv/lib/python3.11/site-packages/wx/lib/__pycache__/itemspicker.cpython-311.pyc -> /Users/jamie/Documents/Projects/python/py2app-error/dist/Timer.app/Contents/Resources/lib/python3.11/wx/lib/__pycache__/itemspicker.cpython-311.pyc
copying file /Users/jamie/Documents/Projects/python/py2app-error/.venv/lib/python3.11/site-packages/wx/lib/__pycache__/ticker.cpython-311.pyc -> /Users/jamie/Documents/Projects/python/py2app-error/dist/Timer.app/Contents/Resources/lib/python3.11/wx/lib/__pycache__/ticker.cpython-311.pyc
copying file /Users/jamie/Documents/Projects/python/py2app-error/.venv/lib/python3.11/site-packages/wx/lib/__pycache__/popupctl.cpython-311.pyc -> /Users/jamie/Documents/Projects/python/py2app-error/dist/Timer.app/Contents/Resources/lib/python3.11/wx/lib/__pycache__/popupctl.cpython-311.pyc
copying file /Users/jamie/Documents/Projects/python/py2app-error/.venv/lib/python3.11/site-packages/wx/lib/__pycache__/docview.cpython-311.pyc -> /Users/jamie/Documents/Projects/python/py2app-error/dist/Timer.app/Contents/Resources/lib/python3.11/wx/lib/__pycache__/docview.cpython-311.pyc
copying file /Users/jamie/Documents/Projects/python/py2app-error/.venv/lib/python3.11/site-packages/wx/lib/__pycache__/anchors.cpython-311.pyc -> /Users/jamie/Documents/Projects/python/py2app-error/dist/Timer.app/Contents/Resources/lib/python3.11/wx/lib/__pycache__/anchors.cpython-311.pyc
copying file /Users/jamie/Documents/Projects/python/py2app-error/.venv/lib/python3.11/site-packages/wx/lib/__pycache__/__init__.cpython-311.pyc -> /Users/jamie/Documents/Projects/python/py2app-error/dist/Timer.app/Contents/Resources/lib/python3.11/wx/lib/__pycache__/__init__.cpython-311.pyc
copying file /Users/jamie/Documents/Projects/python/py2app-error/.venv/lib/python3.11/site-packages/wx/lib/__pycache__/splitter.cpython-311.pyc -> /Users/jamie/Documents/Projects/python/py2app-error/dist/Timer.app/Contents/Resources/lib/python3.11/wx/lib/__pycache__/splitter.cpython-311.pyc
copying file /Users/jamie/Documents/Projects/python/py2app-error/.venv/lib/python3.11/site-packages/wx/lib/__pycache__/busy.cpython-311.pyc -> /Users/jamie/Documents/Projects/python/py2app-error/dist/Timer.app/Contents/Resources/lib/python3.11/wx/lib/__pycache__/busy.cpython-311.pyc
copying file /Users/jamie/Documents/Projects/python/py2app-error/.venv/lib/python3.11/site-packages/wx/lib/__pycache__/gestures.cpython-311.pyc -> /Users/jamie/Documents/Projects/python/py2app-error/dist/Timer.app/Contents/Resources/lib/python3.11/wx/lib/__pycache__/gestures.cpython-311.pyc
copying file /Users/jamie/Documents/Projects/python/py2app-error/.venv/lib/python3.11/site-packages/wx/lib/__pycache__/infoframe.cpython-311.pyc -> /Users/jamie/Documents/Projects/python/py2app-error/dist/Timer.app/Contents/Resources/lib/python3.11/wx/lib/__pycache__/infoframe.cpython-311.pyc
copying file /Users/jamie/Documents/Projects/python/py2app-error/.venv/lib/python3.11/site-packages/wx/lib/__pycache__/buttons.cpython-311.pyc -> /Users/jamie/Documents/Projects/python/py2app-error/dist/Timer.app/Contents/Resources/lib/python3.11/wx/lib/__pycache__/buttons.cpython-311.pyc
copying file /Users/jamie/Documents/Projects/python/py2app-error/.venv/lib/python3.11/site-packages/wx/lib/eventStack.py -> /Users/jamie/Documents/Projects/python/py2app-error/dist/Timer.app/Contents/Resources/lib/python3.11/wx/lib/eventStack.py
copying file /Users/jamie/Documents/Projects/python/py2app-error/.venv/lib/python3.11/site-packages/wx/lib/wxpTag.py -> /Users/jamie/Documents/Projects/python/py2app-error/dist/Timer.app/Contents/Resources/lib/python3.11/wx/lib/wxpTag.py
copying file /Users/jamie/Documents/Projects/python/py2app-error/.venv/lib/python3.11/site-packages/wx/lib/inspection.py -> /Users/jamie/Documents/Projects/python/py2app-error/dist/Timer.app/Contents/Resources/lib/python3.11/wx/lib/inspection.py
creating /Users/jamie/Documents/Projects/python/py2app-error/dist/Timer.app/Contents/Resources/lib/python3.11/wx/lib/ogl
copying file /Users/jamie/Documents/Projects/python/py2app-error/.venv/lib/python3.11/site-packages/wx/lib/ogl/divided.py -> /Users/jamie/Documents/Projects/python/py2app-error/dist/Timer.app/Contents/Resources/lib/python3.11/wx/lib/ogl/divided.py
copying file /Users/jamie/Documents/Projects/python/py2app-error/.venv/lib/python3.11/site-packages/wx/lib/ogl/drawn.py -> /Users/jamie/Documents/Projects/python/py2app-error/dist/Timer.app/Contents/Resources/lib/python3.11/wx/lib/ogl/drawn.py
copying file /Users/jamie/Documents/Projects/python/py2app-error/.venv/lib/python3.11/site-packages/wx/lib/ogl/diagram.py -> /Users/jamie/Documents/Projects/python/py2app-error/dist/Timer.app/Contents/Resources/lib/python3.11/wx/lib/ogl/diagram.py
copying file /Users/jamie/Documents/Projects/python/py2app-error/.venv/lib/python3.11/site-packages/wx/lib/ogl/oglmisc.py -> /Users/jamie/Documents/Projects/python/py2app-error/dist/Timer.app/Contents/Resources/lib/python3.11/wx/lib/ogl/oglmisc.py
copying file /Users/jamie/Documents/Projects/python/py2app-error/.venv/lib/python3.11/site-packages/wx/lib/ogl/bmpshape.py -> /Users/jamie/Documents/Projects/python/py2app-error/dist/Timer.app/Contents/Resources/lib/python3.11/wx/lib/ogl/bmpshape.py
copying file /Users/jamie/Documents/Projects/python/py2app-error/.venv/lib/python3.11/site-packages/wx/lib/ogl/__init__.py -> /Users/jamie/Documents/Projects/python/py2app-error/dist/Timer.app/Contents/Resources/lib/python3.11/wx/lib/ogl/__init__.py
copying file /Users/jamie/Documents/Projects/python/py2app-error/.venv/lib/python3.11/site-packages/wx/lib/ogl/composit.py -> /Users/jamie/Documents/Projects/python/py2app-error/dist/Timer.app/Contents/Resources/lib/python3.11/wx/lib/ogl/composit.py
creating /Users/jamie/Documents/Projects/python/py2app-error/dist/Timer.app/Contents/Resources/lib/python3.11/wx/lib/ogl/__pycache__
copying file /Users/jamie/Documents/Projects/python/py2app-error/.venv/lib/python3.11/site-packages/wx/lib/ogl/__pycache__/composit.cpython-311.pyc -> /Users/jamie/Documents/Projects/python/py2app-error/dist/Timer.app/Contents/Resources/lib/python3.11/wx/lib/ogl/__pycache__/composit.cpython-311.pyc
copying file /Users/jamie/Documents/Projects/python/py2app-error/.venv/lib/python3.11/site-packages/wx/lib/ogl/__pycache__/basic.cpython-311.pyc -> /Users/jamie/Documents/Projects/python/py2app-error/dist/Timer.app/Contents/Resources/lib/python3.11/wx/lib/ogl/__pycache__/basic.cpython-311.pyc
copying file /Users/jamie/Documents/Projects/python/py2app-error/.venv/lib/python3.11/site-packages/wx/lib/ogl/__pycache__/diagram.cpython-311.pyc -> /Users/jamie/Documents/Projects/python/py2app-error/dist/Timer.app/Contents/Resources/lib/python3.11/wx/lib/ogl/__pycache__/diagram.cpython-311.pyc
copying file /Users/jamie/Documents/Projects/python/py2app-error/.venv/lib/python3.11/site-packages/wx/lib/ogl/__pycache__/canvas.cpython-311.pyc -> /Users/jamie/Documents/Projects/python/py2app-error/dist/Timer.app/Contents/Resources/lib/python3.11/wx/lib/ogl/__pycache__/canvas.cpython-311.pyc
copying file /Users/jamie/Documents/Projects/python/py2app-error/.venv/lib/python3.11/site-packages/wx/lib/ogl/__pycache__/lines.cpython-311.pyc -> /Users/jamie/Documents/Projects/python/py2app-error/dist/Timer.app/Contents/Resources/lib/python3.11/wx/lib/ogl/__pycache__/lines.cpython-311.pyc
copying file /Users/jamie/Documents/Projects/python/py2app-error/.venv/lib/python3.11/site-packages/wx/lib/ogl/__pycache__/oglmisc.cpython-311.pyc -> /Users/jamie/Documents/Projects/python/py2app-error/dist/Timer.app/Contents/Resources/lib/python3.11/wx/lib/ogl/__pycache__/oglmisc.cpython-311.pyc
copying file /Users/jamie/Documents/Projects/python/py2app-error/.venv/lib/python3.11/site-packages/wx/lib/ogl/__pycache__/bmpshape.cpython-311.pyc -> /Users/jamie/Documents/Projects/python/py2app-error/dist/Timer.app/Contents/Resources/lib/python3.11/wx/lib/ogl/__pycache__/bmpshape.cpython-311.pyc
copying file /Users/jamie/Documents/Projects/python/py2app-error/.venv/lib/python3.11/site-packages/wx/lib/ogl/__pycache__/drawn.cpython-311.pyc -> /Users/jamie/Documents/Projects/python/py2app-error/dist/Timer.app/Contents/Resources/lib/python3.11/wx/lib/ogl/__pycache__/drawn.cpython-311.pyc
copying file /Users/jamie/Documents/Projects/python/py2app-error/.venv/lib/python3.11/site-packages/wx/lib/ogl/__pycache__/__init__.cpython-311.pyc -> /Users/jamie/Documents/Projects/python/py2app-error/dist/Timer.app/Contents/Resources/lib/python3.11/wx/lib/ogl/__pycache__/__init__.cpython-311.pyc
copying file /Users/jamie/Documents/Projects/python/py2app-error/.venv/lib/python3.11/site-packages/wx/lib/ogl/__pycache__/divided.cpython-311.pyc -> /Users/jamie/Documents/Projects/python/py2app-error/dist/Timer.app/Contents/Resources/lib/python3.11/wx/lib/ogl/__pycache__/divided.cpython-311.pyc
copying file /Users/jamie/Documents/Projects/python/py2app-error/.venv/lib/python3.11/site-packages/wx/lib/ogl/lines.py -> /Users/jamie/Documents/Projects/python/py2app-error/dist/Timer.app/Contents/Resources/lib/python3.11/wx/lib/ogl/lines.py
copying file /Users/jamie/Documents/Projects/python/py2app-error/.venv/lib/python3.11/site-packages/wx/lib/ogl/basic.py -> /Users/jamie/Documents/Projects/python/py2app-error/dist/Timer.app/Contents/Resources/lib/python3.11/wx/lib/ogl/basic.py
copying file /Users/jamie/Documents/Projects/python/py2app-error/.venv/lib/python3.11/site-packages/wx/lib/ogl/canvas.py -> /Users/jamie/Documents/Projects/python/py2app-error/dist/Timer.app/Contents/Resources/lib/python3.11/wx/lib/ogl/canvas.py
copying file /Users/jamie/Documents/Projects/python/py2app-error/.venv/lib/python3.11/site-packages/wx/lib/nvdlg.py -> /Users/jamie/Documents/Projects/python/py2app-error/dist/Timer.app/Contents/Resources/lib/python3.11/wx/lib/nvdlg.py
copying file /Users/jamie/Documents/Projects/python/py2app-error/.venv/lib/python3.11/site-packages/wx/lib/pydocview.py -> /Users/jamie/Documents/Projects/python/py2app-error/dist/Timer.app/Contents/Resources/lib/python3.11/wx/lib/pydocview.py
creating /Users/jamie/Documents/Projects/python/py2app-error/dist/Timer.app/Contents/Resources/lib/python3.11/wx/lib/wxcairo
copying file /Users/jamie/Documents/Projects/python/py2app-error/.venv/lib/python3.11/site-packages/wx/lib/wxcairo/__init__.py -> /Users/jamie/Documents/Projects/python/py2app-error/dist/Timer.app/Contents/Resources/lib/python3.11/wx/lib/wxcairo/__init__.py
creating /Users/jamie/Documents/Projects/python/py2app-error/dist/Timer.app/Contents/Resources/lib/python3.11/wx/lib/wxcairo/__pycache__
copying file /Users/jamie/Documents/Projects/python/py2app-error/.venv/lib/python3.11/site-packages/wx/lib/wxcairo/__pycache__/wx_cairocffi.cpython-311.pyc -> /Users/jamie/Documents/Projects/python/py2app-error/dist/Timer.app/Contents/Resources/lib/python3.11/wx/lib/wxcairo/__pycache__/wx_cairocffi.cpython-311.pyc
copying file /Users/jamie/Documents/Projects/python/py2app-error/.venv/lib/python3.11/site-packages/wx/lib/wxcairo/__pycache__/wx_pycairo.cpython-311.pyc -> /Users/jamie/Documents/Projects/python/py2app-error/dist/Timer.app/Contents/Resources/lib/python3.11/wx/lib/wxcairo/__pycache__/wx_pycairo.cpython-311.pyc
copying file /Users/jamie/Documents/Projects/python/py2app-error/.venv/lib/python3.11/site-packages/wx/lib/wxcairo/__pycache__/__init__.cpython-311.pyc -> /Users/jamie/Documents/Projects/python/py2app-error/dist/Timer.app/Contents/Resources/lib/python3.11/wx/lib/wxcairo/__pycache__/__init__.cpython-311.pyc
copying file /Users/jamie/Documents/Projects/python/py2app-error/.venv/lib/python3.11/site-packages/wx/lib/wxcairo/wx_pycairo.py -> /Users/jamie/Documents/Projects/python/py2app-error/dist/Timer.app/Contents/Resources/lib/python3.11/wx/lib/wxcairo/wx_pycairo.py
copying file /Users/jamie/Documents/Projects/python/py2app-error/.venv/lib/python3.11/site-packages/wx/lib/wxcairo/wx_cairocffi.py -> /Users/jamie/Documents/Projects/python/py2app-error/dist/Timer.app/Contents/Resources/lib/python3.11/wx/lib/wxcairo/wx_cairocffi.py
copying file /Users/jamie/Documents/Projects/python/py2app-error/.venv/lib/python3.11/site-packages/wx/lib/langlistctrl.py -> /Users/jamie/Documents/Projects/python/py2app-error/dist/Timer.app/Contents/Resources/lib/python3.11/wx/lib/langlistctrl.py
copying file /Users/jamie/Documents/Projects/python/py2app-error/.venv/lib/python3.11/site-packages/wx/lib/calendar.py -> /Users/jamie/Documents/Projects/python/py2app-error/dist/Timer.app/Contents/Resources/lib/python3.11/wx/lib/calendar.py
copying file /Users/jamie/Documents/Projects/python/py2app-error/.venv/lib/python3.11/site-packages/wx/lib/colourutils.py -> /Users/jamie/Documents/Projects/python/py2app-error/dist/Timer.app/Contents/Resources/lib/python3.11/wx/lib/colourutils.py
creating /Users/jamie/Documents/Projects/python/py2app-error/dist/Timer.app/Contents/Resources/lib/python3.11/wx/lib/agw
copying file /Users/jamie/Documents/Projects/python/py2app-error/.venv/lib/python3.11/site-packages/wx/lib/agw/zoombar.py -> /Users/jamie/Documents/Projects/python/py2app-error/dist/Timer.app/Contents/Resources/lib/python3.11/wx/lib/agw/zoombar.py
copying file /Users/jamie/Documents/Projects/python/py2app-error/.venv/lib/python3.11/site-packages/wx/lib/agw/supertooltip.py -> /Users/jamie/Documents/Projects/python/py2app-error/dist/Timer.app/Contents/Resources/lib/python3.11/wx/lib/agw/supertooltip.py
copying file /Users/jamie/Documents/Projects/python/py2app-error/.venv/lib/python3.11/site-packages/wx/lib/agw/piectrl.py -> /Users/jamie/Documents/Projects/python/py2app-error/dist/Timer.app/Contents/Resources/lib/python3.11/wx/lib/agw/piectrl.py
copying file /Users/jamie/Documents/Projects/python/py2app-error/.venv/lib/python3.11/site-packages/wx/lib/agw/rulerctrl.py -> /Users/jamie/Documents/Projects/python/py2app-error/dist/Timer.app/Contents/Resources/lib/python3.11/wx/lib/agw/rulerctrl.py
copying file /Users/jamie/Documents/Projects/python/py2app-error/.venv/lib/python3.11/site-packages/wx/lib/agw/shortcuteditor.py -> /Users/jamie/Documents/Projects/python/py2app-error/dist/Timer.app/Contents/Resources/lib/python3.11/wx/lib/agw/shortcuteditor.py
copying file /Users/jamie/Documents/Projects/python/py2app-error/.venv/lib/python3.11/site-packages/wx/lib/agw/ultimatelistctrl.py -> /Users/jamie/Documents/Projects/python/py2app-error/dist/Timer.app/Contents/Resources/lib/python3.11/wx/lib/agw/ultimatelistctrl.py
copying file /Users/jamie/Documents/Projects/python/py2app-error/.venv/lib/python3.11/site-packages/wx/lib/agw/foldpanelbar.py -> /Users/jamie/Documents/Projects/python/py2app-error/dist/Timer.app/Contents/Resources/lib/python3.11/wx/lib/agw/foldpanelbar.py
copying file /Users/jamie/Documents/Projects/python/py2app-error/.venv/lib/python3.11/site-packages/wx/lib/agw/hypertreelist.py -> /Users/jamie/Documents/Projects/python/py2app-error/dist/Timer.app/Contents/Resources/lib/python3.11/wx/lib/agw/hypertreelist.py
copying file /Users/jamie/Documents/Projects/python/py2app-error/.venv/lib/python3.11/site-packages/wx/lib/agw/fmcustomizedlg.py -> /Users/jamie/Documents/Projects/python/py2app-error/dist/Timer.app/Contents/Resources/lib/python3.11/wx/lib/agw/fmcustomizedlg.py
copying file /Users/jamie/Documents/Projects/python/py2app-error/.venv/lib/python3.11/site-packages/wx/lib/agw/fmresources.py -> /Users/jamie/Documents/Projects/python/py2app-error/dist/Timer.app/Contents/Resources/lib/python3.11/wx/lib/agw/fmresources.py
copying file /Users/jamie/Documents/Projects/python/py2app-error/.venv/lib/python3.11/site-packages/wx/lib/agw/floatspin.py -> /Users/jamie/Documents/Projects/python/py2app-error/dist/Timer.app/Contents/Resources/lib/python3.11/wx/lib/agw/floatspin.py
copying file /Users/jamie/Documents/Projects/python/py2app-error/.venv/lib/python3.11/site-packages/wx/lib/agw/artmanager.py -> /Users/jamie/Documents/Projects/python/py2app-error/dist/Timer.app/Contents/Resources/lib/python3.11/wx/lib/agw/artmanager.py
copying file /Users/jamie/Documents/Projects/python/py2app-error/.venv/lib/python3.11/site-packages/wx/lib/agw/buttonpanel.py -> /Users/jamie/Documents/Projects/python/py2app-error/dist/Timer.app/Contents/Resources/lib/python3.11/wx/lib/agw/buttonpanel.py
creating /Users/jamie/Documents/Projects/python/py2app-error/dist/Timer.app/Contents/Resources/lib/python3.11/wx/lib/agw/aui
copying file /Users/jamie/Documents/Projects/python/py2app-error/.venv/lib/python3.11/site-packages/wx/lib/agw/aui/dockart.py -> /Users/jamie/Documents/Projects/python/py2app-error/dist/Timer.app/Contents/Resources/lib/python3.11/wx/lib/agw/aui/dockart.py
copying file /Users/jamie/Documents/Projects/python/py2app-error/.venv/lib/python3.11/site-packages/wx/lib/agw/aui/aui_utilities.py -> /Users/jamie/Documents/Projects/python/py2app-error/dist/Timer.app/Contents/Resources/lib/python3.11/wx/lib/agw/aui/aui_utilities.py
copying file /Users/jamie/Documents/Projects/python/py2app-error/.venv/lib/python3.11/site-packages/wx/lib/agw/aui/auibook.py -> /Users/jamie/Documents/Projects/python/py2app-error/dist/Timer.app/Contents/Resources/lib/python3.11/wx/lib/agw/aui/auibook.py
copying file /Users/jamie/Documents/Projects/python/py2app-error/.venv/lib/python3.11/site-packages/wx/lib/agw/aui/tabmdi.py -> /Users/jamie/Documents/Projects/python/py2app-error/dist/Timer.app/Contents/Resources/lib/python3.11/wx/lib/agw/aui/tabmdi.py
copying file /Users/jamie/Documents/Projects/python/py2app-error/.venv/lib/python3.11/site-packages/wx/lib/agw/aui/tabart.py -> /Users/jamie/Documents/Projects/python/py2app-error/dist/Timer.app/Contents/Resources/lib/python3.11/wx/lib/agw/aui/tabart.py
copying file /Users/jamie/Documents/Projects/python/py2app-error/.venv/lib/python3.11/site-packages/wx/lib/agw/aui/__init__.py -> /Users/jamie/Documents/Projects/python/py2app-error/dist/Timer.app/Contents/Resources/lib/python3.11/wx/lib/agw/aui/__init__.py
creating /Users/jamie/Documents/Projects/python/py2app-error/dist/Timer.app/Contents/Resources/lib/python3.11/wx/lib/agw/aui/__pycache__
copying file /Users/jamie/Documents/Projects/python/py2app-error/.venv/lib/python3.11/site-packages/wx/lib/agw/aui/__pycache__/tabmdi.cpython-311.pyc -> /Users/jamie/Documents/Projects/python/py2app-error/dist/Timer.app/Contents/Resources/lib/python3.11/wx/lib/agw/aui/__pycache__/tabmdi.cpython-311.pyc
copying file /Users/jamie/Documents/Projects/python/py2app-error/.venv/lib/python3.11/site-packages/wx/lib/agw/aui/__pycache__/aui_switcherdialog.cpython-311.pyc -> /Users/jamie/Documents/Projects/python/py2app-error/dist/Timer.app/Contents/Resources/lib/python3.11/wx/lib/agw/aui/__pycache__/aui_switcherdialog.cpython-311.pyc
copying file /Users/jamie/Documents/Projects/python/py2app-error/.venv/lib/python3.11/site-packages/wx/lib/agw/aui/__pycache__/auibook.cpython-311.pyc -> /Users/jamie/Documents/Projects/python/py2app-error/dist/Timer.app/Contents/Resources/lib/python3.11/wx/lib/agw/aui/__pycache__/auibook.cpython-311.pyc
copying file /Users/jamie/Documents/Projects/python/py2app-error/.venv/lib/python3.11/site-packages/wx/lib/agw/aui/__pycache__/tabart.cpython-311.pyc -> /Users/jamie/Documents/Projects/python/py2app-error/dist/Timer.app/Contents/Resources/lib/python3.11/wx/lib/agw/aui/__pycache__/tabart.cpython-311.pyc
copying file /Users/jamie/Documents/Projects/python/py2app-error/.venv/lib/python3.11/site-packages/wx/lib/agw/aui/__pycache__/aui_constants.cpython-311.pyc -> /Users/jamie/Documents/Projects/python/py2app-error/dist/Timer.app/Contents/Resources/lib/python3.11/wx/lib/agw/aui/__pycache__/aui_constants.cpython-311.pyc
copying file /Users/jamie/Documents/Projects/python/py2app-error/.venv/lib/python3.11/site-packages/wx/lib/agw/aui/__pycache__/auibar.cpython-311.pyc -> /Users/jamie/Documents/Projects/python/py2app-error/dist/Timer.app/Contents/Resources/lib/python3.11/wx/lib/agw/aui/__pycache__/auibar.cpython-311.pyc
copying file /Users/jamie/Documents/Projects/python/py2app-error/.venv/lib/python3.11/site-packages/wx/lib/agw/aui/__pycache__/aui_utilities.cpython-311.pyc -> /Users/jamie/Documents/Projects/python/py2app-error/dist/Timer.app/Contents/Resources/lib/python3.11/wx/lib/agw/aui/__pycache__/aui_utilities.cpython-311.pyc
copying file /Users/jamie/Documents/Projects/python/py2app-error/.venv/lib/python3.11/site-packages/wx/lib/agw/aui/__pycache__/dockart.cpython-311.pyc -> /Users/jamie/Documents/Projects/python/py2app-error/dist/Timer.app/Contents/Resources/lib/python3.11/wx/lib/agw/aui/__pycache__/dockart.cpython-311.pyc
copying file /Users/jamie/Documents/Projects/python/py2app-error/.venv/lib/python3.11/site-packages/wx/lib/agw/aui/__pycache__/framemanager.cpython-311.pyc -> /Users/jamie/Documents/Projects/python/py2app-error/dist/Timer.app/Contents/Resources/lib/python3.11/wx/lib/agw/aui/__pycache__/framemanager.cpython-311.pyc
copying file /Users/jamie/Documents/Projects/python/py2app-error/.venv/lib/python3.11/site-packages/wx/lib/agw/aui/__pycache__/__init__.cpython-311.pyc -> /Users/jamie/Documents/Projects/python/py2app-error/dist/Timer.app/Contents/Resources/lib/python3.11/wx/lib/agw/aui/__pycache__/__init__.cpython-311.pyc
copying file /Users/jamie/Documents/Projects/python/py2app-error/.venv/lib/python3.11/site-packages/wx/lib/agw/aui/aui_constants.py -> /Users/jamie/Documents/Projects/python/py2app-error/dist/Timer.app/Contents/Resources/lib/python3.11/wx/lib/agw/aui/aui_constants.py
copying file /Users/jamie/Documents/Projects/python/py2app-error/.venv/lib/python3.11/site-packages/wx/lib/agw/aui/framemanager.py -> /Users/jamie/Documents/Projects/python/py2app-error/dist/Timer.app/Contents/Resources/lib/python3.11/wx/lib/agw/aui/framemanager.py
copying file /Users/jamie/Documents/Projects/python/py2app-error/.venv/lib/python3.11/site-packages/wx/lib/agw/aui/aui_switcherdialog.py -> /Users/jamie/Documents/Projects/python/py2app-error/dist/Timer.app/Contents/Resources/lib/python3.11/wx/lib/agw/aui/aui_switcherdialog.py
copying file /Users/jamie/Documents/Projects/python/py2app-error/.venv/lib/python3.11/site-packages/wx/lib/agw/aui/auibar.py -> /Users/jamie/Documents/Projects/python/py2app-error/dist/Timer.app/Contents/Resources/lib/python3.11/wx/lib/agw/aui/auibar.py
copying file /Users/jamie/Documents/Projects/python/py2app-error/.venv/lib/python3.11/site-packages/wx/lib/agw/customtreectrl.py -> /Users/jamie/Documents/Projects/python/py2app-error/dist/Timer.app/Contents/Resources/lib/python3.11/wx/lib/agw/customtreectrl.py
copying file /Users/jamie/Documents/Projects/python/py2app-error/.venv/lib/python3.11/site-packages/wx/lib/agw/hyperlink.py -> /Users/jamie/Documents/Projects/python/py2app-error/dist/Timer.app/Contents/Resources/lib/python3.11/wx/lib/agw/hyperlink.py
copying file /Users/jamie/Documents/Projects/python/py2app-error/.venv/lib/python3.11/site-packages/wx/lib/agw/flatmenu.py -> /Users/jamie/Documents/Projects/python/py2app-error/dist/Timer.app/Contents/Resources/lib/python3.11/wx/lib/agw/flatmenu.py
copying file /Users/jamie/Documents/Projects/python/py2app-error/.venv/lib/python3.11/site-packages/wx/lib/agw/pygauge.py -> /Users/jamie/Documents/Projects/python/py2app-error/dist/Timer.app/Contents/Resources/lib/python3.11/wx/lib/agw/pygauge.py
copying file /Users/jamie/Documents/Projects/python/py2app-error/.venv/lib/python3.11/site-packages/wx/lib/agw/xlsgrid.py -> /Users/jamie/Documents/Projects/python/py2app-error/dist/Timer.app/Contents/Resources/lib/python3.11/wx/lib/agw/xlsgrid.py
copying file /Users/jamie/Documents/Projects/python/py2app-error/.venv/lib/python3.11/site-packages/wx/lib/agw/pycollapsiblepane.py -> /Users/jamie/Documents/Projects/python/py2app-error/dist/Timer.app/Contents/Resources/lib/python3.11/wx/lib/agw/pycollapsiblepane.py
copying file /Users/jamie/Documents/Projects/python/py2app-error/.venv/lib/python3.11/site-packages/wx/lib/agw/__init__.py -> /Users/jamie/Documents/Projects/python/py2app-error/dist/Timer.app/Contents/Resources/lib/python3.11/wx/lib/agw/__init__.py
copying file /Users/jamie/Documents/Projects/python/py2app-error/.venv/lib/python3.11/site-packages/wx/lib/agw/cubecolourdialog.py -> /Users/jamie/Documents/Projects/python/py2app-error/dist/Timer.app/Contents/Resources/lib/python3.11/wx/lib/agw/cubecolourdialog.py
copying file /Users/jamie/Documents/Projects/python/py2app-error/.venv/lib/python3.11/site-packages/wx/lib/agw/peakmeter.py -> /Users/jamie/Documents/Projects/python/py2app-error/dist/Timer.app/Contents/Resources/lib/python3.11/wx/lib/agw/peakmeter.py
creating /Users/jamie/Documents/Projects/python/py2app-error/dist/Timer.app/Contents/Resources/lib/python3.11/wx/lib/agw/__pycache__
copying file /Users/jamie/Documents/Projects/python/py2app-error/.venv/lib/python3.11/site-packages/wx/lib/agw/__pycache__/supertooltip.cpython-311.pyc -> /Users/jamie/Documents/Projects/python/py2app-error/dist/Timer.app/Contents/Resources/lib/python3.11/wx/lib/agw/__pycache__/supertooltip.cpython-311.pyc
copying file /Users/jamie/Documents/Projects/python/py2app-error/.venv/lib/python3.11/site-packages/wx/lib/agw/__pycache__/rulerctrl.cpython-311.pyc -> /Users/jamie/Documents/Projects/python/py2app-error/dist/Timer.app/Contents/Resources/lib/python3.11/wx/lib/agw/__pycache__/rulerctrl.cpython-311.pyc
copying file /Users/jamie/Documents/Projects/python/py2app-error/.venv/lib/python3.11/site-packages/wx/lib/agw/__pycache__/xlsgrid.cpython-311.pyc -> /Users/jamie/Documents/Projects/python/py2app-error/dist/Timer.app/Contents/Resources/lib/python3.11/wx/lib/agw/__pycache__/xlsgrid.cpython-311.pyc
copying file /Users/jamie/Documents/Projects/python/py2app-error/.venv/lib/python3.11/site-packages/wx/lib/agw/__pycache__/artmanager.cpython-311.pyc -> /Users/jamie/Documents/Projects/python/py2app-error/dist/Timer.app/Contents/Resources/lib/python3.11/wx/lib/agw/__pycache__/artmanager.cpython-311.pyc
copying file /Users/jamie/Documents/Projects/python/py2app-error/.venv/lib/python3.11/site-packages/wx/lib/agw/__pycache__/infobar.cpython-311.pyc -> /Users/jamie/Documents/Projects/python/py2app-error/dist/Timer.app/Contents/Resources/lib/python3.11/wx/lib/agw/__pycache__/infobar.cpython-311.pyc
copying file /Users/jamie/Documents/Projects/python/py2app-error/.venv/lib/python3.11/site-packages/wx/lib/agw/__pycache__/scrolledthumbnail.cpython-311.pyc -> /Users/jamie/Documents/Projects/python/py2app-error/dist/Timer.app/Contents/Resources/lib/python3.11/wx/lib/agw/__pycache__/scrolledthumbnail.cpython-311.pyc
copying file /Users/jamie/Documents/Projects/python/py2app-error/.venv/lib/python3.11/site-packages/wx/lib/agw/__pycache__/toasterbox.cpython-311.pyc -> /Users/jamie/Documents/Projects/python/py2app-error/dist/Timer.app/Contents/Resources/lib/python3.11/wx/lib/agw/__pycache__/toasterbox.cpython-311.pyc
copying file /Users/jamie/Documents/Projects/python/py2app-error/.venv/lib/python3.11/site-packages/wx/lib/agw/__pycache__/pyprogress.cpython-311.pyc -> /Users/jamie/Documents/Projects/python/py2app-error/dist/Timer.app/Contents/Resources/lib/python3.11/wx/lib/agw/__pycache__/pyprogress.cpython-311.pyc
copying file /Users/jamie/Documents/Projects/python/py2app-error/.venv/lib/python3.11/site-packages/wx/lib/agw/__pycache__/knobctrl.cpython-311.pyc -> /Users/jamie/Documents/Projects/python/py2app-error/dist/Timer.app/Contents/Resources/lib/python3.11/wx/lib/agw/__pycache__/knobctrl.cpython-311.pyc
copying file /Users/jamie/Documents/Projects/python/py2app-error/.venv/lib/python3.11/site-packages/wx/lib/agw/__pycache__/customtreectrl.cpython-311.pyc -> /Users/jamie/Documents/Projects/python/py2app-error/dist/Timer.app/Contents/Resources/lib/python3.11/wx/lib/agw/__pycache__/customtreectrl.cpython-311.pyc
copying file /Users/jamie/Documents/Projects/python/py2app-error/.venv/lib/python3.11/site-packages/wx/lib/agw/__pycache__/balloontip.cpython-311.pyc -> /Users/jamie/Documents/Projects/python/py2app-error/dist/Timer.app/Contents/Resources/lib/python3.11/wx/lib/agw/__pycache__/balloontip.cpython-311.pyc
copying file /Users/jamie/Documents/Projects/python/py2app-error/.venv/lib/python3.11/site-packages/wx/lib/agw/__pycache__/cubecolourdialog.cpython-311.pyc -> /Users/jamie/Documents/Projects/python/py2app-error/dist/Timer.app/Contents/Resources/lib/python3.11/wx/lib/agw/__pycache__/cubecolourdialog.cpython-311.pyc
copying file /Users/jamie/Documents/Projects/python/py2app-error/.venv/lib/python3.11/site-packages/wx/lib/agw/__pycache__/pycollapsiblepane.cpython-311.pyc -> /Users/jamie/Documents/Projects/python/py2app-error/dist/Timer.app/Contents/Resources/lib/python3.11/wx/lib/agw/__pycache__/pycollapsiblepane.cpython-311.pyc
copying file /Users/jamie/Documents/Projects/python/py2app-error/.venv/lib/python3.11/site-packages/wx/lib/agw/__pycache__/hypertreelist.cpython-311.pyc -> /Users/jamie/Documents/Projects/python/py2app-error/dist/Timer.app/Contents/Resources/lib/python3.11/wx/lib/agw/__pycache__/hypertreelist.cpython-311.pyc
copying file /Users/jamie/Documents/Projects/python/py2app-error/.venv/lib/python3.11/site-packages/wx/lib/agw/__pycache__/foldpanelbar.cpython-311.pyc -> /Users/jamie/Documents/Projects/python/py2app-error/dist/Timer.app/Contents/Resources/lib/python3.11/wx/lib/agw/__pycache__/foldpanelbar.cpython-311.pyc
copying file /Users/jamie/Documents/Projects/python/py2app-error/.venv/lib/python3.11/site-packages/wx/lib/agw/__pycache__/buttonpanel.cpython-311.pyc -> /Users/jamie/Documents/Projects/python/py2app-error/dist/Timer.app/Contents/Resources/lib/python3.11/wx/lib/agw/__pycache__/buttonpanel.cpython-311.pyc
copying file /Users/jamie/Documents/Projects/python/py2app-error/.venv/lib/python3.11/site-packages/wx/lib/agw/__pycache__/pygauge.cpython-311.pyc -> /Users/jamie/Documents/Projects/python/py2app-error/dist/Timer.app/Contents/Resources/lib/python3.11/wx/lib/agw/__pycache__/pygauge.cpython-311.pyc
copying file /Users/jamie/Documents/Projects/python/py2app-error/.venv/lib/python3.11/site-packages/wx/lib/agw/__pycache__/multidirdialog.cpython-311.pyc -> /Users/jamie/Documents/Projects/python/py2app-error/dist/Timer.app/Contents/Resources/lib/python3.11/wx/lib/agw/__pycache__/multidirdialog.cpython-311.pyc
copying file /Users/jamie/Documents/Projects/python/py2app-error/.venv/lib/python3.11/site-packages/wx/lib/agw/__pycache__/peakmeter.cpython-311.pyc -> /Users/jamie/Documents/Projects/python/py2app-error/dist/Timer.app/Contents/Resources/lib/python3.11/wx/lib/agw/__pycache__/peakmeter.cpython-311.pyc
copying file /Users/jamie/Documents/Projects/python/py2app-error/.venv/lib/python3.11/site-packages/wx/lib/agw/__pycache__/shortcuteditor.cpython-311.pyc -> /Users/jamie/Documents/Projects/python/py2app-error/dist/Timer.app/Contents/Resources/lib/python3.11/wx/lib/agw/__pycache__/shortcuteditor.cpython-311.pyc
copying file /Users/jamie/Documents/Projects/python/py2app-error/.venv/lib/python3.11/site-packages/wx/lib/agw/__pycache__/flatnotebook.cpython-311.pyc -> /Users/jamie/Documents/Projects/python/py2app-error/dist/Timer.app/Contents/Resources/lib/python3.11/wx/lib/agw/__pycache__/flatnotebook.cpython-311.pyc
copying file /Users/jamie/Documents/Projects/python/py2app-error/.venv/lib/python3.11/site-packages/wx/lib/agw/__pycache__/fourwaysplitter.cpython-311.pyc -> /Users/jamie/Documents/Projects/python/py2app-error/dist/Timer.app/Contents/Resources/lib/python3.11/wx/lib/agw/__pycache__/fourwaysplitter.cpython-311.pyc
copying file /Users/jamie/Documents/Projects/python/py2app-error/.venv/lib/python3.11/site-packages/wx/lib/agw/__pycache__/pybusyinfo.cpython-311.pyc -> /Users/jamie/Documents/Projects/python/py2app-error/dist/Timer.app/Contents/Resources/lib/python3.11/wx/lib/agw/__pycache__/pybusyinfo.cpython-311.pyc
copying file /Users/jamie/Documents/Projects/python/py2app-error/.venv/lib/python3.11/site-packages/wx/lib/agw/__pycache__/thumbnailctrl.cpython-311.pyc -> /Users/jamie/Documents/Projects/python/py2app-error/dist/Timer.app/Contents/Resources/lib/python3.11/wx/lib/agw/__pycache__/thumbnailctrl.cpython-311.pyc
copying file /Users/jamie/Documents/Projects/python/py2app-error/.venv/lib/python3.11/site-packages/wx/lib/agw/__pycache__/speedmeter.cpython-311.pyc -> /Users/jamie/Documents/Projects/python/py2app-error/dist/Timer.app/Contents/Resources/lib/python3.11/wx/lib/agw/__pycache__/speedmeter.cpython-311.pyc
copying file /Users/jamie/Documents/Projects/python/py2app-error/.venv/lib/python3.11/site-packages/wx/lib/agw/__pycache__/floatspin.cpython-311.pyc -> /Users/jamie/Documents/Projects/python/py2app-error/dist/Timer.app/Contents/Resources/lib/python3.11/wx/lib/agw/__pycache__/floatspin.cpython-311.pyc
copying file /Users/jamie/Documents/Projects/python/py2app-error/.venv/lib/python3.11/site-packages/wx/lib/agw/__pycache__/shapedbutton.cpython-311.pyc -> /Users/jamie/Documents/Projects/python/py2app-error/dist/Timer.app/Contents/Resources/lib/python3.11/wx/lib/agw/__pycache__/shapedbutton.cpython-311.pyc
copying file /Users/jamie/Documents/Projects/python/py2app-error/.venv/lib/python3.11/site-packages/wx/lib/agw/__pycache__/ultimatelistctrl.cpython-311.pyc -> /Users/jamie/Documents/Projects/python/py2app-error/dist/Timer.app/Contents/Resources/lib/python3.11/wx/lib/agw/__pycache__/ultimatelistctrl.cpython-311.pyc
copying file /Users/jamie/Documents/Projects/python/py2app-error/.venv/lib/python3.11/site-packages/wx/lib/agw/__pycache__/flatmenu.cpython-311.pyc -> /Users/jamie/Documents/Projects/python/py2app-error/dist/Timer.app/Contents/Resources/lib/python3.11/wx/lib/agw/__pycache__/flatmenu.cpython-311.pyc
copying file /Users/jamie/Documents/Projects/python/py2app-error/.venv/lib/python3.11/site-packages/wx/lib/agw/__pycache__/hyperlink.cpython-311.pyc -> /Users/jamie/Documents/Projects/python/py2app-error/dist/Timer.app/Contents/Resources/lib/python3.11/wx/lib/agw/__pycache__/hyperlink.cpython-311.pyc
copying file /Users/jamie/Documents/Projects/python/py2app-error/.venv/lib/python3.11/site-packages/wx/lib/agw/__pycache__/zoombar.cpython-311.pyc -> /Users/jamie/Documents/Projects/python/py2app-error/dist/Timer.app/Contents/Resources/lib/python3.11/wx/lib/agw/__pycache__/zoombar.cpython-311.pyc
copying file /Users/jamie/Documents/Projects/python/py2app-error/.venv/lib/python3.11/site-packages/wx/lib/agw/__pycache__/labelbook.cpython-311.pyc -> /Users/jamie/Documents/Projects/python/py2app-error/dist/Timer.app/Contents/Resources/lib/python3.11/wx/lib/agw/__pycache__/labelbook.cpython-311.pyc
copying file /Users/jamie/Documents/Projects/python/py2app-error/.venv/lib/python3.11/site-packages/wx/lib/agw/__pycache__/fmcustomizedlg.cpython-311.pyc -> /Users/jamie/Documents/Projects/python/py2app-error/dist/Timer.app/Contents/Resources/lib/python3.11/wx/lib/agw/__pycache__/fmcustomizedlg.cpython-311.pyc
copying file /Users/jamie/Documents/Projects/python/py2app-error/.venv/lib/python3.11/site-packages/wx/lib/agw/__pycache__/fmresources.cpython-311.pyc -> /Users/jamie/Documents/Projects/python/py2app-error/dist/Timer.app/Contents/Resources/lib/python3.11/wx/lib/agw/__pycache__/fmresources.cpython-311.pyc
copying file /Users/jamie/Documents/Projects/python/py2app-error/.venv/lib/python3.11/site-packages/wx/lib/agw/__pycache__/piectrl.cpython-311.pyc -> /Users/jamie/Documents/Projects/python/py2app-error/dist/Timer.app/Contents/Resources/lib/python3.11/wx/lib/agw/__pycache__/piectrl.cpython-311.pyc
copying file /Users/jamie/Documents/Projects/python/py2app-error/.venv/lib/python3.11/site-packages/wx/lib/agw/__pycache__/aquabutton.cpython-311.pyc -> /Users/jamie/Documents/Projects/python/py2app-error/dist/Timer.app/Contents/Resources/lib/python3.11/wx/lib/agw/__pycache__/aquabutton.cpython-311.pyc
copying file /Users/jamie/Documents/Projects/python/py2app-error/.venv/lib/python3.11/site-packages/wx/lib/agw/__pycache__/genericmessagedialog.cpython-311.pyc -> /Users/jamie/Documents/Projects/python/py2app-error/dist/Timer.app/Contents/Resources/lib/python3.11/wx/lib/agw/__pycache__/genericmessagedialog.cpython-311.pyc
copying file /Users/jamie/Documents/Projects/python/py2app-error/.venv/lib/python3.11/site-packages/wx/lib/agw/__pycache__/__init__.cpython-311.pyc -> /Users/jamie/Documents/Projects/python/py2app-error/dist/Timer.app/Contents/Resources/lib/python3.11/wx/lib/agw/__pycache__/__init__.cpython-311.pyc
copying file /Users/jamie/Documents/Projects/python/py2app-error/.venv/lib/python3.11/site-packages/wx/lib/agw/__pycache__/gradientbutton.cpython-311.pyc -> /Users/jamie/Documents/Projects/python/py2app-error/dist/Timer.app/Contents/Resources/lib/python3.11/wx/lib/agw/__pycache__/gradientbutton.cpython-311.pyc
copying file /Users/jamie/Documents/Projects/python/py2app-error/.venv/lib/python3.11/site-packages/wx/lib/agw/__pycache__/advancedsplash.cpython-311.pyc -> /Users/jamie/Documents/Projects/python/py2app-error/dist/Timer.app/Contents/Resources/lib/python3.11/wx/lib/agw/__pycache__/advancedsplash.cpython-311.pyc
copying file /Users/jamie/Documents/Projects/python/py2app-error/.venv/lib/python3.11/site-packages/wx/lib/agw/aquabutton.py -> /Users/jamie/Documents/Projects/python/py2app-error/dist/Timer.app/Contents/Resources/lib/python3.11/wx/lib/agw/aquabutton.py
copying file /Users/jamie/Documents/Projects/python/py2app-error/.venv/lib/python3.11/site-packages/wx/lib/agw/labelbook.py -> /Users/jamie/Documents/Projects/python/py2app-error/dist/Timer.app/Contents/Resources/lib/python3.11/wx/lib/agw/labelbook.py
creating /Users/jamie/Documents/Projects/python/py2app-error/dist/Timer.app/Contents/Resources/lib/python3.11/wx/lib/agw/ribbon
copying file /Users/jamie/Documents/Projects/python/py2app-error/.venv/lib/python3.11/site-packages/wx/lib/agw/ribbon/art_msw.py -> /Users/jamie/Documents/Projects/python/py2app-error/dist/Timer.app/Contents/Resources/lib/python3.11/wx/lib/agw/ribbon/art_msw.py
copying file /Users/jamie/Documents/Projects/python/py2app-error/.venv/lib/python3.11/site-packages/wx/lib/agw/ribbon/buttonbar.py -> /Users/jamie/Documents/Projects/python/py2app-error/dist/Timer.app/Contents/Resources/lib/python3.11/wx/lib/agw/ribbon/buttonbar.py
copying file /Users/jamie/Documents/Projects/python/py2app-error/.venv/lib/python3.11/site-packages/wx/lib/agw/ribbon/control.py -> /Users/jamie/Documents/Projects/python/py2app-error/dist/Timer.app/Contents/Resources/lib/python3.11/wx/lib/agw/ribbon/control.py
copying file /Users/jamie/Documents/Projects/python/py2app-error/.venv/lib/python3.11/site-packages/wx/lib/agw/ribbon/__init__.py -> /Users/jamie/Documents/Projects/python/py2app-error/dist/Timer.app/Contents/Resources/lib/python3.11/wx/lib/agw/ribbon/__init__.py
copying file /Users/jamie/Documents/Projects/python/py2app-error/.venv/lib/python3.11/site-packages/wx/lib/agw/ribbon/page.py -> /Users/jamie/Documents/Projects/python/py2app-error/dist/Timer.app/Contents/Resources/lib/python3.11/wx/lib/agw/ribbon/page.py
creating /Users/jamie/Documents/Projects/python/py2app-error/dist/Timer.app/Contents/Resources/lib/python3.11/wx/lib/agw/ribbon/__pycache__
copying file /Users/jamie/Documents/Projects/python/py2app-error/.venv/lib/python3.11/site-packages/wx/lib/agw/ribbon/__pycache__/art_osx.cpython-311.pyc -> /Users/jamie/Documents/Projects/python/py2app-error/dist/Timer.app/Contents/Resources/lib/python3.11/wx/lib/agw/ribbon/__pycache__/art_osx.cpython-311.pyc
copying file /Users/jamie/Documents/Projects/python/py2app-error/.venv/lib/python3.11/site-packages/wx/lib/agw/ribbon/__pycache__/art_internal.cpython-311.pyc -> /Users/jamie/Documents/Projects/python/py2app-error/dist/Timer.app/Contents/Resources/lib/python3.11/wx/lib/agw/ribbon/__pycache__/art_internal.cpython-311.pyc
copying file /Users/jamie/Documents/Projects/python/py2app-error/.venv/lib/python3.11/site-packages/wx/lib/agw/ribbon/__pycache__/gallery.cpython-311.pyc -> /Users/jamie/Documents/Projects/python/py2app-error/dist/Timer.app/Contents/Resources/lib/python3.11/wx/lib/agw/ribbon/__pycache__/gallery.cpython-311.pyc
copying file /Users/jamie/Documents/Projects/python/py2app-error/.venv/lib/python3.11/site-packages/wx/lib/agw/ribbon/__pycache__/art_msw.cpython-311.pyc -> /Users/jamie/Documents/Projects/python/py2app-error/dist/Timer.app/Contents/Resources/lib/python3.11/wx/lib/agw/ribbon/__pycache__/art_msw.cpython-311.pyc
copying file /Users/jamie/Documents/Projects/python/py2app-error/.venv/lib/python3.11/site-packages/wx/lib/agw/ribbon/__pycache__/toolbar.cpython-311.pyc -> /Users/jamie/Documents/Projects/python/py2app-error/dist/Timer.app/Contents/Resources/lib/python3.11/wx/lib/agw/ribbon/__pycache__/toolbar.cpython-311.pyc
copying file /Users/jamie/Documents/Projects/python/py2app-error/.venv/lib/python3.11/site-packages/wx/lib/agw/ribbon/__pycache__/page.cpython-311.pyc -> /Users/jamie/Documents/Projects/python/py2app-error/dist/Timer.app/Contents/Resources/lib/python3.11/wx/lib/agw/ribbon/__pycache__/page.cpython-311.pyc
copying file /Users/jamie/Documents/Projects/python/py2app-error/.venv/lib/python3.11/site-packages/wx/lib/agw/ribbon/__pycache__/bar.cpython-311.pyc -> /Users/jamie/Documents/Projects/python/py2app-error/dist/Timer.app/Contents/Resources/lib/python3.11/wx/lib/agw/ribbon/__pycache__/bar.cpython-311.pyc
copying file /Users/jamie/Documents/Projects/python/py2app-error/.venv/lib/python3.11/site-packages/wx/lib/agw/ribbon/__pycache__/control.cpython-311.pyc -> /Users/jamie/Documents/Projects/python/py2app-error/dist/Timer.app/Contents/Resources/lib/python3.11/wx/lib/agw/ribbon/__pycache__/control.cpython-311.pyc
copying file /Users/jamie/Documents/Projects/python/py2app-error/.venv/lib/python3.11/site-packages/wx/lib/agw/ribbon/__pycache__/art_aui.cpython-311.pyc -> /Users/jamie/Documents/Projects/python/py2app-error/dist/Timer.app/Contents/Resources/lib/python3.11/wx/lib/agw/ribbon/__pycache__/art_aui.cpython-311.pyc
copying file /Users/jamie/Documents/Projects/python/py2app-error/.venv/lib/python3.11/site-packages/wx/lib/agw/ribbon/__pycache__/art_default.cpython-311.pyc -> /Users/jamie/Documents/Projects/python/py2app-error/dist/Timer.app/Contents/Resources/lib/python3.11/wx/lib/agw/ribbon/__pycache__/art_default.cpython-311.pyc
copying file /Users/jamie/Documents/Projects/python/py2app-error/.venv/lib/python3.11/site-packages/wx/lib/agw/ribbon/__pycache__/art.cpython-311.pyc -> /Users/jamie/Documents/Projects/python/py2app-error/dist/Timer.app/Contents/Resources/lib/python3.11/wx/lib/agw/ribbon/__pycache__/art.cpython-311.pyc
copying file /Users/jamie/Documents/Projects/python/py2app-error/.venv/lib/python3.11/site-packages/wx/lib/agw/ribbon/__pycache__/panel.cpython-311.pyc -> /Users/jamie/Documents/Projects/python/py2app-error/dist/Timer.app/Contents/Resources/lib/python3.11/wx/lib/agw/ribbon/__pycache__/panel.cpython-311.pyc
copying file /Users/jamie/Documents/Projects/python/py2app-error/.venv/lib/python3.11/site-packages/wx/lib/agw/ribbon/__pycache__/buttonbar.cpython-311.pyc -> /Users/jamie/Documents/Projects/python/py2app-error/dist/Timer.app/Contents/Resources/lib/python3.11/wx/lib/agw/ribbon/__pycache__/buttonbar.cpython-311.pyc
copying file /Users/jamie/Documents/Projects/python/py2app-error/.venv/lib/python3.11/site-packages/wx/lib/agw/ribbon/__pycache__/__init__.cpython-311.pyc -> /Users/jamie/Documents/Projects/python/py2app-error/dist/Timer.app/Contents/Resources/lib/python3.11/wx/lib/agw/ribbon/__pycache__/__init__.cpython-311.pyc
copying file /Users/jamie/Documents/Projects/python/py2app-error/.venv/lib/python3.11/site-packages/wx/lib/agw/ribbon/toolbar.py -> /Users/jamie/Documents/Projects/python/py2app-error/dist/Timer.app/Contents/Resources/lib/python3.11/wx/lib/agw/ribbon/toolbar.py
copying file /Users/jamie/Documents/Projects/python/py2app-error/.venv/lib/python3.11/site-packages/wx/lib/agw/ribbon/art_default.py -> /Users/jamie/Documents/Projects/python/py2app-error/dist/Timer.app/Contents/Resources/lib/python3.11/wx/lib/agw/ribbon/art_default.py
copying file /Users/jamie/Documents/Projects/python/py2app-error/.venv/lib/python3.11/site-packages/wx/lib/agw/ribbon/bar.py -> /Users/jamie/Documents/Projects/python/py2app-error/dist/Timer.app/Contents/Resources/lib/python3.11/wx/lib/agw/ribbon/bar.py
copying file /Users/jamie/Documents/Projects/python/py2app-error/.venv/lib/python3.11/site-packages/wx/lib/agw/ribbon/art.py -> /Users/jamie/Documents/Projects/python/py2app-error/dist/Timer.app/Contents/Resources/lib/python3.11/wx/lib/agw/ribbon/art.py
copying file /Users/jamie/Documents/Projects/python/py2app-error/.venv/lib/python3.11/site-packages/wx/lib/agw/ribbon/art_osx.py -> /Users/jamie/Documents/Projects/python/py2app-error/dist/Timer.app/Contents/Resources/lib/python3.11/wx/lib/agw/ribbon/art_osx.py
copying file /Users/jamie/Documents/Projects/python/py2app-error/.venv/lib/python3.11/site-packages/wx/lib/agw/ribbon/art_internal.py -> /Users/jamie/Documents/Projects/python/py2app-error/dist/Timer.app/Contents/Resources/lib/python3.11/wx/lib/agw/ribbon/art_internal.py
copying file /Users/jamie/Documents/Projects/python/py2app-error/.venv/lib/python3.11/site-packages/wx/lib/agw/ribbon/panel.py -> /Users/jamie/Documents/Projects/python/py2app-error/dist/Timer.app/Contents/Resources/lib/python3.11/wx/lib/agw/ribbon/panel.py
copying file /Users/jamie/Documents/Projects/python/py2app-error/.venv/lib/python3.11/site-packages/wx/lib/agw/ribbon/gallery.py -> /Users/jamie/Documents/Projects/python/py2app-error/dist/Timer.app/Contents/Resources/lib/python3.11/wx/lib/agw/ribbon/gallery.py
copying file /Users/jamie/Documents/Projects/python/py2app-error/.venv/lib/python3.11/site-packages/wx/lib/agw/ribbon/art_aui.py -> /Users/jamie/Documents/Projects/python/py2app-error/dist/Timer.app/Contents/Resources/lib/python3.11/wx/lib/agw/ribbon/art_aui.py
copying file /Users/jamie/Documents/Projects/python/py2app-error/.venv/lib/python3.11/site-packages/wx/lib/agw/balloontip.py -> /Users/jamie/Documents/Projects/python/py2app-error/dist/Timer.app/Contents/Resources/lib/python3.11/wx/lib/agw/balloontip.py
copying file /Users/jamie/Documents/Projects/python/py2app-error/.venv/lib/python3.11/site-packages/wx/lib/agw/advancedsplash.py -> /Users/jamie/Documents/Projects/python/py2app-error/dist/Timer.app/Contents/Resources/lib/python3.11/wx/lib/agw/advancedsplash.py
copying file /Users/jamie/Documents/Projects/python/py2app-error/.venv/lib/python3.11/site-packages/wx/lib/agw/infobar.py -> /Users/jamie/Documents/Projects/python/py2app-error/dist/Timer.app/Contents/Resources/lib/python3.11/wx/lib/agw/infobar.py
copying file /Users/jamie/Documents/Projects/python/py2app-error/.venv/lib/python3.11/site-packages/wx/lib/agw/toasterbox.py -> /Users/jamie/Documents/Projects/python/py2app-error/dist/Timer.app/Contents/Resources/lib/python3.11/wx/lib/agw/toasterbox.py
copying file /Users/jamie/Documents/Projects/python/py2app-error/.venv/lib/python3.11/site-packages/wx/lib/agw/scrolledthumbnail.py -> /Users/jamie/Documents/Projects/python/py2app-error/dist/Timer.app/Contents/Resources/lib/python3.11/wx/lib/agw/scrolledthumbnail.py
copying file /Users/jamie/Documents/Projects/python/py2app-error/.venv/lib/python3.11/site-packages/wx/lib/agw/thumbnailctrl.py -> /Users/jamie/Documents/Projects/python/py2app-error/dist/Timer.app/Contents/Resources/lib/python3.11/wx/lib/agw/thumbnailctrl.py
copying file /Users/jamie/Documents/Projects/python/py2app-error/.venv/lib/python3.11/site-packages/wx/lib/agw/genericmessagedialog.py -> /Users/jamie/Documents/Projects/python/py2app-error/dist/Timer.app/Contents/Resources/lib/python3.11/wx/lib/agw/genericmessagedialog.py
copying file /Users/jamie/Documents/Projects/python/py2app-error/.venv/lib/python3.11/site-packages/wx/lib/agw/speedmeter.py -> /Users/jamie/Documents/Projects/python/py2app-error/dist/Timer.app/Contents/Resources/lib/python3.11/wx/lib/agw/speedmeter.py
copying file /Users/jamie/Documents/Projects/python/py2app-error/.venv/lib/python3.11/site-packages/wx/lib/agw/multidirdialog.py -> /Users/jamie/Documents/Projects/python/py2app-error/dist/Timer.app/Contents/Resources/lib/python3.11/wx/lib/agw/multidirdialog.py
copying file /Users/jamie/Documents/Projects/python/py2app-error/.venv/lib/python3.11/site-packages/wx/lib/agw/knobctrl.py -> /Users/jamie/Documents/Projects/python/py2app-error/dist/Timer.app/Contents/Resources/lib/python3.11/wx/lib/agw/knobctrl.py
copying file /Users/jamie/Documents/Projects/python/py2app-error/.venv/lib/python3.11/site-packages/wx/lib/agw/pyprogress.py -> /Users/jamie/Documents/Projects/python/py2app-error/dist/Timer.app/Contents/Resources/lib/python3.11/wx/lib/agw/pyprogress.py
creating /Users/jamie/Documents/Projects/python/py2app-error/dist/Timer.app/Contents/Resources/lib/python3.11/wx/lib/agw/data
copying file /Users/jamie/Documents/Projects/python/py2app-error/.venv/lib/python3.11/site-packages/wx/lib/agw/data/ShortcutEditor_3.png -> /Users/jamie/Documents/Projects/python/py2app-error/dist/Timer.app/Contents/Resources/lib/python3.11/wx/lib/agw/data/ShortcutEditor_3.png
copying file /Users/jamie/Documents/Projects/python/py2app-error/.venv/lib/python3.11/site-packages/wx/lib/agw/data/ShortcutEditor_2.png -> /Users/jamie/Documents/Projects/python/py2app-error/dist/Timer.app/Contents/Resources/lib/python3.11/wx/lib/agw/data/ShortcutEditor_2.png
copying file /Users/jamie/Documents/Projects/python/py2app-error/.venv/lib/python3.11/site-packages/wx/lib/agw/data/ShortcutEditor_1.png -> /Users/jamie/Documents/Projects/python/py2app-error/dist/Timer.app/Contents/Resources/lib/python3.11/wx/lib/agw/data/ShortcutEditor_1.png
copying file /Users/jamie/Documents/Projects/python/py2app-error/.venv/lib/python3.11/site-packages/wx/lib/agw/data/ShortcutEditor_3_thumb.png -> /Users/jamie/Documents/Projects/python/py2app-error/dist/Timer.app/Contents/Resources/lib/python3.11/wx/lib/agw/data/ShortcutEditor_3_thumb.png
copying file /Users/jamie/Documents/Projects/python/py2app-error/.venv/lib/python3.11/site-packages/wx/lib/agw/data/ShortcutEditor_4.png -> /Users/jamie/Documents/Projects/python/py2app-error/dist/Timer.app/Contents/Resources/lib/python3.11/wx/lib/agw/data/ShortcutEditor_4.png
copying file /Users/jamie/Documents/Projects/python/py2app-error/.venv/lib/python3.11/site-packages/wx/lib/agw/data/ShortcutEditor_4_thumb.png -> /Users/jamie/Documents/Projects/python/py2app-error/dist/Timer.app/Contents/Resources/lib/python3.11/wx/lib/agw/data/ShortcutEditor_4_thumb.png
copying file /Users/jamie/Documents/Projects/python/py2app-error/.venv/lib/python3.11/site-packages/wx/lib/agw/data/ShortcutEditor_2_thumb.png -> /Users/jamie/Documents/Projects/python/py2app-error/dist/Timer.app/Contents/Resources/lib/python3.11/wx/lib/agw/data/ShortcutEditor_2_thumb.png
copying file /Users/jamie/Documents/Projects/python/py2app-error/.venv/lib/python3.11/site-packages/wx/lib/agw/data/default_help_text.html -> /Users/jamie/Documents/Projects/python/py2app-error/dist/Timer.app/Contents/Resources/lib/python3.11/wx/lib/agw/data/default_help_text.html
copying file /Users/jamie/Documents/Projects/python/py2app-error/.venv/lib/python3.11/site-packages/wx/lib/agw/data/ShortcutEditor_1_thumb.png -> /Users/jamie/Documents/Projects/python/py2app-error/dist/Timer.app/Contents/Resources/lib/python3.11/wx/lib/agw/data/ShortcutEditor_1_thumb.png
copying file /Users/jamie/Documents/Projects/python/py2app-error/.venv/lib/python3.11/site-packages/wx/lib/agw/pybusyinfo.py -> /Users/jamie/Documents/Projects/python/py2app-error/dist/Timer.app/Contents/Resources/lib/python3.11/wx/lib/agw/pybusyinfo.py
copying file /Users/jamie/Documents/Projects/python/py2app-error/.venv/lib/python3.11/site-packages/wx/lib/agw/shapedbutton.py -> /Users/jamie/Documents/Projects/python/py2app-error/dist/Timer.app/Contents/Resources/lib/python3.11/wx/lib/agw/shapedbutton.py
copying file /Users/jamie/Documents/Projects/python/py2app-error/.venv/lib/python3.11/site-packages/wx/lib/agw/gradientbutton.py -> /Users/jamie/Documents/Projects/python/py2app-error/dist/Timer.app/Contents/Resources/lib/python3.11/wx/lib/agw/gradientbutton.py
copying file /Users/jamie/Documents/Projects/python/py2app-error/.venv/lib/python3.11/site-packages/wx/lib/agw/flatnotebook.py -> /Users/jamie/Documents/Projects/python/py2app-error/dist/Timer.app/Contents/Resources/lib/python3.11/wx/lib/agw/flatnotebook.py
creating /Users/jamie/Documents/Projects/python/py2app-error/dist/Timer.app/Contents/Resources/lib/python3.11/wx/lib/agw/persist
copying file /Users/jamie/Documents/Projects/python/py2app-error/.venv/lib/python3.11/site-packages/wx/lib/agw/persist/persist_constants.py -> /Users/jamie/Documents/Projects/python/py2app-error/dist/Timer.app/Contents/Resources/lib/python3.11/wx/lib/agw/persist/persist_constants.py
copying file /Users/jamie/Documents/Projects/python/py2app-error/.venv/lib/python3.11/site-packages/wx/lib/agw/persist/persist_handlers.py -> /Users/jamie/Documents/Projects/python/py2app-error/dist/Timer.app/Contents/Resources/lib/python3.11/wx/lib/agw/persist/persist_handlers.py
copying file /Users/jamie/Documents/Projects/python/py2app-error/.venv/lib/python3.11/site-packages/wx/lib/agw/persist/persistencemanager.py -> /Users/jamie/Documents/Projects/python/py2app-error/dist/Timer.app/Contents/Resources/lib/python3.11/wx/lib/agw/persist/persistencemanager.py
copying file /Users/jamie/Documents/Projects/python/py2app-error/.venv/lib/python3.11/site-packages/wx/lib/agw/persist/__init__.py -> /Users/jamie/Documents/Projects/python/py2app-error/dist/Timer.app/Contents/Resources/lib/python3.11/wx/lib/agw/persist/__init__.py
creating /Users/jamie/Documents/Projects/python/py2app-error/dist/Timer.app/Contents/Resources/lib/python3.11/wx/lib/agw/persist/__pycache__
copying file /Users/jamie/Documents/Projects/python/py2app-error/.venv/lib/python3.11/site-packages/wx/lib/agw/persist/__pycache__/persist_handlers.cpython-311.pyc -> /Users/jamie/Documents/Projects/python/py2app-error/dist/Timer.app/Contents/Resources/lib/python3.11/wx/lib/agw/persist/__pycache__/persist_handlers.cpython-311.pyc
copying file /Users/jamie/Documents/Projects/python/py2app-error/.venv/lib/python3.11/site-packages/wx/lib/agw/persist/__pycache__/persistencemanager.cpython-311.pyc -> /Users/jamie/Documents/Projects/python/py2app-error/dist/Timer.app/Contents/Resources/lib/python3.11/wx/lib/agw/persist/__pycache__/persistencemanager.cpython-311.pyc
copying file /Users/jamie/Documents/Projects/python/py2app-error/.venv/lib/python3.11/site-packages/wx/lib/agw/persist/__pycache__/persist_constants.cpython-311.pyc -> /Users/jamie/Documents/Projects/python/py2app-error/dist/Timer.app/Contents/Resources/lib/python3.11/wx/lib/agw/persist/__pycache__/persist_constants.cpython-311.pyc
copying file /Users/jamie/Documents/Projects/python/py2app-error/.venv/lib/python3.11/site-packages/wx/lib/agw/persist/__pycache__/__init__.cpython-311.pyc -> /Users/jamie/Documents/Projects/python/py2app-error/dist/Timer.app/Contents/Resources/lib/python3.11/wx/lib/agw/persist/__pycache__/__init__.cpython-311.pyc
copying file /Users/jamie/Documents/Projects/python/py2app-error/.venv/lib/python3.11/site-packages/wx/lib/agw/fourwaysplitter.py -> /Users/jamie/Documents/Projects/python/py2app-error/dist/Timer.app/Contents/Resources/lib/python3.11/wx/lib/agw/fourwaysplitter.py
copying file /Users/jamie/Documents/Projects/python/py2app-error/.venv/lib/python3.11/site-packages/wx/lib/newevent.py -> /Users/jamie/Documents/Projects/python/py2app-error/dist/Timer.app/Contents/Resources/lib/python3.11/wx/lib/newevent.py
copying file /Users/jamie/Documents/Projects/python/py2app-error/.venv/lib/python3.11/site-packages/wx/lib/imageutils.py -> /Users/jamie/Documents/Projects/python/py2app-error/dist/Timer.app/Contents/Resources/lib/python3.11/wx/lib/imageutils.py
copying file /Users/jamie/Documents/Projects/python/py2app-error/.venv/lib/python3.11/site-packages/wx/lib/sheet.py -> /Users/jamie/Documents/Projects/python/py2app-error/dist/Timer.app/Contents/Resources/lib/python3.11/wx/lib/sheet.py
copying file /Users/jamie/Documents/Projects/python/py2app-error/.venv/lib/python3.11/site-packages/wx/lib/anchors.py -> /Users/jamie/Documents/Projects/python/py2app-error/dist/Timer.app/Contents/Resources/lib/python3.11/wx/lib/anchors.py
copying file /Users/jamie/Documents/Projects/python/py2app-error/.venv/lib/python3.11/site-packages/wx/lib/dragscroller.py -> /Users/jamie/Documents/Projects/python/py2app-error/dist/Timer.app/Contents/Resources/lib/python3.11/wx/lib/dragscroller.py
copying file /Users/jamie/Documents/Projects/python/py2app-error/.venv/lib/python3.11/site-packages/wx/lib/utils.py -> /Users/jamie/Documents/Projects/python/py2app-error/dist/Timer.app/Contents/Resources/lib/python3.11/wx/lib/utils.py
copying file /Users/jamie/Documents/Projects/python/py2app-error/.venv/lib/python3.11/site-packages/wx/lib/delayedresult.py -> /Users/jamie/Documents/Projects/python/py2app-error/dist/Timer.app/Contents/Resources/lib/python3.11/wx/lib/delayedresult.py
copying file /Users/jamie/Documents/Projects/python/py2app-error/.venv/lib/python3.11/site-packages/wx/lib/buttons.py -> /Users/jamie/Documents/Projects/python/py2app-error/dist/Timer.app/Contents/Resources/lib/python3.11/wx/lib/buttons.py
copying file /Users/jamie/Documents/Projects/python/py2app-error/.venv/lib/python3.11/site-packages/wx/lib/activexwrapper.py -> /Users/jamie/Documents/Projects/python/py2app-error/dist/Timer.app/Contents/Resources/lib/python3.11/wx/lib/activexwrapper.py
copying file /Users/jamie/Documents/Projects/python/py2app-error/.venv/lib/python3.11/site-packages/wx/lib/ticker_xrc.py -> /Users/jamie/Documents/Projects/python/py2app-error/dist/Timer.app/Contents/Resources/lib/python3.11/wx/lib/ticker_xrc.py
copying file /Users/jamie/Documents/Projects/python/py2app-error/.venv/lib/python3.11/site-packages/wx/lib/pdfwin.py -> /Users/jamie/Documents/Projects/python/py2app-error/dist/Timer.app/Contents/Resources/lib/python3.11/wx/lib/pdfwin.py
copying file /Users/jamie/Documents/Projects/python/py2app-error/.venv/lib/python3.11/site-packages/wx/lib/gestures.py -> /Users/jamie/Documents/Projects/python/py2app-error/dist/Timer.app/Contents/Resources/lib/python3.11/wx/lib/gestures.py
creating /Users/jamie/Documents/Projects/python/py2app-error/dist/Timer.app/Contents/Resources/lib/python3.11/wx/lib/pubsub
creating /Users/jamie/Documents/Projects/python/py2app-error/dist/Timer.app/Contents/Resources/lib/python3.11/wx/lib/pubsub/core
copying file /Users/jamie/Documents/Projects/python/py2app-error/.venv/lib/python3.11/site-packages/wx/lib/pubsub/core/topictreetraverser.py -> /Users/jamie/Documents/Projects/python/py2app-error/dist/Timer.app/Contents/Resources/lib/python3.11/wx/lib/pubsub/core/topictreetraverser.py
copying file /Users/jamie/Documents/Projects/python/py2app-error/.venv/lib/python3.11/site-packages/wx/lib/pubsub/core/topicexc.py -> /Users/jamie/Documents/Projects/python/py2app-error/dist/Timer.app/Contents/Resources/lib/python3.11/wx/lib/pubsub/core/topicexc.py
copying file /Users/jamie/Documents/Projects/python/py2app-error/.venv/lib/python3.11/site-packages/wx/lib/pubsub/core/topicdefnprovider.py -> /Users/jamie/Documents/Projects/python/py2app-error/dist/Timer.app/Contents/Resources/lib/python3.11/wx/lib/pubsub/core/topicdefnprovider.py
copying file /Users/jamie/Documents/Projects/python/py2app-error/.venv/lib/python3.11/site-packages/wx/lib/pubsub/core/topicobj.py -> /Users/jamie/Documents/Projects/python/py2app-error/dist/Timer.app/Contents/Resources/lib/python3.11/wx/lib/pubsub/core/topicobj.py
copying file /Users/jamie/Documents/Projects/python/py2app-error/.venv/lib/python3.11/site-packages/wx/lib/pubsub/core/validatedefnargs.py -> /Users/jamie/Documents/Projects/python/py2app-error/dist/Timer.app/Contents/Resources/lib/python3.11/wx/lib/pubsub/core/validatedefnargs.py
copying file /Users/jamie/Documents/Projects/python/py2app-error/.venv/lib/python3.11/site-packages/wx/lib/pubsub/core/callables.py -> /Users/jamie/Documents/Projects/python/py2app-error/dist/Timer.app/Contents/Resources/lib/python3.11/wx/lib/pubsub/core/callables.py
copying file /Users/jamie/Documents/Projects/python/py2app-error/.venv/lib/python3.11/site-packages/wx/lib/pubsub/core/__init__.py -> /Users/jamie/Documents/Projects/python/py2app-error/dist/Timer.app/Contents/Resources/lib/python3.11/wx/lib/pubsub/core/__init__.py
copying file /Users/jamie/Documents/Projects/python/py2app-error/.venv/lib/python3.11/site-packages/wx/lib/pubsub/core/imp2.py -> /Users/jamie/Documents/Projects/python/py2app-error/dist/Timer.app/Contents/Resources/lib/python3.11/wx/lib/pubsub/core/imp2.py
creating /Users/jamie/Documents/Projects/python/py2app-error/dist/Timer.app/Contents/Resources/lib/python3.11/wx/lib/pubsub/core/__pycache__
copying file /Users/jamie/Documents/Projects/python/py2app-error/.venv/lib/python3.11/site-packages/wx/lib/pubsub/core/__pycache__/treeconfig.cpython-311.pyc -> /Users/jamie/Documents/Projects/python/py2app-error/dist/Timer.app/Contents/Resources/lib/python3.11/wx/lib/pubsub/core/__pycache__/treeconfig.cpython-311.pyc
copying file /Users/jamie/Documents/Projects/python/py2app-error/.venv/lib/python3.11/site-packages/wx/lib/pubsub/core/__pycache__/topicobj.cpython-311.pyc -> /Users/jamie/Documents/Projects/python/py2app-error/dist/Timer.app/Contents/Resources/lib/python3.11/wx/lib/pubsub/core/__pycache__/topicobj.cpython-311.pyc
copying file /Users/jamie/Documents/Projects/python/py2app-error/.venv/lib/python3.11/site-packages/wx/lib/pubsub/core/__pycache__/topicutils.cpython-311.pyc -> /Users/jamie/Documents/Projects/python/py2app-error/dist/Timer.app/Contents/Resources/lib/python3.11/wx/lib/pubsub/core/__pycache__/topicutils.cpython-311.pyc
copying file /Users/jamie/Documents/Projects/python/py2app-error/.venv/lib/python3.11/site-packages/wx/lib/pubsub/core/__pycache__/topicdefnprovider.cpython-311.pyc -> /Users/jamie/Documents/Projects/python/py2app-error/dist/Timer.app/Contents/Resources/lib/python3.11/wx/lib/pubsub/core/__pycache__/topicdefnprovider.cpython-311.pyc
copying file /Users/jamie/Documents/Projects/python/py2app-error/.venv/lib/python3.11/site-packages/wx/lib/pubsub/core/__pycache__/topictreetraverser.cpython-311.pyc -> /Users/jamie/Documents/Projects/python/py2app-error/dist/Timer.app/Contents/Resources/lib/python3.11/wx/lib/pubsub/core/__pycache__/topictreetraverser.cpython-311.pyc
copying file /Users/jamie/Documents/Projects/python/py2app-error/.venv/lib/python3.11/site-packages/wx/lib/pubsub/core/__pycache__/topicargspec.cpython-311.pyc -> /Users/jamie/Documents/Projects/python/py2app-error/dist/Timer.app/Contents/Resources/lib/python3.11/wx/lib/pubsub/core/__pycache__/topicargspec.cpython-311.pyc
copying file /Users/jamie/Documents/Projects/python/py2app-error/.venv/lib/python3.11/site-packages/wx/lib/pubsub/core/__pycache__/listener.cpython-311.pyc -> /Users/jamie/Documents/Projects/python/py2app-error/dist/Timer.app/Contents/Resources/lib/python3.11/wx/lib/pubsub/core/__pycache__/listener.cpython-311.pyc
copying file /Users/jamie/Documents/Projects/python/py2app-error/.venv/lib/python3.11/site-packages/wx/lib/pubsub/core/__pycache__/itopicdefnprovider.cpython-311.pyc -> /Users/jamie/Documents/Projects/python/py2app-error/dist/Timer.app/Contents/Resources/lib/python3.11/wx/lib/pubsub/core/__pycache__/itopicdefnprovider.cpython-311.pyc
copying file /Users/jamie/Documents/Projects/python/py2app-error/.venv/lib/python3.11/site-packages/wx/lib/pubsub/core/__pycache__/topicexc.cpython-311.pyc -> /Users/jamie/Documents/Projects/python/py2app-error/dist/Timer.app/Contents/Resources/lib/python3.11/wx/lib/pubsub/core/__pycache__/topicexc.cpython-311.pyc
copying file /Users/jamie/Documents/Projects/python/py2app-error/.venv/lib/python3.11/site-packages/wx/lib/pubsub/core/__pycache__/imp2.cpython-311.pyc -> /Users/jamie/Documents/Projects/python/py2app-error/dist/Timer.app/Contents/Resources/lib/python3.11/wx/lib/pubsub/core/__pycache__/imp2.cpython-311.pyc
copying file /Users/jamie/Documents/Projects/python/py2app-error/.venv/lib/python3.11/site-packages/wx/lib/pubsub/core/__pycache__/listenerbase.cpython-311.pyc -> /Users/jamie/Documents/Projects/python/py2app-error/dist/Timer.app/Contents/Resources/lib/python3.11/wx/lib/pubsub/core/__pycache__/listenerbase.cpython-311.pyc
copying file /Users/jamie/Documents/Projects/python/py2app-error/.venv/lib/python3.11/site-packages/wx/lib/pubsub/core/__pycache__/weakmethod.cpython-311.pyc -> /Users/jamie/Documents/Projects/python/py2app-error/dist/Timer.app/Contents/Resources/lib/python3.11/wx/lib/pubsub/core/__pycache__/weakmethod.cpython-311.pyc
copying file /Users/jamie/Documents/Projects/python/py2app-error/.venv/lib/python3.11/site-packages/wx/lib/pubsub/core/__pycache__/publisherbase.cpython-311.pyc -> /Users/jamie/Documents/Projects/python/py2app-error/dist/Timer.app/Contents/Resources/lib/python3.11/wx/lib/pubsub/core/__pycache__/publisherbase.cpython-311.pyc
copying file /Users/jamie/Documents/Projects/python/py2app-error/.venv/lib/python3.11/site-packages/wx/lib/pubsub/core/__pycache__/validatedefnargs.cpython-311.pyc -> /Users/jamie/Documents/Projects/python/py2app-error/dist/Timer.app/Contents/Resources/lib/python3.11/wx/lib/pubsub/core/__pycache__/validatedefnargs.cpython-311.pyc
copying file /Users/jamie/Documents/Projects/python/py2app-error/.venv/lib/python3.11/site-packages/wx/lib/pubsub/core/__pycache__/notificationmgr.cpython-311.pyc -> /Users/jamie/Documents/Projects/python/py2app-error/dist/Timer.app/Contents/Resources/lib/python3.11/wx/lib/pubsub/core/__pycache__/notificationmgr.cpython-311.pyc
copying file /Users/jamie/Documents/Projects/python/py2app-error/.venv/lib/python3.11/site-packages/wx/lib/pubsub/core/__pycache__/topicmgr.cpython-311.pyc -> /Users/jamie/Documents/Projects/python/py2app-error/dist/Timer.app/Contents/Resources/lib/python3.11/wx/lib/pubsub/core/__pycache__/topicmgr.cpython-311.pyc
copying file /Users/jamie/Documents/Projects/python/py2app-error/.venv/lib/python3.11/site-packages/wx/lib/pubsub/core/__pycache__/callables.cpython-311.pyc -> /Users/jamie/Documents/Projects/python/py2app-error/dist/Timer.app/Contents/Resources/lib/python3.11/wx/lib/pubsub/core/__pycache__/callables.cpython-311.pyc
copying file /Users/jamie/Documents/Projects/python/py2app-error/.venv/lib/python3.11/site-packages/wx/lib/pubsub/core/__pycache__/__init__.cpython-311.pyc -> /Users/jamie/Documents/Projects/python/py2app-error/dist/Timer.app/Contents/Resources/lib/python3.11/wx/lib/pubsub/core/__pycache__/__init__.cpython-311.pyc
copying file /Users/jamie/Documents/Projects/python/py2app-error/.venv/lib/python3.11/site-packages/wx/lib/pubsub/core/weakmethod.py -> /Users/jamie/Documents/Projects/python/py2app-error/dist/Timer.app/Contents/Resources/lib/python3.11/wx/lib/pubsub/core/weakmethod.py
copying file /Users/jamie/Documents/Projects/python/py2app-error/.venv/lib/python3.11/site-packages/wx/lib/pubsub/core/treeconfig.py -> /Users/jamie/Documents/Projects/python/py2app-error/dist/Timer.app/Contents/Resources/lib/python3.11/wx/lib/pubsub/core/treeconfig.py
copying file /Users/jamie/Documents/Projects/python/py2app-error/.venv/lib/python3.11/site-packages/wx/lib/pubsub/core/topicargspec.py -> /Users/jamie/Documents/Projects/python/py2app-error/dist/Timer.app/Contents/Resources/lib/python3.11/wx/lib/pubsub/core/topicargspec.py
copying file /Users/jamie/Documents/Projects/python/py2app-error/.venv/lib/python3.11/site-packages/wx/lib/pubsub/core/notificationmgr.py -> /Users/jamie/Documents/Projects/python/py2app-error/dist/Timer.app/Contents/Resources/lib/python3.11/wx/lib/pubsub/core/notificationmgr.py
copying file /Users/jamie/Documents/Projects/python/py2app-error/.venv/lib/python3.11/site-packages/wx/lib/pubsub/core/publisherbase.py -> /Users/jamie/Documents/Projects/python/py2app-error/dist/Timer.app/Contents/Resources/lib/python3.11/wx/lib/pubsub/core/publisherbase.py
copying file /Users/jamie/Documents/Projects/python/py2app-error/.venv/lib/python3.11/site-packages/wx/lib/pubsub/core/itopicdefnprovider.py -> /Users/jamie/Documents/Projects/python/py2app-error/dist/Timer.app/Contents/Resources/lib/python3.11/wx/lib/pubsub/core/itopicdefnprovider.py
creating /Users/jamie/Documents/Projects/python/py2app-error/dist/Timer.app/Contents/Resources/lib/python3.11/wx/lib/pubsub/core/arg1
copying file /Users/jamie/Documents/Projects/python/py2app-error/.venv/lib/python3.11/site-packages/wx/lib/pubsub/core/arg1/topicargspecimpl.py -> /Users/jamie/Documents/Projects/python/py2app-error/dist/Timer.app/Contents/Resources/lib/python3.11/wx/lib/pubsub/core/arg1/topicargspecimpl.py
copying file /Users/jamie/Documents/Projects/python/py2app-error/.venv/lib/python3.11/site-packages/wx/lib/pubsub/core/arg1/__init__.py -> /Users/jamie/Documents/Projects/python/py2app-error/dist/Timer.app/Contents/Resources/lib/python3.11/wx/lib/pubsub/core/arg1/__init__.py
creating /Users/jamie/Documents/Projects/python/py2app-error/dist/Timer.app/Contents/Resources/lib/python3.11/wx/lib/pubsub/core/arg1/__pycache__
copying file /Users/jamie/Documents/Projects/python/py2app-error/.venv/lib/python3.11/site-packages/wx/lib/pubsub/core/arg1/__pycache__/topicargspecimpl.cpython-311.pyc -> /Users/jamie/Documents/Projects/python/py2app-error/dist/Timer.app/Contents/Resources/lib/python3.11/wx/lib/pubsub/core/arg1/__pycache__/topicargspecimpl.cpython-311.pyc
copying file /Users/jamie/Documents/Projects/python/py2app-error/.venv/lib/python3.11/site-packages/wx/lib/pubsub/core/arg1/__pycache__/publishermixin.cpython-311.pyc -> /Users/jamie/Documents/Projects/python/py2app-error/dist/Timer.app/Contents/Resources/lib/python3.11/wx/lib/pubsub/core/arg1/__pycache__/publishermixin.cpython-311.pyc
copying file /Users/jamie/Documents/Projects/python/py2app-error/.venv/lib/python3.11/site-packages/wx/lib/pubsub/core/arg1/__pycache__/topicmgrimpl.cpython-311.pyc -> /Users/jamie/Documents/Projects/python/py2app-error/dist/Timer.app/Contents/Resources/lib/python3.11/wx/lib/pubsub/core/arg1/__pycache__/topicmgrimpl.cpython-311.pyc
copying file /Users/jamie/Documents/Projects/python/py2app-error/.venv/lib/python3.11/site-packages/wx/lib/pubsub/core/arg1/__pycache__/publisher.cpython-311.pyc -> /Users/jamie/Documents/Projects/python/py2app-error/dist/Timer.app/Contents/Resources/lib/python3.11/wx/lib/pubsub/core/arg1/__pycache__/publisher.cpython-311.pyc
copying file /Users/jamie/Documents/Projects/python/py2app-error/.venv/lib/python3.11/site-packages/wx/lib/pubsub/core/arg1/__pycache__/listenerimpl.cpython-311.pyc -> /Users/jamie/Documents/Projects/python/py2app-error/dist/Timer.app/Contents/Resources/lib/python3.11/wx/lib/pubsub/core/arg1/__pycache__/listenerimpl.cpython-311.pyc
copying file /Users/jamie/Documents/Projects/python/py2app-error/.venv/lib/python3.11/site-packages/wx/lib/pubsub/core/arg1/__pycache__/__init__.cpython-311.pyc -> /Users/jamie/Documents/Projects/python/py2app-error/dist/Timer.app/Contents/Resources/lib/python3.11/wx/lib/pubsub/core/arg1/__pycache__/__init__.cpython-311.pyc
copying file /Users/jamie/Documents/Projects/python/py2app-error/.venv/lib/python3.11/site-packages/wx/lib/pubsub/core/arg1/publishermixin.py -> /Users/jamie/Documents/Projects/python/py2app-error/dist/Timer.app/Contents/Resources/lib/python3.11/wx/lib/pubsub/core/arg1/publishermixin.py
copying file /Users/jamie/Documents/Projects/python/py2app-error/.venv/lib/python3.11/site-packages/wx/lib/pubsub/core/arg1/listenerimpl.py -> /Users/jamie/Documents/Projects/python/py2app-error/dist/Timer.app/Contents/Resources/lib/python3.11/wx/lib/pubsub/core/arg1/listenerimpl.py
copying file /Users/jamie/Documents/Projects/python/py2app-error/.venv/lib/python3.11/site-packages/wx/lib/pubsub/core/arg1/publisher.py -> /Users/jamie/Documents/Projects/python/py2app-error/dist/Timer.app/Contents/Resources/lib/python3.11/wx/lib/pubsub/core/arg1/publisher.py
copying file /Users/jamie/Documents/Projects/python/py2app-error/.venv/lib/python3.11/site-packages/wx/lib/pubsub/core/arg1/topicmgrimpl.py -> /Users/jamie/Documents/Projects/python/py2app-error/dist/Timer.app/Contents/Resources/lib/python3.11/wx/lib/pubsub/core/arg1/topicmgrimpl.py
copying file /Users/jamie/Documents/Projects/python/py2app-error/.venv/lib/python3.11/site-packages/wx/lib/pubsub/core/topicutils.py -> /Users/jamie/Documents/Projects/python/py2app-error/dist/Timer.app/Contents/Resources/lib/python3.11/wx/lib/pubsub/core/topicutils.py
copying file /Users/jamie/Documents/Projects/python/py2app-error/.venv/lib/python3.11/site-packages/wx/lib/pubsub/core/topicmgr.py -> /Users/jamie/Documents/Projects/python/py2app-error/dist/Timer.app/Contents/Resources/lib/python3.11/wx/lib/pubsub/core/topicmgr.py
copying file /Users/jamie/Documents/Projects/python/py2app-error/.venv/lib/python3.11/site-packages/wx/lib/pubsub/core/listenerbase.py -> /Users/jamie/Documents/Projects/python/py2app-error/dist/Timer.app/Contents/Resources/lib/python3.11/wx/lib/pubsub/core/listenerbase.py
creating /Users/jamie/Documents/Projects/python/py2app-error/dist/Timer.app/Contents/Resources/lib/python3.11/wx/lib/pubsub/core/kwargs
copying file /Users/jamie/Documents/Projects/python/py2app-error/.venv/lib/python3.11/site-packages/wx/lib/pubsub/core/kwargs/topicargspecimpl.py -> /Users/jamie/Documents/Projects/python/py2app-error/dist/Timer.app/Contents/Resources/lib/python3.11/wx/lib/pubsub/core/kwargs/topicargspecimpl.py
copying file /Users/jamie/Documents/Projects/python/py2app-error/.venv/lib/python3.11/site-packages/wx/lib/pubsub/core/kwargs/__init__.py -> /Users/jamie/Documents/Projects/python/py2app-error/dist/Timer.app/Contents/Resources/lib/python3.11/wx/lib/pubsub/core/kwargs/__init__.py
creating /Users/jamie/Documents/Projects/python/py2app-error/dist/Timer.app/Contents/Resources/lib/python3.11/wx/lib/pubsub/core/kwargs/__pycache__
copying file /Users/jamie/Documents/Projects/python/py2app-error/.venv/lib/python3.11/site-packages/wx/lib/pubsub/core/kwargs/__pycache__/topicargspecimpl.cpython-311.pyc -> /Users/jamie/Documents/Projects/python/py2app-error/dist/Timer.app/Contents/Resources/lib/python3.11/wx/lib/pubsub/core/kwargs/__pycache__/topicargspecimpl.cpython-311.pyc
copying file /Users/jamie/Documents/Projects/python/py2app-error/.venv/lib/python3.11/site-packages/wx/lib/pubsub/core/kwargs/__pycache__/publishermixin.cpython-311.pyc -> /Users/jamie/Documents/Projects/python/py2app-error/dist/Timer.app/Contents/Resources/lib/python3.11/wx/lib/pubsub/core/kwargs/__pycache__/publishermixin.cpython-311.pyc
copying file /Users/jamie/Documents/Projects/python/py2app-error/.venv/lib/python3.11/site-packages/wx/lib/pubsub/core/kwargs/__pycache__/topicmgrimpl.cpython-311.pyc -> /Users/jamie/Documents/Projects/python/py2app-error/dist/Timer.app/Contents/Resources/lib/python3.11/wx/lib/pubsub/core/kwargs/__pycache__/topicmgrimpl.cpython-311.pyc
copying file /Users/jamie/Documents/Projects/python/py2app-error/.venv/lib/python3.11/site-packages/wx/lib/pubsub/core/kwargs/__pycache__/publisher.cpython-311.pyc -> /Users/jamie/Documents/Projects/python/py2app-error/dist/Timer.app/Contents/Resources/lib/python3.11/wx/lib/pubsub/core/kwargs/__pycache__/publisher.cpython-311.pyc
copying file /Users/jamie/Documents/Projects/python/py2app-error/.venv/lib/python3.11/site-packages/wx/lib/pubsub/core/kwargs/__pycache__/listenerimpl.cpython-311.pyc -> /Users/jamie/Documents/Projects/python/py2app-error/dist/Timer.app/Contents/Resources/lib/python3.11/wx/lib/pubsub/core/kwargs/__pycache__/listenerimpl.cpython-311.pyc
copying file /Users/jamie/Documents/Projects/python/py2app-error/.venv/lib/python3.11/site-packages/wx/lib/pubsub/core/kwargs/__pycache__/datamsg.cpython-311.pyc -> /Users/jamie/Documents/Projects/python/py2app-error/dist/Timer.app/Contents/Resources/lib/python3.11/wx/lib/pubsub/core/kwargs/__pycache__/datamsg.cpython-311.pyc
copying file /Users/jamie/Documents/Projects/python/py2app-error/.venv/lib/python3.11/site-packages/wx/lib/pubsub/core/kwargs/__pycache__/__init__.cpython-311.pyc -> /Users/jamie/Documents/Projects/python/py2app-error/dist/Timer.app/Contents/Resources/lib/python3.11/wx/lib/pubsub/core/kwargs/__pycache__/__init__.cpython-311.pyc
copying file /Users/jamie/Documents/Projects/python/py2app-error/.venv/lib/python3.11/site-packages/wx/lib/pubsub/core/kwargs/publishermixin.py -> /Users/jamie/Documents/Projects/python/py2app-error/dist/Timer.app/Contents/Resources/lib/python3.11/wx/lib/pubsub/core/kwargs/publishermixin.py
copying file /Users/jamie/Documents/Projects/python/py2app-error/.venv/lib/python3.11/site-packages/wx/lib/pubsub/core/kwargs/datamsg.py -> /Users/jamie/Documents/Projects/python/py2app-error/dist/Timer.app/Contents/Resources/lib/python3.11/wx/lib/pubsub/core/kwargs/datamsg.py
copying file /Users/jamie/Documents/Projects/python/py2app-error/.venv/lib/python3.11/site-packages/wx/lib/pubsub/core/kwargs/listenerimpl.py -> /Users/jamie/Documents/Projects/python/py2app-error/dist/Timer.app/Contents/Resources/lib/python3.11/wx/lib/pubsub/core/kwargs/listenerimpl.py
copying file /Users/jamie/Documents/Projects/python/py2app-error/.venv/lib/python3.11/site-packages/wx/lib/pubsub/core/kwargs/publisher.py -> /Users/jamie/Documents/Projects/python/py2app-error/dist/Timer.app/Contents/Resources/lib/python3.11/wx/lib/pubsub/core/kwargs/publisher.py
copying file /Users/jamie/Documents/Projects/python/py2app-error/.venv/lib/python3.11/site-packages/wx/lib/pubsub/core/kwargs/topicmgrimpl.py -> /Users/jamie/Documents/Projects/python/py2app-error/dist/Timer.app/Contents/Resources/lib/python3.11/wx/lib/pubsub/core/kwargs/topicmgrimpl.py
copying file /Users/jamie/Documents/Projects/python/py2app-error/.venv/lib/python3.11/site-packages/wx/lib/pubsub/core/listener.py -> /Users/jamie/Documents/Projects/python/py2app-error/dist/Timer.app/Contents/Resources/lib/python3.11/wx/lib/pubsub/core/listener.py
copying file /Users/jamie/Documents/Projects/python/py2app-error/.venv/lib/python3.11/site-packages/wx/lib/pubsub/pub.py -> /Users/jamie/Documents/Projects/python/py2app-error/dist/Timer.app/Contents/Resources/lib/python3.11/wx/lib/pubsub/pub.py
copying file /Users/jamie/Documents/Projects/python/py2app-error/.venv/lib/python3.11/site-packages/wx/lib/pubsub/__init__.py -> /Users/jamie/Documents/Projects/python/py2app-error/dist/Timer.app/Contents/Resources/lib/python3.11/wx/lib/pubsub/__init__.py
creating /Users/jamie/Documents/Projects/python/py2app-error/dist/Timer.app/Contents/Resources/lib/python3.11/wx/lib/pubsub/utils
copying file /Users/jamie/Documents/Projects/python/py2app-error/.venv/lib/python3.11/site-packages/wx/lib/pubsub/utils/misc.py -> /Users/jamie/Documents/Projects/python/py2app-error/dist/Timer.app/Contents/Resources/lib/python3.11/wx/lib/pubsub/utils/misc.py
copying file /Users/jamie/Documents/Projects/python/py2app-error/.venv/lib/python3.11/site-packages/wx/lib/pubsub/utils/exchandling.py -> /Users/jamie/Documents/Projects/python/py2app-error/dist/Timer.app/Contents/Resources/lib/python3.11/wx/lib/pubsub/utils/exchandling.py
copying file /Users/jamie/Documents/Projects/python/py2app-error/.venv/lib/python3.11/site-packages/wx/lib/pubsub/utils/notification.py -> /Users/jamie/Documents/Projects/python/py2app-error/dist/Timer.app/Contents/Resources/lib/python3.11/wx/lib/pubsub/utils/notification.py
copying file /Users/jamie/Documents/Projects/python/py2app-error/.venv/lib/python3.11/site-packages/wx/lib/pubsub/utils/topictreeprinter.py -> /Users/jamie/Documents/Projects/python/py2app-error/dist/Timer.app/Contents/Resources/lib/python3.11/wx/lib/pubsub/utils/topictreeprinter.py
copying file /Users/jamie/Documents/Projects/python/py2app-error/.venv/lib/python3.11/site-packages/wx/lib/pubsub/utils/__init__.py -> /Users/jamie/Documents/Projects/python/py2app-error/dist/Timer.app/Contents/Resources/lib/python3.11/wx/lib/pubsub/utils/__init__.py
creating /Users/jamie/Documents/Projects/python/py2app-error/dist/Timer.app/Contents/Resources/lib/python3.11/wx/lib/pubsub/utils/__pycache__
copying file /Users/jamie/Documents/Projects/python/py2app-error/.venv/lib/python3.11/site-packages/wx/lib/pubsub/utils/__pycache__/topictreeprinter.cpython-311.pyc -> /Users/jamie/Documents/Projects/python/py2app-error/dist/Timer.app/Contents/Resources/lib/python3.11/wx/lib/pubsub/utils/__pycache__/topictreeprinter.cpython-311.pyc
copying file /Users/jamie/Documents/Projects/python/py2app-error/.venv/lib/python3.11/site-packages/wx/lib/pubsub/utils/__pycache__/notification.cpython-311.pyc -> /Users/jamie/Documents/Projects/python/py2app-error/dist/Timer.app/Contents/Resources/lib/python3.11/wx/lib/pubsub/utils/__pycache__/notification.cpython-311.pyc
copying file /Users/jamie/Documents/Projects/python/py2app-error/.venv/lib/python3.11/site-packages/wx/lib/pubsub/utils/__pycache__/misc.cpython-311.pyc -> /Users/jamie/Documents/Projects/python/py2app-error/dist/Timer.app/Contents/Resources/lib/python3.11/wx/lib/pubsub/utils/__pycache__/misc.cpython-311.pyc
copying file /Users/jamie/Documents/Projects/python/py2app-error/.venv/lib/python3.11/site-packages/wx/lib/pubsub/utils/__pycache__/exchandling.cpython-311.pyc -> /Users/jamie/Documents/Projects/python/py2app-error/dist/Timer.app/Contents/Resources/lib/python3.11/wx/lib/pubsub/utils/__pycache__/exchandling.cpython-311.pyc
copying file /Users/jamie/Documents/Projects/python/py2app-error/.venv/lib/python3.11/site-packages/wx/lib/pubsub/utils/__pycache__/xmltopicdefnprovider.cpython-311.pyc -> /Users/jamie/Documents/Projects/python/py2app-error/dist/Timer.app/Contents/Resources/lib/python3.11/wx/lib/pubsub/utils/__pycache__/xmltopicdefnprovider.cpython-311.pyc
copying file /Users/jamie/Documents/Projects/python/py2app-error/.venv/lib/python3.11/site-packages/wx/lib/pubsub/utils/__pycache__/__init__.cpython-311.pyc -> /Users/jamie/Documents/Projects/python/py2app-error/dist/Timer.app/Contents/Resources/lib/python3.11/wx/lib/pubsub/utils/__pycache__/__init__.cpython-311.pyc
copying file /Users/jamie/Documents/Projects/python/py2app-error/.venv/lib/python3.11/site-packages/wx/lib/pubsub/utils/xmltopicdefnprovider.py -> /Users/jamie/Documents/Projects/python/py2app-error/dist/Timer.app/Contents/Resources/lib/python3.11/wx/lib/pubsub/utils/xmltopicdefnprovider.py
creating /Users/jamie/Documents/Projects/python/py2app-error/dist/Timer.app/Contents/Resources/lib/python3.11/wx/lib/pubsub/__pycache__
copying file /Users/jamie/Documents/Projects/python/py2app-error/.venv/lib/python3.11/site-packages/wx/lib/pubsub/__pycache__/setupkwargs.cpython-311.pyc -> /Users/jamie/Documents/Projects/python/py2app-error/dist/Timer.app/Contents/Resources/lib/python3.11/wx/lib/pubsub/__pycache__/setupkwargs.cpython-311.pyc
copying file /Users/jamie/Documents/Projects/python/py2app-error/.venv/lib/python3.11/site-packages/wx/lib/pubsub/__pycache__/setuparg1.cpython-311.pyc -> /Users/jamie/Documents/Projects/python/py2app-error/dist/Timer.app/Contents/Resources/lib/python3.11/wx/lib/pubsub/__pycache__/setuparg1.cpython-311.pyc
copying file /Users/jamie/Documents/Projects/python/py2app-error/.venv/lib/python3.11/site-packages/wx/lib/pubsub/__pycache__/pub.cpython-311.pyc -> /Users/jamie/Documents/Projects/python/py2app-error/dist/Timer.app/Contents/Resources/lib/python3.11/wx/lib/pubsub/__pycache__/pub.cpython-311.pyc
copying file /Users/jamie/Documents/Projects/python/py2app-error/.venv/lib/python3.11/site-packages/wx/lib/pubsub/__pycache__/policies.cpython-311.pyc -> /Users/jamie/Documents/Projects/python/py2app-error/dist/Timer.app/Contents/Resources/lib/python3.11/wx/lib/pubsub/__pycache__/policies.cpython-311.pyc
copying file /Users/jamie/Documents/Projects/python/py2app-error/.venv/lib/python3.11/site-packages/wx/lib/pubsub/__pycache__/py2and3.cpython-311.pyc -> /Users/jamie/Documents/Projects/python/py2app-error/dist/Timer.app/Contents/Resources/lib/python3.11/wx/lib/pubsub/__pycache__/py2and3.cpython-311.pyc
copying file /Users/jamie/Documents/Projects/python/py2app-error/.venv/lib/python3.11/site-packages/wx/lib/pubsub/__pycache__/__init__.cpython-311.pyc -> /Users/jamie/Documents/Projects/python/py2app-error/dist/Timer.app/Contents/Resources/lib/python3.11/wx/lib/pubsub/__pycache__/__init__.cpython-311.pyc
copying file /Users/jamie/Documents/Projects/python/py2app-error/.venv/lib/python3.11/site-packages/wx/lib/pubsub/RELEASE_NOTES.txt -> /Users/jamie/Documents/Projects/python/py2app-error/dist/Timer.app/Contents/Resources/lib/python3.11/wx/lib/pubsub/RELEASE_NOTES.txt
copying file /Users/jamie/Documents/Projects/python/py2app-error/.venv/lib/python3.11/site-packages/wx/lib/pubsub/py2and3.py -> /Users/jamie/Documents/Projects/python/py2app-error/dist/Timer.app/Contents/Resources/lib/python3.11/wx/lib/pubsub/py2and3.py
copying file /Users/jamie/Documents/Projects/python/py2app-error/.venv/lib/python3.11/site-packages/wx/lib/pubsub/README_WxPython.txt -> /Users/jamie/Documents/Projects/python/py2app-error/dist/Timer.app/Contents/Resources/lib/python3.11/wx/lib/pubsub/README_WxPython.txt
copying file /Users/jamie/Documents/Projects/python/py2app-error/.venv/lib/python3.11/site-packages/wx/lib/pubsub/LICENSE_BSD_Simple.txt -> /Users/jamie/Documents/Projects/python/py2app-error/dist/Timer.app/Contents/Resources/lib/python3.11/wx/lib/pubsub/LICENSE_BSD_Simple.txt
copying file /Users/jamie/Documents/Projects/python/py2app-error/.venv/lib/python3.11/site-packages/wx/lib/pubsub/setuparg1.py -> /Users/jamie/Documents/Projects/python/py2app-error/dist/Timer.app/Contents/Resources/lib/python3.11/wx/lib/pubsub/setuparg1.py
copying file /Users/jamie/Documents/Projects/python/py2app-error/.venv/lib/python3.11/site-packages/wx/lib/pubsub/setupkwargs.py -> /Users/jamie/Documents/Projects/python/py2app-error/dist/Timer.app/Contents/Resources/lib/python3.11/wx/lib/pubsub/setupkwargs.py
copying file /Users/jamie/Documents/Projects/python/py2app-error/.venv/lib/python3.11/site-packages/wx/lib/pubsub/policies.py -> /Users/jamie/Documents/Projects/python/py2app-error/dist/Timer.app/Contents/Resources/lib/python3.11/wx/lib/pubsub/policies.py
copying file /Users/jamie/Documents/Projects/python/py2app-error/.venv/lib/python3.11/site-packages/wx/lib/itemspicker.py -> /Users/jamie/Documents/Projects/python/py2app-error/dist/Timer.app/Contents/Resources/lib/python3.11/wx/lib/itemspicker.py
copying file /Users/jamie/Documents/Projects/python/py2app-error/.venv/lib/python3.11/site-packages/wx/lib/ClickableHtmlWindow.py -> /Users/jamie/Documents/Projects/python/py2app-error/dist/Timer.app/Contents/Resources/lib/python3.11/wx/lib/ClickableHtmlWindow.py
copying file /Users/jamie/Documents/Projects/python/py2app-error/.venv/lib/python3.11/site-packages/wx/lib/busy.py -> /Users/jamie/Documents/Projects/python/py2app-error/dist/Timer.app/Contents/Resources/lib/python3.11/wx/lib/busy.py
copying file /Users/jamie/Documents/Projects/python/py2app-error/.venv/lib/python3.11/site-packages/wx/lib/dialogs.py -> /Users/jamie/Documents/Projects/python/py2app-error/dist/Timer.app/Contents/Resources/lib/python3.11/wx/lib/dialogs.py
copying file /Users/jamie/Documents/Projects/python/py2app-error/.venv/lib/python3.11/site-packages/wx/lib/popupctl.py -> /Users/jamie/Documents/Projects/python/py2app-error/dist/Timer.app/Contents/Resources/lib/python3.11/wx/lib/popupctl.py
copying file /Users/jamie/Documents/Projects/python/py2app-error/.venv/lib/python3.11/site-packages/wx/lib/activex.py -> /Users/jamie/Documents/Projects/python/py2app-error/dist/Timer.app/Contents/Resources/lib/python3.11/wx/lib/activex.py
copying file /Users/jamie/Documents/Projects/python/py2app-error/.venv/lib/python3.11/site-packages/wx/lib/eventwatcher.py -> /Users/jamie/Documents/Projects/python/py2app-error/dist/Timer.app/Contents/Resources/lib/python3.11/wx/lib/eventwatcher.py
copying file /Users/jamie/Documents/Projects/python/py2app-error/.venv/lib/python3.11/site-packages/wx/lib/wordwrap.py -> /Users/jamie/Documents/Projects/python/py2app-error/dist/Timer.app/Contents/Resources/lib/python3.11/wx/lib/wordwrap.py
copying file /Users/jamie/Documents/Projects/python/py2app-error/.venv/lib/python3.11/site-packages/wx/lib/ticker.py -> /Users/jamie/Documents/Projects/python/py2app-error/dist/Timer.app/Contents/Resources/lib/python3.11/wx/lib/ticker.py
copying file /Users/jamie/Documents/Projects/python/py2app-error/.venv/lib/python3.11/site-packages/wx/lib/embeddedimage.py -> /Users/jamie/Documents/Projects/python/py2app-error/dist/Timer.app/Contents/Resources/lib/python3.11/wx/lib/embeddedimage.py
copying file /Users/jamie/Documents/Projects/python/py2app-error/.venv/lib/python3.11/site-packages/wx/lib/combotreebox.py -> /Users/jamie/Documents/Projects/python/py2app-error/dist/Timer.app/Contents/Resources/lib/python3.11/wx/lib/combotreebox.py
creating /Users/jamie/Documents/Projects/python/py2app-error/dist/Timer.app/Contents/Resources/lib/python3.11/wx/lib/editor
copying file /Users/jamie/Documents/Projects/python/py2app-error/.venv/lib/python3.11/site-packages/wx/lib/editor/__init__.py -> /Users/jamie/Documents/Projects/python/py2app-error/dist/Timer.app/Contents/Resources/lib/python3.11/wx/lib/editor/__init__.py
creating /Users/jamie/Documents/Projects/python/py2app-error/dist/Timer.app/Contents/Resources/lib/python3.11/wx/lib/editor/__pycache__
copying file /Users/jamie/Documents/Projects/python/py2app-error/.venv/lib/python3.11/site-packages/wx/lib/editor/__pycache__/selection.cpython-311.pyc -> /Users/jamie/Documents/Projects/python/py2app-error/dist/Timer.app/Contents/Resources/lib/python3.11/wx/lib/editor/__pycache__/selection.cpython-311.pyc
copying file /Users/jamie/Documents/Projects/python/py2app-error/.venv/lib/python3.11/site-packages/wx/lib/editor/__pycache__/editor.cpython-311.pyc -> /Users/jamie/Documents/Projects/python/py2app-error/dist/Timer.app/Contents/Resources/lib/python3.11/wx/lib/editor/__pycache__/editor.cpython-311.pyc
copying file /Users/jamie/Documents/Projects/python/py2app-error/.venv/lib/python3.11/site-packages/wx/lib/editor/__pycache__/images.cpython-311.pyc -> /Users/jamie/Documents/Projects/python/py2app-error/dist/Timer.app/Contents/Resources/lib/python3.11/wx/lib/editor/__pycache__/images.cpython-311.pyc
copying file /Users/jamie/Documents/Projects/python/py2app-error/.venv/lib/python3.11/site-packages/wx/lib/editor/__pycache__/__init__.cpython-311.pyc -> /Users/jamie/Documents/Projects/python/py2app-error/dist/Timer.app/Contents/Resources/lib/python3.11/wx/lib/editor/__pycache__/__init__.cpython-311.pyc
copying file /Users/jamie/Documents/Projects/python/py2app-error/.venv/lib/python3.11/site-packages/wx/lib/editor/images.py -> /Users/jamie/Documents/Projects/python/py2app-error/dist/Timer.app/Contents/Resources/lib/python3.11/wx/lib/editor/images.py
copying file /Users/jamie/Documents/Projects/python/py2app-error/.venv/lib/python3.11/site-packages/wx/lib/editor/README.txt -> /Users/jamie/Documents/Projects/python/py2app-error/dist/Timer.app/Contents/Resources/lib/python3.11/wx/lib/editor/README.txt
copying file /Users/jamie/Documents/Projects/python/py2app-error/.venv/lib/python3.11/site-packages/wx/lib/editor/selection.py -> /Users/jamie/Documents/Projects/python/py2app-error/dist/Timer.app/Contents/Resources/lib/python3.11/wx/lib/editor/selection.py
copying file /Users/jamie/Documents/Projects/python/py2app-error/.venv/lib/python3.11/site-packages/wx/lib/editor/editor.py -> /Users/jamie/Documents/Projects/python/py2app-error/dist/Timer.app/Contents/Resources/lib/python3.11/wx/lib/editor/editor.py
copying file /Users/jamie/Documents/Projects/python/py2app-error/.venv/lib/python3.11/site-packages/wx/lib/checkbox.py -> /Users/jamie/Documents/Projects/python/py2app-error/dist/Timer.app/Contents/Resources/lib/python3.11/wx/lib/checkbox.py
copying file /Users/jamie/Documents/Projects/python/py2app-error/.venv/lib/python3.11/site-packages/wx/lib/msgpanel.py -> /Users/jamie/Documents/Projects/python/py2app-error/dist/Timer.app/Contents/Resources/lib/python3.11/wx/lib/msgpanel.py
copying file /Users/jamie/Documents/Projects/python/py2app-error/.venv/lib/python3.11/site-packages/wx/aui.py -> /Users/jamie/Documents/Projects/python/py2app-error/dist/Timer.app/Contents/Resources/lib/python3.11/wx/aui.py
copying file /Users/jamie/Documents/Projects/python/py2app-error/.venv/lib/python3.11/site-packages/wx/libwx_osx_cocoau_ribbon-3.2.0.2.1.dylib -> /Users/jamie/Documents/Projects/python/py2app-error/dist/Timer.app/Contents/Resources/lib/python3.11/wx/libwx_osx_cocoau_ribbon-3.2.0.2.1.dylib
copying file /Users/jamie/Documents/Projects/python/py2app-error/.venv/lib/python3.11/site-packages/wx/_adv.cpython-311-darwin.so -> /Users/jamie/Documents/Projects/python/py2app-error/dist/Timer.app/Contents/Resources/lib/python3.11/wx/_adv.cpython-311-darwin.so
copying file /Users/jamie/Documents/Projects/python/py2app-error/.venv/lib/python3.11/site-packages/wx/msw.pyi -> /Users/jamie/Documents/Projects/python/py2app-error/dist/Timer.app/Contents/Resources/lib/python3.11/wx/msw.pyi
copying file /Users/jamie/Documents/Projects/python/py2app-error/.venv/lib/python3.11/site-packages/wx/_core.cpython-311-darwin.so -> /Users/jamie/Documents/Projects/python/py2app-error/dist/Timer.app/Contents/Resources/lib/python3.11/wx/_core.cpython-311-darwin.so
copying file /Users/jamie/Documents/Projects/python/py2app-error/.venv/lib/python3.11/site-packages/wx/libwx_osx_cocoau_media-3.2.0.2.1.dylib -> /Users/jamie/Documents/Projects/python/py2app-error/dist/Timer.app/Contents/Resources/lib/python3.11/wx/libwx_osx_cocoau_media-3.2.0.2.1.dylib
copying file /Users/jamie/Documents/Projects/python/py2app-error/.venv/lib/python3.11/site-packages/wx/grid.pyi -> /Users/jamie/Documents/Projects/python/py2app-error/dist/Timer.app/Contents/Resources/lib/python3.11/wx/grid.pyi
copying file /Users/jamie/Documents/Projects/python/py2app-error/.venv/lib/python3.11/site-packages/wx/xrc.py -> /Users/jamie/Documents/Projects/python/py2app-error/dist/Timer.app/Contents/Resources/lib/python3.11/wx/xrc.py
copying file /Users/jamie/Documents/Projects/python/py2app-error/.venv/lib/python3.11/site-packages/wx/_html.cpython-311-darwin.so -> /Users/jamie/Documents/Projects/python/py2app-error/dist/Timer.app/Contents/Resources/lib/python3.11/wx/_html.cpython-311-darwin.so
copying file /Users/jamie/Documents/Projects/python/py2app-error/.venv/lib/python3.11/site-packages/wx/_media.cpython-311-darwin.so -> /Users/jamie/Documents/Projects/python/py2app-error/dist/Timer.app/Contents/Resources/lib/python3.11/wx/_media.cpython-311-darwin.so
copying file /Users/jamie/Documents/Projects/python/py2app-error/.venv/lib/python3.11/site-packages/wx/aui.pyi -> /Users/jamie/Documents/Projects/python/py2app-error/dist/Timer.app/Contents/Resources/lib/python3.11/wx/aui.pyi
copying file /Users/jamie/Documents/Projects/python/py2app-error/.venv/lib/python3.11/site-packages/wx/gizmos.py -> /Users/jamie/Documents/Projects/python/py2app-error/dist/Timer.app/Contents/Resources/lib/python3.11/wx/gizmos.py
copying file /Users/jamie/Documents/Projects/python/py2app-error/.venv/lib/python3.11/site-packages/wx/xml.pyi -> /Users/jamie/Documents/Projects/python/py2app-error/dist/Timer.app/Contents/Resources/lib/python3.11/wx/xml.pyi
copying file /Users/jamie/Documents/Projects/python/py2app-error/.venv/lib/python3.11/site-packages/wx/propgrid.py -> /Users/jamie/Documents/Projects/python/py2app-error/dist/Timer.app/Contents/Resources/lib/python3.11/wx/propgrid.py
copying file /Users/jamie/Documents/Projects/python/py2app-error/.venv/lib/python3.11/site-packages/wx/glcanvas.py -> /Users/jamie/Documents/Projects/python/py2app-error/dist/Timer.app/Contents/Resources/lib/python3.11/wx/glcanvas.py
copying file /Users/jamie/Documents/Projects/python/py2app-error/.venv/lib/python3.11/site-packages/wx/richtext.py -> /Users/jamie/Documents/Projects/python/py2app-error/dist/Timer.app/Contents/Resources/lib/python3.11/wx/richtext.py
copying file /Users/jamie/Documents/Projects/python/py2app-error/.venv/lib/python3.11/site-packages/wx/libwx_baseu_xml-3.2.0.2.1.dylib -> /Users/jamie/Documents/Projects/python/py2app-error/dist/Timer.app/Contents/Resources/lib/python3.11/wx/libwx_baseu_xml-3.2.0.2.1.dylib
copying file /Users/jamie/Documents/Projects/python/py2app-error/.venv/lib/python3.11/site-packages/wx/libwx_osx_cocoau_richtext-3.2.0.2.1.dylib -> /Users/jamie/Documents/Projects/python/py2app-error/dist/Timer.app/Contents/Resources/lib/python3.11/wx/libwx_osx_cocoau_richtext-3.2.0.2.1.dylib
copying file /Users/jamie/Documents/Projects/python/py2app-error/.venv/lib/python3.11/site-packages/wx/_dataview.cpython-311-darwin.so -> /Users/jamie/Documents/Projects/python/py2app-error/dist/Timer.app/Contents/Resources/lib/python3.11/wx/_dataview.cpython-311-darwin.so
copying file /Users/jamie/Documents/Projects/python/py2app-error/.venv/lib/python3.11/site-packages/wx/dataview.pyi -> /Users/jamie/Documents/Projects/python/py2app-error/dist/Timer.app/Contents/Resources/lib/python3.11/wx/dataview.pyi
copying file /Users/jamie/Documents/Projects/python/py2app-error/.venv/lib/python3.11/site-packages/wx/richtext.pyi -> /Users/jamie/Documents/Projects/python/py2app-error/dist/Timer.app/Contents/Resources/lib/python3.11/wx/richtext.pyi
copying file /Users/jamie/Documents/Projects/python/py2app-error/.venv/lib/python3.11/site-packages/wx/libwx_osx_cocoau_propgrid-3.2.0.2.1.dylib -> /Users/jamie/Documents/Projects/python/py2app-error/dist/Timer.app/Contents/Resources/lib/python3.11/wx/libwx_osx_cocoau_propgrid-3.2.0.2.1.dylib
creating /Users/jamie/Documents/Projects/python/py2app-error/dist/Timer.app/Contents/Resources/lib/python3.11/numpy
creating /Users/jamie/Documents/Projects/python/py2app-error/dist/Timer.app/Contents/Resources/lib/python3.11/numpy/distutils
copying file /Users/jamie/Documents/Projects/python/py2app-error/.venv/lib/python3.11/site-packages/numpy/distutils/unixccompiler.py -> /Users/jamie/Documents/Projects/python/py2app-error/dist/Timer.app/Contents/Resources/lib/python3.11/numpy/distutils/unixccompiler.py
copying file /Users/jamie/Documents/Projects/python/py2app-error/.venv/lib/python3.11/site-packages/numpy/distutils/numpy_distribution.py -> /Users/jamie/Documents/Projects/python/py2app-error/dist/Timer.app/Contents/Resources/lib/python3.11/numpy/distutils/numpy_distribution.py
copying file /Users/jamie/Documents/Projects/python/py2app-error/.venv/lib/python3.11/site-packages/numpy/distutils/conv_template.py -> /Users/jamie/Documents/Projects/python/py2app-error/dist/Timer.app/Contents/Resources/lib/python3.11/numpy/distutils/conv_template.py
copying file /Users/jamie/Documents/Projects/python/py2app-error/.venv/lib/python3.11/site-packages/numpy/distutils/cpuinfo.py -> /Users/jamie/Documents/Projects/python/py2app-error/dist/Timer.app/Contents/Resources/lib/python3.11/numpy/distutils/cpuinfo.py
copying file /Users/jamie/Documents/Projects/python/py2app-error/.venv/lib/python3.11/site-packages/numpy/distutils/ccompiler.py -> /Users/jamie/Documents/Projects/python/py2app-error/dist/Timer.app/Contents/Resources/lib/python3.11/numpy/distutils/ccompiler.py
copying file /Users/jamie/Documents/Projects/python/py2app-error/.venv/lib/python3.11/site-packages/numpy/distutils/msvc9compiler.py -> /Users/jamie/Documents/Projects/python/py2app-error/dist/Timer.app/Contents/Resources/lib/python3.11/numpy/distutils/msvc9compiler.py
copying file /Users/jamie/Documents/Projects/python/py2app-error/.venv/lib/python3.11/site-packages/numpy/distutils/npy_pkg_config.py -> /Users/jamie/Documents/Projects/python/py2app-error/dist/Timer.app/Contents/Resources/lib/python3.11/numpy/distutils/npy_pkg_config.py
copying file /Users/jamie/Documents/Projects/python/py2app-error/.venv/lib/python3.11/site-packages/numpy/distutils/misc_util.py -> /Users/jamie/Documents/Projects/python/py2app-error/dist/Timer.app/Contents/Resources/lib/python3.11/numpy/distutils/misc_util.py
copying file /Users/jamie/Documents/Projects/python/py2app-error/.venv/lib/python3.11/site-packages/numpy/distutils/__init__.pyi -> /Users/jamie/Documents/Projects/python/py2app-error/dist/Timer.app/Contents/Resources/lib/python3.11/numpy/distutils/__init__.pyi
copying file /Users/jamie/Documents/Projects/python/py2app-error/.venv/lib/python3.11/site-packages/numpy/distutils/log.py -> /Users/jamie/Documents/Projects/python/py2app-error/dist/Timer.app/Contents/Resources/lib/python3.11/numpy/distutils/log.py
copying file /Users/jamie/Documents/Projects/python/py2app-error/.venv/lib/python3.11/site-packages/numpy/distutils/line_endings.py -> /Users/jamie/Documents/Projects/python/py2app-error/dist/Timer.app/Contents/Resources/lib/python3.11/numpy/distutils/line_endings.py
creating /Users/jamie/Documents/Projects/python/py2app-error/dist/Timer.app/Contents/Resources/lib/python3.11/numpy/distutils/checks
copying file /Users/jamie/Documents/Projects/python/py2app-error/.venv/lib/python3.11/site-packages/numpy/distutils/checks/cpu_avx512_skx.c -> /Users/jamie/Documents/Projects/python/py2app-error/dist/Timer.app/Contents/Resources/lib/python3.11/numpy/distutils/checks/cpu_avx512_skx.c
copying file /Users/jamie/Documents/Projects/python/py2app-error/.venv/lib/python3.11/site-packages/numpy/distutils/checks/cpu_f16c.c -> /Users/jamie/Documents/Projects/python/py2app-error/dist/Timer.app/Contents/Resources/lib/python3.11/numpy/distutils/checks/cpu_f16c.c
copying file /Users/jamie/Documents/Projects/python/py2app-error/.venv/lib/python3.11/site-packages/numpy/distutils/checks/extra_vsx4_mma.c -> /Users/jamie/Documents/Projects/python/py2app-error/dist/Timer.app/Contents/Resources/lib/python3.11/numpy/distutils/checks/extra_vsx4_mma.c
copying file /Users/jamie/Documents/Projects/python/py2app-error/.venv/lib/python3.11/site-packages/numpy/distutils/checks/extra_avx512f_reduce.c -> /Users/jamie/Documents/Projects/python/py2app-error/dist/Timer.app/Contents/Resources/lib/python3.11/numpy/distutils/checks/extra_avx512f_reduce.c
copying file /Users/jamie/Documents/Projects/python/py2app-error/.venv/lib/python3.11/site-packages/numpy/distutils/checks/cpu_ssse3.c -> /Users/jamie/Documents/Projects/python/py2app-error/dist/Timer.app/Contents/Resources/lib/python3.11/numpy/distutils/checks/cpu_ssse3.c
copying file /Users/jamie/Documents/Projects/python/py2app-error/.venv/lib/python3.11/site-packages/numpy/distutils/checks/cpu_sse42.c -> /Users/jamie/Documents/Projects/python/py2app-error/dist/Timer.app/Contents/Resources/lib/python3.11/numpy/distutils/checks/cpu_sse42.c
copying file /Users/jamie/Documents/Projects/python/py2app-error/.venv/lib/python3.11/site-packages/numpy/distutils/checks/cpu_sse3.c -> /Users/jamie/Documents/Projects/python/py2app-error/dist/Timer.app/Contents/Resources/lib/python3.11/numpy/distutils/checks/cpu_sse3.c
copying file /Users/jamie/Documents/Projects/python/py2app-error/.venv/lib/python3.11/site-packages/numpy/distutils/checks/cpu_xop.c -> /Users/jamie/Documents/Projects/python/py2app-error/dist/Timer.app/Contents/Resources/lib/python3.11/numpy/distutils/checks/cpu_xop.c
copying file /Users/jamie/Documents/Projects/python/py2app-error/.venv/lib/python3.11/site-packages/numpy/distutils/checks/cpu_vsx.c -> /Users/jamie/Documents/Projects/python/py2app-error/dist/Timer.app/Contents/Resources/lib/python3.11/numpy/distutils/checks/cpu_vsx.c
copying file /Users/jamie/Documents/Projects/python/py2app-error/.venv/lib/python3.11/site-packages/numpy/distutils/checks/cpu_avx512cd.c -> /Users/jamie/Documents/Projects/python/py2app-error/dist/Timer.app/Contents/Resources/lib/python3.11/numpy/distutils/checks/cpu_avx512cd.c
copying file /Users/jamie/Documents/Projects/python/py2app-error/.venv/lib/python3.11/site-packages/numpy/distutils/checks/cpu_neon_vfpv4.c -> /Users/jamie/Documents/Projects/python/py2app-error/dist/Timer.app/Contents/Resources/lib/python3.11/numpy/distutils/checks/cpu_neon_vfpv4.c
copying file /Users/jamie/Documents/Projects/python/py2app-error/.venv/lib/python3.11/site-packages/numpy/distutils/checks/cpu_asimddp.c -> /Users/jamie/Documents/Projects/python/py2app-error/dist/Timer.app/Contents/Resources/lib/python3.11/numpy/distutils/checks/cpu_asimddp.c
copying file /Users/jamie/Documents/Projects/python/py2app-error/.venv/lib/python3.11/site-packages/numpy/distutils/checks/extra_avx512bw_mask.c -> /Users/jamie/Documents/Projects/python/py2app-error/dist/Timer.app/Contents/Resources/lib/python3.11/numpy/distutils/checks/extra_avx512bw_mask.c
copying file /Users/jamie/Documents/Projects/python/py2app-error/.venv/lib/python3.11/site-packages/numpy/distutils/checks/cpu_avx.c -> /Users/jamie/Documents/Projects/python/py2app-error/dist/Timer.app/Contents/Resources/lib/python3.11/numpy/distutils/checks/cpu_avx.c
copying file /Users/jamie/Documents/Projects/python/py2app-error/.venv/lib/python3.11/site-packages/numpy/distutils/checks/cpu_sse41.c -> /Users/jamie/Documents/Projects/python/py2app-error/dist/Timer.app/Contents/Resources/lib/python3.11/numpy/distutils/checks/cpu_sse41.c
copying file /Users/jamie/Documents/Projects/python/py2app-error/.venv/lib/python3.11/site-packages/numpy/distutils/checks/cpu_vsx2.c -> /Users/jamie/Documents/Projects/python/py2app-error/dist/Timer.app/Contents/Resources/lib/python3.11/numpy/distutils/checks/cpu_vsx2.c
copying file /Users/jamie/Documents/Projects/python/py2app-error/.venv/lib/python3.11/site-packages/numpy/distutils/checks/cpu_vx.c -> /Users/jamie/Documents/Projects/python/py2app-error/dist/Timer.app/Contents/Resources/lib/python3.11/numpy/distutils/checks/cpu_vx.c
copying file /Users/jamie/Documents/Projects/python/py2app-error/.venv/lib/python3.11/site-packages/numpy/distutils/checks/cpu_avx512_knl.c -> /Users/jamie/Documents/Projects/python/py2app-error/dist/Timer.app/Contents/Resources/lib/python3.11/numpy/distutils/checks/cpu_avx512_knl.c
copying file /Users/jamie/Documents/Projects/python/py2app-error/.venv/lib/python3.11/site-packages/numpy/distutils/checks/extra_vsx3_half_double.c -> /Users/jamie/Documents/Projects/python/py2app-error/dist/Timer.app/Contents/Resources/lib/python3.11/numpy/distutils/checks/extra_vsx3_half_double.c
copying file /Users/jamie/Documents/Projects/python/py2app-error/.venv/lib/python3.11/site-packages/numpy/distutils/checks/cpu_popcnt.c -> /Users/jamie/Documents/Projects/python/py2app-error/dist/Timer.app/Contents/Resources/lib/python3.11/numpy/distutils/checks/cpu_popcnt.c
copying file /Users/jamie/Documents/Projects/python/py2app-error/.venv/lib/python3.11/site-packages/numpy/distutils/checks/cpu_sse.c -> /Users/jamie/Documents/Projects/python/py2app-error/dist/Timer.app/Contents/Resources/lib/python3.11/numpy/distutils/checks/cpu_sse.c
copying file /Users/jamie/Documents/Projects/python/py2app-error/.venv/lib/python3.11/site-packages/numpy/distutils/checks/cpu_neon.c -> /Users/jamie/Documents/Projects/python/py2app-error/dist/Timer.app/Contents/Resources/lib/python3.11/numpy/distutils/checks/cpu_neon.c
copying file /Users/jamie/Documents/Projects/python/py2app-error/.venv/lib/python3.11/site-packages/numpy/distutils/checks/extra_avx512dq_mask.c -> /Users/jamie/Documents/Projects/python/py2app-error/dist/Timer.app/Contents/Resources/lib/python3.11/numpy/distutils/checks/extra_avx512dq_mask.c
copying file /Users/jamie/Documents/Projects/python/py2app-error/.venv/lib/python3.11/site-packages/numpy/distutils/checks/cpu_avx512f.c -> /Users/jamie/Documents/Projects/python/py2app-error/dist/Timer.app/Contents/Resources/lib/python3.11/numpy/distutils/checks/cpu_avx512f.c
copying file /Users/jamie/Documents/Projects/python/py2app-error/.venv/lib/python3.11/site-packages/numpy/distutils/checks/cpu_vxe2.c -> /Users/jamie/Documents/Projects/python/py2app-error/dist/Timer.app/Contents/Resources/lib/python3.11/numpy/distutils/checks/cpu_vxe2.c
copying file /Users/jamie/Documents/Projects/python/py2app-error/.venv/lib/python3.11/site-packages/numpy/distutils/checks/cpu_avx2.c -> /Users/jamie/Documents/Projects/python/py2app-error/dist/Timer.app/Contents/Resources/lib/python3.11/numpy/distutils/checks/cpu_avx2.c
copying file /Users/jamie/Documents/Projects/python/py2app-error/.venv/lib/python3.11/site-packages/numpy/distutils/checks/cpu_neon_fp16.c -> /Users/jamie/Documents/Projects/python/py2app-error/dist/Timer.app/Contents/Resources/lib/python3.11/numpy/distutils/checks/cpu_neon_fp16.c
copying file /Users/jamie/Documents/Projects/python/py2app-error/.venv/lib/python3.11/site-packages/numpy/distutils/checks/cpu_vsx3.c -> /Users/jamie/Documents/Projects/python/py2app-error/dist/Timer.app/Contents/Resources/lib/python3.11/numpy/distutils/checks/cpu_vsx3.c
copying file /Users/jamie/Documents/Projects/python/py2app-error/.venv/lib/python3.11/site-packages/numpy/distutils/checks/cpu_sve.c -> /Users/jamie/Documents/Projects/python/py2app-error/dist/Timer.app/Contents/Resources/lib/python3.11/numpy/distutils/checks/cpu_sve.c
copying file /Users/jamie/Documents/Projects/python/py2app-error/.venv/lib/python3.11/site-packages/numpy/distutils/checks/cpu_fma4.c -> /Users/jamie/Documents/Projects/python/py2app-error/dist/Timer.app/Contents/Resources/lib/python3.11/numpy/distutils/checks/cpu_fma4.c
copying file /Users/jamie/Documents/Projects/python/py2app-error/.venv/lib/python3.11/site-packages/numpy/distutils/checks/cpu_avx512_knm.c -> /Users/jamie/Documents/Projects/python/py2app-error/dist/Timer.app/Contents/Resources/lib/python3.11/numpy/distutils/checks/cpu_avx512_knm.c
copying file /Users/jamie/Documents/Projects/python/py2app-error/.venv/lib/python3.11/site-packages/numpy/distutils/checks/cpu_avx512_cnl.c -> /Users/jamie/Documents/Projects/python/py2app-error/dist/Timer.app/Contents/Resources/lib/python3.11/numpy/distutils/checks/cpu_avx512_cnl.c
copying file /Users/jamie/Documents/Projects/python/py2app-error/.venv/lib/python3.11/site-packages/numpy/distutils/checks/cpu_asimd.c -> /Users/jamie/Documents/Projects/python/py2app-error/dist/Timer.app/Contents/Resources/lib/python3.11/numpy/distutils/checks/cpu_asimd.c
copying file /Users/jamie/Documents/Projects/python/py2app-error/.venv/lib/python3.11/site-packages/numpy/distutils/checks/cpu_vxe.c -> /Users/jamie/Documents/Projects/python/py2app-error/dist/Timer.app/Contents/Resources/lib/python3.11/numpy/distutils/checks/cpu_vxe.c
copying file /Users/jamie/Documents/Projects/python/py2app-error/.venv/lib/python3.11/site-packages/numpy/distutils/checks/extra_vsx_asm.c -> /Users/jamie/Documents/Projects/python/py2app-error/dist/Timer.app/Contents/Resources/lib/python3.11/numpy/distutils/checks/extra_vsx_asm.c
copying file /Users/jamie/Documents/Projects/python/py2app-error/.venv/lib/python3.11/site-packages/numpy/distutils/checks/cpu_asimdfhm.c -> /Users/jamie/Documents/Projects/python/py2app-error/dist/Timer.app/Contents/Resources/lib/python3.11/numpy/distutils/checks/cpu_asimdfhm.c
copying file /Users/jamie/Documents/Projects/python/py2app-error/.venv/lib/python3.11/site-packages/numpy/distutils/checks/cpu_asimdhp.c -> /Users/jamie/Documents/Projects/python/py2app-error/dist/Timer.app/Contents/Resources/lib/python3.11/numpy/distutils/checks/cpu_asimdhp.c
copying file /Users/jamie/Documents/Projects/python/py2app-error/.venv/lib/python3.11/site-packages/numpy/distutils/checks/cpu_avx512_clx.c -> /Users/jamie/Documents/Projects/python/py2app-error/dist/Timer.app/Contents/Resources/lib/python3.11/numpy/distutils/checks/cpu_avx512_clx.c
copying file /Users/jamie/Documents/Projects/python/py2app-error/.venv/lib/python3.11/site-packages/numpy/distutils/checks/cpu_avx512_icl.c -> /Users/jamie/Documents/Projects/python/py2app-error/dist/Timer.app/Contents/Resources/lib/python3.11/numpy/distutils/checks/cpu_avx512_icl.c
copying file /Users/jamie/Documents/Projects/python/py2app-error/.venv/lib/python3.11/site-packages/numpy/distutils/checks/cpu_avx512_spr.c -> /Users/jamie/Documents/Projects/python/py2app-error/dist/Timer.app/Contents/Resources/lib/python3.11/numpy/distutils/checks/cpu_avx512_spr.c
copying file /Users/jamie/Documents/Projects/python/py2app-error/.venv/lib/python3.11/site-packages/numpy/distutils/checks/cpu_sse2.c -> /Users/jamie/Documents/Projects/python/py2app-error/dist/Timer.app/Contents/Resources/lib/python3.11/numpy/distutils/checks/cpu_sse2.c
copying file /Users/jamie/Documents/Projects/python/py2app-error/.venv/lib/python3.11/site-packages/numpy/distutils/checks/cpu_fma3.c -> /Users/jamie/Documents/Projects/python/py2app-error/dist/Timer.app/Contents/Resources/lib/python3.11/numpy/distutils/checks/cpu_fma3.c
copying file /Users/jamie/Documents/Projects/python/py2app-error/.venv/lib/python3.11/site-packages/numpy/distutils/checks/cpu_vsx4.c -> /Users/jamie/Documents/Projects/python/py2app-error/dist/Timer.app/Contents/Resources/lib/python3.11/numpy/distutils/checks/cpu_vsx4.c
copying file /Users/jamie/Documents/Projects/python/py2app-error/.venv/lib/python3.11/site-packages/numpy/distutils/checks/test_flags.c -> /Users/jamie/Documents/Projects/python/py2app-error/dist/Timer.app/Contents/Resources/lib/python3.11/numpy/distutils/checks/test_flags.c
copying file /Users/jamie/Documents/Projects/python/py2app-error/.venv/lib/python3.11/site-packages/numpy/distutils/lib2def.py -> /Users/jamie/Documents/Projects/python/py2app-error/dist/Timer.app/Contents/Resources/lib/python3.11/numpy/distutils/lib2def.py
copying file /Users/jamie/Documents/Projects/python/py2app-error/.venv/lib/python3.11/site-packages/numpy/distutils/pathccompiler.py -> /Users/jamie/Documents/Projects/python/py2app-error/dist/Timer.app/Contents/Resources/lib/python3.11/numpy/distutils/pathccompiler.py
creating /Users/jamie/Documents/Projects/python/py2app-error/dist/Timer.app/Contents/Resources/lib/python3.11/numpy/distutils/tests
copying file /Users/jamie/Documents/Projects/python/py2app-error/.venv/lib/python3.11/site-packages/numpy/distutils/tests/test_system_info.py -> /Users/jamie/Documents/Projects/python/py2app-error/dist/Timer.app/Contents/Resources/lib/python3.11/numpy/distutils/tests/test_system_info.py
copying file /Users/jamie/Documents/Projects/python/py2app-error/.venv/lib/python3.11/site-packages/numpy/distutils/tests/test_ccompiler_opt_conf.py -> /Users/jamie/Documents/Projects/python/py2app-error/dist/Timer.app/Contents/Resources/lib/python3.11/numpy/distutils/tests/test_ccompiler_opt_conf.py
copying file /Users/jamie/Documents/Projects/python/py2app-error/.venv/lib/python3.11/site-packages/numpy/distutils/tests/test_mingw32ccompiler.py -> /Users/jamie/Documents/Projects/python/py2app-error/dist/Timer.app/Contents/Resources/lib/python3.11/numpy/distutils/tests/test_mingw32ccompiler.py
copying file /Users/jamie/Documents/Projects/python/py2app-error/.venv/lib/python3.11/site-packages/numpy/distutils/tests/test_from_template.py -> /Users/jamie/Documents/Projects/python/py2app-error/dist/Timer.app/Contents/Resources/lib/python3.11/numpy/distutils/tests/test_from_template.py
copying file /Users/jamie/Documents/Projects/python/py2app-error/.venv/lib/python3.11/site-packages/numpy/distutils/tests/__init__.py -> /Users/jamie/Documents/Projects/python/py2app-error/dist/Timer.app/Contents/Resources/lib/python3.11/numpy/distutils/tests/__init__.py
creating /Users/jamie/Documents/Projects/python/py2app-error/dist/Timer.app/Contents/Resources/lib/python3.11/numpy/distutils/tests/__pycache__
copying file /Users/jamie/Documents/Projects/python/py2app-error/.venv/lib/python3.11/site-packages/numpy/distutils/tests/__pycache__/test_ccompiler_opt.cpython-311.pyc -> /Users/jamie/Documents/Projects/python/py2app-error/dist/Timer.app/Contents/Resources/lib/python3.11/numpy/distutils/tests/__pycache__/test_ccompiler_opt.cpython-311.pyc
copying file /Users/jamie/Documents/Projects/python/py2app-error/.venv/lib/python3.11/site-packages/numpy/distutils/tests/__pycache__/utilities.cpython-311.pyc -> /Users/jamie/Documents/Projects/python/py2app-error/dist/Timer.app/Contents/Resources/lib/python3.11/numpy/distutils/tests/__pycache__/utilities.cpython-311.pyc
copying file /Users/jamie/Documents/Projects/python/py2app-error/.venv/lib/python3.11/site-packages/numpy/distutils/tests/__pycache__/test_mingw32ccompiler.cpython-311.pyc -> /Users/jamie/Documents/Projects/python/py2app-error/dist/Timer.app/Contents/Resources/lib/python3.11/numpy/distutils/tests/__pycache__/test_mingw32ccompiler.cpython-311.pyc
copying file /Users/jamie/Documents/Projects/python/py2app-error/.venv/lib/python3.11/site-packages/numpy/distutils/tests/__pycache__/test_from_template.cpython-311.pyc -> /Users/jamie/Documents/Projects/python/py2app-error/dist/Timer.app/Contents/Resources/lib/python3.11/numpy/distutils/tests/__pycache__/test_from_template.cpython-311.pyc
copying file /Users/jamie/Documents/Projects/python/py2app-error/.venv/lib/python3.11/site-packages/numpy/distutils/tests/__pycache__/test_npy_pkg_config.cpython-311.pyc -> /Users/jamie/Documents/Projects/python/py2app-error/dist/Timer.app/Contents/Resources/lib/python3.11/numpy/distutils/tests/__pycache__/test_npy_pkg_config.cpython-311.pyc
copying file /Users/jamie/Documents/Projects/python/py2app-error/.venv/lib/python3.11/site-packages/numpy/distutils/tests/__pycache__/test_fcompiler.cpython-311.pyc -> /Users/jamie/Documents/Projects/python/py2app-error/dist/Timer.app/Contents/Resources/lib/python3.11/numpy/distutils/tests/__pycache__/test_fcompiler.cpython-311.pyc
copying file /Users/jamie/Documents/Projects/python/py2app-error/.venv/lib/python3.11/site-packages/numpy/distutils/tests/__pycache__/test_log.cpython-311.pyc -> /Users/jamie/Documents/Projects/python/py2app-error/dist/Timer.app/Contents/Resources/lib/python3.11/numpy/distutils/tests/__pycache__/test_log.cpython-311.pyc
copying file /Users/jamie/Documents/Projects/python/py2app-error/.venv/lib/python3.11/site-packages/numpy/distutils/tests/__pycache__/test_ccompiler_opt_conf.cpython-311.pyc -> /Users/jamie/Documents/Projects/python/py2app-error/dist/Timer.app/Contents/Resources/lib/python3.11/numpy/distutils/tests/__pycache__/test_ccompiler_opt_conf.cpython-311.pyc
copying file /Users/jamie/Documents/Projects/python/py2app-error/.venv/lib/python3.11/site-packages/numpy/distutils/tests/__pycache__/test_misc_util.cpython-311.pyc -> /Users/jamie/Documents/Projects/python/py2app-error/dist/Timer.app/Contents/Resources/lib/python3.11/numpy/distutils/tests/__pycache__/test_misc_util.cpython-311.pyc
copying file /Users/jamie/Documents/Projects/python/py2app-error/.venv/lib/python3.11/site-packages/numpy/distutils/tests/__pycache__/test_exec_command.cpython-311.pyc -> /Users/jamie/Documents/Projects/python/py2app-error/dist/Timer.app/Contents/Resources/lib/python3.11/numpy/distutils/tests/__pycache__/test_exec_command.cpython-311.pyc
copying file /Users/jamie/Documents/Projects/python/py2app-error/.venv/lib/python3.11/site-packages/numpy/distutils/tests/__pycache__/test_fcompiler_intel.cpython-311.pyc -> /Users/jamie/Documents/Projects/python/py2app-error/dist/Timer.app/Contents/Resources/lib/python3.11/numpy/distutils/tests/__pycache__/test_fcompiler_intel.cpython-311.pyc
copying file /Users/jamie/Documents/Projects/python/py2app-error/.venv/lib/python3.11/site-packages/numpy/distutils/tests/__pycache__/test_fcompiler_nagfor.cpython-311.pyc -> /Users/jamie/Documents/Projects/python/py2app-error/dist/Timer.app/Contents/Resources/lib/python3.11/numpy/distutils/tests/__pycache__/test_fcompiler_nagfor.cpython-311.pyc
copying file /Users/jamie/Documents/Projects/python/py2app-error/.venv/lib/python3.11/site-packages/numpy/distutils/tests/__pycache__/test_system_info.cpython-311.pyc -> /Users/jamie/Documents/Projects/python/py2app-error/dist/Timer.app/Contents/Resources/lib/python3.11/numpy/distutils/tests/__pycache__/test_system_info.cpython-311.pyc
copying file /Users/jamie/Documents/Projects/python/py2app-error/.venv/lib/python3.11/site-packages/numpy/distutils/tests/__pycache__/test_fcompiler_gnu.cpython-311.pyc -> /Users/jamie/Documents/Projects/python/py2app-error/dist/Timer.app/Contents/Resources/lib/python3.11/numpy/distutils/tests/__pycache__/test_fcompiler_gnu.cpython-311.pyc
copying file /Users/jamie/Documents/Projects/python/py2app-error/.venv/lib/python3.11/site-packages/numpy/distutils/tests/__pycache__/__init__.cpython-311.pyc -> /Users/jamie/Documents/Projects/python/py2app-error/dist/Timer.app/Contents/Resources/lib/python3.11/numpy/distutils/tests/__pycache__/__init__.cpython-311.pyc
copying file /Users/jamie/Documents/Projects/python/py2app-error/.venv/lib/python3.11/site-packages/numpy/distutils/tests/__pycache__/test_shell_utils.cpython-311.pyc -> /Users/jamie/Documents/Projects/python/py2app-error/dist/Timer.app/Contents/Resources/lib/python3.11/numpy/distutils/tests/__pycache__/test_shell_utils.cpython-311.pyc
copying file /Users/jamie/Documents/Projects/python/py2app-error/.venv/lib/python3.11/site-packages/numpy/distutils/tests/__pycache__/test_build_ext.cpython-311.pyc -> /Users/jamie/Documents/Projects/python/py2app-error/dist/Timer.app/Contents/Resources/lib/python3.11/numpy/distutils/tests/__pycache__/test_build_ext.cpython-311.pyc
copying file /Users/jamie/Documents/Projects/python/py2app-error/.venv/lib/python3.11/site-packages/numpy/distutils/tests/test_log.py -> /Users/jamie/Documents/Projects/python/py2app-error/dist/Timer.app/Contents/Resources/lib/python3.11/numpy/distutils/tests/test_log.py
copying file /Users/jamie/Documents/Projects/python/py2app-error/.venv/lib/python3.11/site-packages/numpy/distutils/tests/test_fcompiler_intel.py -> /Users/jamie/Documents/Projects/python/py2app-error/dist/Timer.app/Contents/Resources/lib/python3.11/numpy/distutils/tests/test_fcompiler_intel.py
copying file /Users/jamie/Documents/Projects/python/py2app-error/.venv/lib/python3.11/site-packages/numpy/distutils/tests/test_misc_util.py -> /Users/jamie/Documents/Projects/python/py2app-error/dist/Timer.app/Contents/Resources/lib/python3.11/numpy/distutils/tests/test_misc_util.py
copying file /Users/jamie/Documents/Projects/python/py2app-error/.venv/lib/python3.11/site-packages/numpy/distutils/tests/test_fcompiler.py -> /Users/jamie/Documents/Projects/python/py2app-error/dist/Timer.app/Contents/Resources/lib/python3.11/numpy/distutils/tests/test_fcompiler.py
copying file /Users/jamie/Documents/Projects/python/py2app-error/.venv/lib/python3.11/site-packages/numpy/distutils/tests/test_build_ext.py -> /Users/jamie/Documents/Projects/python/py2app-error/dist/Timer.app/Contents/Resources/lib/python3.11/numpy/distutils/tests/test_build_ext.py
copying file /Users/jamie/Documents/Projects/python/py2app-error/.venv/lib/python3.11/site-packages/numpy/distutils/tests/test_shell_utils.py -> /Users/jamie/Documents/Projects/python/py2app-error/dist/Timer.app/Contents/Resources/lib/python3.11/numpy/distutils/tests/test_shell_utils.py
copying file /Users/jamie/Documents/Projects/python/py2app-error/.venv/lib/python3.11/site-packages/numpy/distutils/tests/test_exec_command.py -> /Users/jamie/Documents/Projects/python/py2app-error/dist/Timer.app/Contents/Resources/lib/python3.11/numpy/distutils/tests/test_exec_command.py
copying file /Users/jamie/Documents/Projects/python/py2app-error/.venv/lib/python3.11/site-packages/numpy/distutils/tests/test_npy_pkg_config.py -> /Users/jamie/Documents/Projects/python/py2app-error/dist/Timer.app/Contents/Resources/lib/python3.11/numpy/distutils/tests/test_npy_pkg_config.py
copying file /Users/jamie/Documents/Projects/python/py2app-error/.venv/lib/python3.11/site-packages/numpy/distutils/tests/utilities.py -> /Users/jamie/Documents/Projects/python/py2app-error/dist/Timer.app/Contents/Resources/lib/python3.11/numpy/distutils/tests/utilities.py
copying file /Users/jamie/Documents/Projects/python/py2app-error/.venv/lib/python3.11/site-packages/numpy/distutils/tests/test_fcompiler_nagfor.py -> /Users/jamie/Documents/Projects/python/py2app-error/dist/Timer.app/Contents/Resources/lib/python3.11/numpy/distutils/tests/test_fcompiler_nagfor.py
copying file /Users/jamie/Documents/Projects/python/py2app-error/.venv/lib/python3.11/site-packages/numpy/distutils/tests/test_ccompiler_opt.py -> /Users/jamie/Documents/Projects/python/py2app-error/dist/Timer.app/Contents/Resources/lib/python3.11/numpy/distutils/tests/test_ccompiler_opt.py
copying file /Users/jamie/Documents/Projects/python/py2app-error/.venv/lib/python3.11/site-packages/numpy/distutils/tests/test_fcompiler_gnu.py -> /Users/jamie/Documents/Projects/python/py2app-error/dist/Timer.app/Contents/Resources/lib/python3.11/numpy/distutils/tests/test_fcompiler_gnu.py
copying file /Users/jamie/Documents/Projects/python/py2app-error/.venv/lib/python3.11/site-packages/numpy/distutils/system_info.py -> /Users/jamie/Documents/Projects/python/py2app-error/dist/Timer.app/Contents/Resources/lib/python3.11/numpy/distutils/system_info.py
copying file /Users/jamie/Documents/Projects/python/py2app-error/.venv/lib/python3.11/site-packages/numpy/distutils/__init__.py -> /Users/jamie/Documents/Projects/python/py2app-error/dist/Timer.app/Contents/Resources/lib/python3.11/numpy/distutils/__init__.py
copying file /Users/jamie/Documents/Projects/python/py2app-error/.venv/lib/python3.11/site-packages/numpy/distutils/core.py -> /Users/jamie/Documents/Projects/python/py2app-error/dist/Timer.app/Contents/Resources/lib/python3.11/numpy/distutils/core.py
creating /Users/jamie/Documents/Projects/python/py2app-error/dist/Timer.app/Contents/Resources/lib/python3.11/numpy/distutils/__pycache__
copying file /Users/jamie/Documents/Projects/python/py2app-error/.venv/lib/python3.11/site-packages/numpy/distutils/__pycache__/msvccompiler.cpython-311.pyc -> /Users/jamie/Documents/Projects/python/py2app-error/dist/Timer.app/Contents/Resources/lib/python3.11/numpy/distutils/__pycache__/msvccompiler.cpython-311.pyc
copying file /Users/jamie/Documents/Projects/python/py2app-error/.venv/lib/python3.11/site-packages/numpy/distutils/__pycache__/msvc9compiler.cpython-311.pyc -> /Users/jamie/Documents/Projects/python/py2app-error/dist/Timer.app/Contents/Resources/lib/python3.11/numpy/distutils/__pycache__/msvc9compiler.cpython-311.pyc
copying file /Users/jamie/Documents/Projects/python/py2app-error/.venv/lib/python3.11/site-packages/numpy/distutils/__pycache__/core.cpython-311.pyc -> /Users/jamie/Documents/Projects/python/py2app-error/dist/Timer.app/Contents/Resources/lib/python3.11/numpy/distutils/__pycache__/core.cpython-311.pyc
copying file /Users/jamie/Documents/Projects/python/py2app-error/.venv/lib/python3.11/site-packages/numpy/distutils/__pycache__/fujitsuccompiler.cpython-311.pyc -> /Users/jamie/Documents/Projects/python/py2app-error/dist/Timer.app/Contents/Resources/lib/python3.11/numpy/distutils/__pycache__/fujitsuccompiler.cpython-311.pyc
copying file /Users/jamie/Documents/Projects/python/py2app-error/.venv/lib/python3.11/site-packages/numpy/distutils/__pycache__/exec_command.cpython-311.pyc -> /Users/jamie/Documents/Projects/python/py2app-error/dist/Timer.app/Contents/Resources/lib/python3.11/numpy/distutils/__pycache__/exec_command.cpython-311.pyc
copying file /Users/jamie/Documents/Projects/python/py2app-error/.venv/lib/python3.11/site-packages/numpy/distutils/__pycache__/ccompiler.cpython-311.pyc -> /Users/jamie/Documents/Projects/python/py2app-error/dist/Timer.app/Contents/Resources/lib/python3.11/numpy/distutils/__pycache__/ccompiler.cpython-311.pyc
copying file /Users/jamie/Documents/Projects/python/py2app-error/.venv/lib/python3.11/site-packages/numpy/distutils/__pycache__/system_info.cpython-311.pyc -> /Users/jamie/Documents/Projects/python/py2app-error/dist/Timer.app/Contents/Resources/lib/python3.11/numpy/distutils/__pycache__/system_info.cpython-311.pyc
copying file /Users/jamie/Documents/Projects/python/py2app-error/.venv/lib/python3.11/site-packages/numpy/distutils/__pycache__/cpuinfo.cpython-311.pyc -> /Users/jamie/Documents/Projects/python/py2app-error/dist/Timer.app/Contents/Resources/lib/python3.11/numpy/distutils/__pycache__/cpuinfo.cpython-311.pyc
copying file /Users/jamie/Documents/Projects/python/py2app-error/.venv/lib/python3.11/site-packages/numpy/distutils/__pycache__/npy_pkg_config.cpython-311.pyc -> /Users/jamie/Documents/Projects/python/py2app-error/dist/Timer.app/Contents/Resources/lib/python3.11/numpy/distutils/__pycache__/npy_pkg_config.cpython-311.pyc
copying file /Users/jamie/Documents/Projects/python/py2app-error/.venv/lib/python3.11/site-packages/numpy/distutils/__pycache__/armccompiler.cpython-311.pyc -> /Users/jamie/Documents/Projects/python/py2app-error/dist/Timer.app/Contents/Resources/lib/python3.11/numpy/distutils/__pycache__/armccompiler.cpython-311.pyc
copying file /Users/jamie/Documents/Projects/python/py2app-error/.venv/lib/python3.11/site-packages/numpy/distutils/__pycache__/_shell_utils.cpython-311.pyc -> /Users/jamie/Documents/Projects/python/py2app-error/dist/Timer.app/Contents/Resources/lib/python3.11/numpy/distutils/__pycache__/_shell_utils.cpython-311.pyc
copying file /Users/jamie/Documents/Projects/python/py2app-error/.venv/lib/python3.11/site-packages/numpy/distutils/__pycache__/unixccompiler.cpython-311.pyc -> /Users/jamie/Documents/Projects/python/py2app-error/dist/Timer.app/Contents/Resources/lib/python3.11/numpy/distutils/__pycache__/unixccompiler.cpython-311.pyc
copying file /Users/jamie/Documents/Projects/python/py2app-error/.venv/lib/python3.11/site-packages/numpy/distutils/__pycache__/mingw32ccompiler.cpython-311.pyc -> /Users/jamie/Documents/Projects/python/py2app-error/dist/Timer.app/Contents/Resources/lib/python3.11/numpy/distutils/__pycache__/mingw32ccompiler.cpython-311.pyc
copying file /Users/jamie/Documents/Projects/python/py2app-error/.venv/lib/python3.11/site-packages/numpy/distutils/__pycache__/extension.cpython-311.pyc -> /Users/jamie/Documents/Projects/python/py2app-error/dist/Timer.app/Contents/Resources/lib/python3.11/numpy/distutils/__pycache__/extension.cpython-311.pyc
copying file /Users/jamie/Documents/Projects/python/py2app-error/.venv/lib/python3.11/site-packages/numpy/distutils/__pycache__/log.cpython-311.pyc -> /Users/jamie/Documents/Projects/python/py2app-error/dist/Timer.app/Contents/Resources/lib/python3.11/numpy/distutils/__pycache__/log.cpython-311.pyc
copying file /Users/jamie/Documents/Projects/python/py2app-error/.venv/lib/python3.11/site-packages/numpy/distutils/__pycache__/numpy_distribution.cpython-311.pyc -> /Users/jamie/Documents/Projects/python/py2app-error/dist/Timer.app/Contents/Resources/lib/python3.11/numpy/distutils/__pycache__/numpy_distribution.cpython-311.pyc
copying file /Users/jamie/Documents/Projects/python/py2app-error/.venv/lib/python3.11/site-packages/numpy/distutils/__pycache__/line_endings.cpython-311.pyc -> /Users/jamie/Documents/Projects/python/py2app-error/dist/Timer.app/Contents/Resources/lib/python3.11/numpy/distutils/__pycache__/line_endings.cpython-311.pyc
copying file /Users/jamie/Documents/Projects/python/py2app-error/.venv/lib/python3.11/site-packages/numpy/distutils/__pycache__/misc_util.cpython-311.pyc -> /Users/jamie/Documents/Projects/python/py2app-error/dist/Timer.app/Contents/Resources/lib/python3.11/numpy/distutils/__pycache__/misc_util.cpython-311.pyc
copying file /Users/jamie/Documents/Projects/python/py2app-error/.venv/lib/python3.11/site-packages/numpy/distutils/__pycache__/intelccompiler.cpython-311.pyc -> /Users/jamie/Documents/Projects/python/py2app-error/dist/Timer.app/Contents/Resources/lib/python3.11/numpy/distutils/__pycache__/intelccompiler.cpython-311.pyc
copying file /Users/jamie/Documents/Projects/python/py2app-error/.venv/lib/python3.11/site-packages/numpy/distutils/__pycache__/pathccompiler.cpython-311.pyc -> /Users/jamie/Documents/Projects/python/py2app-error/dist/Timer.app/Contents/Resources/lib/python3.11/numpy/distutils/__pycache__/pathccompiler.cpython-311.pyc
copying file /Users/jamie/Documents/Projects/python/py2app-error/.venv/lib/python3.11/site-packages/numpy/distutils/__pycache__/from_template.cpython-311.pyc -> /Users/jamie/Documents/Projects/python/py2app-error/dist/Timer.app/Contents/Resources/lib/python3.11/numpy/distutils/__pycache__/from_template.cpython-311.pyc
copying file /Users/jamie/Documents/Projects/python/py2app-error/.venv/lib/python3.11/site-packages/numpy/distutils/__pycache__/ccompiler_opt.cpython-311.pyc -> /Users/jamie/Documents/Projects/python/py2app-error/dist/Timer.app/Contents/Resources/lib/python3.11/numpy/distutils/__pycache__/ccompiler_opt.cpython-311.pyc
copying file /Users/jamie/Documents/Projects/python/py2app-error/.venv/lib/python3.11/site-packages/numpy/distutils/__pycache__/lib2def.cpython-311.pyc -> /Users/jamie/Documents/Projects/python/py2app-error/dist/Timer.app/Contents/Resources/lib/python3.11/numpy/distutils/__pycache__/lib2def.cpython-311.pyc
copying file /Users/jamie/Documents/Projects/python/py2app-error/.venv/lib/python3.11/site-packages/numpy/distutils/__pycache__/__init__.cpython-311.pyc -> /Users/jamie/Documents/Projects/python/py2app-error/dist/Timer.app/Contents/Resources/lib/python3.11/numpy/distutils/__pycache__/__init__.cpython-311.pyc
copying file /Users/jamie/Documents/Projects/python/py2app-error/.venv/lib/python3.11/site-packages/numpy/distutils/__pycache__/conv_template.cpython-311.pyc -> /Users/jamie/Documents/Projects/python/py2app-error/dist/Timer.app/Contents/Resources/lib/python3.11/numpy/distutils/__pycache__/conv_template.cpython-311.pyc
copying file /Users/jamie/Documents/Projects/python/py2app-error/.venv/lib/python3.11/site-packages/numpy/distutils/exec_command.py -> /Users/jamie/Documents/Projects/python/py2app-error/dist/Timer.app/Contents/Resources/lib/python3.11/numpy/distutils/exec_command.py
copying file /Users/jamie/Documents/Projects/python/py2app-error/.venv/lib/python3.11/site-packages/numpy/distutils/from_template.py -> /Users/jamie/Documents/Projects/python/py2app-error/dist/Timer.app/Contents/Resources/lib/python3.11/numpy/distutils/from_template.py
copying file /Users/jamie/Documents/Projects/python/py2app-error/.venv/lib/python3.11/site-packages/numpy/distutils/fujitsuccompiler.py -> /Users/jamie/Documents/Projects/python/py2app-error/dist/Timer.app/Contents/Resources/lib/python3.11/numpy/distutils/fujitsuccompiler.py
copying file /Users/jamie/Documents/Projects/python/py2app-error/.venv/lib/python3.11/site-packages/numpy/distutils/mingw32ccompiler.py -> /Users/jamie/Documents/Projects/python/py2app-error/dist/Timer.app/Contents/Resources/lib/python3.11/numpy/distutils/mingw32ccompiler.py
creating /Users/jamie/Documents/Projects/python/py2app-error/dist/Timer.app/Contents/Resources/lib/python3.11/numpy/distutils/mingw
copying file /Users/jamie/Documents/Projects/python/py2app-error/.venv/lib/python3.11/site-packages/numpy/distutils/mingw/gfortran_vs2003_hack.c -> /Users/jamie/Documents/Projects/python/py2app-error/dist/Timer.app/Contents/Resources/lib/python3.11/numpy/distutils/mingw/gfortran_vs2003_hack.c
creating /Users/jamie/Documents/Projects/python/py2app-error/dist/Timer.app/Contents/Resources/lib/python3.11/numpy/distutils/fcompiler
copying file /Users/jamie/Documents/Projects/python/py2app-error/.venv/lib/python3.11/site-packages/numpy/distutils/fcompiler/gnu.py -> /Users/jamie/Documents/Projects/python/py2app-error/dist/Timer.app/Contents/Resources/lib/python3.11/numpy/distutils/fcompiler/gnu.py
copying file /Users/jamie/Documents/Projects/python/py2app-error/.venv/lib/python3.11/site-packages/numpy/distutils/fcompiler/compaq.py -> /Users/jamie/Documents/Projects/python/py2app-error/dist/Timer.app/Contents/Resources/lib/python3.11/numpy/distutils/fcompiler/compaq.py
copying file /Users/jamie/Documents/Projects/python/py2app-error/.venv/lib/python3.11/site-packages/numpy/distutils/fcompiler/intel.py -> /Users/jamie/Documents/Projects/python/py2app-error/dist/Timer.app/Contents/Resources/lib/python3.11/numpy/distutils/fcompiler/intel.py
copying file /Users/jamie/Documents/Projects/python/py2app-error/.venv/lib/python3.11/site-packages/numpy/distutils/fcompiler/none.py -> /Users/jamie/Documents/Projects/python/py2app-error/dist/Timer.app/Contents/Resources/lib/python3.11/numpy/distutils/fcompiler/none.py
copying file /Users/jamie/Documents/Projects/python/py2app-error/.venv/lib/python3.11/site-packages/numpy/distutils/fcompiler/nag.py -> /Users/jamie/Documents/Projects/python/py2app-error/dist/Timer.app/Contents/Resources/lib/python3.11/numpy/distutils/fcompiler/nag.py
copying file /Users/jamie/Documents/Projects/python/py2app-error/.venv/lib/python3.11/site-packages/numpy/distutils/fcompiler/pg.py -> /Users/jamie/Documents/Projects/python/py2app-error/dist/Timer.app/Contents/Resources/lib/python3.11/numpy/distutils/fcompiler/pg.py
copying file /Users/jamie/Documents/Projects/python/py2app-error/.venv/lib/python3.11/site-packages/numpy/distutils/fcompiler/ibm.py -> /Users/jamie/Documents/Projects/python/py2app-error/dist/Timer.app/Contents/Resources/lib/python3.11/numpy/distutils/fcompiler/ibm.py
copying file /Users/jamie/Documents/Projects/python/py2app-error/.venv/lib/python3.11/site-packages/numpy/distutils/fcompiler/sun.py -> /Users/jamie/Documents/Projects/python/py2app-error/dist/Timer.app/Contents/Resources/lib/python3.11/numpy/distutils/fcompiler/sun.py
copying file /Users/jamie/Documents/Projects/python/py2app-error/.venv/lib/python3.11/site-packages/numpy/distutils/fcompiler/nv.py -> /Users/jamie/Documents/Projects/python/py2app-error/dist/Timer.app/Contents/Resources/lib/python3.11/numpy/distutils/fcompiler/nv.py
copying file /Users/jamie/Documents/Projects/python/py2app-error/.venv/lib/python3.11/site-packages/numpy/distutils/fcompiler/lahey.py -> /Users/jamie/Documents/Projects/python/py2app-error/dist/Timer.app/Contents/Resources/lib/python3.11/numpy/distutils/fcompiler/lahey.py
copying file /Users/jamie/Documents/Projects/python/py2app-error/.venv/lib/python3.11/site-packages/numpy/distutils/fcompiler/__init__.py -> /Users/jamie/Documents/Projects/python/py2app-error/dist/Timer.app/Contents/Resources/lib/python3.11/numpy/distutils/fcompiler/__init__.py
copying file /Users/jamie/Documents/Projects/python/py2app-error/.venv/lib/python3.11/site-packages/numpy/distutils/fcompiler/g95.py -> /Users/jamie/Documents/Projects/python/py2app-error/dist/Timer.app/Contents/Resources/lib/python3.11/numpy/distutils/fcompiler/g95.py
creating /Users/jamie/Documents/Projects/python/py2app-error/dist/Timer.app/Contents/Resources/lib/python3.11/numpy/distutils/fcompiler/__pycache__
copying file /Users/jamie/Documents/Projects/python/py2app-error/.venv/lib/python3.11/site-packages/numpy/distutils/fcompiler/__pycache__/intel.cpython-311.pyc -> /Users/jamie/Documents/Projects/python/py2app-error/dist/Timer.app/Contents/Resources/lib/python3.11/numpy/distutils/fcompiler/__pycache__/intel.cpython-311.pyc
copying file /Users/jamie/Documents/Projects/python/py2app-error/.venv/lib/python3.11/site-packages/numpy/distutils/fcompiler/__pycache__/g95.cpython-311.pyc -> /Users/jamie/Documents/Projects/python/py2app-error/dist/Timer.app/Contents/Resources/lib/python3.11/numpy/distutils/fcompiler/__pycache__/g95.cpython-311.pyc
copying file /Users/jamie/Documents/Projects/python/py2app-error/.venv/lib/python3.11/site-packages/numpy/distutils/fcompiler/__pycache__/arm.cpython-311.pyc -> /Users/jamie/Documents/Projects/python/py2app-error/dist/Timer.app/Contents/Resources/lib/python3.11/numpy/distutils/fcompiler/__pycache__/arm.cpython-311.pyc
copying file /Users/jamie/Documents/Projects/python/py2app-error/.venv/lib/python3.11/site-packages/numpy/distutils/fcompiler/__pycache__/nv.cpython-311.pyc -> /Users/jamie/Documents/Projects/python/py2app-error/dist/Timer.app/Contents/Resources/lib/python3.11/numpy/distutils/fcompiler/__pycache__/nv.cpython-311.pyc
copying file /Users/jamie/Documents/Projects/python/py2app-error/.venv/lib/python3.11/site-packages/numpy/distutils/fcompiler/__pycache__/mips.cpython-311.pyc -> /Users/jamie/Documents/Projects/python/py2app-error/dist/Timer.app/Contents/Resources/lib/python3.11/numpy/distutils/fcompiler/__pycache__/mips.cpython-311.pyc
copying file /Users/jamie/Documents/Projects/python/py2app-error/.venv/lib/python3.11/site-packages/numpy/distutils/fcompiler/__pycache__/environment.cpython-311.pyc -> /Users/jamie/Documents/Projects/python/py2app-error/dist/Timer.app/Contents/Resources/lib/python3.11/numpy/distutils/fcompiler/__pycache__/environment.cpython-311.pyc
copying file /Users/jamie/Documents/Projects/python/py2app-error/.venv/lib/python3.11/site-packages/numpy/distutils/fcompiler/__pycache__/gnu.cpython-311.pyc -> /Users/jamie/Documents/Projects/python/py2app-error/dist/Timer.app/Contents/Resources/lib/python3.11/numpy/distutils/fcompiler/__pycache__/gnu.cpython-311.pyc
copying file /Users/jamie/Documents/Projects/python/py2app-error/.venv/lib/python3.11/site-packages/numpy/distutils/fcompiler/__pycache__/vast.cpython-311.pyc -> /Users/jamie/Documents/Projects/python/py2app-error/dist/Timer.app/Contents/Resources/lib/python3.11/numpy/distutils/fcompiler/__pycache__/vast.cpython-311.pyc
copying file /Users/jamie/Documents/Projects/python/py2app-error/.venv/lib/python3.11/site-packages/numpy/distutils/fcompiler/__pycache__/pg.cpython-311.pyc -> /Users/jamie/Documents/Projects/python/py2app-error/dist/Timer.app/Contents/Resources/lib/python3.11/numpy/distutils/fcompiler/__pycache__/pg.cpython-311.pyc
copying file /Users/jamie/Documents/Projects/python/py2app-error/.venv/lib/python3.11/site-packages/numpy/distutils/fcompiler/__pycache__/nag.cpython-311.pyc -> /Users/jamie/Documents/Projects/python/py2app-error/dist/Timer.app/Contents/Resources/lib/python3.11/numpy/distutils/fcompiler/__pycache__/nag.cpython-311.pyc
copying file /Users/jamie/Documents/Projects/python/py2app-error/.venv/lib/python3.11/site-packages/numpy/distutils/fcompiler/__pycache__/fujitsu.cpython-311.pyc -> /Users/jamie/Documents/Projects/python/py2app-error/dist/Timer.app/Contents/Resources/lib/python3.11/numpy/distutils/fcompiler/__pycache__/fujitsu.cpython-311.pyc
copying file /Users/jamie/Documents/Projects/python/py2app-error/.venv/lib/python3.11/site-packages/numpy/distutils/fcompiler/__pycache__/sun.cpython-311.pyc -> /Users/jamie/Documents/Projects/python/py2app-error/dist/Timer.app/Contents/Resources/lib/python3.11/numpy/distutils/fcompiler/__pycache__/sun.cpython-311.pyc
copying file /Users/jamie/Documents/Projects/python/py2app-error/.venv/lib/python3.11/site-packages/numpy/distutils/fcompiler/__pycache__/lahey.cpython-311.pyc -> /Users/jamie/Documents/Projects/python/py2app-error/dist/Timer.app/Contents/Resources/lib/python3.11/numpy/distutils/fcompiler/__pycache__/lahey.cpython-311.pyc
copying file /Users/jamie/Documents/Projects/python/py2app-error/.venv/lib/python3.11/site-packages/numpy/distutils/fcompiler/__pycache__/hpux.cpython-311.pyc -> /Users/jamie/Documents/Projects/python/py2app-error/dist/Timer.app/Contents/Resources/lib/python3.11/numpy/distutils/fcompiler/__pycache__/hpux.cpython-311.pyc
copying file /Users/jamie/Documents/Projects/python/py2app-error/.venv/lib/python3.11/site-packages/numpy/distutils/fcompiler/__pycache__/compaq.cpython-311.pyc -> /Users/jamie/Documents/Projects/python/py2app-error/dist/Timer.app/Contents/Resources/lib/python3.11/numpy/distutils/fcompiler/__pycache__/compaq.cpython-311.pyc
copying file /Users/jamie/Documents/Projects/python/py2app-error/.venv/lib/python3.11/site-packages/numpy/distutils/fcompiler/__pycache__/pathf95.cpython-311.pyc -> /Users/jamie/Documents/Projects/python/py2app-error/dist/Timer.app/Contents/Resources/lib/python3.11/numpy/distutils/fcompiler/__pycache__/pathf95.cpython-311.pyc
copying file /Users/jamie/Documents/Projects/python/py2app-error/.venv/lib/python3.11/site-packages/numpy/distutils/fcompiler/__pycache__/none.cpython-311.pyc -> /Users/jamie/Documents/Projects/python/py2app-error/dist/Timer.app/Contents/Resources/lib/python3.11/numpy/distutils/fcompiler/__pycache__/none.cpython-311.pyc
copying file /Users/jamie/Documents/Projects/python/py2app-error/.venv/lib/python3.11/site-packages/numpy/distutils/fcompiler/__pycache__/ibm.cpython-311.pyc -> /Users/jamie/Documents/Projects/python/py2app-error/dist/Timer.app/Contents/Resources/lib/python3.11/numpy/distutils/fcompiler/__pycache__/ibm.cpython-311.pyc
copying file /Users/jamie/Documents/Projects/python/py2app-error/.venv/lib/python3.11/site-packages/numpy/distutils/fcompiler/__pycache__/__init__.cpython-311.pyc -> /Users/jamie/Documents/Projects/python/py2app-error/dist/Timer.app/Contents/Resources/lib/python3.11/numpy/distutils/fcompiler/__pycache__/__init__.cpython-311.pyc
copying file /Users/jamie/Documents/Projects/python/py2app-error/.venv/lib/python3.11/site-packages/numpy/distutils/fcompiler/__pycache__/absoft.cpython-311.pyc -> /Users/jamie/Documents/Projects/python/py2app-error/dist/Timer.app/Contents/Resources/lib/python3.11/numpy/distutils/fcompiler/__pycache__/absoft.cpython-311.pyc
copying file /Users/jamie/Documents/Projects/python/py2app-error/.venv/lib/python3.11/site-packages/numpy/distutils/fcompiler/arm.py -> /Users/jamie/Documents/Projects/python/py2app-error/dist/Timer.app/Contents/Resources/lib/python3.11/numpy/distutils/fcompiler/arm.py
copying file /Users/jamie/Documents/Projects/python/py2app-error/.venv/lib/python3.11/site-packages/numpy/distutils/fcompiler/mips.py -> /Users/jamie/Documents/Projects/python/py2app-error/dist/Timer.app/Contents/Resources/lib/python3.11/numpy/distutils/fcompiler/mips.py
copying file /Users/jamie/Documents/Projects/python/py2app-error/.venv/lib/python3.11/site-packages/numpy/distutils/fcompiler/hpux.py -> /Users/jamie/Documents/Projects/python/py2app-error/dist/Timer.app/Contents/Resources/lib/python3.11/numpy/distutils/fcompiler/hpux.py
copying file /Users/jamie/Documents/Projects/python/py2app-error/.venv/lib/python3.11/site-packages/numpy/distutils/fcompiler/environment.py -> /Users/jamie/Documents/Projects/python/py2app-error/dist/Timer.app/Contents/Resources/lib/python3.11/numpy/distutils/fcompiler/environment.py
copying file /Users/jamie/Documents/Projects/python/py2app-error/.venv/lib/python3.11/site-packages/numpy/distutils/fcompiler/pathf95.py -> /Users/jamie/Documents/Projects/python/py2app-error/dist/Timer.app/Contents/Resources/lib/python3.11/numpy/distutils/fcompiler/pathf95.py
copying file /Users/jamie/Documents/Projects/python/py2app-error/.venv/lib/python3.11/site-packages/numpy/distutils/fcompiler/fujitsu.py -> /Users/jamie/Documents/Projects/python/py2app-error/dist/Timer.app/Contents/Resources/lib/python3.11/numpy/distutils/fcompiler/fujitsu.py
copying file /Users/jamie/Documents/Projects/python/py2app-error/.venv/lib/python3.11/site-packages/numpy/distutils/fcompiler/absoft.py -> /Users/jamie/Documents/Projects/python/py2app-error/dist/Timer.app/Contents/Resources/lib/python3.11/numpy/distutils/fcompiler/absoft.py
copying file /Users/jamie/Documents/Projects/python/py2app-error/.venv/lib/python3.11/site-packages/numpy/distutils/fcompiler/vast.py -> /Users/jamie/Documents/Projects/python/py2app-error/dist/Timer.app/Contents/Resources/lib/python3.11/numpy/distutils/fcompiler/vast.py
copying file /Users/jamie/Documents/Projects/python/py2app-error/.venv/lib/python3.11/site-packages/numpy/distutils/extension.py -> /Users/jamie/Documents/Projects/python/py2app-error/dist/Timer.app/Contents/Resources/lib/python3.11/numpy/distutils/extension.py
copying file /Users/jamie/Documents/Projects/python/py2app-error/.venv/lib/python3.11/site-packages/numpy/distutils/msvccompiler.py -> /Users/jamie/Documents/Projects/python/py2app-error/dist/Timer.app/Contents/Resources/lib/python3.11/numpy/distutils/msvccompiler.py
copying file /Users/jamie/Documents/Projects/python/py2app-error/.venv/lib/python3.11/site-packages/numpy/distutils/armccompiler.py -> /Users/jamie/Documents/Projects/python/py2app-error/dist/Timer.app/Contents/Resources/lib/python3.11/numpy/distutils/armccompiler.py
copying file /Users/jamie/Documents/Projects/python/py2app-error/.venv/lib/python3.11/site-packages/numpy/distutils/intelccompiler.py -> /Users/jamie/Documents/Projects/python/py2app-error/dist/Timer.app/Contents/Resources/lib/python3.11/numpy/distutils/intelccompiler.py
creating /Users/jamie/Documents/Projects/python/py2app-error/dist/Timer.app/Contents/Resources/lib/python3.11/numpy/distutils/command
copying file /Users/jamie/Documents/Projects/python/py2app-error/.venv/lib/python3.11/site-packages/numpy/distutils/command/build.py -> /Users/jamie/Documents/Projects/python/py2app-error/dist/Timer.app/Contents/Resources/lib/python3.11/numpy/distutils/command/build.py
copying file /Users/jamie/Documents/Projects/python/py2app-error/.venv/lib/python3.11/site-packages/numpy/distutils/command/config_compiler.py -> /Users/jamie/Documents/Projects/python/py2app-error/dist/Timer.app/Contents/Resources/lib/python3.11/numpy/distutils/command/config_compiler.py
copying file /Users/jamie/Documents/Projects/python/py2app-error/.venv/lib/python3.11/site-packages/numpy/distutils/command/build_ext.py -> /Users/jamie/Documents/Projects/python/py2app-error/dist/Timer.app/Contents/Resources/lib/python3.11/numpy/distutils/command/build_ext.py
copying file /Users/jamie/Documents/Projects/python/py2app-error/.venv/lib/python3.11/site-packages/numpy/distutils/command/config.py -> /Users/jamie/Documents/Projects/python/py2app-error/dist/Timer.app/Contents/Resources/lib/python3.11/numpy/distutils/command/config.py
copying file /Users/jamie/Documents/Projects/python/py2app-error/.venv/lib/python3.11/site-packages/numpy/distutils/command/install_headers.py -> /Users/jamie/Documents/Projects/python/py2app-error/dist/Timer.app/Contents/Resources/lib/python3.11/numpy/distutils/command/install_headers.py
copying file /Users/jamie/Documents/Projects/python/py2app-error/.venv/lib/python3.11/site-packages/numpy/distutils/command/build_py.py -> /Users/jamie/Documents/Projects/python/py2app-error/dist/Timer.app/Contents/Resources/lib/python3.11/numpy/distutils/command/build_py.py
copying file /Users/jamie/Documents/Projects/python/py2app-error/.venv/lib/python3.11/site-packages/numpy/distutils/command/build_src.py -> /Users/jamie/Documents/Projects/python/py2app-error/dist/Timer.app/Contents/Resources/lib/python3.11/numpy/distutils/command/build_src.py
copying file /Users/jamie/Documents/Projects/python/py2app-error/.venv/lib/python3.11/site-packages/numpy/distutils/command/__init__.py -> /Users/jamie/Documents/Projects/python/py2app-error/dist/Timer.app/Contents/Resources/lib/python3.11/numpy/distutils/command/__init__.py
creating /Users/jamie/Documents/Projects/python/py2app-error/dist/Timer.app/Contents/Resources/lib/python3.11/numpy/distutils/command/__pycache__
copying file /Users/jamie/Documents/Projects/python/py2app-error/.venv/lib/python3.11/site-packages/numpy/distutils/command/__pycache__/build_src.cpython-311.pyc -> /Users/jamie/Documents/Projects/python/py2app-error/dist/Timer.app/Contents/Resources/lib/python3.11/numpy/distutils/command/__pycache__/build_src.cpython-311.pyc
copying file /Users/jamie/Documents/Projects/python/py2app-error/.venv/lib/python3.11/site-packages/numpy/distutils/command/__pycache__/install_headers.cpython-311.pyc -> /Users/jamie/Documents/Projects/python/py2app-error/dist/Timer.app/Contents/Resources/lib/python3.11/numpy/distutils/command/__pycache__/install_headers.cpython-311.pyc
copying file /Users/jamie/Documents/Projects/python/py2app-error/.venv/lib/python3.11/site-packages/numpy/distutils/command/__pycache__/develop.cpython-311.pyc -> /Users/jamie/Documents/Projects/python/py2app-error/dist/Timer.app/Contents/Resources/lib/python3.11/numpy/distutils/command/__pycache__/develop.cpython-311.pyc
copying file /Users/jamie/Documents/Projects/python/py2app-error/.venv/lib/python3.11/site-packages/numpy/distutils/command/__pycache__/autodist.cpython-311.pyc -> /Users/jamie/Documents/Projects/python/py2app-error/dist/Timer.app/Contents/Resources/lib/python3.11/numpy/distutils/command/__pycache__/autodist.cpython-311.pyc
copying file /Users/jamie/Documents/Projects/python/py2app-error/.venv/lib/python3.11/site-packages/numpy/distutils/command/__pycache__/build_clib.cpython-311.pyc -> /Users/jamie/Documents/Projects/python/py2app-error/dist/Timer.app/Contents/Resources/lib/python3.11/numpy/distutils/command/__pycache__/build_clib.cpython-311.pyc
copying file /Users/jamie/Documents/Projects/python/py2app-error/.venv/lib/python3.11/site-packages/numpy/distutils/command/__pycache__/install_clib.cpython-311.pyc -> /Users/jamie/Documents/Projects/python/py2app-error/dist/Timer.app/Contents/Resources/lib/python3.11/numpy/distutils/command/__pycache__/install_clib.cpython-311.pyc
copying file /Users/jamie/Documents/Projects/python/py2app-error/.venv/lib/python3.11/site-packages/numpy/distutils/command/__pycache__/config.cpython-311.pyc -> /Users/jamie/Documents/Projects/python/py2app-error/dist/Timer.app/Contents/Resources/lib/python3.11/numpy/distutils/command/__pycache__/config.cpython-311.pyc
copying file /Users/jamie/Documents/Projects/python/py2app-error/.venv/lib/python3.11/site-packages/numpy/distutils/command/__pycache__/install_data.cpython-311.pyc -> /Users/jamie/Documents/Projects/python/py2app-error/dist/Timer.app/Contents/Resources/lib/python3.11/numpy/distutils/command/__pycache__/install_data.cpython-311.pyc
copying file /Users/jamie/Documents/Projects/python/py2app-error/.venv/lib/python3.11/site-packages/numpy/distutils/command/__pycache__/bdist_rpm.cpython-311.pyc -> /Users/jamie/Documents/Projects/python/py2app-error/dist/Timer.app/Contents/Resources/lib/python3.11/numpy/distutils/command/__pycache__/bdist_rpm.cpython-311.pyc
copying file /Users/jamie/Documents/Projects/python/py2app-error/.venv/lib/python3.11/site-packages/numpy/distutils/command/__pycache__/build_ext.cpython-311.pyc -> /Users/jamie/Documents/Projects/python/py2app-error/dist/Timer.app/Contents/Resources/lib/python3.11/numpy/distutils/command/__pycache__/build_ext.cpython-311.pyc
copying file /Users/jamie/Documents/Projects/python/py2app-error/.venv/lib/python3.11/site-packages/numpy/distutils/command/__pycache__/build.cpython-311.pyc -> /Users/jamie/Documents/Projects/python/py2app-error/dist/Timer.app/Contents/Resources/lib/python3.11/numpy/distutils/command/__pycache__/build.cpython-311.pyc
copying file /Users/jamie/Documents/Projects/python/py2app-error/.venv/lib/python3.11/site-packages/numpy/distutils/command/__pycache__/install.cpython-311.pyc -> /Users/jamie/Documents/Projects/python/py2app-error/dist/Timer.app/Contents/Resources/lib/python3.11/numpy/distutils/command/__pycache__/install.cpython-311.pyc
copying file /Users/jamie/Documents/Projects/python/py2app-error/.venv/lib/python3.11/site-packages/numpy/distutils/command/__pycache__/egg_info.cpython-311.pyc -> /Users/jamie/Documents/Projects/python/py2app-error/dist/Timer.app/Contents/Resources/lib/python3.11/numpy/distutils/command/__pycache__/egg_info.cpython-311.pyc
copying file /Users/jamie/Documents/Projects/python/py2app-error/.venv/lib/python3.11/site-packages/numpy/distutils/command/__pycache__/build_py.cpython-311.pyc -> /Users/jamie/Documents/Projects/python/py2app-error/dist/Timer.app/Contents/Resources/lib/python3.11/numpy/distutils/command/__pycache__/build_py.cpython-311.pyc
copying file /Users/jamie/Documents/Projects/python/py2app-error/.venv/lib/python3.11/site-packages/numpy/distutils/command/__pycache__/config_compiler.cpython-311.pyc -> /Users/jamie/Documents/Projects/python/py2app-error/dist/Timer.app/Contents/Resources/lib/python3.11/numpy/distutils/command/__pycache__/config_compiler.cpython-311.pyc
copying file /Users/jamie/Documents/Projects/python/py2app-error/.venv/lib/python3.11/site-packages/numpy/distutils/command/__pycache__/__init__.cpython-311.pyc -> /Users/jamie/Documents/Projects/python/py2app-error/dist/Timer.app/Contents/Resources/lib/python3.11/numpy/distutils/command/__pycache__/__init__.cpython-311.pyc
copying file /Users/jamie/Documents/Projects/python/py2app-error/.venv/lib/python3.11/site-packages/numpy/distutils/command/__pycache__/build_scripts.cpython-311.pyc -> /Users/jamie/Documents/Projects/python/py2app-error/dist/Timer.app/Contents/Resources/lib/python3.11/numpy/distutils/command/__pycache__/build_scripts.cpython-311.pyc
copying file /Users/jamie/Documents/Projects/python/py2app-error/.venv/lib/python3.11/site-packages/numpy/distutils/command/__pycache__/sdist.cpython-311.pyc -> /Users/jamie/Documents/Projects/python/py2app-error/dist/Timer.app/Contents/Resources/lib/python3.11/numpy/distutils/command/__pycache__/sdist.cpython-311.pyc
copying file /Users/jamie/Documents/Projects/python/py2app-error/.venv/lib/python3.11/site-packages/numpy/distutils/command/sdist.py -> /Users/jamie/Documents/Projects/python/py2app-error/dist/Timer.app/Contents/Resources/lib/python3.11/numpy/distutils/command/sdist.py
copying file /Users/jamie/Documents/Projects/python/py2app-error/.venv/lib/python3.11/site-packages/numpy/distutils/command/build_scripts.py -> /Users/jamie/Documents/Projects/python/py2app-error/dist/Timer.app/Contents/Resources/lib/python3.11/numpy/distutils/command/build_scripts.py
copying file /Users/jamie/Documents/Projects/python/py2app-error/.venv/lib/python3.11/site-packages/numpy/distutils/command/bdist_rpm.py -> /Users/jamie/Documents/Projects/python/py2app-error/dist/Timer.app/Contents/Resources/lib/python3.11/numpy/distutils/command/bdist_rpm.py
copying file /Users/jamie/Documents/Projects/python/py2app-error/.venv/lib/python3.11/site-packages/numpy/distutils/command/install_clib.py -> /Users/jamie/Documents/Projects/python/py2app-error/dist/Timer.app/Contents/Resources/lib/python3.11/numpy/distutils/command/install_clib.py
copying file /Users/jamie/Documents/Projects/python/py2app-error/.venv/lib/python3.11/site-packages/numpy/distutils/command/build_clib.py -> /Users/jamie/Documents/Projects/python/py2app-error/dist/Timer.app/Contents/Resources/lib/python3.11/numpy/distutils/command/build_clib.py
copying file /Users/jamie/Documents/Projects/python/py2app-error/.venv/lib/python3.11/site-packages/numpy/distutils/command/autodist.py -> /Users/jamie/Documents/Projects/python/py2app-error/dist/Timer.app/Contents/Resources/lib/python3.11/numpy/distutils/command/autodist.py
copying file /Users/jamie/Documents/Projects/python/py2app-error/.venv/lib/python3.11/site-packages/numpy/distutils/command/egg_info.py -> /Users/jamie/Documents/Projects/python/py2app-error/dist/Timer.app/Contents/Resources/lib/python3.11/numpy/distutils/command/egg_info.py
copying file /Users/jamie/Documents/Projects/python/py2app-error/.venv/lib/python3.11/site-packages/numpy/distutils/command/install.py -> /Users/jamie/Documents/Projects/python/py2app-error/dist/Timer.app/Contents/Resources/lib/python3.11/numpy/distutils/command/install.py
copying file /Users/jamie/Documents/Projects/python/py2app-error/.venv/lib/python3.11/site-packages/numpy/distutils/command/develop.py -> /Users/jamie/Documents/Projects/python/py2app-error/dist/Timer.app/Contents/Resources/lib/python3.11/numpy/distutils/command/develop.py
copying file /Users/jamie/Documents/Projects/python/py2app-error/.venv/lib/python3.11/site-packages/numpy/distutils/command/install_data.py -> /Users/jamie/Documents/Projects/python/py2app-error/dist/Timer.app/Contents/Resources/lib/python3.11/numpy/distutils/command/install_data.py
copying file /Users/jamie/Documents/Projects/python/py2app-error/.venv/lib/python3.11/site-packages/numpy/distutils/_shell_utils.py -> /Users/jamie/Documents/Projects/python/py2app-error/dist/Timer.app/Contents/Resources/lib/python3.11/numpy/distutils/_shell_utils.py
copying file /Users/jamie/Documents/Projects/python/py2app-error/.venv/lib/python3.11/site-packages/numpy/distutils/ccompiler_opt.py -> /Users/jamie/Documents/Projects/python/py2app-error/dist/Timer.app/Contents/Resources/lib/python3.11/numpy/distutils/ccompiler_opt.py
creating /Users/jamie/Documents/Projects/python/py2app-error/dist/Timer.app/Contents/Resources/lib/python3.11/numpy/_utils
copying file /Users/jamie/Documents/Projects/python/py2app-error/.venv/lib/python3.11/site-packages/numpy/_utils/_pep440.py -> /Users/jamie/Documents/Projects/python/py2app-error/dist/Timer.app/Contents/Resources/lib/python3.11/numpy/_utils/_pep440.py
copying file /Users/jamie/Documents/Projects/python/py2app-error/.venv/lib/python3.11/site-packages/numpy/_utils/__init__.py -> /Users/jamie/Documents/Projects/python/py2app-error/dist/Timer.app/Contents/Resources/lib/python3.11/numpy/_utils/__init__.py
creating /Users/jamie/Documents/Projects/python/py2app-error/dist/Timer.app/Contents/Resources/lib/python3.11/numpy/_utils/__pycache__
copying file /Users/jamie/Documents/Projects/python/py2app-error/.venv/lib/python3.11/site-packages/numpy/_utils/__pycache__/_pep440.cpython-311.pyc -> /Users/jamie/Documents/Projects/python/py2app-error/dist/Timer.app/Contents/Resources/lib/python3.11/numpy/_utils/__pycache__/_pep440.cpython-311.pyc
copying file /Users/jamie/Documents/Projects/python/py2app-error/.venv/lib/python3.11/site-packages/numpy/_utils/__pycache__/_inspect.cpython-311.pyc -> /Users/jamie/Documents/Projects/python/py2app-error/dist/Timer.app/Contents/Resources/lib/python3.11/numpy/_utils/__pycache__/_inspect.cpython-311.pyc
copying file /Users/jamie/Documents/Projects/python/py2app-error/.venv/lib/python3.11/site-packages/numpy/_utils/__pycache__/_convertions.cpython-311.pyc -> /Users/jamie/Documents/Projects/python/py2app-error/dist/Timer.app/Contents/Resources/lib/python3.11/numpy/_utils/__pycache__/_convertions.cpython-311.pyc
copying file /Users/jamie/Documents/Projects/python/py2app-error/.venv/lib/python3.11/site-packages/numpy/_utils/__pycache__/__init__.cpython-311.pyc -> /Users/jamie/Documents/Projects/python/py2app-error/dist/Timer.app/Contents/Resources/lib/python3.11/numpy/_utils/__pycache__/__init__.cpython-311.pyc
copying file /Users/jamie/Documents/Projects/python/py2app-error/.venv/lib/python3.11/site-packages/numpy/_utils/_convertions.py -> /Users/jamie/Documents/Projects/python/py2app-error/dist/Timer.app/Contents/Resources/lib/python3.11/numpy/_utils/_convertions.py
copying file /Users/jamie/Documents/Projects/python/py2app-error/.venv/lib/python3.11/site-packages/numpy/_utils/_inspect.py -> /Users/jamie/Documents/Projects/python/py2app-error/dist/Timer.app/Contents/Resources/lib/python3.11/numpy/_utils/_inspect.py
copying file /Users/jamie/Documents/Projects/python/py2app-error/.venv/lib/python3.11/site-packages/numpy/_pytesttester.pyi -> /Users/jamie/Documents/Projects/python/py2app-error/dist/Timer.app/Contents/Resources/lib/python3.11/numpy/_pytesttester.pyi
copying file /Users/jamie/Documents/Projects/python/py2app-error/.venv/lib/python3.11/site-packages/numpy/ctypeslib.pyi -> /Users/jamie/Documents/Projects/python/py2app-error/dist/Timer.app/Contents/Resources/lib/python3.11/numpy/ctypeslib.pyi
copying file /Users/jamie/Documents/Projects/python/py2app-error/.venv/lib/python3.11/site-packages/numpy/conftest.py -> /Users/jamie/Documents/Projects/python/py2app-error/dist/Timer.app/Contents/Resources/lib/python3.11/numpy/conftest.py
creating /Users/jamie/Documents/Projects/python/py2app-error/dist/Timer.app/Contents/Resources/lib/python3.11/numpy/strings
copying file /Users/jamie/Documents/Projects/python/py2app-error/.venv/lib/python3.11/site-packages/numpy/strings/__init__.pyi -> /Users/jamie/Documents/Projects/python/py2app-error/dist/Timer.app/Contents/Resources/lib/python3.11/numpy/strings/__init__.pyi
copying file /Users/jamie/Documents/Projects/python/py2app-error/.venv/lib/python3.11/site-packages/numpy/strings/__init__.py -> /Users/jamie/Documents/Projects/python/py2app-error/dist/Timer.app/Contents/Resources/lib/python3.11/numpy/strings/__init__.py
creating /Users/jamie/Documents/Projects/python/py2app-error/dist/Timer.app/Contents/Resources/lib/python3.11/numpy/strings/__pycache__
copying file /Users/jamie/Documents/Projects/python/py2app-error/.venv/lib/python3.11/site-packages/numpy/strings/__pycache__/__init__.cpython-311.pyc -> /Users/jamie/Documents/Projects/python/py2app-error/dist/Timer.app/Contents/Resources/lib/python3.11/numpy/strings/__pycache__/__init__.cpython-311.pyc
creating /Users/jamie/Documents/Projects/python/py2app-error/dist/Timer.app/Contents/Resources/lib/python3.11/numpy/compat
copying file /Users/jamie/Documents/Projects/python/py2app-error/.venv/lib/python3.11/site-packages/numpy/compat/py3k.py -> /Users/jamie/Documents/Projects/python/py2app-error/dist/Timer.app/Contents/Resources/lib/python3.11/numpy/compat/py3k.py
creating /Users/jamie/Documents/Projects/python/py2app-error/dist/Timer.app/Contents/Resources/lib/python3.11/numpy/compat/tests
copying file /Users/jamie/Documents/Projects/python/py2app-error/.venv/lib/python3.11/site-packages/numpy/compat/tests/__init__.py -> /Users/jamie/Documents/Projects/python/py2app-error/dist/Timer.app/Contents/Resources/lib/python3.11/numpy/compat/tests/__init__.py
creating /Users/jamie/Documents/Projects/python/py2app-error/dist/Timer.app/Contents/Resources/lib/python3.11/numpy/compat/tests/__pycache__
copying file /Users/jamie/Documents/Projects/python/py2app-error/.venv/lib/python3.11/site-packages/numpy/compat/tests/__pycache__/__init__.cpython-311.pyc -> /Users/jamie/Documents/Projects/python/py2app-error/dist/Timer.app/Contents/Resources/lib/python3.11/numpy/compat/tests/__pycache__/__init__.cpython-311.pyc
copying file /Users/jamie/Documents/Projects/python/py2app-error/.venv/lib/python3.11/site-packages/numpy/compat/__init__.py -> /Users/jamie/Documents/Projects/python/py2app-error/dist/Timer.app/Contents/Resources/lib/python3.11/numpy/compat/__init__.py
creating /Users/jamie/Documents/Projects/python/py2app-error/dist/Timer.app/Contents/Resources/lib/python3.11/numpy/compat/__pycache__
copying file /Users/jamie/Documents/Projects/python/py2app-error/.venv/lib/python3.11/site-packages/numpy/compat/__pycache__/py3k.cpython-311.pyc -> /Users/jamie/Documents/Projects/python/py2app-error/dist/Timer.app/Contents/Resources/lib/python3.11/numpy/compat/__pycache__/py3k.cpython-311.pyc
copying file /Users/jamie/Documents/Projects/python/py2app-error/.venv/lib/python3.11/site-packages/numpy/compat/__pycache__/__init__.cpython-311.pyc -> /Users/jamie/Documents/Projects/python/py2app-error/dist/Timer.app/Contents/Resources/lib/python3.11/numpy/compat/__pycache__/__init__.cpython-311.pyc
copying file /Users/jamie/Documents/Projects/python/py2app-error/.venv/lib/python3.11/site-packages/numpy/version.pyi -> /Users/jamie/Documents/Projects/python/py2app-error/dist/Timer.app/Contents/Resources/lib/python3.11/numpy/version.pyi
copying file /Users/jamie/Documents/Projects/python/py2app-error/.venv/lib/python3.11/site-packages/numpy/dtypes.pyi -> /Users/jamie/Documents/Projects/python/py2app-error/dist/Timer.app/Contents/Resources/lib/python3.11/numpy/dtypes.pyi
creating /Users/jamie/Documents/Projects/python/py2app-error/dist/Timer.app/Contents/Resources/lib/python3.11/numpy/char
copying file /Users/jamie/Documents/Projects/python/py2app-error/.venv/lib/python3.11/site-packages/numpy/char/__init__.pyi -> /Users/jamie/Documents/Projects/python/py2app-error/dist/Timer.app/Contents/Resources/lib/python3.11/numpy/char/__init__.pyi
copying file /Users/jamie/Documents/Projects/python/py2app-error/.venv/lib/python3.11/site-packages/numpy/char/__init__.py -> /Users/jamie/Documents/Projects/python/py2app-error/dist/Timer.app/Contents/Resources/lib/python3.11/numpy/char/__init__.py
creating /Users/jamie/Documents/Projects/python/py2app-error/dist/Timer.app/Contents/Resources/lib/python3.11/numpy/char/__pycache__
copying file /Users/jamie/Documents/Projects/python/py2app-error/.venv/lib/python3.11/site-packages/numpy/char/__pycache__/__init__.cpython-311.pyc -> /Users/jamie/Documents/Projects/python/py2app-error/dist/Timer.app/Contents/Resources/lib/python3.11/numpy/char/__pycache__/__init__.cpython-311.pyc
creating /Users/jamie/Documents/Projects/python/py2app-error/dist/Timer.app/Contents/Resources/lib/python3.11/numpy/core
copying file /Users/jamie/Documents/Projects/python/py2app-error/.venv/lib/python3.11/site-packages/numpy/core/umath.py -> /Users/jamie/Documents/Projects/python/py2app-error/dist/Timer.app/Contents/Resources/lib/python3.11/numpy/core/umath.py
copying file /Users/jamie/Documents/Projects/python/py2app-error/.venv/lib/python3.11/site-packages/numpy/core/fromnumeric.py -> /Users/jamie/Documents/Projects/python/py2app-error/dist/Timer.app/Contents/Resources/lib/python3.11/numpy/core/fromnumeric.py
copying file /Users/jamie/Documents/Projects/python/py2app-error/.venv/lib/python3.11/site-packages/numpy/core/_dtype.py -> /Users/jamie/Documents/Projects/python/py2app-error/dist/Timer.app/Contents/Resources/lib/python3.11/numpy/core/_dtype.py
copying file /Users/jamie/Documents/Projects/python/py2app-error/.venv/lib/python3.11/site-packages/numpy/core/_internal.py -> /Users/jamie/Documents/Projects/python/py2app-error/dist/Timer.app/Contents/Resources/lib/python3.11/numpy/core/_internal.py
copying file /Users/jamie/Documents/Projects/python/py2app-error/.venv/lib/python3.11/site-packages/numpy/core/__init__.pyi -> /Users/jamie/Documents/Projects/python/py2app-error/dist/Timer.app/Contents/Resources/lib/python3.11/numpy/core/__init__.pyi
copying file /Users/jamie/Documents/Projects/python/py2app-error/.venv/lib/python3.11/site-packages/numpy/core/multiarray.py -> /Users/jamie/Documents/Projects/python/py2app-error/dist/Timer.app/Contents/Resources/lib/python3.11/numpy/core/multiarray.py
copying file /Users/jamie/Documents/Projects/python/py2app-error/.venv/lib/python3.11/site-packages/numpy/core/records.py -> /Users/jamie/Documents/Projects/python/py2app-error/dist/Timer.app/Contents/Resources/lib/python3.11/numpy/core/records.py
copying file /Users/jamie/Documents/Projects/python/py2app-error/.venv/lib/python3.11/site-packages/numpy/core/__init__.py -> /Users/jamie/Documents/Projects/python/py2app-error/dist/Timer.app/Contents/Resources/lib/python3.11/numpy/core/__init__.py
copying file /Users/jamie/Documents/Projects/python/py2app-error/.venv/lib/python3.11/site-packages/numpy/core/overrides.py -> /Users/jamie/Documents/Projects/python/py2app-error/dist/Timer.app/Contents/Resources/lib/python3.11/numpy/core/overrides.py
copying file /Users/jamie/Documents/Projects/python/py2app-error/.venv/lib/python3.11/site-packages/numpy/core/getlimits.py -> /Users/jamie/Documents/Projects/python/py2app-error/dist/Timer.app/Contents/Resources/lib/python3.11/numpy/core/getlimits.py
copying file /Users/jamie/Documents/Projects/python/py2app-error/.venv/lib/python3.11/site-packages/numpy/core/_dtype_ctypes.py -> /Users/jamie/Documents/Projects/python/py2app-error/dist/Timer.app/Contents/Resources/lib/python3.11/numpy/core/_dtype_ctypes.py
copying file /Users/jamie/Documents/Projects/python/py2app-error/.venv/lib/python3.11/site-packages/numpy/core/defchararray.py -> /Users/jamie/Documents/Projects/python/py2app-error/dist/Timer.app/Contents/Resources/lib/python3.11/numpy/core/defchararray.py
creating /Users/jamie/Documents/Projects/python/py2app-error/dist/Timer.app/Contents/Resources/lib/python3.11/numpy/core/__pycache__
copying file /Users/jamie/Documents/Projects/python/py2app-error/.venv/lib/python3.11/site-packages/numpy/core/__pycache__/overrides.cpython-311.pyc -> /Users/jamie/Documents/Projects/python/py2app-error/dist/Timer.app/Contents/Resources/lib/python3.11/numpy/core/__pycache__/overrides.cpython-311.pyc
copying file /Users/jamie/Documents/Projects/python/py2app-error/.venv/lib/python3.11/site-packages/numpy/core/__pycache__/umath.cpython-311.pyc -> /Users/jamie/Documents/Projects/python/py2app-error/dist/Timer.app/Contents/Resources/lib/python3.11/numpy/core/__pycache__/umath.cpython-311.pyc
copying file /Users/jamie/Documents/Projects/python/py2app-error/.venv/lib/python3.11/site-packages/numpy/core/__pycache__/einsumfunc.cpython-311.pyc -> /Users/jamie/Documents/Projects/python/py2app-error/dist/Timer.app/Contents/Resources/lib/python3.11/numpy/core/__pycache__/einsumfunc.cpython-311.pyc
copying file /Users/jamie/Documents/Projects/python/py2app-error/.venv/lib/python3.11/site-packages/numpy/core/__pycache__/numerictypes.cpython-311.pyc -> /Users/jamie/Documents/Projects/python/py2app-error/dist/Timer.app/Contents/Resources/lib/python3.11/numpy/core/__pycache__/numerictypes.cpython-311.pyc
copying file /Users/jamie/Documents/Projects/python/py2app-error/.venv/lib/python3.11/site-packages/numpy/core/__pycache__/_internal.cpython-311.pyc -> /Users/jamie/Documents/Projects/python/py2app-error/dist/Timer.app/Contents/Resources/lib/python3.11/numpy/core/__pycache__/_internal.cpython-311.pyc
copying file /Users/jamie/Documents/Projects/python/py2app-error/.venv/lib/python3.11/site-packages/numpy/core/__pycache__/function_base.cpython-311.pyc -> /Users/jamie/Documents/Projects/python/py2app-error/dist/Timer.app/Contents/Resources/lib/python3.11/numpy/core/__pycache__/function_base.cpython-311.pyc
copying file /Users/jamie/Documents/Projects/python/py2app-error/.venv/lib/python3.11/site-packages/numpy/core/__pycache__/_dtype.cpython-311.pyc -> /Users/jamie/Documents/Projects/python/py2app-error/dist/Timer.app/Contents/Resources/lib/python3.11/numpy/core/__pycache__/_dtype.cpython-311.pyc
copying file /Users/jamie/Documents/Projects/python/py2app-error/.venv/lib/python3.11/site-packages/numpy/core/__pycache__/defchararray.cpython-311.pyc -> /Users/jamie/Documents/Projects/python/py2app-error/dist/Timer.app/Contents/Resources/lib/python3.11/numpy/core/__pycache__/defchararray.cpython-311.pyc
copying file /Users/jamie/Documents/Projects/python/py2app-error/.venv/lib/python3.11/site-packages/numpy/core/__pycache__/getlimits.cpython-311.pyc -> /Users/jamie/Documents/Projects/python/py2app-error/dist/Timer.app/Contents/Resources/lib/python3.11/numpy/core/__pycache__/getlimits.cpython-311.pyc
copying file /Users/jamie/Documents/Projects/python/py2app-error/.venv/lib/python3.11/site-packages/numpy/core/__pycache__/_utils.cpython-311.pyc -> /Users/jamie/Documents/Projects/python/py2app-error/dist/Timer.app/Contents/Resources/lib/python3.11/numpy/core/__pycache__/_utils.cpython-311.pyc
copying file /Users/jamie/Documents/Projects/python/py2app-error/.venv/lib/python3.11/site-packages/numpy/core/__pycache__/shape_base.cpython-311.pyc -> /Users/jamie/Documents/Projects/python/py2app-error/dist/Timer.app/Contents/Resources/lib/python3.11/numpy/core/__pycache__/shape_base.cpython-311.pyc
copying file /Users/jamie/Documents/Projects/python/py2app-error/.venv/lib/python3.11/site-packages/numpy/core/__pycache__/fromnumeric.cpython-311.pyc -> /Users/jamie/Documents/Projects/python/py2app-error/dist/Timer.app/Contents/Resources/lib/python3.11/numpy/core/__pycache__/fromnumeric.cpython-311.pyc
copying file /Users/jamie/Documents/Projects/python/py2app-error/.venv/lib/python3.11/site-packages/numpy/core/__pycache__/_dtype_ctypes.cpython-311.pyc -> /Users/jamie/Documents/Projects/python/py2app-error/dist/Timer.app/Contents/Resources/lib/python3.11/numpy/core/__pycache__/_dtype_ctypes.cpython-311.pyc
copying file /Users/jamie/Documents/Projects/python/py2app-error/.venv/lib/python3.11/site-packages/numpy/core/__pycache__/_multiarray_umath.cpython-311.pyc -> /Users/jamie/Documents/Projects/python/py2app-error/dist/Timer.app/Contents/Resources/lib/python3.11/numpy/core/__pycache__/_multiarray_umath.cpython-311.pyc
copying file /Users/jamie/Documents/Projects/python/py2app-error/.venv/lib/python3.11/site-packages/numpy/core/__pycache__/arrayprint.cpython-311.pyc -> /Users/jamie/Documents/Projects/python/py2app-error/dist/Timer.app/Contents/Resources/lib/python3.11/numpy/core/__pycache__/arrayprint.cpython-311.pyc
copying file /Users/jamie/Documents/Projects/python/py2app-error/.venv/lib/python3.11/site-packages/numpy/core/__pycache__/multiarray.cpython-311.pyc -> /Users/jamie/Documents/Projects/python/py2app-error/dist/Timer.app/Contents/Resources/lib/python3.11/numpy/core/__pycache__/multiarray.cpython-311.pyc
copying file /Users/jamie/Documents/Projects/python/py2app-error/.venv/lib/python3.11/site-packages/numpy/core/__pycache__/numeric.cpython-311.pyc -> /Users/jamie/Documents/Projects/python/py2app-error/dist/Timer.app/Contents/Resources/lib/python3.11/numpy/core/__pycache__/numeric.cpython-311.pyc
copying file /Users/jamie/Documents/Projects/python/py2app-error/.venv/lib/python3.11/site-packages/numpy/core/__pycache__/__init__.cpython-311.pyc -> /Users/jamie/Documents/Projects/python/py2app-error/dist/Timer.app/Contents/Resources/lib/python3.11/numpy/core/__pycache__/__init__.cpython-311.pyc
copying file /Users/jamie/Documents/Projects/python/py2app-error/.venv/lib/python3.11/site-packages/numpy/core/__pycache__/records.cpython-311.pyc -> /Users/jamie/Documents/Projects/python/py2app-error/dist/Timer.app/Contents/Resources/lib/python3.11/numpy/core/__pycache__/records.cpython-311.pyc
copying file /Users/jamie/Documents/Projects/python/py2app-error/.venv/lib/python3.11/site-packages/numpy/core/shape_base.py -> /Users/jamie/Documents/Projects/python/py2app-error/dist/Timer.app/Contents/Resources/lib/python3.11/numpy/core/shape_base.py
copying file /Users/jamie/Documents/Projects/python/py2app-error/.venv/lib/python3.11/site-packages/numpy/core/numeric.py -> /Users/jamie/Documents/Projects/python/py2app-error/dist/Timer.app/Contents/Resources/lib/python3.11/numpy/core/numeric.py
copying file /Users/jamie/Documents/Projects/python/py2app-error/.venv/lib/python3.11/site-packages/numpy/core/function_base.py -> /Users/jamie/Documents/Projects/python/py2app-error/dist/Timer.app/Contents/Resources/lib/python3.11/numpy/core/function_base.py
copying file /Users/jamie/Documents/Projects/python/py2app-error/.venv/lib/python3.11/site-packages/numpy/core/einsumfunc.py -> /Users/jamie/Documents/Projects/python/py2app-error/dist/Timer.app/Contents/Resources/lib/python3.11/numpy/core/einsumfunc.py
copying file /Users/jamie/Documents/Projects/python/py2app-error/.venv/lib/python3.11/site-packages/numpy/core/numerictypes.py -> /Users/jamie/Documents/Projects/python/py2app-error/dist/Timer.app/Contents/Resources/lib/python3.11/numpy/core/numerictypes.py
copying file /Users/jamie/Documents/Projects/python/py2app-error/.venv/lib/python3.11/site-packages/numpy/core/_utils.py -> /Users/jamie/Documents/Projects/python/py2app-error/dist/Timer.app/Contents/Resources/lib/python3.11/numpy/core/_utils.py
copying file /Users/jamie/Documents/Projects/python/py2app-error/.venv/lib/python3.11/site-packages/numpy/core/arrayprint.py -> /Users/jamie/Documents/Projects/python/py2app-error/dist/Timer.app/Contents/Resources/lib/python3.11/numpy/core/arrayprint.py
copying file /Users/jamie/Documents/Projects/python/py2app-error/.venv/lib/python3.11/site-packages/numpy/core/_multiarray_umath.py -> /Users/jamie/Documents/Projects/python/py2app-error/dist/Timer.app/Contents/Resources/lib/python3.11/numpy/core/_multiarray_umath.py
copying file /Users/jamie/Documents/Projects/python/py2app-error/.venv/lib/python3.11/site-packages/numpy/version.py -> /Users/jamie/Documents/Projects/python/py2app-error/dist/Timer.app/Contents/Resources/lib/python3.11/numpy/version.py
creating /Users/jamie/Documents/Projects/python/py2app-error/dist/Timer.app/Contents/Resources/lib/python3.11/numpy/linalg
copying file /Users/jamie/Documents/Projects/python/py2app-error/.venv/lib/python3.11/site-packages/numpy/linalg/__init__.pyi -> /Users/jamie/Documents/Projects/python/py2app-error/dist/Timer.app/Contents/Resources/lib/python3.11/numpy/linalg/__init__.pyi
copying file /Users/jamie/Documents/Projects/python/py2app-error/.venv/lib/python3.11/site-packages/numpy/linalg/lapack_lite.cpython-311-darwin.so -> /Users/jamie/Documents/Projects/python/py2app-error/dist/Timer.app/Contents/Resources/lib/python3.11/numpy/linalg/lapack_lite.cpython-311-darwin.so
creating /Users/jamie/Documents/Projects/python/py2app-error/dist/Timer.app/Contents/Resources/lib/python3.11/numpy/linalg/tests
copying file /Users/jamie/Documents/Projects/python/py2app-error/.venv/lib/python3.11/site-packages/numpy/linalg/tests/test_linalg.py -> /Users/jamie/Documents/Projects/python/py2app-error/dist/Timer.app/Contents/Resources/lib/python3.11/numpy/linalg/tests/test_linalg.py
copying file /Users/jamie/Documents/Projects/python/py2app-error/.venv/lib/python3.11/site-packages/numpy/linalg/tests/test_deprecations.py -> /Users/jamie/Documents/Projects/python/py2app-error/dist/Timer.app/Contents/Resources/lib/python3.11/numpy/linalg/tests/test_deprecations.py
copying file /Users/jamie/Documents/Projects/python/py2app-error/.venv/lib/python3.11/site-packages/numpy/linalg/tests/__init__.py -> /Users/jamie/Documents/Projects/python/py2app-error/dist/Timer.app/Contents/Resources/lib/python3.11/numpy/linalg/tests/__init__.py
creating /Users/jamie/Documents/Projects/python/py2app-error/dist/Timer.app/Contents/Resources/lib/python3.11/numpy/linalg/tests/__pycache__
copying file /Users/jamie/Documents/Projects/python/py2app-error/.venv/lib/python3.11/site-packages/numpy/linalg/tests/__pycache__/test_regression.cpython-311.pyc -> /Users/jamie/Documents/Projects/python/py2app-error/dist/Timer.app/Contents/Resources/lib/python3.11/numpy/linalg/tests/__pycache__/test_regression.cpython-311.pyc
copying file /Users/jamie/Documents/Projects/python/py2app-error/.venv/lib/python3.11/site-packages/numpy/linalg/tests/__pycache__/test_deprecations.cpython-311.pyc -> /Users/jamie/Documents/Projects/python/py2app-error/dist/Timer.app/Contents/Resources/lib/python3.11/numpy/linalg/tests/__pycache__/test_deprecations.cpython-311.pyc
copying file /Users/jamie/Documents/Projects/python/py2app-error/.venv/lib/python3.11/site-packages/numpy/linalg/tests/__pycache__/test_linalg.cpython-311.pyc -> /Users/jamie/Documents/Projects/python/py2app-error/dist/Timer.app/Contents/Resources/lib/python3.11/numpy/linalg/tests/__pycache__/test_linalg.cpython-311.pyc
copying file /Users/jamie/Documents/Projects/python/py2app-error/.venv/lib/python3.11/site-packages/numpy/linalg/tests/__pycache__/__init__.cpython-311.pyc -> /Users/jamie/Documents/Projects/python/py2app-error/dist/Timer.app/Contents/Resources/lib/python3.11/numpy/linalg/tests/__pycache__/__init__.cpython-311.pyc
copying file /Users/jamie/Documents/Projects/python/py2app-error/.venv/lib/python3.11/site-packages/numpy/linalg/tests/test_regression.py -> /Users/jamie/Documents/Projects/python/py2app-error/dist/Timer.app/Contents/Resources/lib/python3.11/numpy/linalg/tests/test_regression.py
copying file /Users/jamie/Documents/Projects/python/py2app-error/.venv/lib/python3.11/site-packages/numpy/linalg/__init__.py -> /Users/jamie/Documents/Projects/python/py2app-error/dist/Timer.app/Contents/Resources/lib/python3.11/numpy/linalg/__init__.py
copying file /Users/jamie/Documents/Projects/python/py2app-error/.venv/lib/python3.11/site-packages/numpy/linalg/_umath_linalg.cpython-311-darwin.so -> /Users/jamie/Documents/Projects/python/py2app-error/dist/Timer.app/Contents/Resources/lib/python3.11/numpy/linalg/_umath_linalg.cpython-311-darwin.so
copying file /Users/jamie/Documents/Projects/python/py2app-error/.venv/lib/python3.11/site-packages/numpy/linalg/_linalg.pyi -> /Users/jamie/Documents/Projects/python/py2app-error/dist/Timer.app/Contents/Resources/lib/python3.11/numpy/linalg/_linalg.pyi
copying file /Users/jamie/Documents/Projects/python/py2app-error/.venv/lib/python3.11/site-packages/numpy/linalg/_linalg.py -> /Users/jamie/Documents/Projects/python/py2app-error/dist/Timer.app/Contents/Resources/lib/python3.11/numpy/linalg/_linalg.py
creating /Users/jamie/Documents/Projects/python/py2app-error/dist/Timer.app/Contents/Resources/lib/python3.11/numpy/linalg/__pycache__
copying file /Users/jamie/Documents/Projects/python/py2app-error/.venv/lib/python3.11/site-packages/numpy/linalg/__pycache__/_linalg.cpython-311.pyc -> /Users/jamie/Documents/Projects/python/py2app-error/dist/Timer.app/Contents/Resources/lib/python3.11/numpy/linalg/__pycache__/_linalg.cpython-311.pyc
copying file /Users/jamie/Documents/Projects/python/py2app-error/.venv/lib/python3.11/site-packages/numpy/linalg/__pycache__/linalg.cpython-311.pyc -> /Users/jamie/Documents/Projects/python/py2app-error/dist/Timer.app/Contents/Resources/lib/python3.11/numpy/linalg/__pycache__/linalg.cpython-311.pyc
copying file /Users/jamie/Documents/Projects/python/py2app-error/.venv/lib/python3.11/site-packages/numpy/linalg/__pycache__/__init__.cpython-311.pyc -> /Users/jamie/Documents/Projects/python/py2app-error/dist/Timer.app/Contents/Resources/lib/python3.11/numpy/linalg/__pycache__/__init__.cpython-311.pyc
copying file /Users/jamie/Documents/Projects/python/py2app-error/.venv/lib/python3.11/site-packages/numpy/linalg/linalg.py -> /Users/jamie/Documents/Projects/python/py2app-error/dist/Timer.app/Contents/Resources/lib/python3.11/numpy/linalg/linalg.py
creating /Users/jamie/Documents/Projects/python/py2app-error/dist/Timer.app/Contents/Resources/lib/python3.11/numpy/ma
copying file /Users/jamie/Documents/Projects/python/py2app-error/.venv/lib/python3.11/site-packages/numpy/ma/extras.py -> /Users/jamie/Documents/Projects/python/py2app-error/dist/Timer.app/Contents/Resources/lib/python3.11/numpy/ma/extras.py
copying file /Users/jamie/Documents/Projects/python/py2app-error/.venv/lib/python3.11/site-packages/numpy/ma/LICENSE -> /Users/jamie/Documents/Projects/python/py2app-error/dist/Timer.app/Contents/Resources/lib/python3.11/numpy/ma/LICENSE
copying file /Users/jamie/Documents/Projects/python/py2app-error/.venv/lib/python3.11/site-packages/numpy/ma/__init__.pyi -> /Users/jamie/Documents/Projects/python/py2app-error/dist/Timer.app/Contents/Resources/lib/python3.11/numpy/ma/__init__.pyi
copying file /Users/jamie/Documents/Projects/python/py2app-error/.venv/lib/python3.11/site-packages/numpy/ma/testutils.py -> /Users/jamie/Documents/Projects/python/py2app-error/dist/Timer.app/Contents/Resources/lib/python3.11/numpy/ma/testutils.py
copying file /Users/jamie/Documents/Projects/python/py2app-error/.venv/lib/python3.11/site-packages/numpy/ma/core.pyi -> /Users/jamie/Documents/Projects/python/py2app-error/dist/Timer.app/Contents/Resources/lib/python3.11/numpy/ma/core.pyi
copying file /Users/jamie/Documents/Projects/python/py2app-error/.venv/lib/python3.11/site-packages/numpy/ma/mrecords.pyi -> /Users/jamie/Documents/Projects/python/py2app-error/dist/Timer.app/Contents/Resources/lib/python3.11/numpy/ma/mrecords.pyi
creating /Users/jamie/Documents/Projects/python/py2app-error/dist/Timer.app/Contents/Resources/lib/python3.11/numpy/ma/tests
copying file /Users/jamie/Documents/Projects/python/py2app-error/.venv/lib/python3.11/site-packages/numpy/ma/tests/test_old_ma.py -> /Users/jamie/Documents/Projects/python/py2app-error/dist/Timer.app/Contents/Resources/lib/python3.11/numpy/ma/tests/test_old_ma.py
copying file /Users/jamie/Documents/Projects/python/py2app-error/.venv/lib/python3.11/site-packages/numpy/ma/tests/test_core.py -> /Users/jamie/Documents/Projects/python/py2app-error/dist/Timer.app/Contents/Resources/lib/python3.11/numpy/ma/tests/test_core.py
copying file /Users/jamie/Documents/Projects/python/py2app-error/.venv/lib/python3.11/site-packages/numpy/ma/tests/test_deprecations.py -> /Users/jamie/Documents/Projects/python/py2app-error/dist/Timer.app/Contents/Resources/lib/python3.11/numpy/ma/tests/test_deprecations.py
copying file /Users/jamie/Documents/Projects/python/py2app-error/.venv/lib/python3.11/site-packages/numpy/ma/tests/__init__.py -> /Users/jamie/Documents/Projects/python/py2app-error/dist/Timer.app/Contents/Resources/lib/python3.11/numpy/ma/tests/__init__.py
creating /Users/jamie/Documents/Projects/python/py2app-error/dist/Timer.app/Contents/Resources/lib/python3.11/numpy/ma/tests/__pycache__
copying file /Users/jamie/Documents/Projects/python/py2app-error/.venv/lib/python3.11/site-packages/numpy/ma/tests/__pycache__/test_regression.cpython-311.pyc -> /Users/jamie/Documents/Projects/python/py2app-error/dist/Timer.app/Contents/Resources/lib/python3.11/numpy/ma/tests/__pycache__/test_regression.cpython-311.pyc
copying file /Users/jamie/Documents/Projects/python/py2app-error/.venv/lib/python3.11/site-packages/numpy/ma/tests/__pycache__/test_deprecations.cpython-311.pyc -> /Users/jamie/Documents/Projects/python/py2app-error/dist/Timer.app/Contents/Resources/lib/python3.11/numpy/ma/tests/__pycache__/test_deprecations.cpython-311.pyc
copying file /Users/jamie/Documents/Projects/python/py2app-error/.venv/lib/python3.11/site-packages/numpy/ma/tests/__pycache__/test_subclassing.cpython-311.pyc -> /Users/jamie/Documents/Projects/python/py2app-error/dist/Timer.app/Contents/Resources/lib/python3.11/numpy/ma/tests/__pycache__/test_subclassing.cpython-311.pyc
copying file /Users/jamie/Documents/Projects/python/py2app-error/.venv/lib/python3.11/site-packages/numpy/ma/tests/__pycache__/test_extras.cpython-311.pyc -> /Users/jamie/Documents/Projects/python/py2app-error/dist/Timer.app/Contents/Resources/lib/python3.11/numpy/ma/tests/__pycache__/test_extras.cpython-311.pyc
copying file /Users/jamie/Documents/Projects/python/py2app-error/.venv/lib/python3.11/site-packages/numpy/ma/tests/__pycache__/test_mrecords.cpython-311.pyc -> /Users/jamie/Documents/Projects/python/py2app-error/dist/Timer.app/Contents/Resources/lib/python3.11/numpy/ma/tests/__pycache__/test_mrecords.cpython-311.pyc
copying file /Users/jamie/Documents/Projects/python/py2app-error/.venv/lib/python3.11/site-packages/numpy/ma/tests/__pycache__/test_core.cpython-311.pyc -> /Users/jamie/Documents/Projects/python/py2app-error/dist/Timer.app/Contents/Resources/lib/python3.11/numpy/ma/tests/__pycache__/test_core.cpython-311.pyc
copying file /Users/jamie/Documents/Projects/python/py2app-error/.venv/lib/python3.11/site-packages/numpy/ma/tests/__pycache__/test_arrayobject.cpython-311.pyc -> /Users/jamie/Documents/Projects/python/py2app-error/dist/Timer.app/Contents/Resources/lib/python3.11/numpy/ma/tests/__pycache__/test_arrayobject.cpython-311.pyc
copying file /Users/jamie/Documents/Projects/python/py2app-error/.venv/lib/python3.11/site-packages/numpy/ma/tests/__pycache__/test_old_ma.cpython-311.pyc -> /Users/jamie/Documents/Projects/python/py2app-error/dist/Timer.app/Contents/Resources/lib/python3.11/numpy/ma/tests/__pycache__/test_old_ma.cpython-311.pyc
copying file /Users/jamie/Documents/Projects/python/py2app-error/.venv/lib/python3.11/site-packages/numpy/ma/tests/__pycache__/__init__.cpython-311.pyc -> /Users/jamie/Documents/Projects/python/py2app-error/dist/Timer.app/Contents/Resources/lib/python3.11/numpy/ma/tests/__pycache__/__init__.cpython-311.pyc
copying file /Users/jamie/Documents/Projects/python/py2app-error/.venv/lib/python3.11/site-packages/numpy/ma/tests/test_subclassing.py -> /Users/jamie/Documents/Projects/python/py2app-error/dist/Timer.app/Contents/Resources/lib/python3.11/numpy/ma/tests/test_subclassing.py
copying file /Users/jamie/Documents/Projects/python/py2app-error/.venv/lib/python3.11/site-packages/numpy/ma/tests/test_extras.py -> /Users/jamie/Documents/Projects/python/py2app-error/dist/Timer.app/Contents/Resources/lib/python3.11/numpy/ma/tests/test_extras.py
copying file /Users/jamie/Documents/Projects/python/py2app-error/.venv/lib/python3.11/site-packages/numpy/ma/tests/test_arrayobject.py -> /Users/jamie/Documents/Projects/python/py2app-error/dist/Timer.app/Contents/Resources/lib/python3.11/numpy/ma/tests/test_arrayobject.py
copying file /Users/jamie/Documents/Projects/python/py2app-error/.venv/lib/python3.11/site-packages/numpy/ma/tests/test_mrecords.py -> /Users/jamie/Documents/Projects/python/py2app-error/dist/Timer.app/Contents/Resources/lib/python3.11/numpy/ma/tests/test_mrecords.py
copying file /Users/jamie/Documents/Projects/python/py2app-error/.venv/lib/python3.11/site-packages/numpy/ma/tests/test_regression.py -> /Users/jamie/Documents/Projects/python/py2app-error/dist/Timer.app/Contents/Resources/lib/python3.11/numpy/ma/tests/test_regression.py
copying file /Users/jamie/Documents/Projects/python/py2app-error/.venv/lib/python3.11/site-packages/numpy/ma/API_CHANGES.txt -> /Users/jamie/Documents/Projects/python/py2app-error/dist/Timer.app/Contents/Resources/lib/python3.11/numpy/ma/API_CHANGES.txt
copying file /Users/jamie/Documents/Projects/python/py2app-error/.venv/lib/python3.11/site-packages/numpy/ma/__init__.py -> /Users/jamie/Documents/Projects/python/py2app-error/dist/Timer.app/Contents/Resources/lib/python3.11/numpy/ma/__init__.py
copying file /Users/jamie/Documents/Projects/python/py2app-error/.venv/lib/python3.11/site-packages/numpy/ma/core.py -> /Users/jamie/Documents/Projects/python/py2app-error/dist/Timer.app/Contents/Resources/lib/python3.11/numpy/ma/core.py
creating /Users/jamie/Documents/Projects/python/py2app-error/dist/Timer.app/Contents/Resources/lib/python3.11/numpy/ma/__pycache__
copying file /Users/jamie/Documents/Projects/python/py2app-error/.venv/lib/python3.11/site-packages/numpy/ma/__pycache__/core.cpython-311.pyc -> /Users/jamie/Documents/Projects/python/py2app-error/dist/Timer.app/Contents/Resources/lib/python3.11/numpy/ma/__pycache__/core.cpython-311.pyc
copying file /Users/jamie/Documents/Projects/python/py2app-error/.venv/lib/python3.11/site-packages/numpy/ma/__pycache__/timer_comparison.cpython-311.pyc -> /Users/jamie/Documents/Projects/python/py2app-error/dist/Timer.app/Contents/Resources/lib/python3.11/numpy/ma/__pycache__/timer_comparison.cpython-311.pyc
copying file /Users/jamie/Documents/Projects/python/py2app-error/.venv/lib/python3.11/site-packages/numpy/ma/__pycache__/mrecords.cpython-311.pyc -> /Users/jamie/Documents/Projects/python/py2app-error/dist/Timer.app/Contents/Resources/lib/python3.11/numpy/ma/__pycache__/mrecords.cpython-311.pyc
copying file /Users/jamie/Documents/Projects/python/py2app-error/.venv/lib/python3.11/site-packages/numpy/ma/__pycache__/extras.cpython-311.pyc -> /Users/jamie/Documents/Projects/python/py2app-error/dist/Timer.app/Contents/Resources/lib/python3.11/numpy/ma/__pycache__/extras.cpython-311.pyc
copying file /Users/jamie/Documents/Projects/python/py2app-error/.venv/lib/python3.11/site-packages/numpy/ma/__pycache__/testutils.cpython-311.pyc -> /Users/jamie/Documents/Projects/python/py2app-error/dist/Timer.app/Contents/Resources/lib/python3.11/numpy/ma/__pycache__/testutils.cpython-311.pyc
copying file /Users/jamie/Documents/Projects/python/py2app-error/.venv/lib/python3.11/site-packages/numpy/ma/__pycache__/__init__.cpython-311.pyc -> /Users/jamie/Documents/Projects/python/py2app-error/dist/Timer.app/Contents/Resources/lib/python3.11/numpy/ma/__pycache__/__init__.cpython-311.pyc
copying file /Users/jamie/Documents/Projects/python/py2app-error/.venv/lib/python3.11/site-packages/numpy/ma/README.rst -> /Users/jamie/Documents/Projects/python/py2app-error/dist/Timer.app/Contents/Resources/lib/python3.11/numpy/ma/README.rst
copying file /Users/jamie/Documents/Projects/python/py2app-error/.venv/lib/python3.11/site-packages/numpy/ma/extras.pyi -> /Users/jamie/Documents/Projects/python/py2app-error/dist/Timer.app/Contents/Resources/lib/python3.11/numpy/ma/extras.pyi
copying file /Users/jamie/Documents/Projects/python/py2app-error/.venv/lib/python3.11/site-packages/numpy/ma/timer_comparison.py -> /Users/jamie/Documents/Projects/python/py2app-error/dist/Timer.app/Contents/Resources/lib/python3.11/numpy/ma/timer_comparison.py
copying file /Users/jamie/Documents/Projects/python/py2app-error/.venv/lib/python3.11/site-packages/numpy/ma/mrecords.py -> /Users/jamie/Documents/Projects/python/py2app-error/dist/Timer.app/Contents/Resources/lib/python3.11/numpy/ma/mrecords.py
copying file /Users/jamie/Documents/Projects/python/py2app-error/.venv/lib/python3.11/site-packages/numpy/__init__.cython-30.pxd -> /Users/jamie/Documents/Projects/python/py2app-error/dist/Timer.app/Contents/Resources/lib/python3.11/numpy/__init__.cython-30.pxd
copying file /Users/jamie/Documents/Projects/python/py2app-error/.venv/lib/python3.11/site-packages/numpy/__init__.pyi -> /Users/jamie/Documents/Projects/python/py2app-error/dist/Timer.app/Contents/Resources/lib/python3.11/numpy/__init__.pyi
creating /Users/jamie/Documents/Projects/python/py2app-error/dist/Timer.app/Contents/Resources/lib/python3.11/numpy/_core
copying file /Users/jamie/Documents/Projects/python/py2app-error/.venv/lib/python3.11/site-packages/numpy/_core/umath.py -> /Users/jamie/Documents/Projects/python/py2app-error/dist/Timer.app/Contents/Resources/lib/python3.11/numpy/_core/umath.py
copying file /Users/jamie/Documents/Projects/python/py2app-error/.venv/lib/python3.11/site-packages/numpy/_core/fromnumeric.py -> /Users/jamie/Documents/Projects/python/py2app-error/dist/Timer.app/Contents/Resources/lib/python3.11/numpy/_core/fromnumeric.py
copying file /Users/jamie/Documents/Projects/python/py2app-error/.venv/lib/python3.11/site-packages/numpy/_core/numeric.pyi -> /Users/jamie/Documents/Projects/python/py2app-error/dist/Timer.app/Contents/Resources/lib/python3.11/numpy/_core/numeric.pyi
copying file /Users/jamie/Documents/Projects/python/py2app-error/.venv/lib/python3.11/site-packages/numpy/_core/_dtype.py -> /Users/jamie/Documents/Projects/python/py2app-error/dist/Timer.app/Contents/Resources/lib/python3.11/numpy/_core/_dtype.py
copying file /Users/jamie/Documents/Projects/python/py2app-error/.venv/lib/python3.11/site-packages/numpy/_core/getlimits.pyi -> /Users/jamie/Documents/Projects/python/py2app-error/dist/Timer.app/Contents/Resources/lib/python3.11/numpy/_core/getlimits.pyi
copying file /Users/jamie/Documents/Projects/python/py2app-error/.venv/lib/python3.11/site-packages/numpy/_core/_add_newdocs.py -> /Users/jamie/Documents/Projects/python/py2app-error/dist/Timer.app/Contents/Resources/lib/python3.11/numpy/_core/_add_newdocs.py
copying file /Users/jamie/Documents/Projects/python/py2app-error/.venv/lib/python3.11/site-packages/numpy/_core/_multiarray_umath.cpython-311-darwin.so -> /Users/jamie/Documents/Projects/python/py2app-error/dist/Timer.app/Contents/Resources/lib/python3.11/numpy/_core/_multiarray_umath.cpython-311-darwin.so
copying file /Users/jamie/Documents/Projects/python/py2app-error/.venv/lib/python3.11/site-packages/numpy/_core/defchararray.pyi -> /Users/jamie/Documents/Projects/python/py2app-error/dist/Timer.app/Contents/Resources/lib/python3.11/numpy/_core/defchararray.pyi
copying file /Users/jamie/Documents/Projects/python/py2app-error/.venv/lib/python3.11/site-packages/numpy/_core/_methods.py -> /Users/jamie/Documents/Projects/python/py2app-error/dist/Timer.app/Contents/Resources/lib/python3.11/numpy/_core/_methods.py
copying file /Users/jamie/Documents/Projects/python/py2app-error/.venv/lib/python3.11/site-packages/numpy/_core/_internal.py -> /Users/jamie/Documents/Projects/python/py2app-error/dist/Timer.app/Contents/Resources/lib/python3.11/numpy/_core/_internal.py
copying file /Users/jamie/Documents/Projects/python/py2app-error/.venv/lib/python3.11/site-packages/numpy/_core/strings.pyi -> /Users/jamie/Documents/Projects/python/py2app-error/dist/Timer.app/Contents/Resources/lib/python3.11/numpy/_core/strings.pyi
copying file /Users/jamie/Documents/Projects/python/py2app-error/.venv/lib/python3.11/site-packages/numpy/_core/_simd.cpython-311-darwin.so -> /Users/jamie/Documents/Projects/python/py2app-error/dist/Timer.app/Contents/Resources/lib/python3.11/numpy/_core/_simd.cpython-311-darwin.so
copying file /Users/jamie/Documents/Projects/python/py2app-error/.venv/lib/python3.11/site-packages/numpy/_core/function_base.pyi -> /Users/jamie/Documents/Projects/python/py2app-error/dist/Timer.app/Contents/Resources/lib/python3.11/numpy/_core/function_base.pyi
copying file /Users/jamie/Documents/Projects/python/py2app-error/.venv/lib/python3.11/site-packages/numpy/_core/__init__.pyi -> /Users/jamie/Documents/Projects/python/py2app-error/dist/Timer.app/Contents/Resources/lib/python3.11/numpy/_core/__init__.pyi
copying file /Users/jamie/Documents/Projects/python/py2app-error/.venv/lib/python3.11/site-packages/numpy/_core/_string_helpers.py -> /Users/jamie/Documents/Projects/python/py2app-error/dist/Timer.app/Contents/Resources/lib/python3.11/numpy/_core/_string_helpers.py
copying file /Users/jamie/Documents/Projects/python/py2app-error/.venv/lib/python3.11/site-packages/numpy/_core/multiarray.py -> /Users/jamie/Documents/Projects/python/py2app-error/dist/Timer.app/Contents/Resources/lib/python3.11/numpy/_core/multiarray.py
copying file /Users/jamie/Documents/Projects/python/py2app-error/.venv/lib/python3.11/site-packages/numpy/_core/_asarray.py -> /Users/jamie/Documents/Projects/python/py2app-error/dist/Timer.app/Contents/Resources/lib/python3.11/numpy/_core/_asarray.py
creating /Users/jamie/Documents/Projects/python/py2app-error/dist/Timer.app/Contents/Resources/lib/python3.11/numpy/_core/include
creating /Users/jamie/Documents/Projects/python/py2app-error/dist/Timer.app/Contents/Resources/lib/python3.11/numpy/_core/include/numpy
copying file /Users/jamie/Documents/Projects/python/py2app-error/.venv/lib/python3.11/site-packages/numpy/_core/include/numpy/ndarrayobject.h -> /Users/jamie/Documents/Projects/python/py2app-error/dist/Timer.app/Contents/Resources/lib/python3.11/numpy/_core/include/numpy/ndarrayobject.h
copying file /Users/jamie/Documents/Projects/python/py2app-error/.venv/lib/python3.11/site-packages/numpy/_core/include/numpy/utils.h -> /Users/jamie/Documents/Projects/python/py2app-error/dist/Timer.app/Contents/Resources/lib/python3.11/numpy/_core/include/numpy/utils.h
copying file /Users/jamie/Documents/Projects/python/py2app-error/.venv/lib/python3.11/site-packages/numpy/_core/include/numpy/__multiarray_api.h -> /Users/jamie/Documents/Projects/python/py2app-error/dist/Timer.app/Contents/Resources/lib/python3.11/numpy/_core/include/numpy/__multiarray_api.h
copying file /Users/jamie/Documents/Projects/python/py2app-error/.venv/lib/python3.11/site-packages/numpy/_core/include/numpy/npy_1_7_deprecated_api.h -> /Users/jamie/Documents/Projects/python/py2app-error/dist/Timer.app/Contents/Resources/lib/python3.11/numpy/_core/include/numpy/npy_1_7_deprecated_api.h
copying file /Users/jamie/Documents/Projects/python/py2app-error/.venv/lib/python3.11/site-packages/numpy/_core/include/numpy/ufuncobject.h -> /Users/jamie/Documents/Projects/python/py2app-error/dist/Timer.app/Contents/Resources/lib/python3.11/numpy/_core/include/numpy/ufuncobject.h
copying file /Users/jamie/Documents/Projects/python/py2app-error/.venv/lib/python3.11/site-packages/numpy/_core/include/numpy/npy_common.h -> /Users/jamie/Documents/Projects/python/py2app-error/dist/Timer.app/Contents/Resources/lib/python3.11/numpy/_core/include/numpy/npy_common.h
copying file /Users/jamie/Documents/Projects/python/py2app-error/.venv/lib/python3.11/site-packages/numpy/_core/include/numpy/npy_2_complexcompat.h -> /Users/jamie/Documents/Projects/python/py2app-error/dist/Timer.app/Contents/Resources/lib/python3.11/numpy/_core/include/numpy/npy_2_complexcompat.h
copying file /Users/jamie/Documents/Projects/python/py2app-error/.venv/lib/python3.11/site-packages/numpy/_core/include/numpy/npy_cpu.h -> /Users/jamie/Documents/Projects/python/py2app-error/dist/Timer.app/Contents/Resources/lib/python3.11/numpy/_core/include/numpy/npy_cpu.h
copying file /Users/jamie/Documents/Projects/python/py2app-error/.venv/lib/python3.11/site-packages/numpy/_core/include/numpy/npy_2_compat.h -> /Users/jamie/Documents/Projects/python/py2app-error/dist/Timer.app/Contents/Resources/lib/python3.11/numpy/_core/include/numpy/npy_2_compat.h
copying file /Users/jamie/Documents/Projects/python/py2app-error/.venv/lib/python3.11/site-packages/numpy/_core/include/numpy/__ufunc_api.c -> /Users/jamie/Documents/Projects/python/py2app-error/dist/Timer.app/Contents/Resources/lib/python3.11/numpy/_core/include/numpy/__ufunc_api.c
copying file /Users/jamie/Documents/Projects/python/py2app-error/.venv/lib/python3.11/site-packages/numpy/_core/include/numpy/ndarraytypes.h -> /Users/jamie/Documents/Projects/python/py2app-error/dist/Timer.app/Contents/Resources/lib/python3.11/numpy/_core/include/numpy/ndarraytypes.h
copying file /Users/jamie/Documents/Projects/python/py2app-error/.venv/lib/python3.11/site-packages/numpy/_core/include/numpy/npy_no_deprecated_api.h -> /Users/jamie/Documents/Projects/python/py2app-error/dist/Timer.app/Contents/Resources/lib/python3.11/numpy/_core/include/numpy/npy_no_deprecated_api.h
copying file /Users/jamie/Documents/Projects/python/py2app-error/.venv/lib/python3.11/site-packages/numpy/_core/include/numpy/__multiarray_api.c -> /Users/jamie/Documents/Projects/python/py2app-error/dist/Timer.app/Contents/Resources/lib/python3.11/numpy/_core/include/numpy/__multiarray_api.c
copying file /Users/jamie/Documents/Projects/python/py2app-error/.venv/lib/python3.11/site-packages/numpy/_core/include/numpy/npy_3kcompat.h -> /Users/jamie/Documents/Projects/python/py2app-error/dist/Timer.app/Contents/Resources/lib/python3.11/numpy/_core/include/numpy/npy_3kcompat.h
copying file /Users/jamie/Documents/Projects/python/py2app-error/.venv/lib/python3.11/site-packages/numpy/_core/include/numpy/npy_os.h -> /Users/jamie/Documents/Projects/python/py2app-error/dist/Timer.app/Contents/Resources/lib/python3.11/numpy/_core/include/numpy/npy_os.h
copying file /Users/jamie/Documents/Projects/python/py2app-error/.venv/lib/python3.11/site-packages/numpy/_core/include/numpy/npy_endian.h -> /Users/jamie/Documents/Projects/python/py2app-error/dist/Timer.app/Contents/Resources/lib/python3.11/numpy/_core/include/numpy/npy_endian.h
copying file /Users/jamie/Documents/Projects/python/py2app-error/.venv/lib/python3.11/site-packages/numpy/_core/include/numpy/_numpyconfig.h -> /Users/jamie/Documents/Projects/python/py2app-error/dist/Timer.app/Contents/Resources/lib/python3.11/numpy/_core/include/numpy/_numpyconfig.h
copying file /Users/jamie/Documents/Projects/python/py2app-error/.venv/lib/python3.11/site-packages/numpy/_core/include/numpy/_neighborhood_iterator_imp.h -> /Users/jamie/Documents/Projects/python/py2app-error/dist/Timer.app/Contents/Resources/lib/python3.11/numpy/_core/include/numpy/_neighborhood_iterator_imp.h
copying file /Users/jamie/Documents/Projects/python/py2app-error/.venv/lib/python3.11/site-packages/numpy/_core/include/numpy/_public_dtype_api_table.h -> /Users/jamie/Documents/Projects/python/py2app-error/dist/Timer.app/Contents/Resources/lib/python3.11/numpy/_core/include/numpy/_public_dtype_api_table.h
copying file /Users/jamie/Documents/Projects/python/py2app-error/.venv/lib/python3.11/site-packages/numpy/_core/include/numpy/numpyconfig.h -> /Users/jamie/Documents/Projects/python/py2app-error/dist/Timer.app/Contents/Resources/lib/python3.11/numpy/_core/include/numpy/numpyconfig.h
copying file /Users/jamie/Documents/Projects/python/py2app-error/.venv/lib/python3.11/site-packages/numpy/_core/include/numpy/__ufunc_api.h -> /Users/jamie/Documents/Projects/python/py2app-error/dist/Timer.app/Contents/Resources/lib/python3.11/numpy/_core/include/numpy/__ufunc_api.h
copying file /Users/jamie/Documents/Projects/python/py2app-error/.venv/lib/python3.11/site-packages/numpy/_core/include/numpy/arrayscalars.h -> /Users/jamie/Documents/Projects/python/py2app-error/dist/Timer.app/Contents/Resources/lib/python3.11/numpy/_core/include/numpy/arrayscalars.h
copying file /Users/jamie/Documents/Projects/python/py2app-error/.venv/lib/python3.11/site-packages/numpy/_core/include/numpy/dtype_api.h -> /Users/jamie/Documents/Projects/python/py2app-error/dist/Timer.app/Contents/Resources/lib/python3.11/numpy/_core/include/numpy/dtype_api.h
creating /Users/jamie/Documents/Projects/python/py2app-error/dist/Timer.app/Contents/Resources/lib/python3.11/numpy/_core/include/numpy/random
copying file /Users/jamie/Documents/Projects/python/py2app-error/.venv/lib/python3.11/site-packages/numpy/_core/include/numpy/random/distributions.h -> /Users/jamie/Documents/Projects/python/py2app-error/dist/Timer.app/Contents/Resources/lib/python3.11/numpy/_core/include/numpy/random/distributions.h
copying file /Users/jamie/Documents/Projects/python/py2app-error/.venv/lib/python3.11/site-packages/numpy/_core/include/numpy/random/libdivide.h -> /Users/jamie/Documents/Projects/python/py2app-error/dist/Timer.app/Contents/Resources/lib/python3.11/numpy/_core/include/numpy/random/libdivide.h
copying file /Users/jamie/Documents/Projects/python/py2app-error/.venv/lib/python3.11/site-packages/numpy/_core/include/numpy/random/bitgen.h -> /Users/jamie/Documents/Projects/python/py2app-error/dist/Timer.app/Contents/Resources/lib/python3.11/numpy/_core/include/numpy/random/bitgen.h
copying file /Users/jamie/Documents/Projects/python/py2app-error/.venv/lib/python3.11/site-packages/numpy/_core/include/numpy/random/LICENSE.txt -> /Users/jamie/Documents/Projects/python/py2app-error/dist/Timer.app/Contents/Resources/lib/python3.11/numpy/_core/include/numpy/random/LICENSE.txt
copying file /Users/jamie/Documents/Projects/python/py2app-error/.venv/lib/python3.11/site-packages/numpy/_core/include/numpy/npy_math.h -> /Users/jamie/Documents/Projects/python/py2app-error/dist/Timer.app/Contents/Resources/lib/python3.11/numpy/_core/include/numpy/npy_math.h
copying file /Users/jamie/Documents/Projects/python/py2app-error/.venv/lib/python3.11/site-packages/numpy/_core/include/numpy/halffloat.h -> /Users/jamie/Documents/Projects/python/py2app-error/dist/Timer.app/Contents/Resources/lib/python3.11/numpy/_core/include/numpy/halffloat.h
copying file /Users/jamie/Documents/Projects/python/py2app-error/.venv/lib/python3.11/site-packages/numpy/_core/include/numpy/arrayobject.h -> /Users/jamie/Documents/Projects/python/py2app-error/dist/Timer.app/Contents/Resources/lib/python3.11/numpy/_core/include/numpy/arrayobject.h
copying file /Users/jamie/Documents/Projects/python/py2app-error/.venv/lib/python3.11/site-packages/numpy/_core/records.py -> /Users/jamie/Documents/Projects/python/py2app-error/dist/Timer.app/Contents/Resources/lib/python3.11/numpy/_core/records.py
copying file /Users/jamie/Documents/Projects/python/py2app-error/.venv/lib/python3.11/site-packages/numpy/_core/_ufunc_config.pyi -> /Users/jamie/Documents/Projects/python/py2app-error/dist/Timer.app/Contents/Resources/lib/python3.11/numpy/_core/_ufunc_config.pyi
copying file /Users/jamie/Documents/Projects/python/py2app-error/.venv/lib/python3.11/site-packages/numpy/_core/_umath_tests.cpython-311-darwin.so -> /Users/jamie/Documents/Projects/python/py2app-error/dist/Timer.app/Contents/Resources/lib/python3.11/numpy/_core/_umath_tests.cpython-311-darwin.so
creating /Users/jamie/Documents/Projects/python/py2app-error/dist/Timer.app/Contents/Resources/lib/python3.11/numpy/_core/tests
copying file /Users/jamie/Documents/Projects/python/py2app-error/.venv/lib/python3.11/site-packages/numpy/_core/tests/test_numerictypes.py -> /Users/jamie/Documents/Projects/python/py2app-error/dist/Timer.app/Contents/Resources/lib/python3.11/numpy/_core/tests/test_numerictypes.py
copying file /Users/jamie/Documents/Projects/python/py2app-error/.venv/lib/python3.11/site-packages/numpy/_core/tests/test_scalar_methods.py -> /Users/jamie/Documents/Projects/python/py2app-error/dist/Timer.app/Contents/Resources/lib/python3.11/numpy/_core/tests/test_scalar_methods.py
copying file /Users/jamie/Documents/Projects/python/py2app-error/.venv/lib/python3.11/site-packages/numpy/_core/tests/test_scalarmath.py -> /Users/jamie/Documents/Projects/python/py2app-error/dist/Timer.app/Contents/Resources/lib/python3.11/numpy/_core/tests/test_scalarmath.py
copying file /Users/jamie/Documents/Projects/python/py2app-error/.venv/lib/python3.11/site-packages/numpy/_core/tests/test_item_selection.py -> /Users/jamie/Documents/Projects/python/py2app-error/dist/Timer.app/Contents/Resources/lib/python3.11/numpy/_core/tests/test_item_selection.py
copying file /Users/jamie/Documents/Projects/python/py2app-error/.venv/lib/python3.11/site-packages/numpy/_core/tests/test_array_coercion.py -> /Users/jamie/Documents/Projects/python/py2app-error/dist/Timer.app/Contents/Resources/lib/python3.11/numpy/_core/tests/test_array_coercion.py
copying file /Users/jamie/Documents/Projects/python/py2app-error/.venv/lib/python3.11/site-packages/numpy/_core/tests/test_limited_api.py -> /Users/jamie/Documents/Projects/python/py2app-error/dist/Timer.app/Contents/Resources/lib/python3.11/numpy/_core/tests/test_limited_api.py
copying file /Users/jamie/Documents/Projects/python/py2app-error/.venv/lib/python3.11/site-packages/numpy/_core/tests/test_casting_floatingpoint_errors.py -> /Users/jamie/Documents/Projects/python/py2app-error/dist/Timer.app/Contents/Resources/lib/python3.11/numpy/_core/tests/test_casting_floatingpoint_errors.py
copying file /Users/jamie/Documents/Projects/python/py2app-error/.venv/lib/python3.11/site-packages/numpy/_core/tests/test_machar.py -> /Users/jamie/Documents/Projects/python/py2app-error/dist/Timer.app/Contents/Resources/lib/python3.11/numpy/_core/tests/test_machar.py
copying file /Users/jamie/Documents/Projects/python/py2app-error/.venv/lib/python3.11/site-packages/numpy/_core/tests/_natype.py -> /Users/jamie/Documents/Projects/python/py2app-error/dist/Timer.app/Contents/Resources/lib/python3.11/numpy/_core/tests/_natype.py
copying file /Users/jamie/Documents/Projects/python/py2app-error/.venv/lib/python3.11/site-packages/numpy/_core/tests/test_unicode.py -> /Users/jamie/Documents/Projects/python/py2app-error/dist/Timer.app/Contents/Resources/lib/python3.11/numpy/_core/tests/test_unicode.py
copying file /Users/jamie/Documents/Projects/python/py2app-error/.venv/lib/python3.11/site-packages/numpy/_core/tests/test_cpu_dispatcher.py -> /Users/jamie/Documents/Projects/python/py2app-error/dist/Timer.app/Contents/Resources/lib/python3.11/numpy/_core/tests/test_cpu_dispatcher.py
copying file /Users/jamie/Documents/Projects/python/py2app-error/.venv/lib/python3.11/site-packages/numpy/_core/tests/test_arrayprint.py -> /Users/jamie/Documents/Projects/python/py2app-error/dist/Timer.app/Contents/Resources/lib/python3.11/numpy/_core/tests/test_arrayprint.py
copying file /Users/jamie/Documents/Projects/python/py2app-error/.venv/lib/python3.11/site-packages/numpy/_core/tests/test_scalarbuffer.py -> /Users/jamie/Documents/Projects/python/py2app-error/dist/Timer.app/Contents/Resources/lib/python3.11/numpy/_core/tests/test_scalarbuffer.py
copying file /Users/jamie/Documents/Projects/python/py2app-error/.venv/lib/python3.11/site-packages/numpy/_core/tests/test_indexerrors.py -> /Users/jamie/Documents/Projects/python/py2app-error/dist/Timer.app/Contents/Resources/lib/python3.11/numpy/_core/tests/test_indexerrors.py
copying file /Users/jamie/Documents/Projects/python/py2app-error/.venv/lib/python3.11/site-packages/numpy/_core/tests/test_print.py -> /Users/jamie/Documents/Projects/python/py2app-error/dist/Timer.app/Contents/Resources/lib/python3.11/numpy/_core/tests/test_print.py
copying file /Users/jamie/Documents/Projects/python/py2app-error/.venv/lib/python3.11/site-packages/numpy/_core/tests/test_half.py -> /Users/jamie/Documents/Projects/python/py2app-error/dist/Timer.app/Contents/Resources/lib/python3.11/numpy/_core/tests/test_half.py
copying file /Users/jamie/Documents/Projects/python/py2app-error/.venv/lib/python3.11/site-packages/numpy/_core/tests/test_arraymethod.py -> /Users/jamie/Documents/Projects/python/py2app-error/dist/Timer.app/Contents/Resources/lib/python3.11/numpy/_core/tests/test_arraymethod.py
copying file /Users/jamie/Documents/Projects/python/py2app-error/.venv/lib/python3.11/site-packages/numpy/_core/tests/test_mem_overlap.py -> /Users/jamie/Documents/Projects/python/py2app-error/dist/Timer.app/Contents/Resources/lib/python3.11/numpy/_core/tests/test_mem_overlap.py
copying file /Users/jamie/Documents/Projects/python/py2app-error/.venv/lib/python3.11/site-packages/numpy/_core/tests/test_shape_base.py -> /Users/jamie/Documents/Projects/python/py2app-error/dist/Timer.app/Contents/Resources/lib/python3.11/numpy/_core/tests/test_shape_base.py
copying file /Users/jamie/Documents/Projects/python/py2app-error/.venv/lib/python3.11/site-packages/numpy/_core/tests/test_hashtable.py -> /Users/jamie/Documents/Projects/python/py2app-error/dist/Timer.app/Contents/Resources/lib/python3.11/numpy/_core/tests/test_hashtable.py
copying file /Users/jamie/Documents/Projects/python/py2app-error/.venv/lib/python3.11/site-packages/numpy/_core/tests/test_array_interface.py -> /Users/jamie/Documents/Projects/python/py2app-error/dist/Timer.app/Contents/Resources/lib/python3.11/numpy/_core/tests/test_array_interface.py
copying file /Users/jamie/Documents/Projects/python/py2app-error/.venv/lib/python3.11/site-packages/numpy/_core/tests/test_deprecations.py -> /Users/jamie/Documents/Projects/python/py2app-error/dist/Timer.app/Contents/Resources/lib/python3.11/numpy/_core/tests/test_deprecations.py
copying file /Users/jamie/Documents/Projects/python/py2app-error/.venv/lib/python3.11/site-packages/numpy/_core/tests/__init__.py -> /Users/jamie/Documents/Projects/python/py2app-error/dist/Timer.app/Contents/Resources/lib/python3.11/numpy/_core/tests/__init__.py
copying file /Users/jamie/Documents/Projects/python/py2app-error/.venv/lib/python3.11/site-packages/numpy/_core/tests/test_errstate.py -> /Users/jamie/Documents/Projects/python/py2app-error/dist/Timer.app/Contents/Resources/lib/python3.11/numpy/_core/tests/test_errstate.py
copying file /Users/jamie/Documents/Projects/python/py2app-error/.venv/lib/python3.11/site-packages/numpy/_core/tests/test_nep50_promotions.py -> /Users/jamie/Documents/Projects/python/py2app-error/dist/Timer.app/Contents/Resources/lib/python3.11/numpy/_core/tests/test_nep50_promotions.py
copying file /Users/jamie/Documents/Projects/python/py2app-error/.venv/lib/python3.11/site-packages/numpy/_core/tests/test_records.py -> /Users/jamie/Documents/Projects/python/py2app-error/dist/Timer.app/Contents/Resources/lib/python3.11/numpy/_core/tests/test_records.py
creating /Users/jamie/Documents/Projects/python/py2app-error/dist/Timer.app/Contents/Resources/lib/python3.11/numpy/_core/tests/__pycache__
copying file /Users/jamie/Documents/Projects/python/py2app-error/.venv/lib/python3.11/site-packages/numpy/_core/tests/__pycache__/test_scalar_ctors.cpython-311.pyc -> /Users/jamie/Documents/Projects/python/py2app-error/dist/Timer.app/Contents/Resources/lib/python3.11/numpy/_core/tests/__pycache__/test_scalar_ctors.cpython-311.pyc
copying file /Users/jamie/Documents/Projects/python/py2app-error/.venv/lib/python3.11/site-packages/numpy/_core/tests/__pycache__/test_scalarprint.cpython-311.pyc -> /Users/jamie/Documents/Projects/python/py2app-error/dist/Timer.app/Contents/Resources/lib/python3.11/numpy/_core/tests/__pycache__/test_scalarprint.cpython-311.pyc
copying file /Users/jamie/Documents/Projects/python/py2app-error/.venv/lib/python3.11/site-packages/numpy/_core/tests/__pycache__/_locales.cpython-311.pyc -> /Users/jamie/Documents/Projects/python/py2app-error/dist/Timer.app/Contents/Resources/lib/python3.11/numpy/_core/tests/__pycache__/_locales.cpython-311.pyc
copying file /Users/jamie/Documents/Projects/python/py2app-error/.venv/lib/python3.11/site-packages/numpy/_core/tests/__pycache__/test_array_coercion.cpython-311.pyc -> /Users/jamie/Documents/Projects/python/py2app-error/dist/Timer.app/Contents/Resources/lib/python3.11/numpy/_core/tests/__pycache__/test_array_coercion.cpython-311.pyc
copying file /Users/jamie/Documents/Projects/python/py2app-error/.venv/lib/python3.11/site-packages/numpy/_core/tests/__pycache__/test_mem_policy.cpython-311.pyc -> /Users/jamie/Documents/Projects/python/py2app-error/dist/Timer.app/Contents/Resources/lib/python3.11/numpy/_core/tests/__pycache__/test_mem_policy.cpython-311.pyc
copying file /Users/jamie/Documents/Projects/python/py2app-error/.venv/lib/python3.11/site-packages/numpy/_core/tests/__pycache__/test_strings.cpython-311.pyc -> /Users/jamie/Documents/Projects/python/py2app-error/dist/Timer.app/Contents/Resources/lib/python3.11/numpy/_core/tests/__pycache__/test_strings.cpython-311.pyc
copying file /Users/jamie/Documents/Projects/python/py2app-error/.venv/lib/python3.11/site-packages/numpy/_core/tests/__pycache__/test_regression.cpython-311.pyc -> /Users/jamie/Documents/Projects/python/py2app-error/dist/Timer.app/Contents/Resources/lib/python3.11/numpy/_core/tests/__pycache__/test_regression.cpython-311.pyc
copying file /Users/jamie/Documents/Projects/python/py2app-error/.venv/lib/python3.11/site-packages/numpy/_core/tests/__pycache__/test_scalarbuffer.cpython-311.pyc -> /Users/jamie/Documents/Projects/python/py2app-error/dist/Timer.app/Contents/Resources/lib/python3.11/numpy/_core/tests/__pycache__/test_scalarbuffer.cpython-311.pyc
copying file /Users/jamie/Documents/Projects/python/py2app-error/.venv/lib/python3.11/site-packages/numpy/_core/tests/__pycache__/test_indexing.cpython-311.pyc -> /Users/jamie/Documents/Projects/python/py2app-error/dist/Timer.app/Contents/Resources/lib/python3.11/numpy/_core/tests/__pycache__/test_indexing.cpython-311.pyc
copying file /Users/jamie/Documents/Projects/python/py2app-error/.venv/lib/python3.11/site-packages/numpy/_core/tests/__pycache__/test_deprecations.cpython-311.pyc -> /Users/jamie/Documents/Projects/python/py2app-error/dist/Timer.app/Contents/Resources/lib/python3.11/numpy/_core/tests/__pycache__/test_deprecations.cpython-311.pyc
copying file /Users/jamie/Documents/Projects/python/py2app-error/.venv/lib/python3.11/site-packages/numpy/_core/tests/__pycache__/test_nditer.cpython-311.pyc -> /Users/jamie/Documents/Projects/python/py2app-error/dist/Timer.app/Contents/Resources/lib/python3.11/numpy/_core/tests/__pycache__/test_nditer.cpython-311.pyc
copying file /Users/jamie/Documents/Projects/python/py2app-error/.venv/lib/python3.11/site-packages/numpy/_core/tests/__pycache__/test_cython.cpython-311.pyc -> /Users/jamie/Documents/Projects/python/py2app-error/dist/Timer.app/Contents/Resources/lib/python3.11/numpy/_core/tests/__pycache__/test_cython.cpython-311.pyc
copying file /Users/jamie/Documents/Projects/python/py2app-error/.venv/lib/python3.11/site-packages/numpy/_core/tests/__pycache__/test_machar.cpython-311.pyc -> /Users/jamie/Documents/Projects/python/py2app-error/dist/Timer.app/Contents/Resources/lib/python3.11/numpy/_core/tests/__pycache__/test_machar.cpython-311.pyc
copying file /Users/jamie/Documents/Projects/python/py2app-error/.venv/lib/python3.11/site-packages/numpy/_core/tests/__pycache__/test_defchararray.cpython-311.pyc -> /Users/jamie/Documents/Projects/python/py2app-error/dist/Timer.app/Contents/Resources/lib/python3.11/numpy/_core/tests/__pycache__/test_defchararray.cpython-311.pyc
copying file /Users/jamie/Documents/Projects/python/py2app-error/.venv/lib/python3.11/site-packages/numpy/_core/tests/__pycache__/test_protocols.cpython-311.pyc -> /Users/jamie/Documents/Projects/python/py2app-error/dist/Timer.app/Contents/Resources/lib/python3.11/numpy/_core/tests/__pycache__/test_protocols.cpython-311.pyc
copying file /Users/jamie/Documents/Projects/python/py2app-error/.venv/lib/python3.11/site-packages/numpy/_core/tests/__pycache__/test_getlimits.cpython-311.pyc -> /Users/jamie/Documents/Projects/python/py2app-error/dist/Timer.app/Contents/Resources/lib/python3.11/numpy/_core/tests/__pycache__/test_getlimits.cpython-311.pyc
copying file /Users/jamie/Documents/Projects/python/py2app-error/.venv/lib/python3.11/site-packages/numpy/_core/tests/__pycache__/test_simd.cpython-311.pyc -> /Users/jamie/Documents/Projects/python/py2app-error/dist/Timer.app/Contents/Resources/lib/python3.11/numpy/_core/tests/__pycache__/test_simd.cpython-311.pyc
copying file /Users/jamie/Documents/Projects/python/py2app-error/.venv/lib/python3.11/site-packages/numpy/_core/tests/__pycache__/test_cpu_dispatcher.cpython-311.pyc -> /Users/jamie/Documents/Projects/python/py2app-error/dist/Timer.app/Contents/Resources/lib/python3.11/numpy/_core/tests/__pycache__/test_cpu_dispatcher.cpython-311.pyc
copying file /Users/jamie/Documents/Projects/python/py2app-error/.venv/lib/python3.11/site-packages/numpy/_core/tests/__pycache__/test_einsum.cpython-311.pyc -> /Users/jamie/Documents/Projects/python/py2app-error/dist/Timer.app/Contents/Resources/lib/python3.11/numpy/_core/tests/__pycache__/test_einsum.cpython-311.pyc
copying file /Users/jamie/Documents/Projects/python/py2app-error/.venv/lib/python3.11/site-packages/numpy/_core/tests/__pycache__/test_argparse.cpython-311.pyc -> /Users/jamie/Documents/Projects/python/py2app-error/dist/Timer.app/Contents/Resources/lib/python3.11/numpy/_core/tests/__pycache__/test_argparse.cpython-311.pyc
copying file /Users/jamie/Documents/Projects/python/py2app-error/.venv/lib/python3.11/site-packages/numpy/_core/tests/__pycache__/test_custom_dtypes.cpython-311.pyc -> /Users/jamie/Documents/Projects/python/py2app-error/dist/Timer.app/Contents/Resources/lib/python3.11/numpy/_core/tests/__pycache__/test_custom_dtypes.cpython-311.pyc
copying file /Users/jamie/Documents/Projects/python/py2app-error/.venv/lib/python3.11/site-packages/numpy/_core/tests/__pycache__/test_arraymethod.cpython-311.pyc -> /Users/jamie/Documents/Projects/python/py2app-error/dist/Timer.app/Contents/Resources/lib/python3.11/numpy/_core/tests/__pycache__/test_arraymethod.cpython-311.pyc
copying file /Users/jamie/Documents/Projects/python/py2app-error/.venv/lib/python3.11/site-packages/numpy/_core/tests/__pycache__/test_numeric.cpython-311.pyc -> /Users/jamie/Documents/Projects/python/py2app-error/dist/Timer.app/Contents/Resources/lib/python3.11/numpy/_core/tests/__pycache__/test_numeric.cpython-311.pyc
copying file /Users/jamie/Documents/Projects/python/py2app-error/.venv/lib/python3.11/site-packages/numpy/_core/tests/__pycache__/test_scalarmath.cpython-311.pyc -> /Users/jamie/Documents/Projects/python/py2app-error/dist/Timer.app/Contents/Resources/lib/python3.11/numpy/_core/tests/__pycache__/test_scalarmath.cpython-311.pyc
copying file /Users/jamie/Documents/Projects/python/py2app-error/.venv/lib/python3.11/site-packages/numpy/_core/tests/__pycache__/test_print.cpython-311.pyc -> /Users/jamie/Documents/Projects/python/py2app-error/dist/Timer.app/Contents/Resources/lib/python3.11/numpy/_core/tests/__pycache__/test_print.cpython-311.pyc
copying file /Users/jamie/Documents/Projects/python/py2app-error/.venv/lib/python3.11/site-packages/numpy/_core/tests/__pycache__/test_records.cpython-311.pyc -> /Users/jamie/Documents/Projects/python/py2app-error/dist/Timer.app/Contents/Resources/lib/python3.11/numpy/_core/tests/__pycache__/test_records.cpython-311.pyc
copying file /Users/jamie/Documents/Projects/python/py2app-error/.venv/lib/python3.11/site-packages/numpy/_core/tests/__pycache__/test_casting_floatingpoint_errors.cpython-311.pyc -> /Users/jamie/Documents/Projects/python/py2app-error/dist/Timer.app/Contents/Resources/lib/python3.11/numpy/_core/tests/__pycache__/test_casting_floatingpoint_errors.cpython-311.pyc
copying file /Users/jamie/Documents/Projects/python/py2app-error/.venv/lib/python3.11/site-packages/numpy/_core/tests/__pycache__/test_indexerrors.cpython-311.pyc -> /Users/jamie/Documents/Projects/python/py2app-error/dist/Timer.app/Contents/Resources/lib/python3.11/numpy/_core/tests/__pycache__/test_indexerrors.cpython-311.pyc
copying file /Users/jamie/Documents/Projects/python/py2app-error/.venv/lib/python3.11/site-packages/numpy/_core/tests/__pycache__/test_dtype.cpython-311.pyc -> /Users/jamie/Documents/Projects/python/py2app-error/dist/Timer.app/Contents/Resources/lib/python3.11/numpy/_core/tests/__pycache__/test_dtype.cpython-311.pyc
copying file /Users/jamie/Documents/Projects/python/py2app-error/.venv/lib/python3.11/site-packages/numpy/_core/tests/__pycache__/test_umath_complex.cpython-311.pyc -> /Users/jamie/Documents/Projects/python/py2app-error/dist/Timer.app/Contents/Resources/lib/python3.11/numpy/_core/tests/__pycache__/test_umath_complex.cpython-311.pyc
copying file /Users/jamie/Documents/Projects/python/py2app-error/.venv/lib/python3.11/site-packages/numpy/_core/tests/__pycache__/test_scalarinherit.cpython-311.pyc -> /Users/jamie/Documents/Projects/python/py2app-error/dist/Timer.app/Contents/Resources/lib/python3.11/numpy/_core/tests/__pycache__/test_scalarinherit.cpython-311.pyc
copying file /Users/jamie/Documents/Projects/python/py2app-error/.venv/lib/python3.11/site-packages/numpy/_core/tests/__pycache__/test_datetime.cpython-311.pyc -> /Users/jamie/Documents/Projects/python/py2app-error/dist/Timer.app/Contents/Resources/lib/python3.11/numpy/_core/tests/__pycache__/test_datetime.cpython-311.pyc
copying file /Users/jamie/Documents/Projects/python/py2app-error/.venv/lib/python3.11/site-packages/numpy/_core/tests/__pycache__/test__exceptions.cpython-311.pyc -> /Users/jamie/Documents/Projects/python/py2app-error/dist/Timer.app/Contents/Resources/lib/python3.11/numpy/_core/tests/__pycache__/test__exceptions.cpython-311.pyc
copying file /Users/jamie/Documents/Projects/python/py2app-error/.venv/lib/python3.11/site-packages/numpy/_core/tests/__pycache__/test_conversion_utils.cpython-311.pyc -> /Users/jamie/Documents/Projects/python/py2app-error/dist/Timer.app/Contents/Resources/lib/python3.11/numpy/_core/tests/__pycache__/test_conversion_utils.cpython-311.pyc
copying file /Users/jamie/Documents/Projects/python/py2app-error/.venv/lib/python3.11/site-packages/numpy/_core/tests/__pycache__/test_errstate.cpython-311.pyc -> /Users/jamie/Documents/Projects/python/py2app-error/dist/Timer.app/Contents/Resources/lib/python3.11/numpy/_core/tests/__pycache__/test_errstate.cpython-311.pyc
copying file /Users/jamie/Documents/Projects/python/py2app-error/.venv/lib/python3.11/site-packages/numpy/_core/tests/__pycache__/test_half.cpython-311.pyc -> /Users/jamie/Documents/Projects/python/py2app-error/dist/Timer.app/Contents/Resources/lib/python3.11/numpy/_core/tests/__pycache__/test_half.cpython-311.pyc
copying file /Users/jamie/Documents/Projects/python/py2app-error/.venv/lib/python3.11/site-packages/numpy/_core/tests/__pycache__/test_simd_module.cpython-311.pyc -> /Users/jamie/Documents/Projects/python/py2app-error/dist/Timer.app/Contents/Resources/lib/python3.11/numpy/_core/tests/__pycache__/test_simd_module.cpython-311.pyc
copying file /Users/jamie/Documents/Projects/python/py2app-error/.venv/lib/python3.11/site-packages/numpy/_core/tests/__pycache__/test_multiarray.cpython-311.pyc -> /Users/jamie/Documents/Projects/python/py2app-error/dist/Timer.app/Contents/Resources/lib/python3.11/numpy/_core/tests/__pycache__/test_multiarray.cpython-311.pyc
copying file /Users/jamie/Documents/Projects/python/py2app-error/.venv/lib/python3.11/site-packages/numpy/_core/tests/__pycache__/test_abc.cpython-311.pyc -> /Users/jamie/Documents/Projects/python/py2app-error/dist/Timer.app/Contents/Resources/lib/python3.11/numpy/_core/tests/__pycache__/test_abc.cpython-311.pyc
copying file /Users/jamie/Documents/Projects/python/py2app-error/.venv/lib/python3.11/site-packages/numpy/_core/tests/__pycache__/test_unicode.cpython-311.pyc -> /Users/jamie/Documents/Projects/python/py2app-error/dist/Timer.app/Contents/Resources/lib/python3.11/numpy/_core/tests/__pycache__/test_unicode.cpython-311.pyc
copying file /Users/jamie/Documents/Projects/python/py2app-error/.venv/lib/python3.11/site-packages/numpy/_core/tests/__pycache__/test_function_base.cpython-311.pyc -> /Users/jamie/Documents/Projects/python/py2app-error/dist/Timer.app/Contents/Resources/lib/python3.11/numpy/_core/tests/__pycache__/test_function_base.cpython-311.pyc
copying file /Users/jamie/Documents/Projects/python/py2app-error/.venv/lib/python3.11/site-packages/numpy/_core/tests/__pycache__/test_arrayprint.cpython-311.pyc -> /Users/jamie/Documents/Projects/python/py2app-error/dist/Timer.app/Contents/Resources/lib/python3.11/numpy/_core/tests/__pycache__/test_arrayprint.cpython-311.pyc
copying file /Users/jamie/Documents/Projects/python/py2app-error/.venv/lib/python3.11/site-packages/numpy/_core/tests/__pycache__/test_stringdtype.cpython-311.pyc -> /Users/jamie/Documents/Projects/python/py2app-error/dist/Timer.app/Contents/Resources/lib/python3.11/numpy/_core/tests/__pycache__/test_stringdtype.cpython-311.pyc
copying file /Users/jamie/Documents/Projects/python/py2app-error/.venv/lib/python3.11/site-packages/numpy/_core/tests/__pycache__/test_overrides.cpython-311.pyc -> /Users/jamie/Documents/Projects/python/py2app-error/dist/Timer.app/Contents/Resources/lib/python3.11/numpy/_core/tests/__pycache__/test_overrides.cpython-311.pyc
copying file /Users/jamie/Documents/Projects/python/py2app-error/.venv/lib/python3.11/site-packages/numpy/_core/tests/__pycache__/_natype.cpython-311.pyc -> /Users/jamie/Documents/Projects/python/py2app-error/dist/Timer.app/Contents/Resources/lib/python3.11/numpy/_core/tests/__pycache__/_natype.cpython-311.pyc
copying file /Users/jamie/Documents/Projects/python/py2app-error/.venv/lib/python3.11/site-packages/numpy/_core/tests/__pycache__/test_umath_accuracy.cpython-311.pyc -> /Users/jamie/Documents/Projects/python/py2app-error/dist/Timer.app/Contents/Resources/lib/python3.11/numpy/_core/tests/__pycache__/test_umath_accuracy.cpython-311.pyc
copying file /Users/jamie/Documents/Projects/python/py2app-error/.venv/lib/python3.11/site-packages/numpy/_core/tests/__pycache__/test_array_interface.cpython-311.pyc -> /Users/jamie/Documents/Projects/python/py2app-error/dist/Timer.app/Contents/Resources/lib/python3.11/numpy/_core/tests/__pycache__/test_array_interface.cpython-311.pyc
copying file /Users/jamie/Documents/Projects/python/py2app-error/.venv/lib/python3.11/site-packages/numpy/_core/tests/__pycache__/test_longdouble.cpython-311.pyc -> /Users/jamie/Documents/Projects/python/py2app-error/dist/Timer.app/Contents/Resources/lib/python3.11/numpy/_core/tests/__pycache__/test_longdouble.cpython-311.pyc
copying file /Users/jamie/Documents/Projects/python/py2app-error/.venv/lib/python3.11/site-packages/numpy/_core/tests/__pycache__/test_arrayobject.cpython-311.pyc -> /Users/jamie/Documents/Projects/python/py2app-error/dist/Timer.app/Contents/Resources/lib/python3.11/numpy/_core/tests/__pycache__/test_arrayobject.cpython-311.pyc
copying file /Users/jamie/Documents/Projects/python/py2app-error/.venv/lib/python3.11/site-packages/numpy/_core/tests/__pycache__/test_dlpack.cpython-311.pyc -> /Users/jamie/Documents/Projects/python/py2app-error/dist/Timer.app/Contents/Resources/lib/python3.11/numpy/_core/tests/__pycache__/test_dlpack.cpython-311.pyc
copying file /Users/jamie/Documents/Projects/python/py2app-error/.venv/lib/python3.11/site-packages/numpy/_core/tests/__pycache__/test_item_selection.cpython-311.pyc -> /Users/jamie/Documents/Projects/python/py2app-error/dist/Timer.app/Contents/Resources/lib/python3.11/numpy/_core/tests/__pycache__/test_item_selection.cpython-311.pyc
copying file /Users/jamie/Documents/Projects/python/py2app-error/.venv/lib/python3.11/site-packages/numpy/_core/tests/__pycache__/test_ufunc.cpython-311.pyc -> /Users/jamie/Documents/Projects/python/py2app-error/dist/Timer.app/Contents/Resources/lib/python3.11/numpy/_core/tests/__pycache__/test_ufunc.cpython-311.pyc
copying file /Users/jamie/Documents/Projects/python/py2app-error/.venv/lib/python3.11/site-packages/numpy/_core/tests/__pycache__/test_umath.cpython-311.pyc -> /Users/jamie/Documents/Projects/python/py2app-error/dist/Timer.app/Contents/Resources/lib/python3.11/numpy/_core/tests/__pycache__/test_umath.cpython-311.pyc
copying file /Users/jamie/Documents/Projects/python/py2app-error/.venv/lib/python3.11/site-packages/numpy/_core/tests/__pycache__/test_hashtable.cpython-311.pyc -> /Users/jamie/Documents/Projects/python/py2app-error/dist/Timer.app/Contents/Resources/lib/python3.11/numpy/_core/tests/__pycache__/test_hashtable.cpython-311.pyc
copying file /Users/jamie/Documents/Projects/python/py2app-error/.venv/lib/python3.11/site-packages/numpy/_core/tests/__pycache__/test_api.cpython-311.pyc -> /Users/jamie/Documents/Projects/python/py2app-error/dist/Timer.app/Contents/Resources/lib/python3.11/numpy/_core/tests/__pycache__/test_api.cpython-311.pyc
copying file /Users/jamie/Documents/Projects/python/py2app-error/.venv/lib/python3.11/site-packages/numpy/_core/tests/__pycache__/test_shape_base.cpython-311.pyc -> /Users/jamie/Documents/Projects/python/py2app-error/dist/Timer.app/Contents/Resources/lib/python3.11/numpy/_core/tests/__pycache__/test_shape_base.cpython-311.pyc
copying file /Users/jamie/Documents/Projects/python/py2app-error/.venv/lib/python3.11/site-packages/numpy/_core/tests/__pycache__/test_mem_overlap.cpython-311.pyc -> /Users/jamie/Documents/Projects/python/py2app-error/dist/Timer.app/Contents/Resources/lib/python3.11/numpy/_core/tests/__pycache__/test_mem_overlap.cpython-311.pyc
copying file /Users/jamie/Documents/Projects/python/py2app-error/.venv/lib/python3.11/site-packages/numpy/_core/tests/__pycache__/test_extint128.cpython-311.pyc -> /Users/jamie/Documents/Projects/python/py2app-error/dist/Timer.app/Contents/Resources/lib/python3.11/numpy/_core/tests/__pycache__/test_extint128.cpython-311.pyc
copying file /Users/jamie/Documents/Projects/python/py2app-error/.venv/lib/python3.11/site-packages/numpy/_core/tests/__pycache__/test_memmap.cpython-311.pyc -> /Users/jamie/Documents/Projects/python/py2app-error/dist/Timer.app/Contents/Resources/lib/python3.11/numpy/_core/tests/__pycache__/test_memmap.cpython-311.pyc
copying file /Users/jamie/Documents/Projects/python/py2app-error/.venv/lib/python3.11/site-packages/numpy/_core/tests/__pycache__/test_casting_unittests.cpython-311.pyc -> /Users/jamie/Documents/Projects/python/py2app-error/dist/Timer.app/Contents/Resources/lib/python3.11/numpy/_core/tests/__pycache__/test_casting_unittests.cpython-311.pyc
copying file /Users/jamie/Documents/Projects/python/py2app-error/.venv/lib/python3.11/site-packages/numpy/_core/tests/__pycache__/test_nep50_promotions.cpython-311.pyc -> /Users/jamie/Documents/Projects/python/py2app-error/dist/Timer.app/Contents/Resources/lib/python3.11/numpy/_core/tests/__pycache__/test_nep50_promotions.cpython-311.pyc
copying file /Users/jamie/Documents/Projects/python/py2app-error/.venv/lib/python3.11/site-packages/numpy/_core/tests/__pycache__/__init__.cpython-311.pyc -> /Users/jamie/Documents/Projects/python/py2app-error/dist/Timer.app/Contents/Resources/lib/python3.11/numpy/_core/tests/__pycache__/__init__.cpython-311.pyc
copying file /Users/jamie/Documents/Projects/python/py2app-error/.venv/lib/python3.11/site-packages/numpy/_core/tests/__pycache__/test_numerictypes.cpython-311.pyc -> /Users/jamie/Documents/Projects/python/py2app-error/dist/Timer.app/Contents/Resources/lib/python3.11/numpy/_core/tests/__pycache__/test_numerictypes.cpython-311.pyc
copying file /Users/jamie/Documents/Projects/python/py2app-error/.venv/lib/python3.11/site-packages/numpy/_core/tests/__pycache__/test_limited_api.cpython-311.pyc -> /Users/jamie/Documents/Projects/python/py2app-error/dist/Timer.app/Contents/Resources/lib/python3.11/numpy/_core/tests/__pycache__/test_limited_api.cpython-311.pyc
copying file /Users/jamie/Documents/Projects/python/py2app-error/.venv/lib/python3.11/site-packages/numpy/_core/tests/__pycache__/test_scalar_methods.cpython-311.pyc -> /Users/jamie/Documents/Projects/python/py2app-error/dist/Timer.app/Contents/Resources/lib/python3.11/numpy/_core/tests/__pycache__/test_scalar_methods.cpython-311.pyc
copying file /Users/jamie/Documents/Projects/python/py2app-error/.venv/lib/python3.11/site-packages/numpy/_core/tests/__pycache__/test_cpu_features.cpython-311.pyc -> /Users/jamie/Documents/Projects/python/py2app-error/dist/Timer.app/Contents/Resources/lib/python3.11/numpy/_core/tests/__pycache__/test_cpu_features.cpython-311.pyc
copying file /Users/jamie/Documents/Projects/python/py2app-error/.venv/lib/python3.11/site-packages/numpy/_core/tests/test_mem_policy.py -> /Users/jamie/Documents/Projects/python/py2app-error/dist/Timer.app/Contents/Resources/lib/python3.11/numpy/_core/tests/test_mem_policy.py
copying file /Users/jamie/Documents/Projects/python/py2app-error/.venv/lib/python3.11/site-packages/numpy/_core/tests/test_simd.py -> /Users/jamie/Documents/Projects/python/py2app-error/dist/Timer.app/Contents/Resources/lib/python3.11/numpy/_core/tests/test_simd.py
copying file /Users/jamie/Documents/Projects/python/py2app-error/.venv/lib/python3.11/site-packages/numpy/_core/tests/test_scalarinherit.py -> /Users/jamie/Documents/Projects/python/py2app-error/dist/Timer.app/Contents/Resources/lib/python3.11/numpy/_core/tests/test_scalarinherit.py
copying file /Users/jamie/Documents/Projects/python/py2app-error/.venv/lib/python3.11/site-packages/numpy/_core/tests/test_indexing.py -> /Users/jamie/Documents/Projects/python/py2app-error/dist/Timer.app/Contents/Resources/lib/python3.11/numpy/_core/tests/test_indexing.py
copying file /Users/jamie/Documents/Projects/python/py2app-error/.venv/lib/python3.11/site-packages/numpy/_core/tests/test_umath.py -> /Users/jamie/Documents/Projects/python/py2app-error/dist/Timer.app/Contents/Resources/lib/python3.11/numpy/_core/tests/test_umath.py
copying file /Users/jamie/Documents/Projects/python/py2app-error/.venv/lib/python3.11/site-packages/numpy/_core/tests/test_numeric.py -> /Users/jamie/Documents/Projects/python/py2app-error/dist/Timer.app/Contents/Resources/lib/python3.11/numpy/_core/tests/test_numeric.py
copying file /Users/jamie/Documents/Projects/python/py2app-error/.venv/lib/python3.11/site-packages/numpy/_core/tests/test_function_base.py -> /Users/jamie/Documents/Projects/python/py2app-error/dist/Timer.app/Contents/Resources/lib/python3.11/numpy/_core/tests/test_function_base.py
copying file /Users/jamie/Documents/Projects/python/py2app-error/.venv/lib/python3.11/site-packages/numpy/_core/tests/test_datetime.py -> /Users/jamie/Documents/Projects/python/py2app-error/dist/Timer.app/Contents/Resources/lib/python3.11/numpy/_core/tests/test_datetime.py
copying file /Users/jamie/Documents/Projects/python/py2app-error/.venv/lib/python3.11/site-packages/numpy/_core/tests/test__exceptions.py -> /Users/jamie/Documents/Projects/python/py2app-error/dist/Timer.app/Contents/Resources/lib/python3.11/numpy/_core/tests/test__exceptions.py
copying file /Users/jamie/Documents/Projects/python/py2app-error/.venv/lib/python3.11/site-packages/numpy/_core/tests/test_extint128.py -> /Users/jamie/Documents/Projects/python/py2app-error/dist/Timer.app/Contents/Resources/lib/python3.11/numpy/_core/tests/test_extint128.py
copying file /Users/jamie/Documents/Projects/python/py2app-error/.venv/lib/python3.11/site-packages/numpy/_core/tests/test_cython.py -> /Users/jamie/Documents/Projects/python/py2app-error/dist/Timer.app/Contents/Resources/lib/python3.11/numpy/_core/tests/test_cython.py
copying file /Users/jamie/Documents/Projects/python/py2app-error/.venv/lib/python3.11/site-packages/numpy/_core/tests/test_umath_complex.py -> /Users/jamie/Documents/Projects/python/py2app-error/dist/Timer.app/Contents/Resources/lib/python3.11/numpy/_core/tests/test_umath_complex.py
copying file /Users/jamie/Documents/Projects/python/py2app-error/.venv/lib/python3.11/site-packages/numpy/_core/tests/_locales.py -> /Users/jamie/Documents/Projects/python/py2app-error/dist/Timer.app/Contents/Resources/lib/python3.11/numpy/_core/tests/_locales.py
creating /Users/jamie/Documents/Projects/python/py2app-error/dist/Timer.app/Contents/Resources/lib/python3.11/numpy/_core/tests/examples
creating /Users/jamie/Documents/Projects/python/py2app-error/dist/Timer.app/Contents/Resources/lib/python3.11/numpy/_core/tests/examples/cython
creating /Users/jamie/Documents/Projects/python/py2app-error/dist/Timer.app/Contents/Resources/lib/python3.11/numpy/_core/tests/examples/cython/__pycache__
copying file /Users/jamie/Documents/Projects/python/py2app-error/.venv/lib/python3.11/site-packages/numpy/_core/tests/examples/cython/__pycache__/setup.cpython-311.pyc -> /Users/jamie/Documents/Projects/python/py2app-error/dist/Timer.app/Contents/Resources/lib/python3.11/numpy/_core/tests/examples/cython/__pycache__/setup.cpython-311.pyc
copying file /Users/jamie/Documents/Projects/python/py2app-error/.venv/lib/python3.11/site-packages/numpy/_core/tests/examples/cython/meson.build -> /Users/jamie/Documents/Projects/python/py2app-error/dist/Timer.app/Contents/Resources/lib/python3.11/numpy/_core/tests/examples/cython/meson.build
copying file /Users/jamie/Documents/Projects/python/py2app-error/.venv/lib/python3.11/site-packages/numpy/_core/tests/examples/cython/setup.py -> /Users/jamie/Documents/Projects/python/py2app-error/dist/Timer.app/Contents/Resources/lib/python3.11/numpy/_core/tests/examples/cython/setup.py
copying file /Users/jamie/Documents/Projects/python/py2app-error/.venv/lib/python3.11/site-packages/numpy/_core/tests/examples/cython/checks.pyx -> /Users/jamie/Documents/Projects/python/py2app-error/dist/Timer.app/Contents/Resources/lib/python3.11/numpy/_core/tests/examples/cython/checks.pyx
creating /Users/jamie/Documents/Projects/python/py2app-error/dist/Timer.app/Contents/Resources/lib/python3.11/numpy/_core/tests/examples/limited_api
copying file /Users/jamie/Documents/Projects/python/py2app-error/.venv/lib/python3.11/site-packages/numpy/_core/tests/examples/limited_api/limited_api2.pyx -> /Users/jamie/Documents/Projects/python/py2app-error/dist/Timer.app/Contents/Resources/lib/python3.11/numpy/_core/tests/examples/limited_api/limited_api2.pyx
creating /Users/jamie/Documents/Projects/python/py2app-error/dist/Timer.app/Contents/Resources/lib/python3.11/numpy/_core/tests/examples/limited_api/__pycache__
copying file /Users/jamie/Documents/Projects/python/py2app-error/.venv/lib/python3.11/site-packages/numpy/_core/tests/examples/limited_api/__pycache__/setup.cpython-311.pyc -> /Users/jamie/Documents/Projects/python/py2app-error/dist/Timer.app/Contents/Resources/lib/python3.11/numpy/_core/tests/examples/limited_api/__pycache__/setup.cpython-311.pyc
copying file /Users/jamie/Documents/Projects/python/py2app-error/.venv/lib/python3.11/site-packages/numpy/_core/tests/examples/limited_api/meson.build -> /Users/jamie/Documents/Projects/python/py2app-error/dist/Timer.app/Contents/Resources/lib/python3.11/numpy/_core/tests/examples/limited_api/meson.build
copying file /Users/jamie/Documents/Projects/python/py2app-error/.venv/lib/python3.11/site-packages/numpy/_core/tests/examples/limited_api/limited_api1.c -> /Users/jamie/Documents/Projects/python/py2app-error/dist/Timer.app/Contents/Resources/lib/python3.11/numpy/_core/tests/examples/limited_api/limited_api1.c
copying file /Users/jamie/Documents/Projects/python/py2app-error/.venv/lib/python3.11/site-packages/numpy/_core/tests/examples/limited_api/setup.py -> /Users/jamie/Documents/Projects/python/py2app-error/dist/Timer.app/Contents/Resources/lib/python3.11/numpy/_core/tests/examples/limited_api/setup.py
copying file /Users/jamie/Documents/Projects/python/py2app-error/.venv/lib/python3.11/site-packages/numpy/_core/tests/examples/limited_api/limited_api_latest.c -> /Users/jamie/Documents/Projects/python/py2app-error/dist/Timer.app/Contents/Resources/lib/python3.11/numpy/_core/tests/examples/limited_api/limited_api_latest.c
copying file /Users/jamie/Documents/Projects/python/py2app-error/.venv/lib/python3.11/site-packages/numpy/_core/tests/test_custom_dtypes.py -> /Users/jamie/Documents/Projects/python/py2app-error/dist/Timer.app/Contents/Resources/lib/python3.11/numpy/_core/tests/test_custom_dtypes.py
copying file /Users/jamie/Documents/Projects/python/py2app-error/.venv/lib/python3.11/site-packages/numpy/_core/tests/test_defchararray.py -> /Users/jamie/Documents/Projects/python/py2app-error/dist/Timer.app/Contents/Resources/lib/python3.11/numpy/_core/tests/test_defchararray.py
copying file /Users/jamie/Documents/Projects/python/py2app-error/.venv/lib/python3.11/site-packages/numpy/_core/tests/test_conversion_utils.py -> /Users/jamie/Documents/Projects/python/py2app-error/dist/Timer.app/Contents/Resources/lib/python3.11/numpy/_core/tests/test_conversion_utils.py
copying file /Users/jamie/Documents/Projects/python/py2app-error/.venv/lib/python3.11/site-packages/numpy/_core/tests/test_arrayobject.py -> /Users/jamie/Documents/Projects/python/py2app-error/dist/Timer.app/Contents/Resources/lib/python3.11/numpy/_core/tests/test_arrayobject.py
copying file /Users/jamie/Documents/Projects/python/py2app-error/.venv/lib/python3.11/site-packages/numpy/_core/tests/test_scalarprint.py -> /Users/jamie/Documents/Projects/python/py2app-error/dist/Timer.app/Contents/Resources/lib/python3.11/numpy/_core/tests/test_scalarprint.py
copying file /Users/jamie/Documents/Projects/python/py2app-error/.venv/lib/python3.11/site-packages/numpy/_core/tests/test_casting_unittests.py -> /Users/jamie/Documents/Projects/python/py2app-error/dist/Timer.app/Contents/Resources/lib/python3.11/numpy/_core/tests/test_casting_unittests.py
copying file /Users/jamie/Documents/Projects/python/py2app-error/.venv/lib/python3.11/site-packages/numpy/_core/tests/test_abc.py -> /Users/jamie/Documents/Projects/python/py2app-error/dist/Timer.app/Contents/Resources/lib/python3.11/numpy/_core/tests/test_abc.py
copying file /Users/jamie/Documents/Projects/python/py2app-error/.venv/lib/python3.11/site-packages/numpy/_core/tests/test_ufunc.py -> /Users/jamie/Documents/Projects/python/py2app-error/dist/Timer.app/Contents/Resources/lib/python3.11/numpy/_core/tests/test_ufunc.py
copying file /Users/jamie/Documents/Projects/python/py2app-error/.venv/lib/python3.11/site-packages/numpy/_core/tests/test_dtype.py -> /Users/jamie/Documents/Projects/python/py2app-error/dist/Timer.app/Contents/Resources/lib/python3.11/numpy/_core/tests/test_dtype.py
copying file /Users/jamie/Documents/Projects/python/py2app-error/.venv/lib/python3.11/site-packages/numpy/_core/tests/test_umath_accuracy.py -> /Users/jamie/Documents/Projects/python/py2app-error/dist/Timer.app/Contents/Resources/lib/python3.11/numpy/_core/tests/test_umath_accuracy.py
copying file /Users/jamie/Documents/Projects/python/py2app-error/.venv/lib/python3.11/site-packages/numpy/_core/tests/test_simd_module.py -> /Users/jamie/Documents/Projects/python/py2app-error/dist/Timer.app/Contents/Resources/lib/python3.11/numpy/_core/tests/test_simd_module.py
copying file /Users/jamie/Documents/Projects/python/py2app-error/.venv/lib/python3.11/site-packages/numpy/_core/tests/test_getlimits.py -> /Users/jamie/Documents/Projects/python/py2app-error/dist/Timer.app/Contents/Resources/lib/python3.11/numpy/_core/tests/test_getlimits.py
copying file /Users/jamie/Documents/Projects/python/py2app-error/.venv/lib/python3.11/site-packages/numpy/_core/tests/test_stringdtype.py -> /Users/jamie/Documents/Projects/python/py2app-error/dist/Timer.app/Contents/Resources/lib/python3.11/numpy/_core/tests/test_stringdtype.py
copying file /Users/jamie/Documents/Projects/python/py2app-error/.venv/lib/python3.11/site-packages/numpy/_core/tests/test_strings.py -> /Users/jamie/Documents/Projects/python/py2app-error/dist/Timer.app/Contents/Resources/lib/python3.11/numpy/_core/tests/test_strings.py
copying file /Users/jamie/Documents/Projects/python/py2app-error/.venv/lib/python3.11/site-packages/numpy/_core/tests/test_dlpack.py -> /Users/jamie/Documents/Projects/python/py2app-error/dist/Timer.app/Contents/Resources/lib/python3.11/numpy/_core/tests/test_dlpack.py
copying file /Users/jamie/Documents/Projects/python/py2app-error/.venv/lib/python3.11/site-packages/numpy/_core/tests/test_einsum.py -> /Users/jamie/Documents/Projects/python/py2app-error/dist/Timer.app/Contents/Resources/lib/python3.11/numpy/_core/tests/test_einsum.py
copying file /Users/jamie/Documents/Projects/python/py2app-error/.venv/lib/python3.11/site-packages/numpy/_core/tests/test_api.py -> /Users/jamie/Documents/Projects/python/py2app-error/dist/Timer.app/Contents/Resources/lib/python3.11/numpy/_core/tests/test_api.py
copying file /Users/jamie/Documents/Projects/python/py2app-error/.venv/lib/python3.11/site-packages/numpy/_core/tests/test_longdouble.py -> /Users/jamie/Documents/Projects/python/py2app-error/dist/Timer.app/Contents/Resources/lib/python3.11/numpy/_core/tests/test_longdouble.py
copying file /Users/jamie/Documents/Projects/python/py2app-error/.venv/lib/python3.11/site-packages/numpy/_core/tests/test_overrides.py -> /Users/jamie/Documents/Projects/python/py2app-error/dist/Timer.app/Contents/Resources/lib/python3.11/numpy/_core/tests/test_overrides.py
copying file /Users/jamie/Documents/Projects/python/py2app-error/.venv/lib/python3.11/site-packages/numpy/_core/tests/test_scalar_ctors.py -> /Users/jamie/Documents/Projects/python/py2app-error/dist/Timer.app/Contents/Resources/lib/python3.11/numpy/_core/tests/test_scalar_ctors.py
creating /Users/jamie/Documents/Projects/python/py2app-error/dist/Timer.app/Contents/Resources/lib/python3.11/numpy/_core/tests/data
copying file /Users/jamie/Documents/Projects/python/py2app-error/.venv/lib/python3.11/site-packages/numpy/_core/tests/data/umath-validation-set-log2.csv -> /Users/jamie/Documents/Projects/python/py2app-error/dist/Timer.app/Contents/Resources/lib/python3.11/numpy/_core/tests/data/umath-validation-set-log2.csv
copying file /Users/jamie/Documents/Projects/python/py2app-error/.venv/lib/python3.11/site-packages/numpy/_core/tests/data/umath-validation-set-arcsinh.csv -> /Users/jamie/Documents/Projects/python/py2app-error/dist/Timer.app/Contents/Resources/lib/python3.11/numpy/_core/tests/data/umath-validation-set-arcsinh.csv
copying file /Users/jamie/Documents/Projects/python/py2app-error/.venv/lib/python3.11/site-packages/numpy/_core/tests/data/umath-validation-set-arctanh.csv -> /Users/jamie/Documents/Projects/python/py2app-error/dist/Timer.app/Contents/Resources/lib/python3.11/numpy/_core/tests/data/umath-validation-set-arctanh.csv
copying file /Users/jamie/Documents/Projects/python/py2app-error/.venv/lib/python3.11/site-packages/numpy/_core/tests/data/umath-validation-set-sin.csv -> /Users/jamie/Documents/Projects/python/py2app-error/dist/Timer.app/Contents/Resources/lib/python3.11/numpy/_core/tests/data/umath-validation-set-sin.csv
copying file /Users/jamie/Documents/Projects/python/py2app-error/.venv/lib/python3.11/site-packages/numpy/_core/tests/data/umath-validation-set-cos.csv -> /Users/jamie/Documents/Projects/python/py2app-error/dist/Timer.app/Contents/Resources/lib/python3.11/numpy/_core/tests/data/umath-validation-set-cos.csv
copying file /Users/jamie/Documents/Projects/python/py2app-error/.venv/lib/python3.11/site-packages/numpy/_core/tests/data/umath-validation-set-cbrt.csv -> /Users/jamie/Documents/Projects/python/py2app-error/dist/Timer.app/Contents/Resources/lib/python3.11/numpy/_core/tests/data/umath-validation-set-cbrt.csv
copying file /Users/jamie/Documents/Projects/python/py2app-error/.venv/lib/python3.11/site-packages/numpy/_core/tests/data/generate_umath_validation_data.cpp -> /Users/jamie/Documents/Projects/python/py2app-error/dist/Timer.app/Contents/Resources/lib/python3.11/numpy/_core/tests/data/generate_umath_validation_data.cpp
copying file /Users/jamie/Documents/Projects/python/py2app-error/.venv/lib/python3.11/site-packages/numpy/_core/tests/data/umath-validation-set-arctan.csv -> /Users/jamie/Documents/Projects/python/py2app-error/dist/Timer.app/Contents/Resources/lib/python3.11/numpy/_core/tests/data/umath-validation-set-arctan.csv
copying file /Users/jamie/Documents/Projects/python/py2app-error/.venv/lib/python3.11/site-packages/numpy/_core/tests/data/umath-validation-set-cosh.csv -> /Users/jamie/Documents/Projects/python/py2app-error/dist/Timer.app/Contents/Resources/lib/python3.11/numpy/_core/tests/data/umath-validation-set-cosh.csv
copying file /Users/jamie/Documents/Projects/python/py2app-error/.venv/lib/python3.11/site-packages/numpy/_core/tests/data/umath-validation-set-README.txt -> /Users/jamie/Documents/Projects/python/py2app-error/dist/Timer.app/Contents/Resources/lib/python3.11/numpy/_core/tests/data/umath-validation-set-README.txt
copying file /Users/jamie/Documents/Projects/python/py2app-error/.venv/lib/python3.11/site-packages/numpy/_core/tests/data/umath-validation-set-expm1.csv -> /Users/jamie/Documents/Projects/python/py2app-error/dist/Timer.app/Contents/Resources/lib/python3.11/numpy/_core/tests/data/umath-validation-set-expm1.csv
copying file /Users/jamie/Documents/Projects/python/py2app-error/.venv/lib/python3.11/site-packages/numpy/_core/tests/data/recarray_from_file.fits -> /Users/jamie/Documents/Projects/python/py2app-error/dist/Timer.app/Contents/Resources/lib/python3.11/numpy/_core/tests/data/recarray_from_file.fits
copying file /Users/jamie/Documents/Projects/python/py2app-error/.venv/lib/python3.11/site-packages/numpy/_core/tests/data/umath-validation-set-sinh.csv -> /Users/jamie/Documents/Projects/python/py2app-error/dist/Timer.app/Contents/Resources/lib/python3.11/numpy/_core/tests/data/umath-validation-set-sinh.csv
copying file /Users/jamie/Documents/Projects/python/py2app-error/.venv/lib/python3.11/site-packages/numpy/_core/tests/data/umath-validation-set-tanh.csv -> /Users/jamie/Documents/Projects/python/py2app-error/dist/Timer.app/Contents/Resources/lib/python3.11/numpy/_core/tests/data/umath-validation-set-tanh.csv
copying file /Users/jamie/Documents/Projects/python/py2app-error/.venv/lib/python3.11/site-packages/numpy/_core/tests/data/umath-validation-set-log10.csv -> /Users/jamie/Documents/Projects/python/py2app-error/dist/Timer.app/Contents/Resources/lib/python3.11/numpy/_core/tests/data/umath-validation-set-log10.csv
copying file /Users/jamie/Documents/Projects/python/py2app-error/.venv/lib/python3.11/site-packages/numpy/_core/tests/data/umath-validation-set-arcsin.csv -> /Users/jamie/Documents/Projects/python/py2app-error/dist/Timer.app/Contents/Resources/lib/python3.11/numpy/_core/tests/data/umath-validation-set-arcsin.csv
copying file /Users/jamie/Documents/Projects/python/py2app-error/.venv/lib/python3.11/site-packages/numpy/_core/tests/data/umath-validation-set-arccos.csv -> /Users/jamie/Documents/Projects/python/py2app-error/dist/Timer.app/Contents/Resources/lib/python3.11/numpy/_core/tests/data/umath-validation-set-arccos.csv
copying file /Users/jamie/Documents/Projects/python/py2app-error/.venv/lib/python3.11/site-packages/numpy/_core/tests/data/umath-validation-set-log1p.csv -> /Users/jamie/Documents/Projects/python/py2app-error/dist/Timer.app/Contents/Resources/lib/python3.11/numpy/_core/tests/data/umath-validation-set-log1p.csv
copying file /Users/jamie/Documents/Projects/python/py2app-error/.venv/lib/python3.11/site-packages/numpy/_core/tests/data/umath-validation-set-log.csv -> /Users/jamie/Documents/Projects/python/py2app-error/dist/Timer.app/Contents/Resources/lib/python3.11/numpy/_core/tests/data/umath-validation-set-log.csv
copying file /Users/jamie/Documents/Projects/python/py2app-error/.venv/lib/python3.11/site-packages/numpy/_core/tests/data/umath-validation-set-exp2.csv -> /Users/jamie/Documents/Projects/python/py2app-error/dist/Timer.app/Contents/Resources/lib/python3.11/numpy/_core/tests/data/umath-validation-set-exp2.csv
copying file /Users/jamie/Documents/Projects/python/py2app-error/.venv/lib/python3.11/site-packages/numpy/_core/tests/data/umath-validation-set-arccosh.csv -> /Users/jamie/Documents/Projects/python/py2app-error/dist/Timer.app/Contents/Resources/lib/python3.11/numpy/_core/tests/data/umath-validation-set-arccosh.csv
copying file /Users/jamie/Documents/Projects/python/py2app-error/.venv/lib/python3.11/site-packages/numpy/_core/tests/data/umath-validation-set-tan.csv -> /Users/jamie/Documents/Projects/python/py2app-error/dist/Timer.app/Contents/Resources/lib/python3.11/numpy/_core/tests/data/umath-validation-set-tan.csv
copying file /Users/jamie/Documents/Projects/python/py2app-error/.venv/lib/python3.11/site-packages/numpy/_core/tests/data/umath-validation-set-exp.csv -> /Users/jamie/Documents/Projects/python/py2app-error/dist/Timer.app/Contents/Resources/lib/python3.11/numpy/_core/tests/data/umath-validation-set-exp.csv
copying file /Users/jamie/Documents/Projects/python/py2app-error/.venv/lib/python3.11/site-packages/numpy/_core/tests/data/astype_copy.pkl -> /Users/jamie/Documents/Projects/python/py2app-error/dist/Timer.app/Contents/Resources/lib/python3.11/numpy/_core/tests/data/astype_copy.pkl
copying file /Users/jamie/Documents/Projects/python/py2app-error/.venv/lib/python3.11/site-packages/numpy/_core/tests/test_multiarray.py -> /Users/jamie/Documents/Projects/python/py2app-error/dist/Timer.app/Contents/Resources/lib/python3.11/numpy/_core/tests/test_multiarray.py
copying file /Users/jamie/Documents/Projects/python/py2app-error/.venv/lib/python3.11/site-packages/numpy/_core/tests/test_memmap.py -> /Users/jamie/Documents/Projects/python/py2app-error/dist/Timer.app/Contents/Resources/lib/python3.11/numpy/_core/tests/test_memmap.py
copying file /Users/jamie/Documents/Projects/python/py2app-error/.venv/lib/python3.11/site-packages/numpy/_core/tests/test_nditer.py -> /Users/jamie/Documents/Projects/python/py2app-error/dist/Timer.app/Contents/Resources/lib/python3.11/numpy/_core/tests/test_nditer.py
copying file /Users/jamie/Documents/Projects/python/py2app-error/.venv/lib/python3.11/site-packages/numpy/_core/tests/test_cpu_features.py -> /Users/jamie/Documents/Projects/python/py2app-error/dist/Timer.app/Contents/Resources/lib/python3.11/numpy/_core/tests/test_cpu_features.py
copying file /Users/jamie/Documents/Projects/python/py2app-error/.venv/lib/python3.11/site-packages/numpy/_core/tests/test_protocols.py -> /Users/jamie/Documents/Projects/python/py2app-error/dist/Timer.app/Contents/Resources/lib/python3.11/numpy/_core/tests/test_protocols.py
copying file /Users/jamie/Documents/Projects/python/py2app-error/.venv/lib/python3.11/site-packages/numpy/_core/tests/test_argparse.py -> /Users/jamie/Documents/Projects/python/py2app-error/dist/Timer.app/Contents/Resources/lib/python3.11/numpy/_core/tests/test_argparse.py
copying file /Users/jamie/Documents/Projects/python/py2app-error/.venv/lib/python3.11/site-packages/numpy/_core/tests/test_regression.py -> /Users/jamie/Documents/Projects/python/py2app-error/dist/Timer.app/Contents/Resources/lib/python3.11/numpy/_core/tests/test_regression.py
copying file /Users/jamie/Documents/Projects/python/py2app-error/.venv/lib/python3.11/site-packages/numpy/_core/_add_newdocs_scalars.py -> /Users/jamie/Documents/Projects/python/py2app-error/dist/Timer.app/Contents/Resources/lib/python3.11/numpy/_core/_add_newdocs_scalars.py
copying file /Users/jamie/Documents/Projects/python/py2app-error/.venv/lib/python3.11/site-packages/numpy/_core/__init__.py -> /Users/jamie/Documents/Projects/python/py2app-error/dist/Timer.app/Contents/Resources/lib/python3.11/numpy/_core/__init__.py
copying file /Users/jamie/Documents/Projects/python/py2app-error/.venv/lib/python3.11/site-packages/numpy/_core/_machar.py -> /Users/jamie/Documents/Projects/python/py2app-error/dist/Timer.app/Contents/Resources/lib/python3.11/numpy/_core/_machar.py
copying file /Users/jamie/Documents/Projects/python/py2app-error/.venv/lib/python3.11/site-packages/numpy/_core/memmap.py -> /Users/jamie/Documents/Projects/python/py2app-error/dist/Timer.app/Contents/Resources/lib/python3.11/numpy/_core/memmap.py
copying file /Users/jamie/Documents/Projects/python/py2app-error/.venv/lib/python3.11/site-packages/numpy/_core/overrides.py -> /Users/jamie/Documents/Projects/python/py2app-error/dist/Timer.app/Contents/Resources/lib/python3.11/numpy/_core/overrides.py
copying file /Users/jamie/Documents/Projects/python/py2app-error/.venv/lib/python3.11/site-packages/numpy/_core/getlimits.py -> /Users/jamie/Documents/Projects/python/py2app-error/dist/Timer.app/Contents/Resources/lib/python3.11/numpy/_core/getlimits.py
copying file /Users/jamie/Documents/Projects/python/py2app-error/.venv/lib/python3.11/site-packages/numpy/_core/_dtype_ctypes.py -> /Users/jamie/Documents/Projects/python/py2app-error/dist/Timer.app/Contents/Resources/lib/python3.11/numpy/_core/_dtype_ctypes.py
copying file /Users/jamie/Documents/Projects/python/py2app-error/.venv/lib/python3.11/site-packages/numpy/_core/defchararray.py -> /Users/jamie/Documents/Projects/python/py2app-error/dist/Timer.app/Contents/Resources/lib/python3.11/numpy/_core/defchararray.py
creating /Users/jamie/Documents/Projects/python/py2app-error/dist/Timer.app/Contents/Resources/lib/python3.11/numpy/_core/__pycache__
copying file /Users/jamie/Documents/Projects/python/py2app-error/.venv/lib/python3.11/site-packages/numpy/_core/__pycache__/overrides.cpython-311.pyc -> /Users/jamie/Documents/Projects/python/py2app-error/dist/Timer.app/Contents/Resources/lib/python3.11/numpy/_core/__pycache__/overrides.cpython-311.pyc
copying file /Users/jamie/Documents/Projects/python/py2app-error/.venv/lib/python3.11/site-packages/numpy/_core/__pycache__/_ufunc_config.cpython-311.pyc -> /Users/jamie/Documents/Projects/python/py2app-error/dist/Timer.app/Contents/Resources/lib/python3.11/numpy/_core/__pycache__/_ufunc_config.cpython-311.pyc
copying file /Users/jamie/Documents/Projects/python/py2app-error/.venv/lib/python3.11/site-packages/numpy/_core/__pycache__/umath.cpython-311.pyc -> /Users/jamie/Documents/Projects/python/py2app-error/dist/Timer.app/Contents/Resources/lib/python3.11/numpy/_core/__pycache__/umath.cpython-311.pyc
copying file /Users/jamie/Documents/Projects/python/py2app-error/.venv/lib/python3.11/site-packages/numpy/_core/__pycache__/_asarray.cpython-311.pyc -> /Users/jamie/Documents/Projects/python/py2app-error/dist/Timer.app/Contents/Resources/lib/python3.11/numpy/_core/__pycache__/_asarray.cpython-311.pyc
copying file /Users/jamie/Documents/Projects/python/py2app-error/.venv/lib/python3.11/site-packages/numpy/_core/__pycache__/_add_newdocs.cpython-311.pyc -> /Users/jamie/Documents/Projects/python/py2app-error/dist/Timer.app/Contents/Resources/lib/python3.11/numpy/_core/__pycache__/_add_newdocs.cpython-311.pyc
copying file /Users/jamie/Documents/Projects/python/py2app-error/.venv/lib/python3.11/site-packages/numpy/_core/__pycache__/einsumfunc.cpython-311.pyc -> /Users/jamie/Documents/Projects/python/py2app-error/dist/Timer.app/Contents/Resources/lib/python3.11/numpy/_core/__pycache__/einsumfunc.cpython-311.pyc
copying file /Users/jamie/Documents/Projects/python/py2app-error/.venv/lib/python3.11/site-packages/numpy/_core/__pycache__/_methods.cpython-311.pyc -> /Users/jamie/Documents/Projects/python/py2app-error/dist/Timer.app/Contents/Resources/lib/python3.11/numpy/_core/__pycache__/_methods.cpython-311.pyc
copying file /Users/jamie/Documents/Projects/python/py2app-error/.venv/lib/python3.11/site-packages/numpy/_core/__pycache__/numerictypes.cpython-311.pyc -> /Users/jamie/Documents/Projects/python/py2app-error/dist/Timer.app/Contents/Resources/lib/python3.11/numpy/_core/__pycache__/numerictypes.cpython-311.pyc
copying file /Users/jamie/Documents/Projects/python/py2app-error/.venv/lib/python3.11/site-packages/numpy/_core/__pycache__/_internal.cpython-311.pyc -> /Users/jamie/Documents/Projects/python/py2app-error/dist/Timer.app/Contents/Resources/lib/python3.11/numpy/_core/__pycache__/_internal.cpython-311.pyc
copying file /Users/jamie/Documents/Projects/python/py2app-error/.venv/lib/python3.11/site-packages/numpy/_core/__pycache__/function_base.cpython-311.pyc -> /Users/jamie/Documents/Projects/python/py2app-error/dist/Timer.app/Contents/Resources/lib/python3.11/numpy/_core/__pycache__/function_base.cpython-311.pyc
copying file /Users/jamie/Documents/Projects/python/py2app-error/.venv/lib/python3.11/site-packages/numpy/_core/__pycache__/_dtype.cpython-311.pyc -> /Users/jamie/Documents/Projects/python/py2app-error/dist/Timer.app/Contents/Resources/lib/python3.11/numpy/_core/__pycache__/_dtype.cpython-311.pyc
copying file /Users/jamie/Documents/Projects/python/py2app-error/.venv/lib/python3.11/site-packages/numpy/_core/__pycache__/_type_aliases.cpython-311.pyc -> /Users/jamie/Documents/Projects/python/py2app-error/dist/Timer.app/Contents/Resources/lib/python3.11/numpy/_core/__pycache__/_type_aliases.cpython-311.pyc
copying file /Users/jamie/Documents/Projects/python/py2app-error/.venv/lib/python3.11/site-packages/numpy/_core/__pycache__/_machar.cpython-311.pyc -> /Users/jamie/Documents/Projects/python/py2app-error/dist/Timer.app/Contents/Resources/lib/python3.11/numpy/_core/__pycache__/_machar.cpython-311.pyc
copying file /Users/jamie/Documents/Projects/python/py2app-error/.venv/lib/python3.11/site-packages/numpy/_core/__pycache__/_exceptions.cpython-311.pyc -> /Users/jamie/Documents/Projects/python/py2app-error/dist/Timer.app/Contents/Resources/lib/python3.11/numpy/_core/__pycache__/_exceptions.cpython-311.pyc
copying file /Users/jamie/Documents/Projects/python/py2app-error/.venv/lib/python3.11/site-packages/numpy/_core/__pycache__/defchararray.cpython-311.pyc -> /Users/jamie/Documents/Projects/python/py2app-error/dist/Timer.app/Contents/Resources/lib/python3.11/numpy/_core/__pycache__/defchararray.cpython-311.pyc
copying file /Users/jamie/Documents/Projects/python/py2app-error/.venv/lib/python3.11/site-packages/numpy/_core/__pycache__/getlimits.cpython-311.pyc -> /Users/jamie/Documents/Projects/python/py2app-error/dist/Timer.app/Contents/Resources/lib/python3.11/numpy/_core/__pycache__/getlimits.cpython-311.pyc
copying file /Users/jamie/Documents/Projects/python/py2app-error/.venv/lib/python3.11/site-packages/numpy/_core/__pycache__/strings.cpython-311.pyc -> /Users/jamie/Documents/Projects/python/py2app-error/dist/Timer.app/Contents/Resources/lib/python3.11/numpy/_core/__pycache__/strings.cpython-311.pyc
copying file /Users/jamie/Documents/Projects/python/py2app-error/.venv/lib/python3.11/site-packages/numpy/_core/__pycache__/shape_base.cpython-311.pyc -> /Users/jamie/Documents/Projects/python/py2app-error/dist/Timer.app/Contents/Resources/lib/python3.11/numpy/_core/__pycache__/shape_base.cpython-311.pyc
copying file /Users/jamie/Documents/Projects/python/py2app-error/.venv/lib/python3.11/site-packages/numpy/_core/__pycache__/memmap.cpython-311.pyc -> /Users/jamie/Documents/Projects/python/py2app-error/dist/Timer.app/Contents/Resources/lib/python3.11/numpy/_core/__pycache__/memmap.cpython-311.pyc
copying file /Users/jamie/Documents/Projects/python/py2app-error/.venv/lib/python3.11/site-packages/numpy/_core/__pycache__/_string_helpers.cpython-311.pyc -> /Users/jamie/Documents/Projects/python/py2app-error/dist/Timer.app/Contents/Resources/lib/python3.11/numpy/_core/__pycache__/_string_helpers.cpython-311.pyc
copying file /Users/jamie/Documents/Projects/python/py2app-error/.venv/lib/python3.11/site-packages/numpy/_core/__pycache__/fromnumeric.cpython-311.pyc -> /Users/jamie/Documents/Projects/python/py2app-error/dist/Timer.app/Contents/Resources/lib/python3.11/numpy/_core/__pycache__/fromnumeric.cpython-311.pyc
copying file /Users/jamie/Documents/Projects/python/py2app-error/.venv/lib/python3.11/site-packages/numpy/_core/__pycache__/_dtype_ctypes.cpython-311.pyc -> /Users/jamie/Documents/Projects/python/py2app-error/dist/Timer.app/Contents/Resources/lib/python3.11/numpy/_core/__pycache__/_dtype_ctypes.cpython-311.pyc
copying file /Users/jamie/Documents/Projects/python/py2app-error/.venv/lib/python3.11/site-packages/numpy/_core/__pycache__/cversions.cpython-311.pyc -> /Users/jamie/Documents/Projects/python/py2app-error/dist/Timer.app/Contents/Resources/lib/python3.11/numpy/_core/__pycache__/cversions.cpython-311.pyc
copying file /Users/jamie/Documents/Projects/python/py2app-error/.venv/lib/python3.11/site-packages/numpy/_core/__pycache__/arrayprint.cpython-311.pyc -> /Users/jamie/Documents/Projects/python/py2app-error/dist/Timer.app/Contents/Resources/lib/python3.11/numpy/_core/__pycache__/arrayprint.cpython-311.pyc
copying file /Users/jamie/Documents/Projects/python/py2app-error/.venv/lib/python3.11/site-packages/numpy/_core/__pycache__/multiarray.cpython-311.pyc -> /Users/jamie/Documents/Projects/python/py2app-error/dist/Timer.app/Contents/Resources/lib/python3.11/numpy/_core/__pycache__/multiarray.cpython-311.pyc
copying file /Users/jamie/Documents/Projects/python/py2app-error/.venv/lib/python3.11/site-packages/numpy/_core/__pycache__/numeric.cpython-311.pyc -> /Users/jamie/Documents/Projects/python/py2app-error/dist/Timer.app/Contents/Resources/lib/python3.11/numpy/_core/__pycache__/numeric.cpython-311.pyc
copying file /Users/jamie/Documents/Projects/python/py2app-error/.venv/lib/python3.11/site-packages/numpy/_core/__pycache__/__init__.cpython-311.pyc -> /Users/jamie/Documents/Projects/python/py2app-error/dist/Timer.app/Contents/Resources/lib/python3.11/numpy/_core/__pycache__/__init__.cpython-311.pyc
copying file /Users/jamie/Documents/Projects/python/py2app-error/.venv/lib/python3.11/site-packages/numpy/_core/__pycache__/_add_newdocs_scalars.cpython-311.pyc -> /Users/jamie/Documents/Projects/python/py2app-error/dist/Timer.app/Contents/Resources/lib/python3.11/numpy/_core/__pycache__/_add_newdocs_scalars.cpython-311.pyc
copying file /Users/jamie/Documents/Projects/python/py2app-error/.venv/lib/python3.11/site-packages/numpy/_core/__pycache__/records.cpython-311.pyc -> /Users/jamie/Documents/Projects/python/py2app-error/dist/Timer.app/Contents/Resources/lib/python3.11/numpy/_core/__pycache__/records.cpython-311.pyc
copying file /Users/jamie/Documents/Projects/python/py2app-error/.venv/lib/python3.11/site-packages/numpy/_core/multiarray.pyi -> /Users/jamie/Documents/Projects/python/py2app-error/dist/Timer.app/Contents/Resources/lib/python3.11/numpy/_core/multiarray.pyi
copying file /Users/jamie/Documents/Projects/python/py2app-error/.venv/lib/python3.11/site-packages/numpy/_core/records.pyi -> /Users/jamie/Documents/Projects/python/py2app-error/dist/Timer.app/Contents/Resources/lib/python3.11/numpy/_core/records.pyi
copying file /Users/jamie/Documents/Projects/python/py2app-error/.venv/lib/python3.11/site-packages/numpy/_core/fromnumeric.pyi -> /Users/jamie/Documents/Projects/python/py2app-error/dist/Timer.app/Contents/Resources/lib/python3.11/numpy/_core/fromnumeric.pyi
copying file /Users/jamie/Documents/Projects/python/py2app-error/.venv/lib/python3.11/site-packages/numpy/_core/shape_base.py -> /Users/jamie/Documents/Projects/python/py2app-error/dist/Timer.app/Contents/Resources/lib/python3.11/numpy/_core/shape_base.py
copying file /Users/jamie/Documents/Projects/python/py2app-error/.venv/lib/python3.11/site-packages/numpy/_core/_internal.pyi -> /Users/jamie/Documents/Projects/python/py2app-error/dist/Timer.app/Contents/Resources/lib/python3.11/numpy/_core/_internal.pyi
copying file /Users/jamie/Documents/Projects/python/py2app-error/.venv/lib/python3.11/site-packages/numpy/_core/_multiarray_tests.cpython-311-darwin.so -> /Users/jamie/Documents/Projects/python/py2app-error/dist/Timer.app/Contents/Resources/lib/python3.11/numpy/_core/_multiarray_tests.cpython-311-darwin.so
copying file /Users/jamie/Documents/Projects/python/py2app-error/.venv/lib/python3.11/site-packages/numpy/_core/numeric.py -> /Users/jamie/Documents/Projects/python/py2app-error/dist/Timer.app/Contents/Resources/lib/python3.11/numpy/_core/numeric.py
copying file /Users/jamie/Documents/Projects/python/py2app-error/.venv/lib/python3.11/site-packages/numpy/_core/numerictypes.pyi -> /Users/jamie/Documents/Projects/python/py2app-error/dist/Timer.app/Contents/Resources/lib/python3.11/numpy/_core/numerictypes.pyi
copying file /Users/jamie/Documents/Projects/python/py2app-error/.venv/lib/python3.11/site-packages/numpy/_core/einsumfunc.pyi -> /Users/jamie/Documents/Projects/python/py2app-error/dist/Timer.app/Contents/Resources/lib/python3.11/numpy/_core/einsumfunc.pyi
creating /Users/jamie/Documents/Projects/python/py2app-error/dist/Timer.app/Contents/Resources/lib/python3.11/numpy/_core/lib
creating /Users/jamie/Documents/Projects/python/py2app-error/dist/Timer.app/Contents/Resources/lib/python3.11/numpy/_core/lib/pkgconfig
copying file /Users/jamie/Documents/Projects/python/py2app-error/.venv/lib/python3.11/site-packages/numpy/_core/lib/pkgconfig/numpy.pc -> /Users/jamie/Documents/Projects/python/py2app-error/dist/Timer.app/Contents/Resources/lib/python3.11/numpy/_core/lib/pkgconfig/numpy.pc
copying file /Users/jamie/Documents/Projects/python/py2app-error/.venv/lib/python3.11/site-packages/numpy/_core/lib/libnpymath.a -> /Users/jamie/Documents/Projects/python/py2app-error/dist/Timer.app/Contents/Resources/lib/python3.11/numpy/_core/lib/libnpymath.a
creating /Users/jamie/Documents/Projects/python/py2app-error/dist/Timer.app/Contents/Resources/lib/python3.11/numpy/_core/lib/npy-pkg-config
copying file /Users/jamie/Documents/Projects/python/py2app-error/.venv/lib/python3.11/site-packages/numpy/_core/lib/npy-pkg-config/npymath.ini -> /Users/jamie/Documents/Projects/python/py2app-error/dist/Timer.app/Contents/Resources/lib/python3.11/numpy/_core/lib/npy-pkg-config/npymath.ini
copying file /Users/jamie/Documents/Projects/python/py2app-error/.venv/lib/python3.11/site-packages/numpy/_core/lib/npy-pkg-config/mlib.ini -> /Users/jamie/Documents/Projects/python/py2app-error/dist/Timer.app/Contents/Resources/lib/python3.11/numpy/_core/lib/npy-pkg-config/mlib.ini
copying file /Users/jamie/Documents/Projects/python/py2app-error/.venv/lib/python3.11/site-packages/numpy/_core/function_base.py -> /Users/jamie/Documents/Projects/python/py2app-error/dist/Timer.app/Contents/Resources/lib/python3.11/numpy/_core/function_base.py
copying file /Users/jamie/Documents/Projects/python/py2app-error/.venv/lib/python3.11/site-packages/numpy/_core/einsumfunc.py -> /Users/jamie/Documents/Projects/python/py2app-error/dist/Timer.app/Contents/Resources/lib/python3.11/numpy/_core/einsumfunc.py
copying file /Users/jamie/Documents/Projects/python/py2app-error/.venv/lib/python3.11/site-packages/numpy/_core/_operand_flag_tests.cpython-311-darwin.so -> /Users/jamie/Documents/Projects/python/py2app-error/dist/Timer.app/Contents/Resources/lib/python3.11/numpy/_core/_operand_flag_tests.cpython-311-darwin.so
copying file /Users/jamie/Documents/Projects/python/py2app-error/.venv/lib/python3.11/site-packages/numpy/_core/_ufunc_config.py -> /Users/jamie/Documents/Projects/python/py2app-error/dist/Timer.app/Contents/Resources/lib/python3.11/numpy/_core/_ufunc_config.py
copying file /Users/jamie/Documents/Projects/python/py2app-error/.venv/lib/python3.11/site-packages/numpy/_core/shape_base.pyi -> /Users/jamie/Documents/Projects/python/py2app-error/dist/Timer.app/Contents/Resources/lib/python3.11/numpy/_core/shape_base.pyi
copying file /Users/jamie/Documents/Projects/python/py2app-error/.venv/lib/python3.11/site-packages/numpy/_core/_exceptions.py -> /Users/jamie/Documents/Projects/python/py2app-error/dist/Timer.app/Contents/Resources/lib/python3.11/numpy/_core/_exceptions.py
copying file /Users/jamie/Documents/Projects/python/py2app-error/.venv/lib/python3.11/site-packages/numpy/_core/numerictypes.py -> /Users/jamie/Documents/Projects/python/py2app-error/dist/Timer.app/Contents/Resources/lib/python3.11/numpy/_core/numerictypes.py
copying file /Users/jamie/Documents/Projects/python/py2app-error/.venv/lib/python3.11/site-packages/numpy/_core/_type_aliases.pyi -> /Users/jamie/Documents/Projects/python/py2app-error/dist/Timer.app/Contents/Resources/lib/python3.11/numpy/_core/_type_aliases.pyi
copying file /Users/jamie/Documents/Projects/python/py2app-error/.venv/lib/python3.11/site-packages/numpy/_core/_type_aliases.py -> /Users/jamie/Documents/Projects/python/py2app-error/dist/Timer.app/Contents/Resources/lib/python3.11/numpy/_core/_type_aliases.py
copying file /Users/jamie/Documents/Projects/python/py2app-error/.venv/lib/python3.11/site-packages/numpy/_core/cversions.py -> /Users/jamie/Documents/Projects/python/py2app-error/dist/Timer.app/Contents/Resources/lib/python3.11/numpy/_core/cversions.py
copying file /Users/jamie/Documents/Projects/python/py2app-error/.venv/lib/python3.11/site-packages/numpy/_core/memmap.pyi -> /Users/jamie/Documents/Projects/python/py2app-error/dist/Timer.app/Contents/Resources/lib/python3.11/numpy/_core/memmap.pyi
copying file /Users/jamie/Documents/Projects/python/py2app-error/.venv/lib/python3.11/site-packages/numpy/_core/strings.py -> /Users/jamie/Documents/Projects/python/py2app-error/dist/Timer.app/Contents/Resources/lib/python3.11/numpy/_core/strings.py
copying file /Users/jamie/Documents/Projects/python/py2app-error/.venv/lib/python3.11/site-packages/numpy/_core/_asarray.pyi -> /Users/jamie/Documents/Projects/python/py2app-error/dist/Timer.app/Contents/Resources/lib/python3.11/numpy/_core/_asarray.pyi
copying file /Users/jamie/Documents/Projects/python/py2app-error/.venv/lib/python3.11/site-packages/numpy/_core/arrayprint.pyi -> /Users/jamie/Documents/Projects/python/py2app-error/dist/Timer.app/Contents/Resources/lib/python3.11/numpy/_core/arrayprint.pyi
copying file /Users/jamie/Documents/Projects/python/py2app-error/.venv/lib/python3.11/site-packages/numpy/_core/_rational_tests.cpython-311-darwin.so -> /Users/jamie/Documents/Projects/python/py2app-error/dist/Timer.app/Contents/Resources/lib/python3.11/numpy/_core/_rational_tests.cpython-311-darwin.so
copying file /Users/jamie/Documents/Projects/python/py2app-error/.venv/lib/python3.11/site-packages/numpy/_core/_struct_ufunc_tests.cpython-311-darwin.so -> /Users/jamie/Documents/Projects/python/py2app-error/dist/Timer.app/Contents/Resources/lib/python3.11/numpy/_core/_struct_ufunc_tests.cpython-311-darwin.so
copying file /Users/jamie/Documents/Projects/python/py2app-error/.venv/lib/python3.11/site-packages/numpy/_core/arrayprint.py -> /Users/jamie/Documents/Projects/python/py2app-error/dist/Timer.app/Contents/Resources/lib/python3.11/numpy/_core/arrayprint.py
copying file /Users/jamie/Documents/Projects/python/py2app-error/.venv/lib/python3.11/site-packages/numpy/_globals.py -> /Users/jamie/Documents/Projects/python/py2app-error/dist/Timer.app/Contents/Resources/lib/python3.11/numpy/_globals.py
creating /Users/jamie/Documents/Projects/python/py2app-error/dist/Timer.app/Contents/Resources/lib/python3.11/numpy/_typing
copying file /Users/jamie/Documents/Projects/python/py2app-error/.venv/lib/python3.11/site-packages/numpy/_typing/_char_codes.py -> /Users/jamie/Documents/Projects/python/py2app-error/dist/Timer.app/Contents/Resources/lib/python3.11/numpy/_typing/_char_codes.py
copying file /Users/jamie/Documents/Projects/python/py2app-error/.venv/lib/python3.11/site-packages/numpy/_typing/_extended_precision.py -> /Users/jamie/Documents/Projects/python/py2app-error/dist/Timer.app/Contents/Resources/lib/python3.11/numpy/_typing/_extended_precision.py
copying file /Users/jamie/Documents/Projects/python/py2app-error/.venv/lib/python3.11/site-packages/numpy/_typing/_ufunc.pyi -> /Users/jamie/Documents/Projects/python/py2app-error/dist/Timer.app/Contents/Resources/lib/python3.11/numpy/_typing/_ufunc.pyi
copying file /Users/jamie/Documents/Projects/python/py2app-error/.venv/lib/python3.11/site-packages/numpy/_typing/_nbit.py -> /Users/jamie/Documents/Projects/python/py2app-error/dist/Timer.app/Contents/Resources/lib/python3.11/numpy/_typing/_nbit.py
copying file /Users/jamie/Documents/Projects/python/py2app-error/.venv/lib/python3.11/site-packages/numpy/_typing/__init__.py -> /Users/jamie/Documents/Projects/python/py2app-error/dist/Timer.app/Contents/Resources/lib/python3.11/numpy/_typing/__init__.py
creating /Users/jamie/Documents/Projects/python/py2app-error/dist/Timer.app/Contents/Resources/lib/python3.11/numpy/_typing/__pycache__
copying file /Users/jamie/Documents/Projects/python/py2app-error/.venv/lib/python3.11/site-packages/numpy/_typing/__pycache__/_dtype_like.cpython-311.pyc -> /Users/jamie/Documents/Projects/python/py2app-error/dist/Timer.app/Contents/Resources/lib/python3.11/numpy/_typing/__pycache__/_dtype_like.cpython-311.pyc
copying file /Users/jamie/Documents/Projects/python/py2app-error/.venv/lib/python3.11/site-packages/numpy/_typing/__pycache__/_array_like.cpython-311.pyc -> /Users/jamie/Documents/Projects/python/py2app-error/dist/Timer.app/Contents/Resources/lib/python3.11/numpy/_typing/__pycache__/_array_like.cpython-311.pyc
copying file /Users/jamie/Documents/Projects/python/py2app-error/.venv/lib/python3.11/site-packages/numpy/_typing/__pycache__/_shape.cpython-311.pyc -> /Users/jamie/Documents/Projects/python/py2app-error/dist/Timer.app/Contents/Resources/lib/python3.11/numpy/_typing/__pycache__/_shape.cpython-311.pyc
copying file /Users/jamie/Documents/Projects/python/py2app-error/.venv/lib/python3.11/site-packages/numpy/_typing/__pycache__/_nbit.cpython-311.pyc -> /Users/jamie/Documents/Projects/python/py2app-error/dist/Timer.app/Contents/Resources/lib/python3.11/numpy/_typing/__pycache__/_nbit.cpython-311.pyc
copying file /Users/jamie/Documents/Projects/python/py2app-error/.venv/lib/python3.11/site-packages/numpy/_typing/__pycache__/_scalars.cpython-311.pyc -> /Users/jamie/Documents/Projects/python/py2app-error/dist/Timer.app/Contents/Resources/lib/python3.11/numpy/_typing/__pycache__/_scalars.cpython-311.pyc
copying file /Users/jamie/Documents/Projects/python/py2app-error/.venv/lib/python3.11/site-packages/numpy/_typing/__pycache__/_nested_sequence.cpython-311.pyc -> /Users/jamie/Documents/Projects/python/py2app-error/dist/Timer.app/Contents/Resources/lib/python3.11/numpy/_typing/__pycache__/_nested_sequence.cpython-311.pyc
copying file /Users/jamie/Documents/Projects/python/py2app-error/.venv/lib/python3.11/site-packages/numpy/_typing/__pycache__/_char_codes.cpython-311.pyc -> /Users/jamie/Documents/Projects/python/py2app-error/dist/Timer.app/Contents/Resources/lib/python3.11/numpy/_typing/__pycache__/_char_codes.cpython-311.pyc
copying file /Users/jamie/Documents/Projects/python/py2app-error/.venv/lib/python3.11/site-packages/numpy/_typing/__pycache__/_add_docstring.cpython-311.pyc -> /Users/jamie/Documents/Projects/python/py2app-error/dist/Timer.app/Contents/Resources/lib/python3.11/numpy/_typing/__pycache__/_add_docstring.cpython-311.pyc
copying file /Users/jamie/Documents/Projects/python/py2app-error/.venv/lib/python3.11/site-packages/numpy/_typing/__pycache__/__init__.cpython-311.pyc -> /Users/jamie/Documents/Projects/python/py2app-error/dist/Timer.app/Contents/Resources/lib/python3.11/numpy/_typing/__pycache__/__init__.cpython-311.pyc
copying file /Users/jamie/Documents/Projects/python/py2app-error/.venv/lib/python3.11/site-packages/numpy/_typing/__pycache__/_extended_precision.cpython-311.pyc -> /Users/jamie/Documents/Projects/python/py2app-error/dist/Timer.app/Contents/Resources/lib/python3.11/numpy/_typing/__pycache__/_extended_precision.cpython-311.pyc
copying file /Users/jamie/Documents/Projects/python/py2app-error/.venv/lib/python3.11/site-packages/numpy/_typing/_dtype_like.py -> /Users/jamie/Documents/Projects/python/py2app-error/dist/Timer.app/Contents/Resources/lib/python3.11/numpy/_typing/_dtype_like.py
copying file /Users/jamie/Documents/Projects/python/py2app-error/.venv/lib/python3.11/site-packages/numpy/_typing/_array_like.py -> /Users/jamie/Documents/Projects/python/py2app-error/dist/Timer.app/Contents/Resources/lib/python3.11/numpy/_typing/_array_like.py
copying file /Users/jamie/Documents/Projects/python/py2app-error/.venv/lib/python3.11/site-packages/numpy/_typing/_scalars.py -> /Users/jamie/Documents/Projects/python/py2app-error/dist/Timer.app/Contents/Resources/lib/python3.11/numpy/_typing/_scalars.py
copying file /Users/jamie/Documents/Projects/python/py2app-error/.venv/lib/python3.11/site-packages/numpy/_typing/_shape.py -> /Users/jamie/Documents/Projects/python/py2app-error/dist/Timer.app/Contents/Resources/lib/python3.11/numpy/_typing/_shape.py
copying file /Users/jamie/Documents/Projects/python/py2app-error/.venv/lib/python3.11/site-packages/numpy/_typing/_add_docstring.py -> /Users/jamie/Documents/Projects/python/py2app-error/dist/Timer.app/Contents/Resources/lib/python3.11/numpy/_typing/_add_docstring.py
copying file /Users/jamie/Documents/Projects/python/py2app-error/.venv/lib/python3.11/site-packages/numpy/_typing/_nested_sequence.py -> /Users/jamie/Documents/Projects/python/py2app-error/dist/Timer.app/Contents/Resources/lib/python3.11/numpy/_typing/_nested_sequence.py
copying file /Users/jamie/Documents/Projects/python/py2app-error/.venv/lib/python3.11/site-packages/numpy/_typing/_callable.pyi -> /Users/jamie/Documents/Projects/python/py2app-error/dist/Timer.app/Contents/Resources/lib/python3.11/numpy/_typing/_callable.pyi
copying file /Users/jamie/Documents/Projects/python/py2app-error/.venv/lib/python3.11/site-packages/numpy/__init__.pxd -> /Users/jamie/Documents/Projects/python/py2app-error/dist/Timer.app/Contents/Resources/lib/python3.11/numpy/__init__.pxd
copying file /Users/jamie/Documents/Projects/python/py2app-error/.venv/lib/python3.11/site-packages/numpy/_configtool.py -> /Users/jamie/Documents/Projects/python/py2app-error/dist/Timer.app/Contents/Resources/lib/python3.11/numpy/_configtool.py
creating /Users/jamie/Documents/Projects/python/py2app-error/dist/Timer.app/Contents/Resources/lib/python3.11/numpy/tests
copying file /Users/jamie/Documents/Projects/python/py2app-error/.venv/lib/python3.11/site-packages/numpy/tests/test_warnings.py -> /Users/jamie/Documents/Projects/python/py2app-error/dist/Timer.app/Contents/Resources/lib/python3.11/numpy/tests/test_warnings.py
copying file /Users/jamie/Documents/Projects/python/py2app-error/.venv/lib/python3.11/site-packages/numpy/tests/test_matlib.py -> /Users/jamie/Documents/Projects/python/py2app-error/dist/Timer.app/Contents/Resources/lib/python3.11/numpy/tests/test_matlib.py
copying file /Users/jamie/Documents/Projects/python/py2app-error/.venv/lib/python3.11/site-packages/numpy/tests/test_ctypeslib.py -> /Users/jamie/Documents/Projects/python/py2app-error/dist/Timer.app/Contents/Resources/lib/python3.11/numpy/tests/test_ctypeslib.py
copying file /Users/jamie/Documents/Projects/python/py2app-error/.venv/lib/python3.11/site-packages/numpy/tests/test_lazyloading.py -> /Users/jamie/Documents/Projects/python/py2app-error/dist/Timer.app/Contents/Resources/lib/python3.11/numpy/tests/test_lazyloading.py
copying file /Users/jamie/Documents/Projects/python/py2app-error/.venv/lib/python3.11/site-packages/numpy/tests/test__all__.py -> /Users/jamie/Documents/Projects/python/py2app-error/dist/Timer.app/Contents/Resources/lib/python3.11/numpy/tests/test__all__.py
copying file /Users/jamie/Documents/Projects/python/py2app-error/.venv/lib/python3.11/site-packages/numpy/tests/test_numpy_version.py -> /Users/jamie/Documents/Projects/python/py2app-error/dist/Timer.app/Contents/Resources/lib/python3.11/numpy/tests/test_numpy_version.py
copying file /Users/jamie/Documents/Projects/python/py2app-error/.venv/lib/python3.11/site-packages/numpy/tests/__init__.py -> /Users/jamie/Documents/Projects/python/py2app-error/dist/Timer.app/Contents/Resources/lib/python3.11/numpy/tests/__init__.py
creating /Users/jamie/Documents/Projects/python/py2app-error/dist/Timer.app/Contents/Resources/lib/python3.11/numpy/tests/__pycache__
copying file /Users/jamie/Documents/Projects/python/py2app-error/.venv/lib/python3.11/site-packages/numpy/tests/__pycache__/test_matlib.cpython-311.pyc -> /Users/jamie/Documents/Projects/python/py2app-error/dist/Timer.app/Contents/Resources/lib/python3.11/numpy/tests/__pycache__/test_matlib.cpython-311.pyc
copying file /Users/jamie/Documents/Projects/python/py2app-error/.venv/lib/python3.11/site-packages/numpy/tests/__pycache__/test_scripts.cpython-311.pyc -> /Users/jamie/Documents/Projects/python/py2app-error/dist/Timer.app/Contents/Resources/lib/python3.11/numpy/tests/__pycache__/test_scripts.cpython-311.pyc
copying file /Users/jamie/Documents/Projects/python/py2app-error/.venv/lib/python3.11/site-packages/numpy/tests/__pycache__/test_warnings.cpython-311.pyc -> /Users/jamie/Documents/Projects/python/py2app-error/dist/Timer.app/Contents/Resources/lib/python3.11/numpy/tests/__pycache__/test_warnings.cpython-311.pyc
copying file /Users/jamie/Documents/Projects/python/py2app-error/.venv/lib/python3.11/site-packages/numpy/tests/__pycache__/test_numpy_config.cpython-311.pyc -> /Users/jamie/Documents/Projects/python/py2app-error/dist/Timer.app/Contents/Resources/lib/python3.11/numpy/tests/__pycache__/test_numpy_config.cpython-311.pyc
copying file /Users/jamie/Documents/Projects/python/py2app-error/.venv/lib/python3.11/site-packages/numpy/tests/__pycache__/test_ctypeslib.cpython-311.pyc -> /Users/jamie/Documents/Projects/python/py2app-error/dist/Timer.app/Contents/Resources/lib/python3.11/numpy/tests/__pycache__/test_ctypeslib.cpython-311.pyc
copying file /Users/jamie/Documents/Projects/python/py2app-error/.venv/lib/python3.11/site-packages/numpy/tests/__pycache__/test_numpy_version.cpython-311.pyc -> /Users/jamie/Documents/Projects/python/py2app-error/dist/Timer.app/Contents/Resources/lib/python3.11/numpy/tests/__pycache__/test_numpy_version.cpython-311.pyc
copying file /Users/jamie/Documents/Projects/python/py2app-error/.venv/lib/python3.11/site-packages/numpy/tests/__pycache__/test_reloading.cpython-311.pyc -> /Users/jamie/Documents/Projects/python/py2app-error/dist/Timer.app/Contents/Resources/lib/python3.11/numpy/tests/__pycache__/test_reloading.cpython-311.pyc
copying file /Users/jamie/Documents/Projects/python/py2app-error/.venv/lib/python3.11/site-packages/numpy/tests/__pycache__/test_lazyloading.cpython-311.pyc -> /Users/jamie/Documents/Projects/python/py2app-error/dist/Timer.app/Contents/Resources/lib/python3.11/numpy/tests/__pycache__/test_lazyloading.cpython-311.pyc
copying file /Users/jamie/Documents/Projects/python/py2app-error/.venv/lib/python3.11/site-packages/numpy/tests/__pycache__/test_public_api.cpython-311.pyc -> /Users/jamie/Documents/Projects/python/py2app-error/dist/Timer.app/Contents/Resources/lib/python3.11/numpy/tests/__pycache__/test_public_api.cpython-311.pyc
copying file /Users/jamie/Documents/Projects/python/py2app-error/.venv/lib/python3.11/site-packages/numpy/tests/__pycache__/test_configtool.cpython-311.pyc -> /Users/jamie/Documents/Projects/python/py2app-error/dist/Timer.app/Contents/Resources/lib/python3.11/numpy/tests/__pycache__/test_configtool.cpython-311.pyc
copying file /Users/jamie/Documents/Projects/python/py2app-error/.venv/lib/python3.11/site-packages/numpy/tests/__pycache__/__init__.cpython-311.pyc -> /Users/jamie/Documents/Projects/python/py2app-error/dist/Timer.app/Contents/Resources/lib/python3.11/numpy/tests/__pycache__/__init__.cpython-311.pyc
copying file /Users/jamie/Documents/Projects/python/py2app-error/.venv/lib/python3.11/site-packages/numpy/tests/__pycache__/test__all__.cpython-311.pyc -> /Users/jamie/Documents/Projects/python/py2app-error/dist/Timer.app/Contents/Resources/lib/python3.11/numpy/tests/__pycache__/test__all__.cpython-311.pyc
copying file /Users/jamie/Documents/Projects/python/py2app-error/.venv/lib/python3.11/site-packages/numpy/tests/test_reloading.py -> /Users/jamie/Documents/Projects/python/py2app-error/dist/Timer.app/Contents/Resources/lib/python3.11/numpy/tests/test_reloading.py
copying file /Users/jamie/Documents/Projects/python/py2app-error/.venv/lib/python3.11/site-packages/numpy/tests/test_public_api.py -> /Users/jamie/Documents/Projects/python/py2app-error/dist/Timer.app/Contents/Resources/lib/python3.11/numpy/tests/test_public_api.py
copying file /Users/jamie/Documents/Projects/python/py2app-error/.venv/lib/python3.11/site-packages/numpy/tests/test_scripts.py -> /Users/jamie/Documents/Projects/python/py2app-error/dist/Timer.app/Contents/Resources/lib/python3.11/numpy/tests/test_scripts.py
copying file /Users/jamie/Documents/Projects/python/py2app-error/.venv/lib/python3.11/site-packages/numpy/tests/test_configtool.py -> /Users/jamie/Documents/Projects/python/py2app-error/dist/Timer.app/Contents/Resources/lib/python3.11/numpy/tests/test_configtool.py
copying file /Users/jamie/Documents/Projects/python/py2app-error/.venv/lib/python3.11/site-packages/numpy/tests/test_numpy_config.py -> /Users/jamie/Documents/Projects/python/py2app-error/dist/Timer.app/Contents/Resources/lib/python3.11/numpy/tests/test_numpy_config.py
creating /Users/jamie/Documents/Projects/python/py2app-error/dist/Timer.app/Contents/Resources/lib/python3.11/numpy/_pyinstaller
copying file /Users/jamie/Documents/Projects/python/py2app-error/.venv/lib/python3.11/site-packages/numpy/_pyinstaller/test_pyinstaller.py -> /Users/jamie/Documents/Projects/python/py2app-error/dist/Timer.app/Contents/Resources/lib/python3.11/numpy/_pyinstaller/test_pyinstaller.py
copying file /Users/jamie/Documents/Projects/python/py2app-error/.venv/lib/python3.11/site-packages/numpy/_pyinstaller/__init__.py -> /Users/jamie/Documents/Projects/python/py2app-error/dist/Timer.app/Contents/Resources/lib/python3.11/numpy/_pyinstaller/__init__.py
creating /Users/jamie/Documents/Projects/python/py2app-error/dist/Timer.app/Contents/Resources/lib/python3.11/numpy/_pyinstaller/__pycache__
copying file /Users/jamie/Documents/Projects/python/py2app-error/.venv/lib/python3.11/site-packages/numpy/_pyinstaller/__pycache__/pyinstaller-smoke.cpython-311.pyc -> /Users/jamie/Documents/Projects/python/py2app-error/dist/Timer.app/Contents/Resources/lib/python3.11/numpy/_pyinstaller/__pycache__/pyinstaller-smoke.cpython-311.pyc
copying file /Users/jamie/Documents/Projects/python/py2app-error/.venv/lib/python3.11/site-packages/numpy/_pyinstaller/__pycache__/hook-numpy.cpython-311.pyc -> /Users/jamie/Documents/Projects/python/py2app-error/dist/Timer.app/Contents/Resources/lib/python3.11/numpy/_pyinstaller/__pycache__/hook-numpy.cpython-311.pyc
copying file /Users/jamie/Documents/Projects/python/py2app-error/.venv/lib/python3.11/site-packages/numpy/_pyinstaller/__pycache__/__init__.cpython-311.pyc -> /Users/jamie/Documents/Projects/python/py2app-error/dist/Timer.app/Contents/Resources/lib/python3.11/numpy/_pyinstaller/__pycache__/__init__.cpython-311.pyc
copying file /Users/jamie/Documents/Projects/python/py2app-error/.venv/lib/python3.11/site-packages/numpy/_pyinstaller/__pycache__/test_pyinstaller.cpython-311.pyc -> /Users/jamie/Documents/Projects/python/py2app-error/dist/Timer.app/Contents/Resources/lib/python3.11/numpy/_pyinstaller/__pycache__/test_pyinstaller.cpython-311.pyc
copying file /Users/jamie/Documents/Projects/python/py2app-error/.venv/lib/python3.11/site-packages/numpy/_pyinstaller/hook-numpy.py -> /Users/jamie/Documents/Projects/python/py2app-error/dist/Timer.app/Contents/Resources/lib/python3.11/numpy/_pyinstaller/hook-numpy.py
copying file /Users/jamie/Documents/Projects/python/py2app-error/.venv/lib/python3.11/site-packages/numpy/_pyinstaller/pyinstaller-smoke.py -> /Users/jamie/Documents/Projects/python/py2app-error/dist/Timer.app/Contents/Resources/lib/python3.11/numpy/_pyinstaller/pyinstaller-smoke.py
copying file /Users/jamie/Documents/Projects/python/py2app-error/.venv/lib/python3.11/site-packages/numpy/exceptions.pyi -> /Users/jamie/Documents/Projects/python/py2app-error/dist/Timer.app/Contents/Resources/lib/python3.11/numpy/exceptions.pyi
copying file /Users/jamie/Documents/Projects/python/py2app-error/.venv/lib/python3.11/site-packages/numpy/__init__.py -> /Users/jamie/Documents/Projects/python/py2app-error/dist/Timer.app/Contents/Resources/lib/python3.11/numpy/__init__.py
copying file /Users/jamie/Documents/Projects/python/py2app-error/.venv/lib/python3.11/site-packages/numpy/dtypes.py -> /Users/jamie/Documents/Projects/python/py2app-error/dist/Timer.app/Contents/Resources/lib/python3.11/numpy/dtypes.py
copying file /Users/jamie/Documents/Projects/python/py2app-error/.venv/lib/python3.11/site-packages/numpy/_distributor_init.py -> /Users/jamie/Documents/Projects/python/py2app-error/dist/Timer.app/Contents/Resources/lib/python3.11/numpy/_distributor_init.py
creating /Users/jamie/Documents/Projects/python/py2app-error/dist/Timer.app/Contents/Resources/lib/python3.11/numpy/__pycache__
copying file /Users/jamie/Documents/Projects/python/py2app-error/.venv/lib/python3.11/site-packages/numpy/__pycache__/__config__.cpython-311.pyc -> /Users/jamie/Documents/Projects/python/py2app-error/dist/Timer.app/Contents/Resources/lib/python3.11/numpy/__pycache__/__config__.cpython-311.pyc
copying file /Users/jamie/Documents/Projects/python/py2app-error/.venv/lib/python3.11/site-packages/numpy/__pycache__/_distributor_init.cpython-311.pyc -> /Users/jamie/Documents/Projects/python/py2app-error/dist/Timer.app/Contents/Resources/lib/python3.11/numpy/__pycache__/_distributor_init.cpython-311.pyc
copying file /Users/jamie/Documents/Projects/python/py2app-error/.venv/lib/python3.11/site-packages/numpy/__pycache__/_expired_attrs_2_0.cpython-311.pyc -> /Users/jamie/Documents/Projects/python/py2app-error/dist/Timer.app/Contents/Resources/lib/python3.11/numpy/__pycache__/_expired_attrs_2_0.cpython-311.pyc
copying file /Users/jamie/Documents/Projects/python/py2app-error/.venv/lib/python3.11/site-packages/numpy/__pycache__/_pytesttester.cpython-311.pyc -> /Users/jamie/Documents/Projects/python/py2app-error/dist/Timer.app/Contents/Resources/lib/python3.11/numpy/__pycache__/_pytesttester.cpython-311.pyc
copying file /Users/jamie/Documents/Projects/python/py2app-error/.venv/lib/python3.11/site-packages/numpy/__pycache__/_globals.cpython-311.pyc -> /Users/jamie/Documents/Projects/python/py2app-error/dist/Timer.app/Contents/Resources/lib/python3.11/numpy/__pycache__/_globals.cpython-311.pyc
copying file /Users/jamie/Documents/Projects/python/py2app-error/.venv/lib/python3.11/site-packages/numpy/__pycache__/matlib.cpython-311.pyc -> /Users/jamie/Documents/Projects/python/py2app-error/dist/Timer.app/Contents/Resources/lib/python3.11/numpy/__pycache__/matlib.cpython-311.pyc
copying file /Users/jamie/Documents/Projects/python/py2app-error/.venv/lib/python3.11/site-packages/numpy/__pycache__/conftest.cpython-311.pyc -> /Users/jamie/Documents/Projects/python/py2app-error/dist/Timer.app/Contents/Resources/lib/python3.11/numpy/__pycache__/conftest.cpython-311.pyc
copying file /Users/jamie/Documents/Projects/python/py2app-error/.venv/lib/python3.11/site-packages/numpy/__pycache__/dtypes.cpython-311.pyc -> /Users/jamie/Documents/Projects/python/py2app-error/dist/Timer.app/Contents/Resources/lib/python3.11/numpy/__pycache__/dtypes.cpython-311.pyc
copying file /Users/jamie/Documents/Projects/python/py2app-error/.venv/lib/python3.11/site-packages/numpy/__pycache__/exceptions.cpython-311.pyc -> /Users/jamie/Documents/Projects/python/py2app-error/dist/Timer.app/Contents/Resources/lib/python3.11/numpy/__pycache__/exceptions.cpython-311.pyc
copying file /Users/jamie/Documents/Projects/python/py2app-error/.venv/lib/python3.11/site-packages/numpy/__pycache__/_configtool.cpython-311.pyc -> /Users/jamie/Documents/Projects/python/py2app-error/dist/Timer.app/Contents/Resources/lib/python3.11/numpy/__pycache__/_configtool.cpython-311.pyc
copying file /Users/jamie/Documents/Projects/python/py2app-error/.venv/lib/python3.11/site-packages/numpy/__pycache__/ctypeslib.cpython-311.pyc -> /Users/jamie/Documents/Projects/python/py2app-error/dist/Timer.app/Contents/Resources/lib/python3.11/numpy/__pycache__/ctypeslib.cpython-311.pyc
copying file /Users/jamie/Documents/Projects/python/py2app-error/.venv/lib/python3.11/site-packages/numpy/__pycache__/version.cpython-311.pyc -> /Users/jamie/Documents/Projects/python/py2app-error/dist/Timer.app/Contents/Resources/lib/python3.11/numpy/__pycache__/version.cpython-311.pyc
copying file /Users/jamie/Documents/Projects/python/py2app-error/.venv/lib/python3.11/site-packages/numpy/__pycache__/__init__.cpython-311.pyc -> /Users/jamie/Documents/Projects/python/py2app-error/dist/Timer.app/Contents/Resources/lib/python3.11/numpy/__pycache__/__init__.cpython-311.pyc
copying file /Users/jamie/Documents/Projects/python/py2app-error/.venv/lib/python3.11/site-packages/numpy/__config__.py -> /Users/jamie/Documents/Projects/python/py2app-error/dist/Timer.app/Contents/Resources/lib/python3.11/numpy/__config__.py
creating /Users/jamie/Documents/Projects/python/py2app-error/dist/Timer.app/Contents/Resources/lib/python3.11/numpy/rec
copying file /Users/jamie/Documents/Projects/python/py2app-error/.venv/lib/python3.11/site-packages/numpy/rec/__init__.pyi -> /Users/jamie/Documents/Projects/python/py2app-error/dist/Timer.app/Contents/Resources/lib/python3.11/numpy/rec/__init__.pyi
copying file /Users/jamie/Documents/Projects/python/py2app-error/.venv/lib/python3.11/site-packages/numpy/rec/__init__.py -> /Users/jamie/Documents/Projects/python/py2app-error/dist/Timer.app/Contents/Resources/lib/python3.11/numpy/rec/__init__.py
creating /Users/jamie/Documents/Projects/python/py2app-error/dist/Timer.app/Contents/Resources/lib/python3.11/numpy/rec/__pycache__
copying file /Users/jamie/Documents/Projects/python/py2app-error/.venv/lib/python3.11/site-packages/numpy/rec/__pycache__/__init__.cpython-311.pyc -> /Users/jamie/Documents/Projects/python/py2app-error/dist/Timer.app/Contents/Resources/lib/python3.11/numpy/rec/__pycache__/__init__.cpython-311.pyc
creating /Users/jamie/Documents/Projects/python/py2app-error/dist/Timer.app/Contents/Resources/lib/python3.11/numpy/typing
creating /Users/jamie/Documents/Projects/python/py2app-error/dist/Timer.app/Contents/Resources/lib/python3.11/numpy/typing/tests
copying file /Users/jamie/Documents/Projects/python/py2app-error/.venv/lib/python3.11/site-packages/numpy/typing/tests/test_isfile.py -> /Users/jamie/Documents/Projects/python/py2app-error/dist/Timer.app/Contents/Resources/lib/python3.11/numpy/typing/tests/test_isfile.py
copying file /Users/jamie/Documents/Projects/python/py2app-error/.venv/lib/python3.11/site-packages/numpy/typing/tests/test_typing.py -> /Users/jamie/Documents/Projects/python/py2app-error/dist/Timer.app/Contents/Resources/lib/python3.11/numpy/typing/tests/test_typing.py
copying file /Users/jamie/Documents/Projects/python/py2app-error/.venv/lib/python3.11/site-packages/numpy/typing/tests/test_runtime.py -> /Users/jamie/Documents/Projects/python/py2app-error/dist/Timer.app/Contents/Resources/lib/python3.11/numpy/typing/tests/test_runtime.py
copying file /Users/jamie/Documents/Projects/python/py2app-error/.venv/lib/python3.11/site-packages/numpy/typing/tests/__init__.py -> /Users/jamie/Documents/Projects/python/py2app-error/dist/Timer.app/Contents/Resources/lib/python3.11/numpy/typing/tests/__init__.py
creating /Users/jamie/Documents/Projects/python/py2app-error/dist/Timer.app/Contents/Resources/lib/python3.11/numpy/typing/tests/__pycache__
copying file /Users/jamie/Documents/Projects/python/py2app-error/.venv/lib/python3.11/site-packages/numpy/typing/tests/__pycache__/test_typing.cpython-311.pyc -> /Users/jamie/Documents/Projects/python/py2app-error/dist/Timer.app/Contents/Resources/lib/python3.11/numpy/typing/tests/__pycache__/test_typing.cpython-311.pyc
copying file /Users/jamie/Documents/Projects/python/py2app-error/.venv/lib/python3.11/site-packages/numpy/typing/tests/__pycache__/test_isfile.cpython-311.pyc -> /Users/jamie/Documents/Projects/python/py2app-error/dist/Timer.app/Contents/Resources/lib/python3.11/numpy/typing/tests/__pycache__/test_isfile.cpython-311.pyc
copying file /Users/jamie/Documents/Projects/python/py2app-error/.venv/lib/python3.11/site-packages/numpy/typing/tests/__pycache__/test_runtime.cpython-311.pyc -> /Users/jamie/Documents/Projects/python/py2app-error/dist/Timer.app/Contents/Resources/lib/python3.11/numpy/typing/tests/__pycache__/test_runtime.cpython-311.pyc
copying file /Users/jamie/Documents/Projects/python/py2app-error/.venv/lib/python3.11/site-packages/numpy/typing/tests/__pycache__/__init__.cpython-311.pyc -> /Users/jamie/Documents/Projects/python/py2app-error/dist/Timer.app/Contents/Resources/lib/python3.11/numpy/typing/tests/__pycache__/__init__.cpython-311.pyc
creating /Users/jamie/Documents/Projects/python/py2app-error/dist/Timer.app/Contents/Resources/lib/python3.11/numpy/typing/tests/data
creating /Users/jamie/Documents/Projects/python/py2app-error/dist/Timer.app/Contents/Resources/lib/python3.11/numpy/typing/tests/data/misc
copying file /Users/jamie/Documents/Projects/python/py2app-error/.venv/lib/python3.11/site-packages/numpy/typing/tests/data/misc/extended_precision.pyi -> /Users/jamie/Documents/Projects/python/py2app-error/dist/Timer.app/Contents/Resources/lib/python3.11/numpy/typing/tests/data/misc/extended_precision.pyi
creating /Users/jamie/Documents/Projects/python/py2app-error/dist/Timer.app/Contents/Resources/lib/python3.11/numpy/typing/tests/data/fail
copying file /Users/jamie/Documents/Projects/python/py2app-error/.venv/lib/python3.11/site-packages/numpy/typing/tests/data/fail/ndarray_misc.pyi -> /Users/jamie/Documents/Projects/python/py2app-error/dist/Timer.app/Contents/Resources/lib/python3.11/numpy/typing/tests/data/fail/ndarray_misc.pyi
copying file /Users/jamie/Documents/Projects/python/py2app-error/.venv/lib/python3.11/site-packages/numpy/typing/tests/data/fail/type_check.pyi -> /Users/jamie/Documents/Projects/python/py2app-error/dist/Timer.app/Contents/Resources/lib/python3.11/numpy/typing/tests/data/fail/type_check.pyi
copying file /Users/jamie/Documents/Projects/python/py2app-error/.venv/lib/python3.11/site-packages/numpy/typing/tests/data/fail/modules.pyi -> /Users/jamie/Documents/Projects/python/py2app-error/dist/Timer.app/Contents/Resources/lib/python3.11/numpy/typing/tests/data/fail/modules.pyi
copying file /Users/jamie/Documents/Projects/python/py2app-error/.venv/lib/python3.11/site-packages/numpy/typing/tests/data/fail/warnings_and_errors.pyi -> /Users/jamie/Documents/Projects/python/py2app-error/dist/Timer.app/Contents/Resources/lib/python3.11/numpy/typing/tests/data/fail/warnings_and_errors.pyi
copying file /Users/jamie/Documents/Projects/python/py2app-error/.venv/lib/python3.11/site-packages/numpy/typing/tests/data/fail/lib_utils.pyi -> /Users/jamie/Documents/Projects/python/py2app-error/dist/Timer.app/Contents/Resources/lib/python3.11/numpy/typing/tests/data/fail/lib_utils.pyi
copying file /Users/jamie/Documents/Projects/python/py2app-error/.venv/lib/python3.11/site-packages/numpy/typing/tests/data/fail/lib_function_base.pyi -> /Users/jamie/Documents/Projects/python/py2app-error/dist/Timer.app/Contents/Resources/lib/python3.11/numpy/typing/tests/data/fail/lib_function_base.pyi
copying file /Users/jamie/Documents/Projects/python/py2app-error/.venv/lib/python3.11/site-packages/numpy/typing/tests/data/fail/strings.pyi -> /Users/jamie/Documents/Projects/python/py2app-error/dist/Timer.app/Contents/Resources/lib/python3.11/numpy/typing/tests/data/fail/strings.pyi
copying file /Users/jamie/Documents/Projects/python/py2app-error/.venv/lib/python3.11/site-packages/numpy/typing/tests/data/fail/random.pyi -> /Users/jamie/Documents/Projects/python/py2app-error/dist/Timer.app/Contents/Resources/lib/python3.11/numpy/typing/tests/data/fail/random.pyi
copying file /Users/jamie/Documents/Projects/python/py2app-error/.venv/lib/python3.11/site-packages/numpy/typing/tests/data/fail/ufunclike.pyi -> /Users/jamie/Documents/Projects/python/py2app-error/dist/Timer.app/Contents/Resources/lib/python3.11/numpy/typing/tests/data/fail/ufunclike.pyi
copying file /Users/jamie/Documents/Projects/python/py2app-error/.venv/lib/python3.11/site-packages/numpy/typing/tests/data/fail/bitwise_ops.pyi -> /Users/jamie/Documents/Projects/python/py2app-error/dist/Timer.app/Contents/Resources/lib/python3.11/numpy/typing/tests/data/fail/bitwise_ops.pyi
copying file /Users/jamie/Documents/Projects/python/py2app-error/.venv/lib/python3.11/site-packages/numpy/typing/tests/data/fail/constants.pyi -> /Users/jamie/Documents/Projects/python/py2app-error/dist/Timer.app/Contents/Resources/lib/python3.11/numpy/typing/tests/data/fail/constants.pyi
copying file /Users/jamie/Documents/Projects/python/py2app-error/.venv/lib/python3.11/site-packages/numpy/typing/tests/data/fail/index_tricks.pyi -> /Users/jamie/Documents/Projects/python/py2app-error/dist/Timer.app/Contents/Resources/lib/python3.11/numpy/typing/tests/data/fail/index_tricks.pyi
copying file /Users/jamie/Documents/Projects/python/py2app-error/.venv/lib/python3.11/site-packages/numpy/typing/tests/data/fail/scalars.pyi -> /Users/jamie/Documents/Projects/python/py2app-error/dist/Timer.app/Contents/Resources/lib/python3.11/numpy/typing/tests/data/fail/scalars.pyi
copying file /Users/jamie/Documents/Projects/python/py2app-error/.venv/lib/python3.11/site-packages/numpy/typing/tests/data/fail/twodim_base.pyi -> /Users/jamie/Documents/Projects/python/py2app-error/dist/Timer.app/Contents/Resources/lib/python3.11/numpy/typing/tests/data/fail/twodim_base.pyi
copying file /Users/jamie/Documents/Projects/python/py2app-error/.venv/lib/python3.11/site-packages/numpy/typing/tests/data/fail/flatiter.pyi -> /Users/jamie/Documents/Projects/python/py2app-error/dist/Timer.app/Contents/Resources/lib/python3.11/numpy/typing/tests/data/fail/flatiter.pyi
copying file /Users/jamie/Documents/Projects/python/py2app-error/.venv/lib/python3.11/site-packages/numpy/typing/tests/data/fail/array_like.pyi -> /Users/jamie/Documents/Projects/python/py2app-error/dist/Timer.app/Contents/Resources/lib/python3.11/numpy/typing/tests/data/fail/array_like.pyi
copying file /Users/jamie/Documents/Projects/python/py2app-error/.venv/lib/python3.11/site-packages/numpy/typing/tests/data/fail/lib_version.pyi -> /Users/jamie/Documents/Projects/python/py2app-error/dist/Timer.app/Contents/Resources/lib/python3.11/numpy/typing/tests/data/fail/lib_version.pyi
copying file /Users/jamie/Documents/Projects/python/py2app-error/.venv/lib/python3.11/site-packages/numpy/typing/tests/data/fail/rec.pyi -> /Users/jamie/Documents/Projects/python/py2app-error/dist/Timer.app/Contents/Resources/lib/python3.11/numpy/typing/tests/data/fail/rec.pyi
copying file /Users/jamie/Documents/Projects/python/py2app-error/.venv/lib/python3.11/site-packages/numpy/typing/tests/data/fail/npyio.pyi -> /Users/jamie/Documents/Projects/python/py2app-error/dist/Timer.app/Contents/Resources/lib/python3.11/numpy/typing/tests/data/fail/npyio.pyi
copying file /Users/jamie/Documents/Projects/python/py2app-error/.venv/lib/python3.11/site-packages/numpy/typing/tests/data/fail/multiarray.pyi -> /Users/jamie/Documents/Projects/python/py2app-error/dist/Timer.app/Contents/Resources/lib/python3.11/numpy/typing/tests/data/fail/multiarray.pyi
copying file /Users/jamie/Documents/Projects/python/py2app-error/.venv/lib/python3.11/site-packages/numpy/typing/tests/data/fail/ufuncs.pyi -> /Users/jamie/Documents/Projects/python/py2app-error/dist/Timer.app/Contents/Resources/lib/python3.11/numpy/typing/tests/data/fail/ufuncs.pyi
copying file /Users/jamie/Documents/Projects/python/py2app-error/.venv/lib/python3.11/site-packages/numpy/typing/tests/data/fail/linalg.pyi -> /Users/jamie/Documents/Projects/python/py2app-error/dist/Timer.app/Contents/Resources/lib/python3.11/numpy/typing/tests/data/fail/linalg.pyi
copying file /Users/jamie/Documents/Projects/python/py2app-error/.venv/lib/python3.11/site-packages/numpy/typing/tests/data/fail/datasource.pyi -> /Users/jamie/Documents/Projects/python/py2app-error/dist/Timer.app/Contents/Resources/lib/python3.11/numpy/typing/tests/data/fail/datasource.pyi
copying file /Users/jamie/Documents/Projects/python/py2app-error/.venv/lib/python3.11/site-packages/numpy/typing/tests/data/fail/char.pyi -> /Users/jamie/Documents/Projects/python/py2app-error/dist/Timer.app/Contents/Resources/lib/python3.11/numpy/typing/tests/data/fail/char.pyi
copying file /Users/jamie/Documents/Projects/python/py2app-error/.venv/lib/python3.11/site-packages/numpy/typing/tests/data/fail/array_pad.pyi -> /Users/jamie/Documents/Projects/python/py2app-error/dist/Timer.app/Contents/Resources/lib/python3.11/numpy/typing/tests/data/fail/array_pad.pyi
copying file /Users/jamie/Documents/Projects/python/py2app-error/.venv/lib/python3.11/site-packages/numpy/typing/tests/data/fail/array_constructors.pyi -> /Users/jamie/Documents/Projects/python/py2app-error/dist/Timer.app/Contents/Resources/lib/python3.11/numpy/typing/tests/data/fail/array_constructors.pyi
copying file /Users/jamie/Documents/Projects/python/py2app-error/.venv/lib/python3.11/site-packages/numpy/typing/tests/data/fail/arrayterator.pyi -> /Users/jamie/Documents/Projects/python/py2app-error/dist/Timer.app/Contents/Resources/lib/python3.11/numpy/typing/tests/data/fail/arrayterator.pyi
copying file /Users/jamie/Documents/Projects/python/py2app-error/.venv/lib/python3.11/site-packages/numpy/typing/tests/data/fail/histograms.pyi -> /Users/jamie/Documents/Projects/python/py2app-error/dist/Timer.app/Contents/Resources/lib/python3.11/numpy/typing/tests/data/fail/histograms.pyi
copying file /Users/jamie/Documents/Projects/python/py2app-error/.venv/lib/python3.11/site-packages/numpy/typing/tests/data/fail/fromnumeric.pyi -> /Users/jamie/Documents/Projects/python/py2app-error/dist/Timer.app/Contents/Resources/lib/python3.11/numpy/typing/tests/data/fail/fromnumeric.pyi
copying file /Users/jamie/Documents/Projects/python/py2app-error/.venv/lib/python3.11/site-packages/numpy/typing/tests/data/fail/dtype.pyi -> /Users/jamie/Documents/Projects/python/py2app-error/dist/Timer.app/Contents/Resources/lib/python3.11/numpy/typing/tests/data/fail/dtype.pyi
copying file /Users/jamie/Documents/Projects/python/py2app-error/.venv/lib/python3.11/site-packages/numpy/typing/tests/data/fail/lib_polynomial.pyi -> /Users/jamie/Documents/Projects/python/py2app-error/dist/Timer.app/Contents/Resources/lib/python3.11/numpy/typing/tests/data/fail/lib_polynomial.pyi
copying file /Users/jamie/Documents/Projects/python/py2app-error/.venv/lib/python3.11/site-packages/numpy/typing/tests/data/fail/nditer.pyi -> /Users/jamie/Documents/Projects/python/py2app-error/dist/Timer.app/Contents/Resources/lib/python3.11/numpy/typing/tests/data/fail/nditer.pyi
copying file /Users/jamie/Documents/Projects/python/py2app-error/.venv/lib/python3.11/site-packages/numpy/typing/tests/data/fail/ufunc_config.pyi -> /Users/jamie/Documents/Projects/python/py2app-error/dist/Timer.app/Contents/Resources/lib/python3.11/numpy/typing/tests/data/fail/ufunc_config.pyi
copying file /Users/jamie/Documents/Projects/python/py2app-error/.venv/lib/python3.11/site-packages/numpy/typing/tests/data/fail/testing.pyi -> /Users/jamie/Documents/Projects/python/py2app-error/dist/Timer.app/Contents/Resources/lib/python3.11/numpy/typing/tests/data/fail/testing.pyi
copying file /Users/jamie/Documents/Projects/python/py2app-error/.venv/lib/python3.11/site-packages/numpy/typing/tests/data/fail/nested_sequence.pyi -> /Users/jamie/Documents/Projects/python/py2app-error/dist/Timer.app/Contents/Resources/lib/python3.11/numpy/typing/tests/data/fail/nested_sequence.pyi
copying file /Users/jamie/Documents/Projects/python/py2app-error/.venv/lib/python3.11/site-packages/numpy/typing/tests/data/fail/numerictypes.pyi -> /Users/jamie/Documents/Projects/python/py2app-error/dist/Timer.app/Contents/Resources/lib/python3.11/numpy/typing/tests/data/fail/numerictypes.pyi
copying file /Users/jamie/Documents/Projects/python/py2app-error/.venv/lib/python3.11/site-packages/numpy/typing/tests/data/fail/einsumfunc.pyi -> /Users/jamie/Documents/Projects/python/py2app-error/dist/Timer.app/Contents/Resources/lib/python3.11/numpy/typing/tests/data/fail/einsumfunc.pyi
copying file /Users/jamie/Documents/Projects/python/py2app-error/.venv/lib/python3.11/site-packages/numpy/typing/tests/data/fail/chararray.pyi -> /Users/jamie/Documents/Projects/python/py2app-error/dist/Timer.app/Contents/Resources/lib/python3.11/numpy/typing/tests/data/fail/chararray.pyi
copying file /Users/jamie/Documents/Projects/python/py2app-error/.venv/lib/python3.11/site-packages/numpy/typing/tests/data/fail/stride_tricks.pyi -> /Users/jamie/Documents/Projects/python/py2app-error/dist/Timer.app/Contents/Resources/lib/python3.11/numpy/typing/tests/data/fail/stride_tricks.pyi
copying file /Users/jamie/Documents/Projects/python/py2app-error/.venv/lib/python3.11/site-packages/numpy/typing/tests/data/fail/false_positives.pyi -> /Users/jamie/Documents/Projects/python/py2app-error/dist/Timer.app/Contents/Resources/lib/python3.11/numpy/typing/tests/data/fail/false_positives.pyi
copying file /Users/jamie/Documents/Projects/python/py2app-error/.venv/lib/python3.11/site-packages/numpy/typing/tests/data/fail/comparisons.pyi -> /Users/jamie/Documents/Projects/python/py2app-error/dist/Timer.app/Contents/Resources/lib/python3.11/numpy/typing/tests/data/fail/comparisons.pyi
copying file /Users/jamie/Documents/Projects/python/py2app-error/.venv/lib/python3.11/site-packages/numpy/typing/tests/data/fail/ndarray.pyi -> /Users/jamie/Documents/Projects/python/py2app-error/dist/Timer.app/Contents/Resources/lib/python3.11/numpy/typing/tests/data/fail/ndarray.pyi
copying file /Users/jamie/Documents/Projects/python/py2app-error/.venv/lib/python3.11/site-packages/numpy/typing/tests/data/fail/shape_base.pyi -> /Users/jamie/Documents/Projects/python/py2app-error/dist/Timer.app/Contents/Resources/lib/python3.11/numpy/typing/tests/data/fail/shape_base.pyi
copying file /Users/jamie/Documents/Projects/python/py2app-error/.venv/lib/python3.11/site-packages/numpy/typing/tests/data/fail/memmap.pyi -> /Users/jamie/Documents/Projects/python/py2app-error/dist/Timer.app/Contents/Resources/lib/python3.11/numpy/typing/tests/data/fail/memmap.pyi
copying file /Users/jamie/Documents/Projects/python/py2app-error/.venv/lib/python3.11/site-packages/numpy/typing/tests/data/fail/arithmetic.pyi -> /Users/jamie/Documents/Projects/python/py2app-error/dist/Timer.app/Contents/Resources/lib/python3.11/numpy/typing/tests/data/fail/arithmetic.pyi
copying file /Users/jamie/Documents/Projects/python/py2app-error/.venv/lib/python3.11/site-packages/numpy/typing/tests/data/fail/arrayprint.pyi -> /Users/jamie/Documents/Projects/python/py2app-error/dist/Timer.app/Contents/Resources/lib/python3.11/numpy/typing/tests/data/fail/arrayprint.pyi
creating /Users/jamie/Documents/Projects/python/py2app-error/dist/Timer.app/Contents/Resources/lib/python3.11/numpy/typing/tests/data/pass
copying file /Users/jamie/Documents/Projects/python/py2app-error/.venv/lib/python3.11/site-packages/numpy/typing/tests/data/pass/fromnumeric.py -> /Users/jamie/Documents/Projects/python/py2app-error/dist/Timer.app/Contents/Resources/lib/python3.11/numpy/typing/tests/data/pass/fromnumeric.py
copying file /Users/jamie/Documents/Projects/python/py2app-error/.venv/lib/python3.11/site-packages/numpy/typing/tests/data/pass/arithmetic.py -> /Users/jamie/Documents/Projects/python/py2app-error/dist/Timer.app/Contents/Resources/lib/python3.11/numpy/typing/tests/data/pass/arithmetic.py
copying file /Users/jamie/Documents/Projects/python/py2app-error/.venv/lib/python3.11/site-packages/numpy/typing/tests/data/pass/ndarray_conversion.py -> /Users/jamie/Documents/Projects/python/py2app-error/dist/Timer.app/Contents/Resources/lib/python3.11/numpy/typing/tests/data/pass/ndarray_conversion.py
copying file /Users/jamie/Documents/Projects/python/py2app-error/.venv/lib/python3.11/site-packages/numpy/typing/tests/data/pass/literal.py -> /Users/jamie/Documents/Projects/python/py2app-error/dist/Timer.app/Contents/Resources/lib/python3.11/numpy/typing/tests/data/pass/literal.py
copying file /Users/jamie/Documents/Projects/python/py2app-error/.venv/lib/python3.11/site-packages/numpy/typing/tests/data/pass/ma.py -> /Users/jamie/Documents/Projects/python/py2app-error/dist/Timer.app/Contents/Resources/lib/python3.11/numpy/typing/tests/data/pass/ma.py
copying file /Users/jamie/Documents/Projects/python/py2app-error/.venv/lib/python3.11/site-packages/numpy/typing/tests/data/pass/comparisons.py -> /Users/jamie/Documents/Projects/python/py2app-error/dist/Timer.app/Contents/Resources/lib/python3.11/numpy/typing/tests/data/pass/comparisons.py
copying file /Users/jamie/Documents/Projects/python/py2app-error/.venv/lib/python3.11/site-packages/numpy/typing/tests/data/pass/multiarray.py -> /Users/jamie/Documents/Projects/python/py2app-error/dist/Timer.app/Contents/Resources/lib/python3.11/numpy/typing/tests/data/pass/multiarray.py
copying file /Users/jamie/Documents/Projects/python/py2app-error/.venv/lib/python3.11/site-packages/numpy/typing/tests/data/pass/array_constructors.py -> /Users/jamie/Documents/Projects/python/py2app-error/dist/Timer.app/Contents/Resources/lib/python3.11/numpy/typing/tests/data/pass/array_constructors.py
copying file /Users/jamie/Documents/Projects/python/py2app-error/.venv/lib/python3.11/site-packages/numpy/typing/tests/data/pass/dtype.py -> /Users/jamie/Documents/Projects/python/py2app-error/dist/Timer.app/Contents/Resources/lib/python3.11/numpy/typing/tests/data/pass/dtype.py
copying file /Users/jamie/Documents/Projects/python/py2app-error/.venv/lib/python3.11/site-packages/numpy/typing/tests/data/pass/ndarray_misc.py -> /Users/jamie/Documents/Projects/python/py2app-error/dist/Timer.app/Contents/Resources/lib/python3.11/numpy/typing/tests/data/pass/ndarray_misc.py
copying file /Users/jamie/Documents/Projects/python/py2app-error/.venv/lib/python3.11/site-packages/numpy/typing/tests/data/pass/ndarray_shape_manipulation.py -> /Users/jamie/Documents/Projects/python/py2app-error/dist/Timer.app/Contents/Resources/lib/python3.11/numpy/typing/tests/data/pass/ndarray_shape_manipulation.py
copying file /Users/jamie/Documents/Projects/python/py2app-error/.venv/lib/python3.11/site-packages/numpy/typing/tests/data/pass/ufuncs.py -> /Users/jamie/Documents/Projects/python/py2app-error/dist/Timer.app/Contents/Resources/lib/python3.11/numpy/typing/tests/data/pass/ufuncs.py
copying file /Users/jamie/Documents/Projects/python/py2app-error/.venv/lib/python3.11/site-packages/numpy/typing/tests/data/pass/ufunc_config.py -> /Users/jamie/Documents/Projects/python/py2app-error/dist/Timer.app/Contents/Resources/lib/python3.11/numpy/typing/tests/data/pass/ufunc_config.py
copying file /Users/jamie/Documents/Projects/python/py2app-error/.venv/lib/python3.11/site-packages/numpy/typing/tests/data/pass/simple_py3.py -> /Users/jamie/Documents/Projects/python/py2app-error/dist/Timer.app/Contents/Resources/lib/python3.11/numpy/typing/tests/data/pass/simple_py3.py
creating /Users/jamie/Documents/Projects/python/py2app-error/dist/Timer.app/Contents/Resources/lib/python3.11/numpy/typing/tests/data/pass/__pycache__
copying file /Users/jamie/Documents/Projects/python/py2app-error/.venv/lib/python3.11/site-packages/numpy/typing/tests/data/pass/__pycache__/index_tricks.cpython-311.pyc -> /Users/jamie/Documents/Projects/python/py2app-error/dist/Timer.app/Contents/Resources/lib/python3.11/numpy/typing/tests/data/pass/__pycache__/index_tricks.cpython-311.pyc
copying file /Users/jamie/Documents/Projects/python/py2app-error/.venv/lib/python3.11/site-packages/numpy/typing/tests/data/pass/__pycache__/simple.cpython-311.pyc -> /Users/jamie/Documents/Projects/python/py2app-error/dist/Timer.app/Contents/Resources/lib/python3.11/numpy/typing/tests/data/pass/__pycache__/simple.cpython-311.pyc
copying file /Users/jamie/Documents/Projects/python/py2app-error/.venv/lib/python3.11/site-packages/numpy/typing/tests/data/pass/__pycache__/einsumfunc.cpython-311.pyc -> /Users/jamie/Documents/Projects/python/py2app-error/dist/Timer.app/Contents/Resources/lib/python3.11/numpy/typing/tests/data/pass/__pycache__/einsumfunc.cpython-311.pyc
copying file /Users/jamie/Documents/Projects/python/py2app-error/.venv/lib/python3.11/site-packages/numpy/typing/tests/data/pass/__pycache__/comparisons.cpython-311.pyc -> /Users/jamie/Documents/Projects/python/py2app-error/dist/Timer.app/Contents/Resources/lib/python3.11/numpy/typing/tests/data/pass/__pycache__/comparisons.cpython-311.pyc
copying file /Users/jamie/Documents/Projects/python/py2app-error/.venv/lib/python3.11/site-packages/numpy/typing/tests/data/pass/__pycache__/mod.cpython-311.pyc -> /Users/jamie/Documents/Projects/python/py2app-error/dist/Timer.app/Contents/Resources/lib/python3.11/numpy/typing/tests/data/pass/__pycache__/mod.cpython-311.pyc
copying file /Users/jamie/Documents/Projects/python/py2app-error/.venv/lib/python3.11/site-packages/numpy/typing/tests/data/pass/__pycache__/simple_py3.cpython-311.pyc -> /Users/jamie/Documents/Projects/python/py2app-error/dist/Timer.app/Contents/Resources/lib/python3.11/numpy/typing/tests/data/pass/__pycache__/simple_py3.cpython-311.pyc
copying file /Users/jamie/Documents/Projects/python/py2app-error/.venv/lib/python3.11/site-packages/numpy/typing/tests/data/pass/__pycache__/array_like.cpython-311.pyc -> /Users/jamie/Documents/Projects/python/py2app-error/dist/Timer.app/Contents/Resources/lib/python3.11/numpy/typing/tests/data/pass/__pycache__/array_like.cpython-311.pyc
copying file /Users/jamie/Documents/Projects/python/py2app-error/.venv/lib/python3.11/site-packages/numpy/typing/tests/data/pass/__pycache__/numerictypes.cpython-311.pyc -> /Users/jamie/Documents/Projects/python/py2app-error/dist/Timer.app/Contents/Resources/lib/python3.11/numpy/typing/tests/data/pass/__pycache__/numerictypes.cpython-311.pyc
copying file /Users/jamie/Documents/Projects/python/py2app-error/.venv/lib/python3.11/site-packages/numpy/typing/tests/data/pass/__pycache__/lib_version.cpython-311.pyc -> /Users/jamie/Documents/Projects/python/py2app-error/dist/Timer.app/Contents/Resources/lib/python3.11/numpy/typing/tests/data/pass/__pycache__/lib_version.cpython-311.pyc
copying file /Users/jamie/Documents/Projects/python/py2app-error/.venv/lib/python3.11/site-packages/numpy/typing/tests/data/pass/__pycache__/bitwise_ops.cpython-311.pyc -> /Users/jamie/Documents/Projects/python/py2app-error/dist/Timer.app/Contents/Resources/lib/python3.11/numpy/typing/tests/data/pass/__pycache__/bitwise_ops.cpython-311.pyc
copying file /Users/jamie/Documents/Projects/python/py2app-error/.venv/lib/python3.11/site-packages/numpy/typing/tests/data/pass/__pycache__/ndarray_shape_manipulation.cpython-311.pyc -> /Users/jamie/Documents/Projects/python/py2app-error/dist/Timer.app/Contents/Resources/lib/python3.11/numpy/typing/tests/data/pass/__pycache__/ndarray_shape_manipulation.cpython-311.pyc
copying file /Users/jamie/Documents/Projects/python/py2app-error/.venv/lib/python3.11/site-packages/numpy/typing/tests/data/pass/__pycache__/arrayterator.cpython-311.pyc -> /Users/jamie/Documents/Projects/python/py2app-error/dist/Timer.app/Contents/Resources/lib/python3.11/numpy/typing/tests/data/pass/__pycache__/arrayterator.cpython-311.pyc
copying file /Users/jamie/Documents/Projects/python/py2app-error/.venv/lib/python3.11/site-packages/numpy/typing/tests/data/pass/__pycache__/ma.cpython-311.pyc -> /Users/jamie/Documents/Projects/python/py2app-error/dist/Timer.app/Contents/Resources/lib/python3.11/numpy/typing/tests/data/pass/__pycache__/ma.cpython-311.pyc
copying file /Users/jamie/Documents/Projects/python/py2app-error/.venv/lib/python3.11/site-packages/numpy/typing/tests/data/pass/__pycache__/ndarray_conversion.cpython-311.pyc -> /Users/jamie/Documents/Projects/python/py2app-error/dist/Timer.app/Contents/Resources/lib/python3.11/numpy/typing/tests/data/pass/__pycache__/ndarray_conversion.cpython-311.pyc
copying file /Users/jamie/Documents/Projects/python/py2app-error/.venv/lib/python3.11/site-packages/numpy/typing/tests/data/pass/__pycache__/ufunc_config.cpython-311.pyc -> /Users/jamie/Documents/Projects/python/py2app-error/dist/Timer.app/Contents/Resources/lib/python3.11/numpy/typing/tests/data/pass/__pycache__/ufunc_config.cpython-311.pyc
copying file /Users/jamie/Documents/Projects/python/py2app-error/.venv/lib/python3.11/site-packages/numpy/typing/tests/data/pass/__pycache__/random.cpython-311.pyc -> /Users/jamie/Documents/Projects/python/py2app-error/dist/Timer.app/Contents/Resources/lib/python3.11/numpy/typing/tests/data/pass/__pycache__/random.cpython-311.pyc
copying file /Users/jamie/Documents/Projects/python/py2app-error/.venv/lib/python3.11/site-packages/numpy/typing/tests/data/pass/__pycache__/warnings_and_errors.cpython-311.pyc -> /Users/jamie/Documents/Projects/python/py2app-error/dist/Timer.app/Contents/Resources/lib/python3.11/numpy/typing/tests/data/pass/__pycache__/warnings_and_errors.cpython-311.pyc
copying file /Users/jamie/Documents/Projects/python/py2app-error/.venv/lib/python3.11/site-packages/numpy/typing/tests/data/pass/__pycache__/ndarray_misc.cpython-311.pyc -> /Users/jamie/Documents/Projects/python/py2app-error/dist/Timer.app/Contents/Resources/lib/python3.11/numpy/typing/tests/data/pass/__pycache__/ndarray_misc.cpython-311.pyc
copying file /Users/jamie/Documents/Projects/python/py2app-error/.venv/lib/python3.11/site-packages/numpy/typing/tests/data/pass/__pycache__/arithmetic.cpython-311.pyc -> /Users/jamie/Documents/Projects/python/py2app-error/dist/Timer.app/Contents/Resources/lib/python3.11/numpy/typing/tests/data/pass/__pycache__/arithmetic.cpython-311.pyc
copying file /Users/jamie/Documents/Projects/python/py2app-error/.venv/lib/python3.11/site-packages/numpy/typing/tests/data/pass/__pycache__/dtype.cpython-311.pyc -> /Users/jamie/Documents/Projects/python/py2app-error/dist/Timer.app/Contents/Resources/lib/python3.11/numpy/typing/tests/data/pass/__pycache__/dtype.cpython-311.pyc
copying file /Users/jamie/Documents/Projects/python/py2app-error/.venv/lib/python3.11/site-packages/numpy/typing/tests/data/pass/__pycache__/fromnumeric.cpython-311.pyc -> /Users/jamie/Documents/Projects/python/py2app-error/dist/Timer.app/Contents/Resources/lib/python3.11/numpy/typing/tests/data/pass/__pycache__/fromnumeric.cpython-311.pyc
copying file /Users/jamie/Documents/Projects/python/py2app-error/.venv/lib/python3.11/site-packages/numpy/typing/tests/data/pass/__pycache__/flatiter.cpython-311.pyc -> /Users/jamie/Documents/Projects/python/py2app-error/dist/Timer.app/Contents/Resources/lib/python3.11/numpy/typing/tests/data/pass/__pycache__/flatiter.cpython-311.pyc
copying file /Users/jamie/Documents/Projects/python/py2app-error/.venv/lib/python3.11/site-packages/numpy/typing/tests/data/pass/__pycache__/literal.cpython-311.pyc -> /Users/jamie/Documents/Projects/python/py2app-error/dist/Timer.app/Contents/Resources/lib/python3.11/numpy/typing/tests/data/pass/__pycache__/literal.cpython-311.pyc
copying file /Users/jamie/Documents/Projects/python/py2app-error/.venv/lib/python3.11/site-packages/numpy/typing/tests/data/pass/__pycache__/arrayprint.cpython-311.pyc -> /Users/jamie/Documents/Projects/python/py2app-error/dist/Timer.app/Contents/Resources/lib/python3.11/numpy/typing/tests/data/pass/__pycache__/arrayprint.cpython-311.pyc
copying file /Users/jamie/Documents/Projects/python/py2app-error/.venv/lib/python3.11/site-packages/numpy/typing/tests/data/pass/__pycache__/ufunclike.cpython-311.pyc -> /Users/jamie/Documents/Projects/python/py2app-error/dist/Timer.app/Contents/Resources/lib/python3.11/numpy/typing/tests/data/pass/__pycache__/ufunclike.cpython-311.pyc
copying file /Users/jamie/Documents/Projects/python/py2app-error/.venv/lib/python3.11/site-packages/numpy/typing/tests/data/pass/__pycache__/multiarray.cpython-311.pyc -> /Users/jamie/Documents/Projects/python/py2app-error/dist/Timer.app/Contents/Resources/lib/python3.11/numpy/typing/tests/data/pass/__pycache__/multiarray.cpython-311.pyc
copying file /Users/jamie/Documents/Projects/python/py2app-error/.venv/lib/python3.11/site-packages/numpy/typing/tests/data/pass/__pycache__/numeric.cpython-311.pyc -> /Users/jamie/Documents/Projects/python/py2app-error/dist/Timer.app/Contents/Resources/lib/python3.11/numpy/typing/tests/data/pass/__pycache__/numeric.cpython-311.pyc
copying file /Users/jamie/Documents/Projects/python/py2app-error/.venv/lib/python3.11/site-packages/numpy/typing/tests/data/pass/__pycache__/ufuncs.cpython-311.pyc -> /Users/jamie/Documents/Projects/python/py2app-error/dist/Timer.app/Contents/Resources/lib/python3.11/numpy/typing/tests/data/pass/__pycache__/ufuncs.cpython-311.pyc
copying file /Users/jamie/Documents/Projects/python/py2app-error/.venv/lib/python3.11/site-packages/numpy/typing/tests/data/pass/__pycache__/scalars.cpython-311.pyc -> /Users/jamie/Documents/Projects/python/py2app-error/dist/Timer.app/Contents/Resources/lib/python3.11/numpy/typing/tests/data/pass/__pycache__/scalars.cpython-311.pyc
copying file /Users/jamie/Documents/Projects/python/py2app-error/.venv/lib/python3.11/site-packages/numpy/typing/tests/data/pass/__pycache__/lib_utils.cpython-311.pyc -> /Users/jamie/Documents/Projects/python/py2app-error/dist/Timer.app/Contents/Resources/lib/python3.11/numpy/typing/tests/data/pass/__pycache__/lib_utils.cpython-311.pyc
copying file /Users/jamie/Documents/Projects/python/py2app-error/.venv/lib/python3.11/site-packages/numpy/typing/tests/data/pass/__pycache__/array_constructors.cpython-311.pyc -> /Users/jamie/Documents/Projects/python/py2app-error/dist/Timer.app/Contents/Resources/lib/python3.11/numpy/typing/tests/data/pass/__pycache__/array_constructors.cpython-311.pyc
copying file /Users/jamie/Documents/Projects/python/py2app-error/.venv/lib/python3.11/site-packages/numpy/typing/tests/data/pass/__pycache__/modules.cpython-311.pyc -> /Users/jamie/Documents/Projects/python/py2app-error/dist/Timer.app/Contents/Resources/lib/python3.11/numpy/typing/tests/data/pass/__pycache__/modules.cpython-311.pyc
copying file /Users/jamie/Documents/Projects/python/py2app-error/.venv/lib/python3.11/site-packages/numpy/typing/tests/data/pass/random.py -> /Users/jamie/Documents/Projects/python/py2app-error/dist/Timer.app/Contents/Resources/lib/python3.11/numpy/typing/tests/data/pass/random.py
copying file /Users/jamie/Documents/Projects/python/py2app-error/.venv/lib/python3.11/site-packages/numpy/typing/tests/data/pass/index_tricks.py -> /Users/jamie/Documents/Projects/python/py2app-error/dist/Timer.app/Contents/Resources/lib/python3.11/numpy/typing/tests/data/pass/index_tricks.py
copying file /Users/jamie/Documents/Projects/python/py2app-error/.venv/lib/python3.11/site-packages/numpy/typing/tests/data/pass/warnings_and_errors.py -> /Users/jamie/Documents/Projects/python/py2app-error/dist/Timer.app/Contents/Resources/lib/python3.11/numpy/typing/tests/data/pass/warnings_and_errors.py
copying file /Users/jamie/Documents/Projects/python/py2app-error/.venv/lib/python3.11/site-packages/numpy/typing/tests/data/pass/arrayterator.py -> /Users/jamie/Documents/Projects/python/py2app-error/dist/Timer.app/Contents/Resources/lib/python3.11/numpy/typing/tests/data/pass/arrayterator.py
copying file /Users/jamie/Documents/Projects/python/py2app-error/.venv/lib/python3.11/site-packages/numpy/typing/tests/data/pass/numeric.py -> /Users/jamie/Documents/Projects/python/py2app-error/dist/Timer.app/Contents/Resources/lib/python3.11/numpy/typing/tests/data/pass/numeric.py
copying file /Users/jamie/Documents/Projects/python/py2app-error/.venv/lib/python3.11/site-packages/numpy/typing/tests/data/pass/lib_utils.py -> /Users/jamie/Documents/Projects/python/py2app-error/dist/Timer.app/Contents/Resources/lib/python3.11/numpy/typing/tests/data/pass/lib_utils.py
copying file /Users/jamie/Documents/Projects/python/py2app-error/.venv/lib/python3.11/site-packages/numpy/typing/tests/data/pass/modules.py -> /Users/jamie/Documents/Projects/python/py2app-error/dist/Timer.app/Contents/Resources/lib/python3.11/numpy/typing/tests/data/pass/modules.py
copying file /Users/jamie/Documents/Projects/python/py2app-error/.venv/lib/python3.11/site-packages/numpy/typing/tests/data/pass/einsumfunc.py -> /Users/jamie/Documents/Projects/python/py2app-error/dist/Timer.app/Contents/Resources/lib/python3.11/numpy/typing/tests/data/pass/einsumfunc.py
copying file /Users/jamie/Documents/Projects/python/py2app-error/.venv/lib/python3.11/site-packages/numpy/typing/tests/data/pass/lib_version.py -> /Users/jamie/Documents/Projects/python/py2app-error/dist/Timer.app/Contents/Resources/lib/python3.11/numpy/typing/tests/data/pass/lib_version.py
copying file /Users/jamie/Documents/Projects/python/py2app-error/.venv/lib/python3.11/site-packages/numpy/typing/tests/data/pass/scalars.py -> /Users/jamie/Documents/Projects/python/py2app-error/dist/Timer.app/Contents/Resources/lib/python3.11/numpy/typing/tests/data/pass/scalars.py
copying file /Users/jamie/Documents/Projects/python/py2app-error/.venv/lib/python3.11/site-packages/numpy/typing/tests/data/pass/array_like.py -> /Users/jamie/Documents/Projects/python/py2app-error/dist/Timer.app/Contents/Resources/lib/python3.11/numpy/typing/tests/data/pass/array_like.py
copying file /Users/jamie/Documents/Projects/python/py2app-error/.venv/lib/python3.11/site-packages/numpy/typing/tests/data/pass/simple.py -> /Users/jamie/Documents/Projects/python/py2app-error/dist/Timer.app/Contents/Resources/lib/python3.11/numpy/typing/tests/data/pass/simple.py
copying file /Users/jamie/Documents/Projects/python/py2app-error/.venv/lib/python3.11/site-packages/numpy/typing/tests/data/pass/flatiter.py -> /Users/jamie/Documents/Projects/python/py2app-error/dist/Timer.app/Contents/Resources/lib/python3.11/numpy/typing/tests/data/pass/flatiter.py
copying file /Users/jamie/Documents/Projects/python/py2app-error/.venv/lib/python3.11/site-packages/numpy/typing/tests/data/pass/numerictypes.py -> /Users/jamie/Documents/Projects/python/py2app-error/dist/Timer.app/Contents/Resources/lib/python3.11/numpy/typing/tests/data/pass/numerictypes.py
copying file /Users/jamie/Documents/Projects/python/py2app-error/.venv/lib/python3.11/site-packages/numpy/typing/tests/data/pass/mod.py -> /Users/jamie/Documents/Projects/python/py2app-error/dist/Timer.app/Contents/Resources/lib/python3.11/numpy/typing/tests/data/pass/mod.py
copying file /Users/jamie/Documents/Projects/python/py2app-error/.venv/lib/python3.11/site-packages/numpy/typing/tests/data/pass/arrayprint.py -> /Users/jamie/Documents/Projects/python/py2app-error/dist/Timer.app/Contents/Resources/lib/python3.11/numpy/typing/tests/data/pass/arrayprint.py
copying file /Users/jamie/Documents/Projects/python/py2app-error/.venv/lib/python3.11/site-packages/numpy/typing/tests/data/pass/ufunclike.py -> /Users/jamie/Documents/Projects/python/py2app-error/dist/Timer.app/Contents/Resources/lib/python3.11/numpy/typing/tests/data/pass/ufunclike.py
copying file /Users/jamie/Documents/Projects/python/py2app-error/.venv/lib/python3.11/site-packages/numpy/typing/tests/data/pass/bitwise_ops.py -> /Users/jamie/Documents/Projects/python/py2app-error/dist/Timer.app/Contents/Resources/lib/python3.11/numpy/typing/tests/data/pass/bitwise_ops.py
creating /Users/jamie/Documents/Projects/python/py2app-error/dist/Timer.app/Contents/Resources/lib/python3.11/numpy/typing/tests/data/reveal
copying file /Users/jamie/Documents/Projects/python/py2app-error/.venv/lib/python3.11/site-packages/numpy/typing/tests/data/reveal/emath.pyi -> /Users/jamie/Documents/Projects/python/py2app-error/dist/Timer.app/Contents/Resources/lib/python3.11/numpy/typing/tests/data/reveal/emath.pyi
copying file /Users/jamie/Documents/Projects/python/py2app-error/.venv/lib/python3.11/site-packages/numpy/typing/tests/data/reveal/ndarray_misc.pyi -> /Users/jamie/Documents/Projects/python/py2app-error/dist/Timer.app/Contents/Resources/lib/python3.11/numpy/typing/tests/data/reveal/ndarray_misc.pyi
copying file /Users/jamie/Documents/Projects/python/py2app-error/.venv/lib/python3.11/site-packages/numpy/typing/tests/data/reveal/type_check.pyi -> /Users/jamie/Documents/Projects/python/py2app-error/dist/Timer.app/Contents/Resources/lib/python3.11/numpy/typing/tests/data/reveal/type_check.pyi
copying file /Users/jamie/Documents/Projects/python/py2app-error/.venv/lib/python3.11/site-packages/numpy/typing/tests/data/reveal/ctypeslib.pyi -> /Users/jamie/Documents/Projects/python/py2app-error/dist/Timer.app/Contents/Resources/lib/python3.11/numpy/typing/tests/data/reveal/ctypeslib.pyi
copying file /Users/jamie/Documents/Projects/python/py2app-error/.venv/lib/python3.11/site-packages/numpy/typing/tests/data/reveal/numeric.pyi -> /Users/jamie/Documents/Projects/python/py2app-error/dist/Timer.app/Contents/Resources/lib/python3.11/numpy/typing/tests/data/reveal/numeric.pyi
copying file /Users/jamie/Documents/Projects/python/py2app-error/.venv/lib/python3.11/site-packages/numpy/typing/tests/data/reveal/modules.pyi -> /Users/jamie/Documents/Projects/python/py2app-error/dist/Timer.app/Contents/Resources/lib/python3.11/numpy/typing/tests/data/reveal/modules.pyi
copying file /Users/jamie/Documents/Projects/python/py2app-error/.venv/lib/python3.11/site-packages/numpy/typing/tests/data/reveal/warnings_and_errors.pyi -> /Users/jamie/Documents/Projects/python/py2app-error/dist/Timer.app/Contents/Resources/lib/python3.11/numpy/typing/tests/data/reveal/warnings_and_errors.pyi
copying file /Users/jamie/Documents/Projects/python/py2app-error/.venv/lib/python3.11/site-packages/numpy/typing/tests/data/reveal/ndarray_shape_manipulation.pyi -> /Users/jamie/Documents/Projects/python/py2app-error/dist/Timer.app/Contents/Resources/lib/python3.11/numpy/typing/tests/data/reveal/ndarray_shape_manipulation.pyi
copying file /Users/jamie/Documents/Projects/python/py2app-error/.venv/lib/python3.11/site-packages/numpy/typing/tests/data/reveal/lib_utils.pyi -> /Users/jamie/Documents/Projects/python/py2app-error/dist/Timer.app/Contents/Resources/lib/python3.11/numpy/typing/tests/data/reveal/lib_utils.pyi
copying file /Users/jamie/Documents/Projects/python/py2app-error/.venv/lib/python3.11/site-packages/numpy/typing/tests/data/reveal/lib_function_base.pyi -> /Users/jamie/Documents/Projects/python/py2app-error/dist/Timer.app/Contents/Resources/lib/python3.11/numpy/typing/tests/data/reveal/lib_function_base.pyi
copying file /Users/jamie/Documents/Projects/python/py2app-error/.venv/lib/python3.11/site-packages/numpy/typing/tests/data/reveal/getlimits.pyi -> /Users/jamie/Documents/Projects/python/py2app-error/dist/Timer.app/Contents/Resources/lib/python3.11/numpy/typing/tests/data/reveal/getlimits.pyi
copying file /Users/jamie/Documents/Projects/python/py2app-error/.venv/lib/python3.11/site-packages/numpy/typing/tests/data/reveal/fft.pyi -> /Users/jamie/Documents/Projects/python/py2app-error/dist/Timer.app/Contents/Resources/lib/python3.11/numpy/typing/tests/data/reveal/fft.pyi
copying file /Users/jamie/Documents/Projects/python/py2app-error/.venv/lib/python3.11/site-packages/numpy/typing/tests/data/reveal/strings.pyi -> /Users/jamie/Documents/Projects/python/py2app-error/dist/Timer.app/Contents/Resources/lib/python3.11/numpy/typing/tests/data/reveal/strings.pyi
copying file /Users/jamie/Documents/Projects/python/py2app-error/.venv/lib/python3.11/site-packages/numpy/typing/tests/data/reveal/random.pyi -> /Users/jamie/Documents/Projects/python/py2app-error/dist/Timer.app/Contents/Resources/lib/python3.11/numpy/typing/tests/data/reveal/random.pyi
copying file /Users/jamie/Documents/Projects/python/py2app-error/.venv/lib/python3.11/site-packages/numpy/typing/tests/data/reveal/ufunclike.pyi -> /Users/jamie/Documents/Projects/python/py2app-error/dist/Timer.app/Contents/Resources/lib/python3.11/numpy/typing/tests/data/reveal/ufunclike.pyi
copying file /Users/jamie/Documents/Projects/python/py2app-error/.venv/lib/python3.11/site-packages/numpy/typing/tests/data/reveal/mod.pyi -> /Users/jamie/Documents/Projects/python/py2app-error/dist/Timer.app/Contents/Resources/lib/python3.11/numpy/typing/tests/data/reveal/mod.pyi
copying file /Users/jamie/Documents/Projects/python/py2app-error/.venv/lib/python3.11/site-packages/numpy/typing/tests/data/reveal/bitwise_ops.pyi -> /Users/jamie/Documents/Projects/python/py2app-error/dist/Timer.app/Contents/Resources/lib/python3.11/numpy/typing/tests/data/reveal/bitwise_ops.pyi
copying file /Users/jamie/Documents/Projects/python/py2app-error/.venv/lib/python3.11/site-packages/numpy/typing/tests/data/reveal/constants.pyi -> /Users/jamie/Documents/Projects/python/py2app-error/dist/Timer.app/Contents/Resources/lib/python3.11/numpy/typing/tests/data/reveal/constants.pyi
copying file /Users/jamie/Documents/Projects/python/py2app-error/.venv/lib/python3.11/site-packages/numpy/typing/tests/data/reveal/index_tricks.pyi -> /Users/jamie/Documents/Projects/python/py2app-error/dist/Timer.app/Contents/Resources/lib/python3.11/numpy/typing/tests/data/reveal/index_tricks.pyi
copying file /Users/jamie/Documents/Projects/python/py2app-error/.venv/lib/python3.11/site-packages/numpy/typing/tests/data/reveal/scalars.pyi -> /Users/jamie/Documents/Projects/python/py2app-error/dist/Timer.app/Contents/Resources/lib/python3.11/numpy/typing/tests/data/reveal/scalars.pyi
copying file /Users/jamie/Documents/Projects/python/py2app-error/.venv/lib/python3.11/site-packages/numpy/typing/tests/data/reveal/twodim_base.pyi -> /Users/jamie/Documents/Projects/python/py2app-error/dist/Timer.app/Contents/Resources/lib/python3.11/numpy/typing/tests/data/reveal/twodim_base.pyi
copying file /Users/jamie/Documents/Projects/python/py2app-error/.venv/lib/python3.11/site-packages/numpy/typing/tests/data/reveal/flatiter.pyi -> /Users/jamie/Documents/Projects/python/py2app-error/dist/Timer.app/Contents/Resources/lib/python3.11/numpy/typing/tests/data/reveal/flatiter.pyi
copying file /Users/jamie/Documents/Projects/python/py2app-error/.venv/lib/python3.11/site-packages/numpy/typing/tests/data/reveal/lib_version.pyi -> /Users/jamie/Documents/Projects/python/py2app-error/dist/Timer.app/Contents/Resources/lib/python3.11/numpy/typing/tests/data/reveal/lib_version.pyi
copying file /Users/jamie/Documents/Projects/python/py2app-error/.venv/lib/python3.11/site-packages/numpy/typing/tests/data/reveal/rec.pyi -> /Users/jamie/Documents/Projects/python/py2app-error/dist/Timer.app/Contents/Resources/lib/python3.11/numpy/typing/tests/data/reveal/rec.pyi
copying file /Users/jamie/Documents/Projects/python/py2app-error/.venv/lib/python3.11/site-packages/numpy/typing/tests/data/reveal/npyio.pyi -> /Users/jamie/Documents/Projects/python/py2app-error/dist/Timer.app/Contents/Resources/lib/python3.11/numpy/typing/tests/data/reveal/npyio.pyi
copying file /Users/jamie/Documents/Projects/python/py2app-error/.venv/lib/python3.11/site-packages/numpy/typing/tests/data/reveal/multiarray.pyi -> /Users/jamie/Documents/Projects/python/py2app-error/dist/Timer.app/Contents/Resources/lib/python3.11/numpy/typing/tests/data/reveal/multiarray.pyi
copying file /Users/jamie/Documents/Projects/python/py2app-error/.venv/lib/python3.11/site-packages/numpy/typing/tests/data/reveal/ufuncs.pyi -> /Users/jamie/Documents/Projects/python/py2app-error/dist/Timer.app/Contents/Resources/lib/python3.11/numpy/typing/tests/data/reveal/ufuncs.pyi
copying file /Users/jamie/Documents/Projects/python/py2app-error/.venv/lib/python3.11/site-packages/numpy/typing/tests/data/reveal/linalg.pyi -> /Users/jamie/Documents/Projects/python/py2app-error/dist/Timer.app/Contents/Resources/lib/python3.11/numpy/typing/tests/data/reveal/linalg.pyi
copying file /Users/jamie/Documents/Projects/python/py2app-error/.venv/lib/python3.11/site-packages/numpy/typing/tests/data/reveal/datasource.pyi -> /Users/jamie/Documents/Projects/python/py2app-error/dist/Timer.app/Contents/Resources/lib/python3.11/numpy/typing/tests/data/reveal/datasource.pyi
copying file /Users/jamie/Documents/Projects/python/py2app-error/.venv/lib/python3.11/site-packages/numpy/typing/tests/data/reveal/char.pyi -> /Users/jamie/Documents/Projects/python/py2app-error/dist/Timer.app/Contents/Resources/lib/python3.11/numpy/typing/tests/data/reveal/char.pyi
copying file /Users/jamie/Documents/Projects/python/py2app-error/.venv/lib/python3.11/site-packages/numpy/typing/tests/data/reveal/array_constructors.pyi -> /Users/jamie/Documents/Projects/python/py2app-error/dist/Timer.app/Contents/Resources/lib/python3.11/numpy/typing/tests/data/reveal/array_constructors.pyi
copying file /Users/jamie/Documents/Projects/python/py2app-error/.venv/lib/python3.11/site-packages/numpy/typing/tests/data/reveal/ndarray_conversion.pyi -> /Users/jamie/Documents/Projects/python/py2app-error/dist/Timer.app/Contents/Resources/lib/python3.11/numpy/typing/tests/data/reveal/ndarray_conversion.pyi
copying file /Users/jamie/Documents/Projects/python/py2app-error/.venv/lib/python3.11/site-packages/numpy/typing/tests/data/reveal/arrayterator.pyi -> /Users/jamie/Documents/Projects/python/py2app-error/dist/Timer.app/Contents/Resources/lib/python3.11/numpy/typing/tests/data/reveal/arrayterator.pyi
copying file /Users/jamie/Documents/Projects/python/py2app-error/.venv/lib/python3.11/site-packages/numpy/typing/tests/data/reveal/histograms.pyi -> /Users/jamie/Documents/Projects/python/py2app-error/dist/Timer.app/Contents/Resources/lib/python3.11/numpy/typing/tests/data/reveal/histograms.pyi
copying file /Users/jamie/Documents/Projects/python/py2app-error/.venv/lib/python3.11/site-packages/numpy/typing/tests/data/reveal/fromnumeric.pyi -> /Users/jamie/Documents/Projects/python/py2app-error/dist/Timer.app/Contents/Resources/lib/python3.11/numpy/typing/tests/data/reveal/fromnumeric.pyi
copying file /Users/jamie/Documents/Projects/python/py2app-error/.venv/lib/python3.11/site-packages/numpy/typing/tests/data/reveal/dtype.pyi -> /Users/jamie/Documents/Projects/python/py2app-error/dist/Timer.app/Contents/Resources/lib/python3.11/numpy/typing/tests/data/reveal/dtype.pyi
copying file /Users/jamie/Documents/Projects/python/py2app-error/.venv/lib/python3.11/site-packages/numpy/typing/tests/data/reveal/lib_polynomial.pyi -> /Users/jamie/Documents/Projects/python/py2app-error/dist/Timer.app/Contents/Resources/lib/python3.11/numpy/typing/tests/data/reveal/lib_polynomial.pyi
copying file /Users/jamie/Documents/Projects/python/py2app-error/.venv/lib/python3.11/site-packages/numpy/typing/tests/data/reveal/arraypad.pyi -> /Users/jamie/Documents/Projects/python/py2app-error/dist/Timer.app/Contents/Resources/lib/python3.11/numpy/typing/tests/data/reveal/arraypad.pyi
copying file /Users/jamie/Documents/Projects/python/py2app-error/.venv/lib/python3.11/site-packages/numpy/typing/tests/data/reveal/nditer.pyi -> /Users/jamie/Documents/Projects/python/py2app-error/dist/Timer.app/Contents/Resources/lib/python3.11/numpy/typing/tests/data/reveal/nditer.pyi
copying file /Users/jamie/Documents/Projects/python/py2app-error/.venv/lib/python3.11/site-packages/numpy/typing/tests/data/reveal/ufunc_config.pyi -> /Users/jamie/Documents/Projects/python/py2app-error/dist/Timer.app/Contents/Resources/lib/python3.11/numpy/typing/tests/data/reveal/ufunc_config.pyi
copying file /Users/jamie/Documents/Projects/python/py2app-error/.venv/lib/python3.11/site-packages/numpy/typing/tests/data/reveal/testing.pyi -> /Users/jamie/Documents/Projects/python/py2app-error/dist/Timer.app/Contents/Resources/lib/python3.11/numpy/typing/tests/data/reveal/testing.pyi
copying file /Users/jamie/Documents/Projects/python/py2app-error/.venv/lib/python3.11/site-packages/numpy/typing/tests/data/reveal/nested_sequence.pyi -> /Users/jamie/Documents/Projects/python/py2app-error/dist/Timer.app/Contents/Resources/lib/python3.11/numpy/typing/tests/data/reveal/nested_sequence.pyi
copying file /Users/jamie/Documents/Projects/python/py2app-error/.venv/lib/python3.11/site-packages/numpy/typing/tests/data/reveal/numerictypes.pyi -> /Users/jamie/Documents/Projects/python/py2app-error/dist/Timer.app/Contents/Resources/lib/python3.11/numpy/typing/tests/data/reveal/numerictypes.pyi
copying file /Users/jamie/Documents/Projects/python/py2app-error/.venv/lib/python3.11/site-packages/numpy/typing/tests/data/reveal/nbit_base_example.pyi -> /Users/jamie/Documents/Projects/python/py2app-error/dist/Timer.app/Contents/Resources/lib/python3.11/numpy/typing/tests/data/reveal/nbit_base_example.pyi
copying file /Users/jamie/Documents/Projects/python/py2app-error/.venv/lib/python3.11/site-packages/numpy/typing/tests/data/reveal/einsumfunc.pyi -> /Users/jamie/Documents/Projects/python/py2app-error/dist/Timer.app/Contents/Resources/lib/python3.11/numpy/typing/tests/data/reveal/einsumfunc.pyi
copying file /Users/jamie/Documents/Projects/python/py2app-error/.venv/lib/python3.11/site-packages/numpy/typing/tests/data/reveal/chararray.pyi -> /Users/jamie/Documents/Projects/python/py2app-error/dist/Timer.app/Contents/Resources/lib/python3.11/numpy/typing/tests/data/reveal/chararray.pyi
copying file /Users/jamie/Documents/Projects/python/py2app-error/.venv/lib/python3.11/site-packages/numpy/typing/tests/data/reveal/stride_tricks.pyi -> /Users/jamie/Documents/Projects/python/py2app-error/dist/Timer.app/Contents/Resources/lib/python3.11/numpy/typing/tests/data/reveal/stride_tricks.pyi
copying file /Users/jamie/Documents/Projects/python/py2app-error/.venv/lib/python3.11/site-packages/numpy/typing/tests/data/reveal/matrix.pyi -> /Users/jamie/Documents/Projects/python/py2app-error/dist/Timer.app/Contents/Resources/lib/python3.11/numpy/typing/tests/data/reveal/matrix.pyi
copying file /Users/jamie/Documents/Projects/python/py2app-error/.venv/lib/python3.11/site-packages/numpy/typing/tests/data/reveal/false_positives.pyi -> /Users/jamie/Documents/Projects/python/py2app-error/dist/Timer.app/Contents/Resources/lib/python3.11/numpy/typing/tests/data/reveal/false_positives.pyi
copying file /Users/jamie/Documents/Projects/python/py2app-error/.venv/lib/python3.11/site-packages/numpy/typing/tests/data/reveal/comparisons.pyi -> /Users/jamie/Documents/Projects/python/py2app-error/dist/Timer.app/Contents/Resources/lib/python3.11/numpy/typing/tests/data/reveal/comparisons.pyi
copying file /Users/jamie/Documents/Projects/python/py2app-error/.venv/lib/python3.11/site-packages/numpy/typing/tests/data/reveal/shape_base.pyi -> /Users/jamie/Documents/Projects/python/py2app-error/dist/Timer.app/Contents/Resources/lib/python3.11/numpy/typing/tests/data/reveal/shape_base.pyi
copying file /Users/jamie/Documents/Projects/python/py2app-error/.venv/lib/python3.11/site-packages/numpy/typing/tests/data/reveal/arraysetops.pyi -> /Users/jamie/Documents/Projects/python/py2app-error/dist/Timer.app/Contents/Resources/lib/python3.11/numpy/typing/tests/data/reveal/arraysetops.pyi
copying file /Users/jamie/Documents/Projects/python/py2app-error/.venv/lib/python3.11/site-packages/numpy/typing/tests/data/reveal/memmap.pyi -> /Users/jamie/Documents/Projects/python/py2app-error/dist/Timer.app/Contents/Resources/lib/python3.11/numpy/typing/tests/data/reveal/memmap.pyi
copying file /Users/jamie/Documents/Projects/python/py2app-error/.venv/lib/python3.11/site-packages/numpy/typing/tests/data/reveal/arithmetic.pyi -> /Users/jamie/Documents/Projects/python/py2app-error/dist/Timer.app/Contents/Resources/lib/python3.11/numpy/typing/tests/data/reveal/arithmetic.pyi
copying file /Users/jamie/Documents/Projects/python/py2app-error/.venv/lib/python3.11/site-packages/numpy/typing/tests/data/reveal/arrayprint.pyi -> /Users/jamie/Documents/Projects/python/py2app-error/dist/Timer.app/Contents/Resources/lib/python3.11/numpy/typing/tests/data/reveal/arrayprint.pyi
copying file /Users/jamie/Documents/Projects/python/py2app-error/.venv/lib/python3.11/site-packages/numpy/typing/tests/data/mypy.ini -> /Users/jamie/Documents/Projects/python/py2app-error/dist/Timer.app/Contents/Resources/lib/python3.11/numpy/typing/tests/data/mypy.ini
copying file /Users/jamie/Documents/Projects/python/py2app-error/.venv/lib/python3.11/site-packages/numpy/typing/__init__.py -> /Users/jamie/Documents/Projects/python/py2app-error/dist/Timer.app/Contents/Resources/lib/python3.11/numpy/typing/__init__.py
creating /Users/jamie/Documents/Projects/python/py2app-error/dist/Timer.app/Contents/Resources/lib/python3.11/numpy/typing/__pycache__
copying file /Users/jamie/Documents/Projects/python/py2app-error/.venv/lib/python3.11/site-packages/numpy/typing/__pycache__/mypy_plugin.cpython-311.pyc -> /Users/jamie/Documents/Projects/python/py2app-error/dist/Timer.app/Contents/Resources/lib/python3.11/numpy/typing/__pycache__/mypy_plugin.cpython-311.pyc
copying file /Users/jamie/Documents/Projects/python/py2app-error/.venv/lib/python3.11/site-packages/numpy/typing/__pycache__/__init__.cpython-311.pyc -> /Users/jamie/Documents/Projects/python/py2app-error/dist/Timer.app/Contents/Resources/lib/python3.11/numpy/typing/__pycache__/__init__.cpython-311.pyc
copying file /Users/jamie/Documents/Projects/python/py2app-error/.venv/lib/python3.11/site-packages/numpy/typing/mypy_plugin.py -> /Users/jamie/Documents/Projects/python/py2app-error/dist/Timer.app/Contents/Resources/lib/python3.11/numpy/typing/mypy_plugin.py
creating /Users/jamie/Documents/Projects/python/py2app-error/dist/Timer.app/Contents/Resources/lib/python3.11/numpy/f2py
copying file /Users/jamie/Documents/Projects/python/py2app-error/.venv/lib/python3.11/site-packages/numpy/f2py/cfuncs.py -> /Users/jamie/Documents/Projects/python/py2app-error/dist/Timer.app/Contents/Resources/lib/python3.11/numpy/f2py/cfuncs.py
copying file /Users/jamie/Documents/Projects/python/py2app-error/.venv/lib/python3.11/site-packages/numpy/f2py/_src_pyf.py -> /Users/jamie/Documents/Projects/python/py2app-error/dist/Timer.app/Contents/Resources/lib/python3.11/numpy/f2py/_src_pyf.py
copying file /Users/jamie/Documents/Projects/python/py2app-error/.venv/lib/python3.11/site-packages/numpy/f2py/common_rules.py -> /Users/jamie/Documents/Projects/python/py2app-error/dist/Timer.app/Contents/Resources/lib/python3.11/numpy/f2py/common_rules.py
copying file /Users/jamie/Documents/Projects/python/py2app-error/.venv/lib/python3.11/site-packages/numpy/f2py/__init__.pyi -> /Users/jamie/Documents/Projects/python/py2app-error/dist/Timer.app/Contents/Resources/lib/python3.11/numpy/f2py/__init__.pyi
creating /Users/jamie/Documents/Projects/python/py2app-error/dist/Timer.app/Contents/Resources/lib/python3.11/numpy/f2py/_backends
copying file /Users/jamie/Documents/Projects/python/py2app-error/.venv/lib/python3.11/site-packages/numpy/f2py/_backends/_backend.py -> /Users/jamie/Documents/Projects/python/py2app-error/dist/Timer.app/Contents/Resources/lib/python3.11/numpy/f2py/_backends/_backend.py
copying file /Users/jamie/Documents/Projects/python/py2app-error/.venv/lib/python3.11/site-packages/numpy/f2py/_backends/meson.build.template -> /Users/jamie/Documents/Projects/python/py2app-error/dist/Timer.app/Contents/Resources/lib/python3.11/numpy/f2py/_backends/meson.build.template
copying file /Users/jamie/Documents/Projects/python/py2app-error/.venv/lib/python3.11/site-packages/numpy/f2py/_backends/__init__.py -> /Users/jamie/Documents/Projects/python/py2app-error/dist/Timer.app/Contents/Resources/lib/python3.11/numpy/f2py/_backends/__init__.py
creating /Users/jamie/Documents/Projects/python/py2app-error/dist/Timer.app/Contents/Resources/lib/python3.11/numpy/f2py/_backends/__pycache__
copying file /Users/jamie/Documents/Projects/python/py2app-error/.venv/lib/python3.11/site-packages/numpy/f2py/_backends/__pycache__/_distutils.cpython-311.pyc -> /Users/jamie/Documents/Projects/python/py2app-error/dist/Timer.app/Contents/Resources/lib/python3.11/numpy/f2py/_backends/__pycache__/_distutils.cpython-311.pyc
copying file /Users/jamie/Documents/Projects/python/py2app-error/.venv/lib/python3.11/site-packages/numpy/f2py/_backends/__pycache__/_meson.cpython-311.pyc -> /Users/jamie/Documents/Projects/python/py2app-error/dist/Timer.app/Contents/Resources/lib/python3.11/numpy/f2py/_backends/__pycache__/_meson.cpython-311.pyc
copying file /Users/jamie/Documents/Projects/python/py2app-error/.venv/lib/python3.11/site-packages/numpy/f2py/_backends/__pycache__/_backend.cpython-311.pyc -> /Users/jamie/Documents/Projects/python/py2app-error/dist/Timer.app/Contents/Resources/lib/python3.11/numpy/f2py/_backends/__pycache__/_backend.cpython-311.pyc
copying file /Users/jamie/Documents/Projects/python/py2app-error/.venv/lib/python3.11/site-packages/numpy/f2py/_backends/__pycache__/__init__.cpython-311.pyc -> /Users/jamie/Documents/Projects/python/py2app-error/dist/Timer.app/Contents/Resources/lib/python3.11/numpy/f2py/_backends/__pycache__/__init__.cpython-311.pyc
copying file /Users/jamie/Documents/Projects/python/py2app-error/.venv/lib/python3.11/site-packages/numpy/f2py/_backends/_distutils.py -> /Users/jamie/Documents/Projects/python/py2app-error/dist/Timer.app/Contents/Resources/lib/python3.11/numpy/f2py/_backends/_distutils.py
copying file /Users/jamie/Documents/Projects/python/py2app-error/.venv/lib/python3.11/site-packages/numpy/f2py/_backends/_meson.py -> /Users/jamie/Documents/Projects/python/py2app-error/dist/Timer.app/Contents/Resources/lib/python3.11/numpy/f2py/_backends/_meson.py
copying file /Users/jamie/Documents/Projects/python/py2app-error/.venv/lib/python3.11/site-packages/numpy/f2py/crackfortran.py -> /Users/jamie/Documents/Projects/python/py2app-error/dist/Timer.app/Contents/Resources/lib/python3.11/numpy/f2py/crackfortran.py
copying file /Users/jamie/Documents/Projects/python/py2app-error/.venv/lib/python3.11/site-packages/numpy/f2py/cb_rules.py -> /Users/jamie/Documents/Projects/python/py2app-error/dist/Timer.app/Contents/Resources/lib/python3.11/numpy/f2py/cb_rules.py
creating /Users/jamie/Documents/Projects/python/py2app-error/dist/Timer.app/Contents/Resources/lib/python3.11/numpy/f2py/tests
copying file /Users/jamie/Documents/Projects/python/py2app-error/.venv/lib/python3.11/site-packages/numpy/f2py/tests/test_character.py -> /Users/jamie/Documents/Projects/python/py2app-error/dist/Timer.app/Contents/Resources/lib/python3.11/numpy/f2py/tests/test_character.py
copying file /Users/jamie/Documents/Projects/python/py2app-error/.venv/lib/python3.11/site-packages/numpy/f2py/tests/test_mixed.py -> /Users/jamie/Documents/Projects/python/py2app-error/dist/Timer.app/Contents/Resources/lib/python3.11/numpy/f2py/tests/test_mixed.py
copying file /Users/jamie/Documents/Projects/python/py2app-error/.venv/lib/python3.11/site-packages/numpy/f2py/tests/test_return_logical.py -> /Users/jamie/Documents/Projects/python/py2app-error/dist/Timer.app/Contents/Resources/lib/python3.11/numpy/f2py/tests/test_return_logical.py
copying file /Users/jamie/Documents/Projects/python/py2app-error/.venv/lib/python3.11/site-packages/numpy/f2py/tests/test_assumed_shape.py -> /Users/jamie/Documents/Projects/python/py2app-error/dist/Timer.app/Contents/Resources/lib/python3.11/numpy/f2py/tests/test_assumed_shape.py
copying file /Users/jamie/Documents/Projects/python/py2app-error/.venv/lib/python3.11/site-packages/numpy/f2py/tests/test_common.py -> /Users/jamie/Documents/Projects/python/py2app-error/dist/Timer.app/Contents/Resources/lib/python3.11/numpy/f2py/tests/test_common.py
copying file /Users/jamie/Documents/Projects/python/py2app-error/.venv/lib/python3.11/site-packages/numpy/f2py/tests/test_pyf_src.py -> /Users/jamie/Documents/Projects/python/py2app-error/dist/Timer.app/Contents/Resources/lib/python3.11/numpy/f2py/tests/test_pyf_src.py
copying file /Users/jamie/Documents/Projects/python/py2app-error/.venv/lib/python3.11/site-packages/numpy/f2py/tests/test_kind.py -> /Users/jamie/Documents/Projects/python/py2app-error/dist/Timer.app/Contents/Resources/lib/python3.11/numpy/f2py/tests/test_kind.py
copying file /Users/jamie/Documents/Projects/python/py2app-error/.venv/lib/python3.11/site-packages/numpy/f2py/tests/test_isoc.py -> /Users/jamie/Documents/Projects/python/py2app-error/dist/Timer.app/Contents/Resources/lib/python3.11/numpy/f2py/tests/test_isoc.py
copying file /Users/jamie/Documents/Projects/python/py2app-error/.venv/lib/python3.11/site-packages/numpy/f2py/tests/test_array_from_pyobj.py -> /Users/jamie/Documents/Projects/python/py2app-error/dist/Timer.app/Contents/Resources/lib/python3.11/numpy/f2py/tests/test_array_from_pyobj.py
copying file /Users/jamie/Documents/Projects/python/py2app-error/.venv/lib/python3.11/site-packages/numpy/f2py/tests/test_return_real.py -> /Users/jamie/Documents/Projects/python/py2app-error/dist/Timer.app/Contents/Resources/lib/python3.11/numpy/f2py/tests/test_return_real.py
copying file /Users/jamie/Documents/Projects/python/py2app-error/.venv/lib/python3.11/site-packages/numpy/f2py/tests/test_symbolic.py -> /Users/jamie/Documents/Projects/python/py2app-error/dist/Timer.app/Contents/Resources/lib/python3.11/numpy/f2py/tests/test_symbolic.py
copying file /Users/jamie/Documents/Projects/python/py2app-error/.venv/lib/python3.11/site-packages/numpy/f2py/tests/util.py -> /Users/jamie/Documents/Projects/python/py2app-error/dist/Timer.app/Contents/Resources/lib/python3.11/numpy/f2py/tests/util.py
copying file /Users/jamie/Documents/Projects/python/py2app-error/.venv/lib/python3.11/site-packages/numpy/f2py/tests/test_size.py -> /Users/jamie/Documents/Projects/python/py2app-error/dist/Timer.app/Contents/Resources/lib/python3.11/numpy/f2py/tests/test_size.py
copying file /Users/jamie/Documents/Projects/python/py2app-error/.venv/lib/python3.11/site-packages/numpy/f2py/tests/test_callback.py -> /Users/jamie/Documents/Projects/python/py2app-error/dist/Timer.app/Contents/Resources/lib/python3.11/numpy/f2py/tests/test_callback.py
copying file /Users/jamie/Documents/Projects/python/py2app-error/.venv/lib/python3.11/site-packages/numpy/f2py/tests/test_string.py -> /Users/jamie/Documents/Projects/python/py2app-error/dist/Timer.app/Contents/Resources/lib/python3.11/numpy/f2py/tests/test_string.py
copying file /Users/jamie/Documents/Projects/python/py2app-error/.venv/lib/python3.11/site-packages/numpy/f2py/tests/test_docs.py -> /Users/jamie/Documents/Projects/python/py2app-error/dist/Timer.app/Contents/Resources/lib/python3.11/numpy/f2py/tests/test_docs.py
copying file /Users/jamie/Documents/Projects/python/py2app-error/.venv/lib/python3.11/site-packages/numpy/f2py/tests/__init__.py -> /Users/jamie/Documents/Projects/python/py2app-error/dist/Timer.app/Contents/Resources/lib/python3.11/numpy/f2py/tests/__init__.py
copying file /Users/jamie/Documents/Projects/python/py2app-error/.venv/lib/python3.11/site-packages/numpy/f2py/tests/test_quoted_character.py -> /Users/jamie/Documents/Projects/python/py2app-error/dist/Timer.app/Contents/Resources/lib/python3.11/numpy/f2py/tests/test_quoted_character.py
copying file /Users/jamie/Documents/Projects/python/py2app-error/.venv/lib/python3.11/site-packages/numpy/f2py/tests/test_parameter.py -> /Users/jamie/Documents/Projects/python/py2app-error/dist/Timer.app/Contents/Resources/lib/python3.11/numpy/f2py/tests/test_parameter.py
creating /Users/jamie/Documents/Projects/python/py2app-error/dist/Timer.app/Contents/Resources/lib/python3.11/numpy/f2py/tests/__pycache__
copying file /Users/jamie/Documents/Projects/python/py2app-error/.venv/lib/python3.11/site-packages/numpy/f2py/tests/__pycache__/test_common.cpython-311.pyc -> /Users/jamie/Documents/Projects/python/py2app-error/dist/Timer.app/Contents/Resources/lib/python3.11/numpy/f2py/tests/__pycache__/test_common.cpython-311.pyc
copying file /Users/jamie/Documents/Projects/python/py2app-error/.venv/lib/python3.11/site-packages/numpy/f2py/tests/__pycache__/test_regression.cpython-311.pyc -> /Users/jamie/Documents/Projects/python/py2app-error/dist/Timer.app/Contents/Resources/lib/python3.11/numpy/f2py/tests/__pycache__/test_regression.cpython-311.pyc
copying file /Users/jamie/Documents/Projects/python/py2app-error/.venv/lib/python3.11/site-packages/numpy/f2py/tests/__pycache__/test_semicolon_split.cpython-311.pyc -> /Users/jamie/Documents/Projects/python/py2app-error/dist/Timer.app/Contents/Resources/lib/python3.11/numpy/f2py/tests/__pycache__/test_semicolon_split.cpython-311.pyc
copying file /Users/jamie/Documents/Projects/python/py2app-error/.venv/lib/python3.11/site-packages/numpy/f2py/tests/__pycache__/test_parameter.cpython-311.pyc -> /Users/jamie/Documents/Projects/python/py2app-error/dist/Timer.app/Contents/Resources/lib/python3.11/numpy/f2py/tests/__pycache__/test_parameter.cpython-311.pyc
copying file /Users/jamie/Documents/Projects/python/py2app-error/.venv/lib/python3.11/site-packages/numpy/f2py/tests/__pycache__/test_f2py2e.cpython-311.pyc -> /Users/jamie/Documents/Projects/python/py2app-error/dist/Timer.app/Contents/Resources/lib/python3.11/numpy/f2py/tests/__pycache__/test_f2py2e.cpython-311.pyc
copying file /Users/jamie/Documents/Projects/python/py2app-error/.venv/lib/python3.11/site-packages/numpy/f2py/tests/__pycache__/test_kind.cpython-311.pyc -> /Users/jamie/Documents/Projects/python/py2app-error/dist/Timer.app/Contents/Resources/lib/python3.11/numpy/f2py/tests/__pycache__/test_kind.cpython-311.pyc
copying file /Users/jamie/Documents/Projects/python/py2app-error/.venv/lib/python3.11/site-packages/numpy/f2py/tests/__pycache__/test_return_logical.cpython-311.pyc -> /Users/jamie/Documents/Projects/python/py2app-error/dist/Timer.app/Contents/Resources/lib/python3.11/numpy/f2py/tests/__pycache__/test_return_logical.cpython-311.pyc
copying file /Users/jamie/Documents/Projects/python/py2app-error/.venv/lib/python3.11/site-packages/numpy/f2py/tests/__pycache__/test_symbolic.cpython-311.pyc -> /Users/jamie/Documents/Projects/python/py2app-error/dist/Timer.app/Contents/Resources/lib/python3.11/numpy/f2py/tests/__pycache__/test_symbolic.cpython-311.pyc
copying file /Users/jamie/Documents/Projects/python/py2app-error/.venv/lib/python3.11/site-packages/numpy/f2py/tests/__pycache__/test_string.cpython-311.pyc -> /Users/jamie/Documents/Projects/python/py2app-error/dist/Timer.app/Contents/Resources/lib/python3.11/numpy/f2py/tests/__pycache__/test_string.cpython-311.pyc
copying file /Users/jamie/Documents/Projects/python/py2app-error/.venv/lib/python3.11/site-packages/numpy/f2py/tests/__pycache__/test_quoted_character.cpython-311.pyc -> /Users/jamie/Documents/Projects/python/py2app-error/dist/Timer.app/Contents/Resources/lib/python3.11/numpy/f2py/tests/__pycache__/test_quoted_character.cpython-311.pyc
copying file /Users/jamie/Documents/Projects/python/py2app-error/.venv/lib/python3.11/site-packages/numpy/f2py/tests/__pycache__/test_modules.cpython-311.pyc -> /Users/jamie/Documents/Projects/python/py2app-error/dist/Timer.app/Contents/Resources/lib/python3.11/numpy/f2py/tests/__pycache__/test_modules.cpython-311.pyc
copying file /Users/jamie/Documents/Projects/python/py2app-error/.venv/lib/python3.11/site-packages/numpy/f2py/tests/__pycache__/test_return_complex.cpython-311.pyc -> /Users/jamie/Documents/Projects/python/py2app-error/dist/Timer.app/Contents/Resources/lib/python3.11/numpy/f2py/tests/__pycache__/test_return_complex.cpython-311.pyc
copying file /Users/jamie/Documents/Projects/python/py2app-error/.venv/lib/python3.11/site-packages/numpy/f2py/tests/__pycache__/test_array_from_pyobj.cpython-311.pyc -> /Users/jamie/Documents/Projects/python/py2app-error/dist/Timer.app/Contents/Resources/lib/python3.11/numpy/f2py/tests/__pycache__/test_array_from_pyobj.cpython-311.pyc
copying file /Users/jamie/Documents/Projects/python/py2app-error/.venv/lib/python3.11/site-packages/numpy/f2py/tests/__pycache__/test_character.cpython-311.pyc -> /Users/jamie/Documents/Projects/python/py2app-error/dist/Timer.app/Contents/Resources/lib/python3.11/numpy/f2py/tests/__pycache__/test_character.cpython-311.pyc
copying file /Users/jamie/Documents/Projects/python/py2app-error/.venv/lib/python3.11/site-packages/numpy/f2py/tests/__pycache__/test_f2cmap.cpython-311.pyc -> /Users/jamie/Documents/Projects/python/py2app-error/dist/Timer.app/Contents/Resources/lib/python3.11/numpy/f2py/tests/__pycache__/test_f2cmap.cpython-311.pyc
copying file /Users/jamie/Documents/Projects/python/py2app-error/.venv/lib/python3.11/site-packages/numpy/f2py/tests/__pycache__/test_block_docstring.cpython-311.pyc -> /Users/jamie/Documents/Projects/python/py2app-error/dist/Timer.app/Contents/Resources/lib/python3.11/numpy/f2py/tests/__pycache__/test_block_docstring.cpython-311.pyc
copying file /Users/jamie/Documents/Projects/python/py2app-error/.venv/lib/python3.11/site-packages/numpy/f2py/tests/__pycache__/test_size.cpython-311.pyc -> /Users/jamie/Documents/Projects/python/py2app-error/dist/Timer.app/Contents/Resources/lib/python3.11/numpy/f2py/tests/__pycache__/test_size.cpython-311.pyc
copying file /Users/jamie/Documents/Projects/python/py2app-error/.venv/lib/python3.11/site-packages/numpy/f2py/tests/__pycache__/test_crackfortran.cpython-311.pyc -> /Users/jamie/Documents/Projects/python/py2app-error/dist/Timer.app/Contents/Resources/lib/python3.11/numpy/f2py/tests/__pycache__/test_crackfortran.cpython-311.pyc
copying file /Users/jamie/Documents/Projects/python/py2app-error/.venv/lib/python3.11/site-packages/numpy/f2py/tests/__pycache__/test_pyf_src.cpython-311.pyc -> /Users/jamie/Documents/Projects/python/py2app-error/dist/Timer.app/Contents/Resources/lib/python3.11/numpy/f2py/tests/__pycache__/test_pyf_src.cpython-311.pyc
copying file /Users/jamie/Documents/Projects/python/py2app-error/.venv/lib/python3.11/site-packages/numpy/f2py/tests/__pycache__/test_data.cpython-311.pyc -> /Users/jamie/Documents/Projects/python/py2app-error/dist/Timer.app/Contents/Resources/lib/python3.11/numpy/f2py/tests/__pycache__/test_data.cpython-311.pyc
copying file /Users/jamie/Documents/Projects/python/py2app-error/.venv/lib/python3.11/site-packages/numpy/f2py/tests/__pycache__/test_isoc.cpython-311.pyc -> /Users/jamie/Documents/Projects/python/py2app-error/dist/Timer.app/Contents/Resources/lib/python3.11/numpy/f2py/tests/__pycache__/test_isoc.cpython-311.pyc
copying file /Users/jamie/Documents/Projects/python/py2app-error/.venv/lib/python3.11/site-packages/numpy/f2py/tests/__pycache__/test_mixed.cpython-311.pyc -> /Users/jamie/Documents/Projects/python/py2app-error/dist/Timer.app/Contents/Resources/lib/python3.11/numpy/f2py/tests/__pycache__/test_mixed.cpython-311.pyc
copying file /Users/jamie/Documents/Projects/python/py2app-error/.venv/lib/python3.11/site-packages/numpy/f2py/tests/__pycache__/test_assumed_shape.cpython-311.pyc -> /Users/jamie/Documents/Projects/python/py2app-error/dist/Timer.app/Contents/Resources/lib/python3.11/numpy/f2py/tests/__pycache__/test_assumed_shape.cpython-311.pyc
copying file /Users/jamie/Documents/Projects/python/py2app-error/.venv/lib/python3.11/site-packages/numpy/f2py/tests/__pycache__/util.cpython-311.pyc -> /Users/jamie/Documents/Projects/python/py2app-error/dist/Timer.app/Contents/Resources/lib/python3.11/numpy/f2py/tests/__pycache__/util.cpython-311.pyc
copying file /Users/jamie/Documents/Projects/python/py2app-error/.venv/lib/python3.11/site-packages/numpy/f2py/tests/__pycache__/test_abstract_interface.cpython-311.pyc -> /Users/jamie/Documents/Projects/python/py2app-error/dist/Timer.app/Contents/Resources/lib/python3.11/numpy/f2py/tests/__pycache__/test_abstract_interface.cpython-311.pyc
copying file /Users/jamie/Documents/Projects/python/py2app-error/.venv/lib/python3.11/site-packages/numpy/f2py/tests/__pycache__/test_return_real.cpython-311.pyc -> /Users/jamie/Documents/Projects/python/py2app-error/dist/Timer.app/Contents/Resources/lib/python3.11/numpy/f2py/tests/__pycache__/test_return_real.cpython-311.pyc
copying file /Users/jamie/Documents/Projects/python/py2app-error/.venv/lib/python3.11/site-packages/numpy/f2py/tests/__pycache__/test_callback.cpython-311.pyc -> /Users/jamie/Documents/Projects/python/py2app-error/dist/Timer.app/Contents/Resources/lib/python3.11/numpy/f2py/tests/__pycache__/test_callback.cpython-311.pyc
copying file /Users/jamie/Documents/Projects/python/py2app-error/.venv/lib/python3.11/site-packages/numpy/f2py/tests/__pycache__/test_return_integer.cpython-311.pyc -> /Users/jamie/Documents/Projects/python/py2app-error/dist/Timer.app/Contents/Resources/lib/python3.11/numpy/f2py/tests/__pycache__/test_return_integer.cpython-311.pyc
copying file /Users/jamie/Documents/Projects/python/py2app-error/.venv/lib/python3.11/site-packages/numpy/f2py/tests/__pycache__/test_return_character.cpython-311.pyc -> /Users/jamie/Documents/Projects/python/py2app-error/dist/Timer.app/Contents/Resources/lib/python3.11/numpy/f2py/tests/__pycache__/test_return_character.cpython-311.pyc
copying file /Users/jamie/Documents/Projects/python/py2app-error/.venv/lib/python3.11/site-packages/numpy/f2py/tests/__pycache__/test_docs.cpython-311.pyc -> /Users/jamie/Documents/Projects/python/py2app-error/dist/Timer.app/Contents/Resources/lib/python3.11/numpy/f2py/tests/__pycache__/test_docs.cpython-311.pyc
copying file /Users/jamie/Documents/Projects/python/py2app-error/.venv/lib/python3.11/site-packages/numpy/f2py/tests/__pycache__/test_value_attrspec.cpython-311.pyc -> /Users/jamie/Documents/Projects/python/py2app-error/dist/Timer.app/Contents/Resources/lib/python3.11/numpy/f2py/tests/__pycache__/test_value_attrspec.cpython-311.pyc
copying file /Users/jamie/Documents/Projects/python/py2app-error/.venv/lib/python3.11/site-packages/numpy/f2py/tests/__pycache__/__init__.cpython-311.pyc -> /Users/jamie/Documents/Projects/python/py2app-error/dist/Timer.app/Contents/Resources/lib/python3.11/numpy/f2py/tests/__pycache__/__init__.cpython-311.pyc
copying file /Users/jamie/Documents/Projects/python/py2app-error/.venv/lib/python3.11/site-packages/numpy/f2py/tests/test_abstract_interface.py -> /Users/jamie/Documents/Projects/python/py2app-error/dist/Timer.app/Contents/Resources/lib/python3.11/numpy/f2py/tests/test_abstract_interface.py
copying file /Users/jamie/Documents/Projects/python/py2app-error/.venv/lib/python3.11/site-packages/numpy/f2py/tests/test_f2cmap.py -> /Users/jamie/Documents/Projects/python/py2app-error/dist/Timer.app/Contents/Resources/lib/python3.11/numpy/f2py/tests/test_f2cmap.py
copying file /Users/jamie/Documents/Projects/python/py2app-error/.venv/lib/python3.11/site-packages/numpy/f2py/tests/test_semicolon_split.py -> /Users/jamie/Documents/Projects/python/py2app-error/dist/Timer.app/Contents/Resources/lib/python3.11/numpy/f2py/tests/test_semicolon_split.py
copying file /Users/jamie/Documents/Projects/python/py2app-error/.venv/lib/python3.11/site-packages/numpy/f2py/tests/test_block_docstring.py -> /Users/jamie/Documents/Projects/python/py2app-error/dist/Timer.app/Contents/Resources/lib/python3.11/numpy/f2py/tests/test_block_docstring.py
copying file /Users/jamie/Documents/Projects/python/py2app-error/.venv/lib/python3.11/site-packages/numpy/f2py/tests/test_return_integer.py -> /Users/jamie/Documents/Projects/python/py2app-error/dist/Timer.app/Contents/Resources/lib/python3.11/numpy/f2py/tests/test_return_integer.py
copying file /Users/jamie/Documents/Projects/python/py2app-error/.venv/lib/python3.11/site-packages/numpy/f2py/tests/test_return_character.py -> /Users/jamie/Documents/Projects/python/py2app-error/dist/Timer.app/Contents/Resources/lib/python3.11/numpy/f2py/tests/test_return_character.py
copying file /Users/jamie/Documents/Projects/python/py2app-error/.venv/lib/python3.11/site-packages/numpy/f2py/tests/test_data.py -> /Users/jamie/Documents/Projects/python/py2app-error/dist/Timer.app/Contents/Resources/lib/python3.11/numpy/f2py/tests/test_data.py
copying file /Users/jamie/Documents/Projects/python/py2app-error/.venv/lib/python3.11/site-packages/numpy/f2py/tests/test_value_attrspec.py -> /Users/jamie/Documents/Projects/python/py2app-error/dist/Timer.app/Contents/Resources/lib/python3.11/numpy/f2py/tests/test_value_attrspec.py
copying file /Users/jamie/Documents/Projects/python/py2app-error/.venv/lib/python3.11/site-packages/numpy/f2py/tests/test_return_complex.py -> /Users/jamie/Documents/Projects/python/py2app-error/dist/Timer.app/Contents/Resources/lib/python3.11/numpy/f2py/tests/test_return_complex.py
copying file /Users/jamie/Documents/Projects/python/py2app-error/.venv/lib/python3.11/site-packages/numpy/f2py/tests/test_modules.py -> /Users/jamie/Documents/Projects/python/py2app-error/dist/Timer.app/Contents/Resources/lib/python3.11/numpy/f2py/tests/test_modules.py
copying file /Users/jamie/Documents/Projects/python/py2app-error/.venv/lib/python3.11/site-packages/numpy/f2py/tests/test_crackfortran.py -> /Users/jamie/Documents/Projects/python/py2app-error/dist/Timer.app/Contents/Resources/lib/python3.11/numpy/f2py/tests/test_crackfortran.py
copying file /Users/jamie/Documents/Projects/python/py2app-error/.venv/lib/python3.11/site-packages/numpy/f2py/tests/test_f2py2e.py -> /Users/jamie/Documents/Projects/python/py2app-error/dist/Timer.app/Contents/Resources/lib/python3.11/numpy/f2py/tests/test_f2py2e.py
copying file /Users/jamie/Documents/Projects/python/py2app-error/.venv/lib/python3.11/site-packages/numpy/f2py/tests/test_regression.py -> /Users/jamie/Documents/Projects/python/py2app-error/dist/Timer.app/Contents/Resources/lib/python3.11/numpy/f2py/tests/test_regression.py
creating /Users/jamie/Documents/Projects/python/py2app-error/dist/Timer.app/Contents/Resources/lib/python3.11/numpy/f2py/tests/src
creating /Users/jamie/Documents/Projects/python/py2app-error/dist/Timer.app/Contents/Resources/lib/python3.11/numpy/f2py/tests/src/abstract_interface
copying file /Users/jamie/Documents/Projects/python/py2app-error/.venv/lib/python3.11/site-packages/numpy/f2py/tests/src/abstract_interface/foo.f90 -> /Users/jamie/Documents/Projects/python/py2app-error/dist/Timer.app/Contents/Resources/lib/python3.11/numpy/f2py/tests/src/abstract_interface/foo.f90
copying file /Users/jamie/Documents/Projects/python/py2app-error/.venv/lib/python3.11/site-packages/numpy/f2py/tests/src/abstract_interface/gh18403_mod.f90 -> /Users/jamie/Documents/Projects/python/py2app-error/dist/Timer.app/Contents/Resources/lib/python3.11/numpy/f2py/tests/src/abstract_interface/gh18403_mod.f90
creating /Users/jamie/Documents/Projects/python/py2app-error/dist/Timer.app/Contents/Resources/lib/python3.11/numpy/f2py/tests/src/isocintrin
copying file /Users/jamie/Documents/Projects/python/py2app-error/.venv/lib/python3.11/site-packages/numpy/f2py/tests/src/isocintrin/isoCtests.f90 -> /Users/jamie/Documents/Projects/python/py2app-error/dist/Timer.app/Contents/Resources/lib/python3.11/numpy/f2py/tests/src/isocintrin/isoCtests.f90
creating /Users/jamie/Documents/Projects/python/py2app-error/dist/Timer.app/Contents/Resources/lib/python3.11/numpy/f2py/tests/src/return_character
copying file /Users/jamie/Documents/Projects/python/py2app-error/.venv/lib/python3.11/site-packages/numpy/f2py/tests/src/return_character/foo77.f -> /Users/jamie/Documents/Projects/python/py2app-error/dist/Timer.app/Contents/Resources/lib/python3.11/numpy/f2py/tests/src/return_character/foo77.f
copying file /Users/jamie/Documents/Projects/python/py2app-error/.venv/lib/python3.11/site-packages/numpy/f2py/tests/src/return_character/foo90.f90 -> /Users/jamie/Documents/Projects/python/py2app-error/dist/Timer.app/Contents/Resources/lib/python3.11/numpy/f2py/tests/src/return_character/foo90.f90
creating /Users/jamie/Documents/Projects/python/py2app-error/dist/Timer.app/Contents/Resources/lib/python3.11/numpy/f2py/tests/src/f2cmap
copying file /Users/jamie/Documents/Projects/python/py2app-error/.venv/lib/python3.11/site-packages/numpy/f2py/tests/src/f2cmap/.f2py_f2cmap -> /Users/jamie/Documents/Projects/python/py2app-error/dist/Timer.app/Contents/Resources/lib/python3.11/numpy/f2py/tests/src/f2cmap/.f2py_f2cmap
copying file /Users/jamie/Documents/Projects/python/py2app-error/.venv/lib/python3.11/site-packages/numpy/f2py/tests/src/f2cmap/isoFortranEnvMap.f90 -> /Users/jamie/Documents/Projects/python/py2app-error/dist/Timer.app/Contents/Resources/lib/python3.11/numpy/f2py/tests/src/f2cmap/isoFortranEnvMap.f90
creating /Users/jamie/Documents/Projects/python/py2app-error/dist/Timer.app/Contents/Resources/lib/python3.11/numpy/f2py/tests/src/mixed
copying file /Users/jamie/Documents/Projects/python/py2app-error/.venv/lib/python3.11/site-packages/numpy/f2py/tests/src/mixed/foo_free.f90 -> /Users/jamie/Documents/Projects/python/py2app-error/dist/Timer.app/Contents/Resources/lib/python3.11/numpy/f2py/tests/src/mixed/foo_free.f90
copying file /Users/jamie/Documents/Projects/python/py2app-error/.venv/lib/python3.11/site-packages/numpy/f2py/tests/src/mixed/foo_fixed.f90 -> /Users/jamie/Documents/Projects/python/py2app-error/dist/Timer.app/Contents/Resources/lib/python3.11/numpy/f2py/tests/src/mixed/foo_fixed.f90
copying file /Users/jamie/Documents/Projects/python/py2app-error/.venv/lib/python3.11/site-packages/numpy/f2py/tests/src/mixed/foo.f -> /Users/jamie/Documents/Projects/python/py2app-error/dist/Timer.app/Contents/Resources/lib/python3.11/numpy/f2py/tests/src/mixed/foo.f
creating /Users/jamie/Documents/Projects/python/py2app-error/dist/Timer.app/Contents/Resources/lib/python3.11/numpy/f2py/tests/src/return_complex
copying file /Users/jamie/Documents/Projects/python/py2app-error/.venv/lib/python3.11/site-packages/numpy/f2py/tests/src/return_complex/foo77.f -> /Users/jamie/Documents/Projects/python/py2app-error/dist/Timer.app/Contents/Resources/lib/python3.11/numpy/f2py/tests/src/return_complex/foo77.f
copying file /Users/jamie/Documents/Projects/python/py2app-error/.venv/lib/python3.11/site-packages/numpy/f2py/tests/src/return_complex/foo90.f90 -> /Users/jamie/Documents/Projects/python/py2app-error/dist/Timer.app/Contents/Resources/lib/python3.11/numpy/f2py/tests/src/return_complex/foo90.f90
creating /Users/jamie/Documents/Projects/python/py2app-error/dist/Timer.app/Contents/Resources/lib/python3.11/numpy/f2py/tests/src/quoted_character
copying file /Users/jamie/Documents/Projects/python/py2app-error/.venv/lib/python3.11/site-packages/numpy/f2py/tests/src/quoted_character/foo.f -> /Users/jamie/Documents/Projects/python/py2app-error/dist/Timer.app/Contents/Resources/lib/python3.11/numpy/f2py/tests/src/quoted_character/foo.f
creating /Users/jamie/Documents/Projects/python/py2app-error/dist/Timer.app/Contents/Resources/lib/python3.11/numpy/f2py/tests/src/array_from_pyobj
copying file /Users/jamie/Documents/Projects/python/py2app-error/.venv/lib/python3.11/site-packages/numpy/f2py/tests/src/array_from_pyobj/wrapmodule.c -> /Users/jamie/Documents/Projects/python/py2app-error/dist/Timer.app/Contents/Resources/lib/python3.11/numpy/f2py/tests/src/array_from_pyobj/wrapmodule.c
creating /Users/jamie/Documents/Projects/python/py2app-error/dist/Timer.app/Contents/Resources/lib/python3.11/numpy/f2py/tests/src/cli
copying file /Users/jamie/Documents/Projects/python/py2app-error/.venv/lib/python3.11/site-packages/numpy/f2py/tests/src/cli/gh_22819.pyf -> /Users/jamie/Documents/Projects/python/py2app-error/dist/Timer.app/Contents/Resources/lib/python3.11/numpy/f2py/tests/src/cli/gh_22819.pyf
copying file /Users/jamie/Documents/Projects/python/py2app-error/.venv/lib/python3.11/site-packages/numpy/f2py/tests/src/cli/hi77.f -> /Users/jamie/Documents/Projects/python/py2app-error/dist/Timer.app/Contents/Resources/lib/python3.11/numpy/f2py/tests/src/cli/hi77.f
copying file /Users/jamie/Documents/Projects/python/py2app-error/.venv/lib/python3.11/site-packages/numpy/f2py/tests/src/cli/hiworld.f90 -> /Users/jamie/Documents/Projects/python/py2app-error/dist/Timer.app/Contents/Resources/lib/python3.11/numpy/f2py/tests/src/cli/hiworld.f90
creating /Users/jamie/Documents/Projects/python/py2app-error/dist/Timer.app/Contents/Resources/lib/python3.11/numpy/f2py/tests/src/kind
copying file /Users/jamie/Documents/Projects/python/py2app-error/.venv/lib/python3.11/site-packages/numpy/f2py/tests/src/kind/foo.f90 -> /Users/jamie/Documents/Projects/python/py2app-error/dist/Timer.app/Contents/Resources/lib/python3.11/numpy/f2py/tests/src/kind/foo.f90
creating /Users/jamie/Documents/Projects/python/py2app-error/dist/Timer.app/Contents/Resources/lib/python3.11/numpy/f2py/tests/src/value_attrspec
copying file /Users/jamie/Documents/Projects/python/py2app-error/.venv/lib/python3.11/site-packages/numpy/f2py/tests/src/value_attrspec/gh21665.f90 -> /Users/jamie/Documents/Projects/python/py2app-error/dist/Timer.app/Contents/Resources/lib/python3.11/numpy/f2py/tests/src/value_attrspec/gh21665.f90
creating /Users/jamie/Documents/Projects/python/py2app-error/dist/Timer.app/Contents/Resources/lib/python3.11/numpy/f2py/tests/src/negative_bounds
copying file /Users/jamie/Documents/Projects/python/py2app-error/.venv/lib/python3.11/site-packages/numpy/f2py/tests/src/negative_bounds/issue_20853.f90 -> /Users/jamie/Documents/Projects/python/py2app-error/dist/Timer.app/Contents/Resources/lib/python3.11/numpy/f2py/tests/src/negative_bounds/issue_20853.f90
creating /Users/jamie/Documents/Projects/python/py2app-error/dist/Timer.app/Contents/Resources/lib/python3.11/numpy/f2py/tests/src/common
copying file /Users/jamie/Documents/Projects/python/py2app-error/.venv/lib/python3.11/site-packages/numpy/f2py/tests/src/common/gh19161.f90 -> /Users/jamie/Documents/Projects/python/py2app-error/dist/Timer.app/Contents/Resources/lib/python3.11/numpy/f2py/tests/src/common/gh19161.f90
copying file /Users/jamie/Documents/Projects/python/py2app-error/.venv/lib/python3.11/site-packages/numpy/f2py/tests/src/common/block.f -> /Users/jamie/Documents/Projects/python/py2app-error/dist/Timer.app/Contents/Resources/lib/python3.11/numpy/f2py/tests/src/common/block.f
creating /Users/jamie/Documents/Projects/python/py2app-error/dist/Timer.app/Contents/Resources/lib/python3.11/numpy/f2py/tests/src/return_real
copying file /Users/jamie/Documents/Projects/python/py2app-error/.venv/lib/python3.11/site-packages/numpy/f2py/tests/src/return_real/foo77.f -> /Users/jamie/Documents/Projects/python/py2app-error/dist/Timer.app/Contents/Resources/lib/python3.11/numpy/f2py/tests/src/return_real/foo77.f
copying file /Users/jamie/Documents/Projects/python/py2app-error/.venv/lib/python3.11/site-packages/numpy/f2py/tests/src/return_real/foo90.f90 -> /Users/jamie/Documents/Projects/python/py2app-error/dist/Timer.app/Contents/Resources/lib/python3.11/numpy/f2py/tests/src/return_real/foo90.f90
creating /Users/jamie/Documents/Projects/python/py2app-error/dist/Timer.app/Contents/Resources/lib/python3.11/numpy/f2py/tests/src/assumed_shape
copying file /Users/jamie/Documents/Projects/python/py2app-error/.venv/lib/python3.11/site-packages/numpy/f2py/tests/src/assumed_shape/precision.f90 -> /Users/jamie/Documents/Projects/python/py2app-error/dist/Timer.app/Contents/Resources/lib/python3.11/numpy/f2py/tests/src/assumed_shape/precision.f90
copying file /Users/jamie/Documents/Projects/python/py2app-error/.venv/lib/python3.11/site-packages/numpy/f2py/tests/src/assumed_shape/.f2py_f2cmap -> /Users/jamie/Documents/Projects/python/py2app-error/dist/Timer.app/Contents/Resources/lib/python3.11/numpy/f2py/tests/src/assumed_shape/.f2py_f2cmap
copying file /Users/jamie/Documents/Projects/python/py2app-error/.venv/lib/python3.11/site-packages/numpy/f2py/tests/src/assumed_shape/foo_mod.f90 -> /Users/jamie/Documents/Projects/python/py2app-error/dist/Timer.app/Contents/Resources/lib/python3.11/numpy/f2py/tests/src/assumed_shape/foo_mod.f90
copying file /Users/jamie/Documents/Projects/python/py2app-error/.venv/lib/python3.11/site-packages/numpy/f2py/tests/src/assumed_shape/foo_free.f90 -> /Users/jamie/Documents/Projects/python/py2app-error/dist/Timer.app/Contents/Resources/lib/python3.11/numpy/f2py/tests/src/assumed_shape/foo_free.f90
copying file /Users/jamie/Documents/Projects/python/py2app-error/.venv/lib/python3.11/site-packages/numpy/f2py/tests/src/assumed_shape/foo_use.f90 -> /Users/jamie/Documents/Projects/python/py2app-error/dist/Timer.app/Contents/Resources/lib/python3.11/numpy/f2py/tests/src/assumed_shape/foo_use.f90
creating /Users/jamie/Documents/Projects/python/py2app-error/dist/Timer.app/Contents/Resources/lib/python3.11/numpy/f2py/tests/src/block_docstring
copying file /Users/jamie/Documents/Projects/python/py2app-error/.venv/lib/python3.11/site-packages/numpy/f2py/tests/src/block_docstring/foo.f -> /Users/jamie/Documents/Projects/python/py2app-error/dist/Timer.app/Contents/Resources/lib/python3.11/numpy/f2py/tests/src/block_docstring/foo.f
creating /Users/jamie/Documents/Projects/python/py2app-error/dist/Timer.app/Contents/Resources/lib/python3.11/numpy/f2py/tests/src/return_integer
copying file /Users/jamie/Documents/Projects/python/py2app-error/.venv/lib/python3.11/site-packages/numpy/f2py/tests/src/return_integer/foo77.f -> /Users/jamie/Documents/Projects/python/py2app-error/dist/Timer.app/Contents/Resources/lib/python3.11/numpy/f2py/tests/src/return_integer/foo77.f
copying file /Users/jamie/Documents/Projects/python/py2app-error/.venv/lib/python3.11/site-packages/numpy/f2py/tests/src/return_integer/foo90.f90 -> /Users/jamie/Documents/Projects/python/py2app-error/dist/Timer.app/Contents/Resources/lib/python3.11/numpy/f2py/tests/src/return_integer/foo90.f90
creating /Users/jamie/Documents/Projects/python/py2app-error/dist/Timer.app/Contents/Resources/lib/python3.11/numpy/f2py/tests/src/return_logical
copying file /Users/jamie/Documents/Projects/python/py2app-error/.venv/lib/python3.11/site-packages/numpy/f2py/tests/src/return_logical/foo77.f -> /Users/jamie/Documents/Projects/python/py2app-error/dist/Timer.app/Contents/Resources/lib/python3.11/numpy/f2py/tests/src/return_logical/foo77.f
copying file /Users/jamie/Documents/Projects/python/py2app-error/.venv/lib/python3.11/site-packages/numpy/f2py/tests/src/return_logical/foo90.f90 -> /Users/jamie/Documents/Projects/python/py2app-error/dist/Timer.app/Contents/Resources/lib/python3.11/numpy/f2py/tests/src/return_logical/foo90.f90
creating /Users/jamie/Documents/Projects/python/py2app-error/dist/Timer.app/Contents/Resources/lib/python3.11/numpy/f2py/tests/src/parameter
copying file /Users/jamie/Documents/Projects/python/py2app-error/.venv/lib/python3.11/site-packages/numpy/f2py/tests/src/parameter/constant_non_compound.f90 -> /Users/jamie/Documents/Projects/python/py2app-error/dist/Timer.app/Contents/Resources/lib/python3.11/numpy/f2py/tests/src/parameter/constant_non_compound.f90
copying file /Users/jamie/Documents/Projects/python/py2app-error/.venv/lib/python3.11/site-packages/numpy/f2py/tests/src/parameter/constant_array.f90 -> /Users/jamie/Documents/Projects/python/py2app-error/dist/Timer.app/Contents/Resources/lib/python3.11/numpy/f2py/tests/src/parameter/constant_array.f90
copying file /Users/jamie/Documents/Projects/python/py2app-error/.venv/lib/python3.11/site-packages/numpy/f2py/tests/src/parameter/constant_both.f90 -> /Users/jamie/Documents/Projects/python/py2app-error/dist/Timer.app/Contents/Resources/lib/python3.11/numpy/f2py/tests/src/parameter/constant_both.f90
copying file /Users/jamie/Documents/Projects/python/py2app-error/.venv/lib/python3.11/site-packages/numpy/f2py/tests/src/parameter/constant_integer.f90 -> /Users/jamie/Documents/Projects/python/py2app-error/dist/Timer.app/Contents/Resources/lib/python3.11/numpy/f2py/tests/src/parameter/constant_integer.f90
copying file /Users/jamie/Documents/Projects/python/py2app-error/.venv/lib/python3.11/site-packages/numpy/f2py/tests/src/parameter/constant_compound.f90 -> /Users/jamie/Documents/Projects/python/py2app-error/dist/Timer.app/Contents/Resources/lib/python3.11/numpy/f2py/tests/src/parameter/constant_compound.f90
copying file /Users/jamie/Documents/Projects/python/py2app-error/.venv/lib/python3.11/site-packages/numpy/f2py/tests/src/parameter/constant_real.f90 -> /Users/jamie/Documents/Projects/python/py2app-error/dist/Timer.app/Contents/Resources/lib/python3.11/numpy/f2py/tests/src/parameter/constant_real.f90
creating /Users/jamie/Documents/Projects/python/py2app-error/dist/Timer.app/Contents/Resources/lib/python3.11/numpy/f2py/tests/src/string
copying file /Users/jamie/Documents/Projects/python/py2app-error/.venv/lib/python3.11/site-packages/numpy/f2py/tests/src/string/gh24008.f -> /Users/jamie/Documents/Projects/python/py2app-error/dist/Timer.app/Contents/Resources/lib/python3.11/numpy/f2py/tests/src/string/gh24008.f
copying file /Users/jamie/Documents/Projects/python/py2app-error/.venv/lib/python3.11/site-packages/numpy/f2py/tests/src/string/char.f90 -> /Users/jamie/Documents/Projects/python/py2app-error/dist/Timer.app/Contents/Resources/lib/python3.11/numpy/f2py/tests/src/string/char.f90
copying file /Users/jamie/Documents/Projects/python/py2app-error/.venv/lib/python3.11/site-packages/numpy/f2py/tests/src/string/gh25286_bc.pyf -> /Users/jamie/Documents/Projects/python/py2app-error/dist/Timer.app/Contents/Resources/lib/python3.11/numpy/f2py/tests/src/string/gh25286_bc.pyf
copying file /Users/jamie/Documents/Projects/python/py2app-error/.venv/lib/python3.11/site-packages/numpy/f2py/tests/src/string/gh24662.f90 -> /Users/jamie/Documents/Projects/python/py2app-error/dist/Timer.app/Contents/Resources/lib/python3.11/numpy/f2py/tests/src/string/gh24662.f90
copying file /Users/jamie/Documents/Projects/python/py2app-error/.venv/lib/python3.11/site-packages/numpy/f2py/tests/src/string/fixed_string.f90 -> /Users/jamie/Documents/Projects/python/py2app-error/dist/Timer.app/Contents/Resources/lib/python3.11/numpy/f2py/tests/src/string/fixed_string.f90
copying file /Users/jamie/Documents/Projects/python/py2app-error/.venv/lib/python3.11/site-packages/numpy/f2py/tests/src/string/gh25286.pyf -> /Users/jamie/Documents/Projects/python/py2app-error/dist/Timer.app/Contents/Resources/lib/python3.11/numpy/f2py/tests/src/string/gh25286.pyf
copying file /Users/jamie/Documents/Projects/python/py2app-error/.venv/lib/python3.11/site-packages/numpy/f2py/tests/src/string/scalar_string.f90 -> /Users/jamie/Documents/Projects/python/py2app-error/dist/Timer.app/Contents/Resources/lib/python3.11/numpy/f2py/tests/src/string/scalar_string.f90
copying file /Users/jamie/Documents/Projects/python/py2app-error/.venv/lib/python3.11/site-packages/numpy/f2py/tests/src/string/gh25286.f90 -> /Users/jamie/Documents/Projects/python/py2app-error/dist/Timer.app/Contents/Resources/lib/python3.11/numpy/f2py/tests/src/string/gh25286.f90
copying file /Users/jamie/Documents/Projects/python/py2app-error/.venv/lib/python3.11/site-packages/numpy/f2py/tests/src/string/string.f -> /Users/jamie/Documents/Projects/python/py2app-error/dist/Timer.app/Contents/Resources/lib/python3.11/numpy/f2py/tests/src/string/string.f
creating /Users/jamie/Documents/Projects/python/py2app-error/dist/Timer.app/Contents/Resources/lib/python3.11/numpy/f2py/tests/src/callback
copying file /Users/jamie/Documents/Projects/python/py2app-error/.venv/lib/python3.11/site-packages/numpy/f2py/tests/src/callback/gh18335.f90 -> /Users/jamie/Documents/Projects/python/py2app-error/dist/Timer.app/Contents/Resources/lib/python3.11/numpy/f2py/tests/src/callback/gh18335.f90
copying file /Users/jamie/Documents/Projects/python/py2app-error/.venv/lib/python3.11/site-packages/numpy/f2py/tests/src/callback/gh25211.pyf -> /Users/jamie/Documents/Projects/python/py2app-error/dist/Timer.app/Contents/Resources/lib/python3.11/numpy/f2py/tests/src/callback/gh25211.pyf
copying file /Users/jamie/Documents/Projects/python/py2app-error/.venv/lib/python3.11/site-packages/numpy/f2py/tests/src/callback/gh25211.f -> /Users/jamie/Documents/Projects/python/py2app-error/dist/Timer.app/Contents/Resources/lib/python3.11/numpy/f2py/tests/src/callback/gh25211.f
copying file /Users/jamie/Documents/Projects/python/py2app-error/.venv/lib/python3.11/site-packages/numpy/f2py/tests/src/callback/foo.f -> /Users/jamie/Documents/Projects/python/py2app-error/dist/Timer.app/Contents/Resources/lib/python3.11/numpy/f2py/tests/src/callback/foo.f
copying file /Users/jamie/Documents/Projects/python/py2app-error/.venv/lib/python3.11/site-packages/numpy/f2py/tests/src/callback/gh17797.f90 -> /Users/jamie/Documents/Projects/python/py2app-error/dist/Timer.app/Contents/Resources/lib/python3.11/numpy/f2py/tests/src/callback/gh17797.f90
creating /Users/jamie/Documents/Projects/python/py2app-error/dist/Timer.app/Contents/Resources/lib/python3.11/numpy/f2py/tests/src/size
copying file /Users/jamie/Documents/Projects/python/py2app-error/.venv/lib/python3.11/site-packages/numpy/f2py/tests/src/size/foo.f90 -> /Users/jamie/Documents/Projects/python/py2app-error/dist/Timer.app/Contents/Resources/lib/python3.11/numpy/f2py/tests/src/size/foo.f90
creating /Users/jamie/Documents/Projects/python/py2app-error/dist/Timer.app/Contents/Resources/lib/python3.11/numpy/f2py/tests/src/regression
copying file /Users/jamie/Documents/Projects/python/py2app-error/.venv/lib/python3.11/site-packages/numpy/f2py/tests/src/regression/f77fixedform.f95 -> /Users/jamie/Documents/Projects/python/py2app-error/dist/Timer.app/Contents/Resources/lib/python3.11/numpy/f2py/tests/src/regression/f77fixedform.f95
copying file /Users/jamie/Documents/Projects/python/py2app-error/.venv/lib/python3.11/site-packages/numpy/f2py/tests/src/regression/incfile.f90 -> /Users/jamie/Documents/Projects/python/py2app-error/dist/Timer.app/Contents/Resources/lib/python3.11/numpy/f2py/tests/src/regression/incfile.f90
copying file /Users/jamie/Documents/Projects/python/py2app-error/.venv/lib/python3.11/site-packages/numpy/f2py/tests/src/regression/f77comments.f -> /Users/jamie/Documents/Projects/python/py2app-error/dist/Timer.app/Contents/Resources/lib/python3.11/numpy/f2py/tests/src/regression/f77comments.f
copying file /Users/jamie/Documents/Projects/python/py2app-error/.venv/lib/python3.11/site-packages/numpy/f2py/tests/src/regression/f90continuation.f90 -> /Users/jamie/Documents/Projects/python/py2app-error/dist/Timer.app/Contents/Resources/lib/python3.11/numpy/f2py/tests/src/regression/f90continuation.f90
copying file /Users/jamie/Documents/Projects/python/py2app-error/.venv/lib/python3.11/site-packages/numpy/f2py/tests/src/regression/AB.inc -> /Users/jamie/Documents/Projects/python/py2app-error/dist/Timer.app/Contents/Resources/lib/python3.11/numpy/f2py/tests/src/regression/AB.inc
copying file /Users/jamie/Documents/Projects/python/py2app-error/.venv/lib/python3.11/site-packages/numpy/f2py/tests/src/regression/inout.f90 -> /Users/jamie/Documents/Projects/python/py2app-error/dist/Timer.app/Contents/Resources/lib/python3.11/numpy/f2py/tests/src/regression/inout.f90
creating /Users/jamie/Documents/Projects/python/py2app-error/dist/Timer.app/Contents/Resources/lib/python3.11/numpy/f2py/tests/src/crackfortran
copying file /Users/jamie/Documents/Projects/python/py2app-error/.venv/lib/python3.11/site-packages/numpy/f2py/tests/src/crackfortran/data_stmts.f90 -> /Users/jamie/Documents/Projects/python/py2app-error/dist/Timer.app/Contents/Resources/lib/python3.11/numpy/f2py/tests/src/crackfortran/data_stmts.f90
copying file /Users/jamie/Documents/Projects/python/py2app-error/.venv/lib/python3.11/site-packages/numpy/f2py/tests/src/crackfortran/data_with_comments.f -> /Users/jamie/Documents/Projects/python/py2app-error/dist/Timer.app/Contents/Resources/lib/python3.11/numpy/f2py/tests/src/crackfortran/data_with_comments.f
copying file /Users/jamie/Documents/Projects/python/py2app-error/.venv/lib/python3.11/site-packages/numpy/f2py/tests/src/crackfortran/accesstype.f90 -> /Users/jamie/Documents/Projects/python/py2app-error/dist/Timer.app/Contents/Resources/lib/python3.11/numpy/f2py/tests/src/crackfortran/accesstype.f90
copying file /Users/jamie/Documents/Projects/python/py2app-error/.venv/lib/python3.11/site-packages/numpy/f2py/tests/src/crackfortran/unicode_comment.f90 -> /Users/jamie/Documents/Projects/python/py2app-error/dist/Timer.app/Contents/Resources/lib/python3.11/numpy/f2py/tests/src/crackfortran/unicode_comment.f90
copying file /Users/jamie/Documents/Projects/python/py2app-error/.venv/lib/python3.11/site-packages/numpy/f2py/tests/src/crackfortran/gh23598.f90 -> /Users/jamie/Documents/Projects/python/py2app-error/dist/Timer.app/Contents/Resources/lib/python3.11/numpy/f2py/tests/src/crackfortran/gh23598.f90
copying file /Users/jamie/Documents/Projects/python/py2app-error/.venv/lib/python3.11/site-packages/numpy/f2py/tests/src/crackfortran/operators.f90 -> /Users/jamie/Documents/Projects/python/py2app-error/dist/Timer.app/Contents/Resources/lib/python3.11/numpy/f2py/tests/src/crackfortran/operators.f90
copying file /Users/jamie/Documents/Projects/python/py2app-error/.venv/lib/python3.11/site-packages/numpy/f2py/tests/src/crackfortran/publicmod.f90 -> /Users/jamie/Documents/Projects/python/py2app-error/dist/Timer.app/Contents/Resources/lib/python3.11/numpy/f2py/tests/src/crackfortran/publicmod.f90
copying file /Users/jamie/Documents/Projects/python/py2app-error/.venv/lib/python3.11/site-packages/numpy/f2py/tests/src/crackfortran/gh2848.f90 -> /Users/jamie/Documents/Projects/python/py2app-error/dist/Timer.app/Contents/Resources/lib/python3.11/numpy/f2py/tests/src/crackfortran/gh2848.f90
copying file /Users/jamie/Documents/Projects/python/py2app-error/.venv/lib/python3.11/site-packages/numpy/f2py/tests/src/crackfortran/gh23533.f -> /Users/jamie/Documents/Projects/python/py2app-error/dist/Timer.app/Contents/Resources/lib/python3.11/numpy/f2py/tests/src/crackfortran/gh23533.f
copying file /Users/jamie/Documents/Projects/python/py2app-error/.venv/lib/python3.11/site-packages/numpy/f2py/tests/src/crackfortran/gh23879.f90 -> /Users/jamie/Documents/Projects/python/py2app-error/dist/Timer.app/Contents/Resources/lib/python3.11/numpy/f2py/tests/src/crackfortran/gh23879.f90
copying file /Users/jamie/Documents/Projects/python/py2app-error/.venv/lib/python3.11/site-packages/numpy/f2py/tests/src/crackfortran/pubprivmod.f90 -> /Users/jamie/Documents/Projects/python/py2app-error/dist/Timer.app/Contents/Resources/lib/python3.11/numpy/f2py/tests/src/crackfortran/pubprivmod.f90
copying file /Users/jamie/Documents/Projects/python/py2app-error/.venv/lib/python3.11/site-packages/numpy/f2py/tests/src/crackfortran/data_common.f -> /Users/jamie/Documents/Projects/python/py2app-error/dist/Timer.app/Contents/Resources/lib/python3.11/numpy/f2py/tests/src/crackfortran/data_common.f
copying file /Users/jamie/Documents/Projects/python/py2app-error/.venv/lib/python3.11/site-packages/numpy/f2py/tests/src/crackfortran/foo_deps.f90 -> /Users/jamie/Documents/Projects/python/py2app-error/dist/Timer.app/Contents/Resources/lib/python3.11/numpy/f2py/tests/src/crackfortran/foo_deps.f90
copying file /Users/jamie/Documents/Projects/python/py2app-error/.venv/lib/python3.11/site-packages/numpy/f2py/tests/src/crackfortran/gh17859.f -> /Users/jamie/Documents/Projects/python/py2app-error/dist/Timer.app/Contents/Resources/lib/python3.11/numpy/f2py/tests/src/crackfortran/gh17859.f
copying file /Users/jamie/Documents/Projects/python/py2app-error/.venv/lib/python3.11/site-packages/numpy/f2py/tests/src/crackfortran/data_multiplier.f -> /Users/jamie/Documents/Projects/python/py2app-error/dist/Timer.app/Contents/Resources/lib/python3.11/numpy/f2py/tests/src/crackfortran/data_multiplier.f
copying file /Users/jamie/Documents/Projects/python/py2app-error/.venv/lib/python3.11/site-packages/numpy/f2py/tests/src/crackfortran/gh22648.pyf -> /Users/jamie/Documents/Projects/python/py2app-error/dist/Timer.app/Contents/Resources/lib/python3.11/numpy/f2py/tests/src/crackfortran/gh22648.pyf
copying file /Users/jamie/Documents/Projects/python/py2app-error/.venv/lib/python3.11/site-packages/numpy/f2py/tests/src/crackfortran/privatemod.f90 -> /Users/jamie/Documents/Projects/python/py2app-error/dist/Timer.app/Contents/Resources/lib/python3.11/numpy/f2py/tests/src/crackfortran/privatemod.f90
copying file /Users/jamie/Documents/Projects/python/py2app-error/.venv/lib/python3.11/site-packages/numpy/f2py/tests/src/crackfortran/gh15035.f -> /Users/jamie/Documents/Projects/python/py2app-error/dist/Timer.app/Contents/Resources/lib/python3.11/numpy/f2py/tests/src/crackfortran/gh15035.f
copying file /Users/jamie/Documents/Projects/python/py2app-error/.venv/lib/python3.11/site-packages/numpy/f2py/tests/src/crackfortran/gh23598Warn.f90 -> /Users/jamie/Documents/Projects/python/py2app-error/dist/Timer.app/Contents/Resources/lib/python3.11/numpy/f2py/tests/src/crackfortran/gh23598Warn.f90
creating /Users/jamie/Documents/Projects/python/py2app-error/dist/Timer.app/Contents/Resources/lib/python3.11/numpy/f2py/tests/src/modules
copying file /Users/jamie/Documents/Projects/python/py2app-error/.venv/lib/python3.11/site-packages/numpy/f2py/tests/src/modules/module_data_docstring.f90 -> /Users/jamie/Documents/Projects/python/py2app-error/dist/Timer.app/Contents/Resources/lib/python3.11/numpy/f2py/tests/src/modules/module_data_docstring.f90
creating /Users/jamie/Documents/Projects/python/py2app-error/dist/Timer.app/Contents/Resources/lib/python3.11/numpy/f2py/tests/src/modules/gh25337
copying file /Users/jamie/Documents/Projects/python/py2app-error/.venv/lib/python3.11/site-packages/numpy/f2py/tests/src/modules/gh25337/data.f90 -> /Users/jamie/Documents/Projects/python/py2app-error/dist/Timer.app/Contents/Resources/lib/python3.11/numpy/f2py/tests/src/modules/gh25337/data.f90
copying file /Users/jamie/Documents/Projects/python/py2app-error/.venv/lib/python3.11/site-packages/numpy/f2py/tests/src/modules/gh25337/use_data.f90 -> /Users/jamie/Documents/Projects/python/py2app-error/dist/Timer.app/Contents/Resources/lib/python3.11/numpy/f2py/tests/src/modules/gh25337/use_data.f90
copying file /Users/jamie/Documents/Projects/python/py2app-error/.venv/lib/python3.11/site-packages/numpy/f2py/tests/src/modules/use_modules.f90 -> /Users/jamie/Documents/Projects/python/py2app-error/dist/Timer.app/Contents/Resources/lib/python3.11/numpy/f2py/tests/src/modules/use_modules.f90
copying file /Users/jamie/Documents/Projects/python/py2app-error/.venv/lib/python3.11/site-packages/numpy/f2py/__init__.py -> /Users/jamie/Documents/Projects/python/py2app-error/dist/Timer.app/Contents/Resources/lib/python3.11/numpy/f2py/__init__.py
copying file /Users/jamie/Documents/Projects/python/py2app-error/.venv/lib/python3.11/site-packages/numpy/f2py/rules.py -> /Users/jamie/Documents/Projects/python/py2app-error/dist/Timer.app/Contents/Resources/lib/python3.11/numpy/f2py/rules.py
copying file /Users/jamie/Documents/Projects/python/py2app-error/.venv/lib/python3.11/site-packages/numpy/f2py/f2py2e.py -> /Users/jamie/Documents/Projects/python/py2app-error/dist/Timer.app/Contents/Resources/lib/python3.11/numpy/f2py/f2py2e.py
copying file /Users/jamie/Documents/Projects/python/py2app-error/.venv/lib/python3.11/site-packages/numpy/f2py/func2subr.py -> /Users/jamie/Documents/Projects/python/py2app-error/dist/Timer.app/Contents/Resources/lib/python3.11/numpy/f2py/func2subr.py
copying file /Users/jamie/Documents/Projects/python/py2app-error/.venv/lib/python3.11/site-packages/numpy/f2py/__version__.py -> /Users/jamie/Documents/Projects/python/py2app-error/dist/Timer.app/Contents/Resources/lib/python3.11/numpy/f2py/__version__.py
creating /Users/jamie/Documents/Projects/python/py2app-error/dist/Timer.app/Contents/Resources/lib/python3.11/numpy/f2py/__pycache__
copying file /Users/jamie/Documents/Projects/python/py2app-error/.venv/lib/python3.11/site-packages/numpy/f2py/__pycache__/cb_rules.cpython-311.pyc -> /Users/jamie/Documents/Projects/python/py2app-error/dist/Timer.app/Contents/Resources/lib/python3.11/numpy/f2py/__pycache__/cb_rules.cpython-311.pyc
copying file /Users/jamie/Documents/Projects/python/py2app-error/.venv/lib/python3.11/site-packages/numpy/f2py/__pycache__/_src_pyf.cpython-311.pyc -> /Users/jamie/Documents/Projects/python/py2app-error/dist/Timer.app/Contents/Resources/lib/python3.11/numpy/f2py/__pycache__/_src_pyf.cpython-311.pyc
copying file /Users/jamie/Documents/Projects/python/py2app-error/.venv/lib/python3.11/site-packages/numpy/f2py/__pycache__/common_rules.cpython-311.pyc -> /Users/jamie/Documents/Projects/python/py2app-error/dist/Timer.app/Contents/Resources/lib/python3.11/numpy/f2py/__pycache__/common_rules.cpython-311.pyc
copying file /Users/jamie/Documents/Projects/python/py2app-error/.venv/lib/python3.11/site-packages/numpy/f2py/__pycache__/__version__.cpython-311.pyc -> /Users/jamie/Documents/Projects/python/py2app-error/dist/Timer.app/Contents/Resources/lib/python3.11/numpy/f2py/__pycache__/__version__.cpython-311.pyc
copying file /Users/jamie/Documents/Projects/python/py2app-error/.venv/lib/python3.11/site-packages/numpy/f2py/__pycache__/rules.cpython-311.pyc -> /Users/jamie/Documents/Projects/python/py2app-error/dist/Timer.app/Contents/Resources/lib/python3.11/numpy/f2py/__pycache__/rules.cpython-311.pyc
copying file /Users/jamie/Documents/Projects/python/py2app-error/.venv/lib/python3.11/site-packages/numpy/f2py/__pycache__/crackfortran.cpython-311.pyc -> /Users/jamie/Documents/Projects/python/py2app-error/dist/Timer.app/Contents/Resources/lib/python3.11/numpy/f2py/__pycache__/crackfortran.cpython-311.pyc
copying file /Users/jamie/Documents/Projects/python/py2app-error/.venv/lib/python3.11/site-packages/numpy/f2py/__pycache__/cfuncs.cpython-311.pyc -> /Users/jamie/Documents/Projects/python/py2app-error/dist/Timer.app/Contents/Resources/lib/python3.11/numpy/f2py/__pycache__/cfuncs.cpython-311.pyc
copying file /Users/jamie/Documents/Projects/python/py2app-error/.venv/lib/python3.11/site-packages/numpy/f2py/__pycache__/f2py2e.cpython-311.pyc -> /Users/jamie/Documents/Projects/python/py2app-error/dist/Timer.app/Contents/Resources/lib/python3.11/numpy/f2py/__pycache__/f2py2e.cpython-311.pyc
copying file /Users/jamie/Documents/Projects/python/py2app-error/.venv/lib/python3.11/site-packages/numpy/f2py/__pycache__/symbolic.cpython-311.pyc -> /Users/jamie/Documents/Projects/python/py2app-error/dist/Timer.app/Contents/Resources/lib/python3.11/numpy/f2py/__pycache__/symbolic.cpython-311.pyc
copying file /Users/jamie/Documents/Projects/python/py2app-error/.venv/lib/python3.11/site-packages/numpy/f2py/__pycache__/func2subr.cpython-311.pyc -> /Users/jamie/Documents/Projects/python/py2app-error/dist/Timer.app/Contents/Resources/lib/python3.11/numpy/f2py/__pycache__/func2subr.cpython-311.pyc
copying file /Users/jamie/Documents/Projects/python/py2app-error/.venv/lib/python3.11/site-packages/numpy/f2py/__pycache__/use_rules.cpython-311.pyc -> /Users/jamie/Documents/Projects/python/py2app-error/dist/Timer.app/Contents/Resources/lib/python3.11/numpy/f2py/__pycache__/use_rules.cpython-311.pyc
copying file /Users/jamie/Documents/Projects/python/py2app-error/.venv/lib/python3.11/site-packages/numpy/f2py/__pycache__/capi_maps.cpython-311.pyc -> /Users/jamie/Documents/Projects/python/py2app-error/dist/Timer.app/Contents/Resources/lib/python3.11/numpy/f2py/__pycache__/capi_maps.cpython-311.pyc
copying file /Users/jamie/Documents/Projects/python/py2app-error/.venv/lib/python3.11/site-packages/numpy/f2py/__pycache__/auxfuncs.cpython-311.pyc -> /Users/jamie/Documents/Projects/python/py2app-error/dist/Timer.app/Contents/Resources/lib/python3.11/numpy/f2py/__pycache__/auxfuncs.cpython-311.pyc
copying file /Users/jamie/Documents/Projects/python/py2app-error/.venv/lib/python3.11/site-packages/numpy/f2py/__pycache__/_isocbind.cpython-311.pyc -> /Users/jamie/Documents/Projects/python/py2app-error/dist/Timer.app/Contents/Resources/lib/python3.11/numpy/f2py/__pycache__/_isocbind.cpython-311.pyc
copying file /Users/jamie/Documents/Projects/python/py2app-error/.venv/lib/python3.11/site-packages/numpy/f2py/__pycache__/f90mod_rules.cpython-311.pyc -> /Users/jamie/Documents/Projects/python/py2app-error/dist/Timer.app/Contents/Resources/lib/python3.11/numpy/f2py/__pycache__/f90mod_rules.cpython-311.pyc
copying file /Users/jamie/Documents/Projects/python/py2app-error/.venv/lib/python3.11/site-packages/numpy/f2py/__pycache__/__init__.cpython-311.pyc -> /Users/jamie/Documents/Projects/python/py2app-error/dist/Timer.app/Contents/Resources/lib/python3.11/numpy/f2py/__pycache__/__init__.cpython-311.pyc
copying file /Users/jamie/Documents/Projects/python/py2app-error/.venv/lib/python3.11/site-packages/numpy/f2py/__pycache__/diagnose.cpython-311.pyc -> /Users/jamie/Documents/Projects/python/py2app-error/dist/Timer.app/Contents/Resources/lib/python3.11/numpy/f2py/__pycache__/diagnose.cpython-311.pyc
copying file /Users/jamie/Documents/Projects/python/py2app-error/.venv/lib/python3.11/site-packages/numpy/f2py/__pycache__/__main__.cpython-311.pyc -> /Users/jamie/Documents/Projects/python/py2app-error/dist/Timer.app/Contents/Resources/lib/python3.11/numpy/f2py/__pycache__/__main__.cpython-311.pyc
copying file /Users/jamie/Documents/Projects/python/py2app-error/.venv/lib/python3.11/site-packages/numpy/f2py/symbolic.py -> /Users/jamie/Documents/Projects/python/py2app-error/dist/Timer.app/Contents/Resources/lib/python3.11/numpy/f2py/symbolic.py
copying file /Users/jamie/Documents/Projects/python/py2app-error/.venv/lib/python3.11/site-packages/numpy/f2py/diagnose.py -> /Users/jamie/Documents/Projects/python/py2app-error/dist/Timer.app/Contents/Resources/lib/python3.11/numpy/f2py/diagnose.py
copying file /Users/jamie/Documents/Projects/python/py2app-error/.venv/lib/python3.11/site-packages/numpy/f2py/capi_maps.py -> /Users/jamie/Documents/Projects/python/py2app-error/dist/Timer.app/Contents/Resources/lib/python3.11/numpy/f2py/capi_maps.py
copying file /Users/jamie/Documents/Projects/python/py2app-error/.venv/lib/python3.11/site-packages/numpy/f2py/f90mod_rules.py -> /Users/jamie/Documents/Projects/python/py2app-error/dist/Timer.app/Contents/Resources/lib/python3.11/numpy/f2py/f90mod_rules.py
copying file /Users/jamie/Documents/Projects/python/py2app-error/.venv/lib/python3.11/site-packages/numpy/f2py/setup.cfg -> /Users/jamie/Documents/Projects/python/py2app-error/dist/Timer.app/Contents/Resources/lib/python3.11/numpy/f2py/setup.cfg
copying file /Users/jamie/Documents/Projects/python/py2app-error/.venv/lib/python3.11/site-packages/numpy/f2py/use_rules.py -> /Users/jamie/Documents/Projects/python/py2app-error/dist/Timer.app/Contents/Resources/lib/python3.11/numpy/f2py/use_rules.py
copying file /Users/jamie/Documents/Projects/python/py2app-error/.venv/lib/python3.11/site-packages/numpy/f2py/auxfuncs.py -> /Users/jamie/Documents/Projects/python/py2app-error/dist/Timer.app/Contents/Resources/lib/python3.11/numpy/f2py/auxfuncs.py
copying file /Users/jamie/Documents/Projects/python/py2app-error/.venv/lib/python3.11/site-packages/numpy/f2py/_isocbind.py -> /Users/jamie/Documents/Projects/python/py2app-error/dist/Timer.app/Contents/Resources/lib/python3.11/numpy/f2py/_isocbind.py
copying file /Users/jamie/Documents/Projects/python/py2app-error/.venv/lib/python3.11/site-packages/numpy/f2py/__main__.py -> /Users/jamie/Documents/Projects/python/py2app-error/dist/Timer.app/Contents/Resources/lib/python3.11/numpy/f2py/__main__.py
creating /Users/jamie/Documents/Projects/python/py2app-error/dist/Timer.app/Contents/Resources/lib/python3.11/numpy/f2py/src
copying file /Users/jamie/Documents/Projects/python/py2app-error/.venv/lib/python3.11/site-packages/numpy/f2py/src/fortranobject.h -> /Users/jamie/Documents/Projects/python/py2app-error/dist/Timer.app/Contents/Resources/lib/python3.11/numpy/f2py/src/fortranobject.h
copying file /Users/jamie/Documents/Projects/python/py2app-error/.venv/lib/python3.11/site-packages/numpy/f2py/src/fortranobject.c -> /Users/jamie/Documents/Projects/python/py2app-error/dist/Timer.app/Contents/Resources/lib/python3.11/numpy/f2py/src/fortranobject.c
creating /Users/jamie/Documents/Projects/python/py2app-error/dist/Timer.app/Contents/Resources/lib/python3.11/numpy/testing
copying file /Users/jamie/Documents/Projects/python/py2app-error/.venv/lib/python3.11/site-packages/numpy/testing/__init__.pyi -> /Users/jamie/Documents/Projects/python/py2app-error/dist/Timer.app/Contents/Resources/lib/python3.11/numpy/testing/__init__.pyi
creating /Users/jamie/Documents/Projects/python/py2app-error/dist/Timer.app/Contents/Resources/lib/python3.11/numpy/testing/tests
copying file /Users/jamie/Documents/Projects/python/py2app-error/.venv/lib/python3.11/site-packages/numpy/testing/tests/test_utils.py -> /Users/jamie/Documents/Projects/python/py2app-error/dist/Timer.app/Contents/Resources/lib/python3.11/numpy/testing/tests/test_utils.py
copying file /Users/jamie/Documents/Projects/python/py2app-error/.venv/lib/python3.11/site-packages/numpy/testing/tests/__init__.py -> /Users/jamie/Documents/Projects/python/py2app-error/dist/Timer.app/Contents/Resources/lib/python3.11/numpy/testing/tests/__init__.py
creating /Users/jamie/Documents/Projects/python/py2app-error/dist/Timer.app/Contents/Resources/lib/python3.11/numpy/testing/tests/__pycache__
copying file /Users/jamie/Documents/Projects/python/py2app-error/.venv/lib/python3.11/site-packages/numpy/testing/tests/__pycache__/test_utils.cpython-311.pyc -> /Users/jamie/Documents/Projects/python/py2app-error/dist/Timer.app/Contents/Resources/lib/python3.11/numpy/testing/tests/__pycache__/test_utils.cpython-311.pyc
copying file /Users/jamie/Documents/Projects/python/py2app-error/.venv/lib/python3.11/site-packages/numpy/testing/tests/__pycache__/__init__.cpython-311.pyc -> /Users/jamie/Documents/Projects/python/py2app-error/dist/Timer.app/Contents/Resources/lib/python3.11/numpy/testing/tests/__pycache__/__init__.cpython-311.pyc
copying file /Users/jamie/Documents/Projects/python/py2app-error/.venv/lib/python3.11/site-packages/numpy/testing/__init__.py -> /Users/jamie/Documents/Projects/python/py2app-error/dist/Timer.app/Contents/Resources/lib/python3.11/numpy/testing/__init__.py
copying file /Users/jamie/Documents/Projects/python/py2app-error/.venv/lib/python3.11/site-packages/numpy/testing/overrides.py -> /Users/jamie/Documents/Projects/python/py2app-error/dist/Timer.app/Contents/Resources/lib/python3.11/numpy/testing/overrides.py
creating /Users/jamie/Documents/Projects/python/py2app-error/dist/Timer.app/Contents/Resources/lib/python3.11/numpy/testing/__pycache__
copying file /Users/jamie/Documents/Projects/python/py2app-error/.venv/lib/python3.11/site-packages/numpy/testing/__pycache__/overrides.cpython-311.pyc -> /Users/jamie/Documents/Projects/python/py2app-error/dist/Timer.app/Contents/Resources/lib/python3.11/numpy/testing/__pycache__/overrides.cpython-311.pyc
copying file /Users/jamie/Documents/Projects/python/py2app-error/.venv/lib/python3.11/site-packages/numpy/testing/__pycache__/print_coercion_tables.cpython-311.pyc -> /Users/jamie/Documents/Projects/python/py2app-error/dist/Timer.app/Contents/Resources/lib/python3.11/numpy/testing/__pycache__/print_coercion_tables.cpython-311.pyc
copying file /Users/jamie/Documents/Projects/python/py2app-error/.venv/lib/python3.11/site-packages/numpy/testing/__pycache__/__init__.cpython-311.pyc -> /Users/jamie/Documents/Projects/python/py2app-error/dist/Timer.app/Contents/Resources/lib/python3.11/numpy/testing/__pycache__/__init__.cpython-311.pyc
creating /Users/jamie/Documents/Projects/python/py2app-error/dist/Timer.app/Contents/Resources/lib/python3.11/numpy/testing/_private
copying file /Users/jamie/Documents/Projects/python/py2app-error/.venv/lib/python3.11/site-packages/numpy/testing/_private/__init__.py -> /Users/jamie/Documents/Projects/python/py2app-error/dist/Timer.app/Contents/Resources/lib/python3.11/numpy/testing/_private/__init__.py
copying file /Users/jamie/Documents/Projects/python/py2app-error/.venv/lib/python3.11/site-packages/numpy/testing/_private/extbuild.py -> /Users/jamie/Documents/Projects/python/py2app-error/dist/Timer.app/Contents/Resources/lib/python3.11/numpy/testing/_private/extbuild.py
creating /Users/jamie/Documents/Projects/python/py2app-error/dist/Timer.app/Contents/Resources/lib/python3.11/numpy/testing/_private/__pycache__
copying file /Users/jamie/Documents/Projects/python/py2app-error/.venv/lib/python3.11/site-packages/numpy/testing/_private/__pycache__/extbuild.cpython-311.pyc -> /Users/jamie/Documents/Projects/python/py2app-error/dist/Timer.app/Contents/Resources/lib/python3.11/numpy/testing/_private/__pycache__/extbuild.cpython-311.pyc
copying file /Users/jamie/Documents/Projects/python/py2app-error/.venv/lib/python3.11/site-packages/numpy/testing/_private/__pycache__/utils.cpython-311.pyc -> /Users/jamie/Documents/Projects/python/py2app-error/dist/Timer.app/Contents/Resources/lib/python3.11/numpy/testing/_private/__pycache__/utils.cpython-311.pyc
copying file /Users/jamie/Documents/Projects/python/py2app-error/.venv/lib/python3.11/site-packages/numpy/testing/_private/__pycache__/__init__.cpython-311.pyc -> /Users/jamie/Documents/Projects/python/py2app-error/dist/Timer.app/Contents/Resources/lib/python3.11/numpy/testing/_private/__pycache__/__init__.cpython-311.pyc
copying file /Users/jamie/Documents/Projects/python/py2app-error/.venv/lib/python3.11/site-packages/numpy/testing/_private/utils.pyi -> /Users/jamie/Documents/Projects/python/py2app-error/dist/Timer.app/Contents/Resources/lib/python3.11/numpy/testing/_private/utils.pyi
copying file /Users/jamie/Documents/Projects/python/py2app-error/.venv/lib/python3.11/site-packages/numpy/testing/_private/utils.py -> /Users/jamie/Documents/Projects/python/py2app-error/dist/Timer.app/Contents/Resources/lib/python3.11/numpy/testing/_private/utils.py
copying file /Users/jamie/Documents/Projects/python/py2app-error/.venv/lib/python3.11/site-packages/numpy/testing/print_coercion_tables.py -> /Users/jamie/Documents/Projects/python/py2app-error/dist/Timer.app/Contents/Resources/lib/python3.11/numpy/testing/print_coercion_tables.py
copying file /Users/jamie/Documents/Projects/python/py2app-error/.venv/lib/python3.11/site-packages/numpy/ctypeslib.py -> /Users/jamie/Documents/Projects/python/py2app-error/dist/Timer.app/Contents/Resources/lib/python3.11/numpy/ctypeslib.py
copying file /Users/jamie/Documents/Projects/python/py2app-error/.venv/lib/python3.11/site-packages/numpy/matlib.py -> /Users/jamie/Documents/Projects/python/py2app-error/dist/Timer.app/Contents/Resources/lib/python3.11/numpy/matlib.py
creating /Users/jamie/Documents/Projects/python/py2app-error/dist/Timer.app/Contents/Resources/lib/python3.11/numpy/lib
copying file /Users/jamie/Documents/Projects/python/py2app-error/.venv/lib/python3.11/site-packages/numpy/lib/_stride_tricks_impl.pyi -> /Users/jamie/Documents/Projects/python/py2app-error/dist/Timer.app/Contents/Resources/lib/python3.11/numpy/lib/_stride_tricks_impl.pyi
copying file /Users/jamie/Documents/Projects/python/py2app-error/.venv/lib/python3.11/site-packages/numpy/lib/_scimath_impl.pyi -> /Users/jamie/Documents/Projects/python/py2app-error/dist/Timer.app/Contents/Resources/lib/python3.11/numpy/lib/_scimath_impl.pyi
copying file /Users/jamie/Documents/Projects/python/py2app-error/.venv/lib/python3.11/site-packages/numpy/lib/_iotools.py -> /Users/jamie/Documents/Projects/python/py2app-error/dist/Timer.app/Contents/Resources/lib/python3.11/numpy/lib/_iotools.py
copying file /Users/jamie/Documents/Projects/python/py2app-error/.venv/lib/python3.11/site-packages/numpy/lib/_polynomial_impl.pyi -> /Users/jamie/Documents/Projects/python/py2app-error/dist/Timer.app/Contents/Resources/lib/python3.11/numpy/lib/_polynomial_impl.pyi
copying file /Users/jamie/Documents/Projects/python/py2app-error/.venv/lib/python3.11/site-packages/numpy/lib/mixins.py -> /Users/jamie/Documents/Projects/python/py2app-error/dist/Timer.app/Contents/Resources/lib/python3.11/numpy/lib/mixins.py
copying file /Users/jamie/Documents/Projects/python/py2app-error/.venv/lib/python3.11/site-packages/numpy/lib/_polynomial_impl.py -> /Users/jamie/Documents/Projects/python/py2app-error/dist/Timer.app/Contents/Resources/lib/python3.11/numpy/lib/_polynomial_impl.py
copying file /Users/jamie/Documents/Projects/python/py2app-error/.venv/lib/python3.11/site-packages/numpy/lib/recfunctions.py -> /Users/jamie/Documents/Projects/python/py2app-error/dist/Timer.app/Contents/Resources/lib/python3.11/numpy/lib/recfunctions.py
copying file /Users/jamie/Documents/Projects/python/py2app-error/.venv/lib/python3.11/site-packages/numpy/lib/_user_array_impl.py -> /Users/jamie/Documents/Projects/python/py2app-error/dist/Timer.app/Contents/Resources/lib/python3.11/numpy/lib/_user_array_impl.py
copying file /Users/jamie/Documents/Projects/python/py2app-error/.venv/lib/python3.11/site-packages/numpy/lib/_array_utils_impl.py -> /Users/jamie/Documents/Projects/python/py2app-error/dist/Timer.app/Contents/Resources/lib/python3.11/numpy/lib/_array_utils_impl.py
copying file /Users/jamie/Documents/Projects/python/py2app-error/.venv/lib/python3.11/site-packages/numpy/lib/_arraysetops_impl.py -> /Users/jamie/Documents/Projects/python/py2app-error/dist/Timer.app/Contents/Resources/lib/python3.11/numpy/lib/_arraysetops_impl.py
copying file /Users/jamie/Documents/Projects/python/py2app-error/.venv/lib/python3.11/site-packages/numpy/lib/_version.pyi -> /Users/jamie/Documents/Projects/python/py2app-error/dist/Timer.app/Contents/Resources/lib/python3.11/numpy/lib/_version.pyi
copying file /Users/jamie/Documents/Projects/python/py2app-error/.venv/lib/python3.11/site-packages/numpy/lib/scimath.py -> /Users/jamie/Documents/Projects/python/py2app-error/dist/Timer.app/Contents/Resources/lib/python3.11/numpy/lib/scimath.py
copying file /Users/jamie/Documents/Projects/python/py2app-error/.venv/lib/python3.11/site-packages/numpy/lib/_stride_tricks_impl.py -> /Users/jamie/Documents/Projects/python/py2app-error/dist/Timer.app/Contents/Resources/lib/python3.11/numpy/lib/_stride_tricks_impl.py
copying file /Users/jamie/Documents/Projects/python/py2app-error/.venv/lib/python3.11/site-packages/numpy/lib/__init__.pyi -> /Users/jamie/Documents/Projects/python/py2app-error/dist/Timer.app/Contents/Resources/lib/python3.11/numpy/lib/__init__.pyi
copying file /Users/jamie/Documents/Projects/python/py2app-error/.venv/lib/python3.11/site-packages/numpy/lib/_version.py -> /Users/jamie/Documents/Projects/python/py2app-error/dist/Timer.app/Contents/Resources/lib/python3.11/numpy/lib/_version.py
copying file /Users/jamie/Documents/Projects/python/py2app-error/.venv/lib/python3.11/site-packages/numpy/lib/array_utils.py -> /Users/jamie/Documents/Projects/python/py2app-error/dist/Timer.app/Contents/Resources/lib/python3.11/numpy/lib/array_utils.py
copying file /Users/jamie/Documents/Projects/python/py2app-error/.venv/lib/python3.11/site-packages/numpy/lib/_type_check_impl.py -> /Users/jamie/Documents/Projects/python/py2app-error/dist/Timer.app/Contents/Resources/lib/python3.11/numpy/lib/_type_check_impl.py
copying file /Users/jamie/Documents/Projects/python/py2app-error/.venv/lib/python3.11/site-packages/numpy/lib/format.pyi -> /Users/jamie/Documents/Projects/python/py2app-error/dist/Timer.app/Contents/Resources/lib/python3.11/numpy/lib/format.pyi
copying file /Users/jamie/Documents/Projects/python/py2app-error/.venv/lib/python3.11/site-packages/numpy/lib/scimath.pyi -> /Users/jamie/Documents/Projects/python/py2app-error/dist/Timer.app/Contents/Resources/lib/python3.11/numpy/lib/scimath.pyi
copying file /Users/jamie/Documents/Projects/python/py2app-error/.venv/lib/python3.11/site-packages/numpy/lib/_npyio_impl.pyi -> /Users/jamie/Documents/Projects/python/py2app-error/dist/Timer.app/Contents/Resources/lib/python3.11/numpy/lib/_npyio_impl.pyi
copying file /Users/jamie/Documents/Projects/python/py2app-error/.venv/lib/python3.11/site-packages/numpy/lib/_scimath_impl.py -> /Users/jamie/Documents/Projects/python/py2app-error/dist/Timer.app/Contents/Resources/lib/python3.11/numpy/lib/_scimath_impl.py
copying file /Users/jamie/Documents/Projects/python/py2app-error/.venv/lib/python3.11/site-packages/numpy/lib/mixins.pyi -> /Users/jamie/Documents/Projects/python/py2app-error/dist/Timer.app/Contents/Resources/lib/python3.11/numpy/lib/mixins.pyi
creating /Users/jamie/Documents/Projects/python/py2app-error/dist/Timer.app/Contents/Resources/lib/python3.11/numpy/lib/tests
copying file /Users/jamie/Documents/Projects/python/py2app-error/.venv/lib/python3.11/site-packages/numpy/lib/tests/test_type_check.py -> /Users/jamie/Documents/Projects/python/py2app-error/dist/Timer.app/Contents/Resources/lib/python3.11/numpy/lib/tests/test_type_check.py
copying file /Users/jamie/Documents/Projects/python/py2app-error/.venv/lib/python3.11/site-packages/numpy/lib/tests/test_utils.py -> /Users/jamie/Documents/Projects/python/py2app-error/dist/Timer.app/Contents/Resources/lib/python3.11/numpy/lib/tests/test_utils.py
copying file /Users/jamie/Documents/Projects/python/py2app-error/.venv/lib/python3.11/site-packages/numpy/lib/tests/test_twodim_base.py -> /Users/jamie/Documents/Projects/python/py2app-error/dist/Timer.app/Contents/Resources/lib/python3.11/numpy/lib/tests/test_twodim_base.py
copying file /Users/jamie/Documents/Projects/python/py2app-error/.venv/lib/python3.11/site-packages/numpy/lib/tests/test_polynomial.py -> /Users/jamie/Documents/Projects/python/py2app-error/dist/Timer.app/Contents/Resources/lib/python3.11/numpy/lib/tests/test_polynomial.py
copying file /Users/jamie/Documents/Projects/python/py2app-error/.venv/lib/python3.11/site-packages/numpy/lib/tests/test__iotools.py -> /Users/jamie/Documents/Projects/python/py2app-error/dist/Timer.app/Contents/Resources/lib/python3.11/numpy/lib/tests/test__iotools.py
copying file /Users/jamie/Documents/Projects/python/py2app-error/.venv/lib/python3.11/site-packages/numpy/lib/tests/test_shape_base.py -> /Users/jamie/Documents/Projects/python/py2app-error/dist/Timer.app/Contents/Resources/lib/python3.11/numpy/lib/tests/test_shape_base.py
copying file /Users/jamie/Documents/Projects/python/py2app-error/.venv/lib/python3.11/site-packages/numpy/lib/tests/test_ufunclike.py -> /Users/jamie/Documents/Projects/python/py2app-error/dist/Timer.app/Contents/Resources/lib/python3.11/numpy/lib/tests/test_ufunclike.py
copying file /Users/jamie/Documents/Projects/python/py2app-error/.venv/lib/python3.11/site-packages/numpy/lib/tests/test_index_tricks.py -> /Users/jamie/Documents/Projects/python/py2app-error/dist/Timer.app/Contents/Resources/lib/python3.11/numpy/lib/tests/test_index_tricks.py
copying file /Users/jamie/Documents/Projects/python/py2app-error/.venv/lib/python3.11/site-packages/numpy/lib/tests/__init__.py -> /Users/jamie/Documents/Projects/python/py2app-error/dist/Timer.app/Contents/Resources/lib/python3.11/numpy/lib/tests/__init__.py
creating /Users/jamie/Documents/Projects/python/py2app-error/dist/Timer.app/Contents/Resources/lib/python3.11/numpy/lib/tests/__pycache__
copying file /Users/jamie/Documents/Projects/python/py2app-error/.venv/lib/python3.11/site-packages/numpy/lib/tests/__pycache__/test_regression.cpython-311.pyc -> /Users/jamie/Documents/Projects/python/py2app-error/dist/Timer.app/Contents/Resources/lib/python3.11/numpy/lib/tests/__pycache__/test_regression.cpython-311.pyc
copying file /Users/jamie/Documents/Projects/python/py2app-error/.venv/lib/python3.11/site-packages/numpy/lib/tests/__pycache__/test_arraypad.cpython-311.pyc -> /Users/jamie/Documents/Projects/python/py2app-error/dist/Timer.app/Contents/Resources/lib/python3.11/numpy/lib/tests/__pycache__/test_arraypad.cpython-311.pyc
copying file /Users/jamie/Documents/Projects/python/py2app-error/.venv/lib/python3.11/site-packages/numpy/lib/tests/__pycache__/test_twodim_base.cpython-311.pyc -> /Users/jamie/Documents/Projects/python/py2app-error/dist/Timer.app/Contents/Resources/lib/python3.11/numpy/lib/tests/__pycache__/test_twodim_base.cpython-311.pyc
copying file /Users/jamie/Documents/Projects/python/py2app-error/.venv/lib/python3.11/site-packages/numpy/lib/tests/__pycache__/test_stride_tricks.cpython-311.pyc -> /Users/jamie/Documents/Projects/python/py2app-error/dist/Timer.app/Contents/Resources/lib/python3.11/numpy/lib/tests/__pycache__/test_stride_tricks.cpython-311.pyc
copying file /Users/jamie/Documents/Projects/python/py2app-error/.venv/lib/python3.11/site-packages/numpy/lib/tests/__pycache__/test__datasource.cpython-311.pyc -> /Users/jamie/Documents/Projects/python/py2app-error/dist/Timer.app/Contents/Resources/lib/python3.11/numpy/lib/tests/__pycache__/test__datasource.cpython-311.pyc
copying file /Users/jamie/Documents/Projects/python/py2app-error/.venv/lib/python3.11/site-packages/numpy/lib/tests/__pycache__/test_format.cpython-311.pyc -> /Users/jamie/Documents/Projects/python/py2app-error/dist/Timer.app/Contents/Resources/lib/python3.11/numpy/lib/tests/__pycache__/test_format.cpython-311.pyc
copying file /Users/jamie/Documents/Projects/python/py2app-error/.venv/lib/python3.11/site-packages/numpy/lib/tests/__pycache__/test__version.cpython-311.pyc -> /Users/jamie/Documents/Projects/python/py2app-error/dist/Timer.app/Contents/Resources/lib/python3.11/numpy/lib/tests/__pycache__/test__version.cpython-311.pyc
copying file /Users/jamie/Documents/Projects/python/py2app-error/.venv/lib/python3.11/site-packages/numpy/lib/tests/__pycache__/test_array_utils.cpython-311.pyc -> /Users/jamie/Documents/Projects/python/py2app-error/dist/Timer.app/Contents/Resources/lib/python3.11/numpy/lib/tests/__pycache__/test_array_utils.cpython-311.pyc
copying file /Users/jamie/Documents/Projects/python/py2app-error/.venv/lib/python3.11/site-packages/numpy/lib/tests/__pycache__/test_nanfunctions.cpython-311.pyc -> /Users/jamie/Documents/Projects/python/py2app-error/dist/Timer.app/Contents/Resources/lib/python3.11/numpy/lib/tests/__pycache__/test_nanfunctions.cpython-311.pyc
copying file /Users/jamie/Documents/Projects/python/py2app-error/.venv/lib/python3.11/site-packages/numpy/lib/tests/__pycache__/test_ufunclike.cpython-311.pyc -> /Users/jamie/Documents/Projects/python/py2app-error/dist/Timer.app/Contents/Resources/lib/python3.11/numpy/lib/tests/__pycache__/test_ufunclike.cpython-311.pyc
copying file /Users/jamie/Documents/Projects/python/py2app-error/.venv/lib/python3.11/site-packages/numpy/lib/tests/__pycache__/test_loadtxt.cpython-311.pyc -> /Users/jamie/Documents/Projects/python/py2app-error/dist/Timer.app/Contents/Resources/lib/python3.11/numpy/lib/tests/__pycache__/test_loadtxt.cpython-311.pyc
copying file /Users/jamie/Documents/Projects/python/py2app-error/.venv/lib/python3.11/site-packages/numpy/lib/tests/__pycache__/test_type_check.cpython-311.pyc -> /Users/jamie/Documents/Projects/python/py2app-error/dist/Timer.app/Contents/Resources/lib/python3.11/numpy/lib/tests/__pycache__/test_type_check.cpython-311.pyc
copying file /Users/jamie/Documents/Projects/python/py2app-error/.venv/lib/python3.11/site-packages/numpy/lib/tests/__pycache__/test_packbits.cpython-311.pyc -> /Users/jamie/Documents/Projects/python/py2app-error/dist/Timer.app/Contents/Resources/lib/python3.11/numpy/lib/tests/__pycache__/test_packbits.cpython-311.pyc
copying file /Users/jamie/Documents/Projects/python/py2app-error/.venv/lib/python3.11/site-packages/numpy/lib/tests/__pycache__/test_recfunctions.cpython-311.pyc -> /Users/jamie/Documents/Projects/python/py2app-error/dist/Timer.app/Contents/Resources/lib/python3.11/numpy/lib/tests/__pycache__/test_recfunctions.cpython-311.pyc
copying file /Users/jamie/Documents/Projects/python/py2app-error/.venv/lib/python3.11/site-packages/numpy/lib/tests/__pycache__/test_index_tricks.cpython-311.pyc -> /Users/jamie/Documents/Projects/python/py2app-error/dist/Timer.app/Contents/Resources/lib/python3.11/numpy/lib/tests/__pycache__/test_index_tricks.cpython-311.pyc
copying file /Users/jamie/Documents/Projects/python/py2app-error/.venv/lib/python3.11/site-packages/numpy/lib/tests/__pycache__/test_function_base.cpython-311.pyc -> /Users/jamie/Documents/Projects/python/py2app-error/dist/Timer.app/Contents/Resources/lib/python3.11/numpy/lib/tests/__pycache__/test_function_base.cpython-311.pyc
copying file /Users/jamie/Documents/Projects/python/py2app-error/.venv/lib/python3.11/site-packages/numpy/lib/tests/__pycache__/test_utils.cpython-311.pyc -> /Users/jamie/Documents/Projects/python/py2app-error/dist/Timer.app/Contents/Resources/lib/python3.11/numpy/lib/tests/__pycache__/test_utils.cpython-311.pyc
copying file /Users/jamie/Documents/Projects/python/py2app-error/.venv/lib/python3.11/site-packages/numpy/lib/tests/__pycache__/test_io.cpython-311.pyc -> /Users/jamie/Documents/Projects/python/py2app-error/dist/Timer.app/Contents/Resources/lib/python3.11/numpy/lib/tests/__pycache__/test_io.cpython-311.pyc
copying file /Users/jamie/Documents/Projects/python/py2app-error/.venv/lib/python3.11/site-packages/numpy/lib/tests/__pycache__/test_polynomial.cpython-311.pyc -> /Users/jamie/Documents/Projects/python/py2app-error/dist/Timer.app/Contents/Resources/lib/python3.11/numpy/lib/tests/__pycache__/test_polynomial.cpython-311.pyc
copying file /Users/jamie/Documents/Projects/python/py2app-error/.venv/lib/python3.11/site-packages/numpy/lib/tests/__pycache__/test_shape_base.cpython-311.pyc -> /Users/jamie/Documents/Projects/python/py2app-error/dist/Timer.app/Contents/Resources/lib/python3.11/numpy/lib/tests/__pycache__/test_shape_base.cpython-311.pyc
copying file /Users/jamie/Documents/Projects/python/py2app-error/.venv/lib/python3.11/site-packages/numpy/lib/tests/__pycache__/test_arrayterator.cpython-311.pyc -> /Users/jamie/Documents/Projects/python/py2app-error/dist/Timer.app/Contents/Resources/lib/python3.11/numpy/lib/tests/__pycache__/test_arrayterator.cpython-311.pyc
copying file /Users/jamie/Documents/Projects/python/py2app-error/.venv/lib/python3.11/site-packages/numpy/lib/tests/__pycache__/__init__.cpython-311.pyc -> /Users/jamie/Documents/Projects/python/py2app-error/dist/Timer.app/Contents/Resources/lib/python3.11/numpy/lib/tests/__pycache__/__init__.cpython-311.pyc
copying file /Users/jamie/Documents/Projects/python/py2app-error/.venv/lib/python3.11/site-packages/numpy/lib/tests/__pycache__/test__iotools.cpython-311.pyc -> /Users/jamie/Documents/Projects/python/py2app-error/dist/Timer.app/Contents/Resources/lib/python3.11/numpy/lib/tests/__pycache__/test__iotools.cpython-311.pyc
copying file /Users/jamie/Documents/Projects/python/py2app-error/.venv/lib/python3.11/site-packages/numpy/lib/tests/__pycache__/test_histograms.cpython-311.pyc -> /Users/jamie/Documents/Projects/python/py2app-error/dist/Timer.app/Contents/Resources/lib/python3.11/numpy/lib/tests/__pycache__/test_histograms.cpython-311.pyc
copying file /Users/jamie/Documents/Projects/python/py2app-error/.venv/lib/python3.11/site-packages/numpy/lib/tests/__pycache__/test_arraysetops.cpython-311.pyc -> /Users/jamie/Documents/Projects/python/py2app-error/dist/Timer.app/Contents/Resources/lib/python3.11/numpy/lib/tests/__pycache__/test_arraysetops.cpython-311.pyc
copying file /Users/jamie/Documents/Projects/python/py2app-error/.venv/lib/python3.11/site-packages/numpy/lib/tests/__pycache__/test_mixins.cpython-311.pyc -> /Users/jamie/Documents/Projects/python/py2app-error/dist/Timer.app/Contents/Resources/lib/python3.11/numpy/lib/tests/__pycache__/test_mixins.cpython-311.pyc
copying file /Users/jamie/Documents/Projects/python/py2app-error/.venv/lib/python3.11/site-packages/numpy/lib/tests/test_arrayterator.py -> /Users/jamie/Documents/Projects/python/py2app-error/dist/Timer.app/Contents/Resources/lib/python3.11/numpy/lib/tests/test_arrayterator.py
copying file /Users/jamie/Documents/Projects/python/py2app-error/.venv/lib/python3.11/site-packages/numpy/lib/tests/test__version.py -> /Users/jamie/Documents/Projects/python/py2app-error/dist/Timer.app/Contents/Resources/lib/python3.11/numpy/lib/tests/test__version.py
copying file /Users/jamie/Documents/Projects/python/py2app-error/.venv/lib/python3.11/site-packages/numpy/lib/tests/test_io.py -> /Users/jamie/Documents/Projects/python/py2app-error/dist/Timer.app/Contents/Resources/lib/python3.11/numpy/lib/tests/test_io.py
copying file /Users/jamie/Documents/Projects/python/py2app-error/.venv/lib/python3.11/site-packages/numpy/lib/tests/test_array_utils.py -> /Users/jamie/Documents/Projects/python/py2app-error/dist/Timer.app/Contents/Resources/lib/python3.11/numpy/lib/tests/test_array_utils.py
copying file /Users/jamie/Documents/Projects/python/py2app-error/.venv/lib/python3.11/site-packages/numpy/lib/tests/test_arraysetops.py -> /Users/jamie/Documents/Projects/python/py2app-error/dist/Timer.app/Contents/Resources/lib/python3.11/numpy/lib/tests/test_arraysetops.py
copying file /Users/jamie/Documents/Projects/python/py2app-error/.venv/lib/python3.11/site-packages/numpy/lib/tests/test_function_base.py -> /Users/jamie/Documents/Projects/python/py2app-error/dist/Timer.app/Contents/Resources/lib/python3.11/numpy/lib/tests/test_function_base.py
copying file /Users/jamie/Documents/Projects/python/py2app-error/.venv/lib/python3.11/site-packages/numpy/lib/tests/test_arraypad.py -> /Users/jamie/Documents/Projects/python/py2app-error/dist/Timer.app/Contents/Resources/lib/python3.11/numpy/lib/tests/test_arraypad.py
copying file /Users/jamie/Documents/Projects/python/py2app-error/.venv/lib/python3.11/site-packages/numpy/lib/tests/test_mixins.py -> /Users/jamie/Documents/Projects/python/py2app-error/dist/Timer.app/Contents/Resources/lib/python3.11/numpy/lib/tests/test_mixins.py
copying file /Users/jamie/Documents/Projects/python/py2app-error/.venv/lib/python3.11/site-packages/numpy/lib/tests/test_packbits.py -> /Users/jamie/Documents/Projects/python/py2app-error/dist/Timer.app/Contents/Resources/lib/python3.11/numpy/lib/tests/test_packbits.py
copying file /Users/jamie/Documents/Projects/python/py2app-error/.venv/lib/python3.11/site-packages/numpy/lib/tests/test__datasource.py -> /Users/jamie/Documents/Projects/python/py2app-error/dist/Timer.app/Contents/Resources/lib/python3.11/numpy/lib/tests/test__datasource.py
copying file /Users/jamie/Documents/Projects/python/py2app-error/.venv/lib/python3.11/site-packages/numpy/lib/tests/test_stride_tricks.py -> /Users/jamie/Documents/Projects/python/py2app-error/dist/Timer.app/Contents/Resources/lib/python3.11/numpy/lib/tests/test_stride_tricks.py
copying file /Users/jamie/Documents/Projects/python/py2app-error/.venv/lib/python3.11/site-packages/numpy/lib/tests/test_recfunctions.py -> /Users/jamie/Documents/Projects/python/py2app-error/dist/Timer.app/Contents/Resources/lib/python3.11/numpy/lib/tests/test_recfunctions.py
copying file /Users/jamie/Documents/Projects/python/py2app-error/.venv/lib/python3.11/site-packages/numpy/lib/tests/test_nanfunctions.py -> /Users/jamie/Documents/Projects/python/py2app-error/dist/Timer.app/Contents/Resources/lib/python3.11/numpy/lib/tests/test_nanfunctions.py
copying file /Users/jamie/Documents/Projects/python/py2app-error/.venv/lib/python3.11/site-packages/numpy/lib/tests/test_loadtxt.py -> /Users/jamie/Documents/Projects/python/py2app-error/dist/Timer.app/Contents/Resources/lib/python3.11/numpy/lib/tests/test_loadtxt.py
creating /Users/jamie/Documents/Projects/python/py2app-error/dist/Timer.app/Contents/Resources/lib/python3.11/numpy/lib/tests/data
copying file /Users/jamie/Documents/Projects/python/py2app-error/.venv/lib/python3.11/site-packages/numpy/lib/tests/data/py2-objarr.npy -> /Users/jamie/Documents/Projects/python/py2app-error/dist/Timer.app/Contents/Resources/lib/python3.11/numpy/lib/tests/data/py2-objarr.npy
copying file /Users/jamie/Documents/Projects/python/py2app-error/.venv/lib/python3.11/site-packages/numpy/lib/tests/data/py3-objarr.npz -> /Users/jamie/Documents/Projects/python/py2app-error/dist/Timer.app/Contents/Resources/lib/python3.11/numpy/lib/tests/data/py3-objarr.npz
copying file /Users/jamie/Documents/Projects/python/py2app-error/.venv/lib/python3.11/site-packages/numpy/lib/tests/data/py2-np0-objarr.npy -> /Users/jamie/Documents/Projects/python/py2app-error/dist/Timer.app/Contents/Resources/lib/python3.11/numpy/lib/tests/data/py2-np0-objarr.npy
copying file /Users/jamie/Documents/Projects/python/py2app-error/.venv/lib/python3.11/site-packages/numpy/lib/tests/data/python3.npy -> /Users/jamie/Documents/Projects/python/py2app-error/dist/Timer.app/Contents/Resources/lib/python3.11/numpy/lib/tests/data/python3.npy
copying file /Users/jamie/Documents/Projects/python/py2app-error/.venv/lib/python3.11/site-packages/numpy/lib/tests/data/win64python2.npy -> /Users/jamie/Documents/Projects/python/py2app-error/dist/Timer.app/Contents/Resources/lib/python3.11/numpy/lib/tests/data/win64python2.npy
copying file /Users/jamie/Documents/Projects/python/py2app-error/.venv/lib/python3.11/site-packages/numpy/lib/tests/data/py2-objarr.npz -> /Users/jamie/Documents/Projects/python/py2app-error/dist/Timer.app/Contents/Resources/lib/python3.11/numpy/lib/tests/data/py2-objarr.npz
copying file /Users/jamie/Documents/Projects/python/py2app-error/.venv/lib/python3.11/site-packages/numpy/lib/tests/data/py3-objarr.npy -> /Users/jamie/Documents/Projects/python/py2app-error/dist/Timer.app/Contents/Resources/lib/python3.11/numpy/lib/tests/data/py3-objarr.npy
copying file /Users/jamie/Documents/Projects/python/py2app-error/.venv/lib/python3.11/site-packages/numpy/lib/tests/test_format.py -> /Users/jamie/Documents/Projects/python/py2app-error/dist/Timer.app/Contents/Resources/lib/python3.11/numpy/lib/tests/test_format.py
copying file /Users/jamie/Documents/Projects/python/py2app-error/.venv/lib/python3.11/site-packages/numpy/lib/tests/test_histograms.py -> /Users/jamie/Documents/Projects/python/py2app-error/dist/Timer.app/Contents/Resources/lib/python3.11/numpy/lib/tests/test_histograms.py
copying file /Users/jamie/Documents/Projects/python/py2app-error/.venv/lib/python3.11/site-packages/numpy/lib/tests/test_regression.py -> /Users/jamie/Documents/Projects/python/py2app-error/dist/Timer.app/Contents/Resources/lib/python3.11/numpy/lib/tests/test_regression.py
copying file /Users/jamie/Documents/Projects/python/py2app-error/.venv/lib/python3.11/site-packages/numpy/lib/user_array.py -> /Users/jamie/Documents/Projects/python/py2app-error/dist/Timer.app/Contents/Resources/lib/python3.11/numpy/lib/user_array.py
copying file /Users/jamie/Documents/Projects/python/py2app-error/.venv/lib/python3.11/site-packages/numpy/lib/__init__.py -> /Users/jamie/Documents/Projects/python/py2app-error/dist/Timer.app/Contents/Resources/lib/python3.11/numpy/lib/__init__.py
copying file /Users/jamie/Documents/Projects/python/py2app-error/.venv/lib/python3.11/site-packages/numpy/lib/format.py -> /Users/jamie/Documents/Projects/python/py2app-error/dist/Timer.app/Contents/Resources/lib/python3.11/numpy/lib/format.py
copying file /Users/jamie/Documents/Projects/python/py2app-error/.venv/lib/python3.11/site-packages/numpy/lib/npyio.pyi -> /Users/jamie/Documents/Projects/python/py2app-error/dist/Timer.app/Contents/Resources/lib/python3.11/numpy/lib/npyio.pyi
copying file /Users/jamie/Documents/Projects/python/py2app-error/.venv/lib/python3.11/site-packages/numpy/lib/_histograms_impl.pyi -> /Users/jamie/Documents/Projects/python/py2app-error/dist/Timer.app/Contents/Resources/lib/python3.11/numpy/lib/_histograms_impl.pyi
creating /Users/jamie/Documents/Projects/python/py2app-error/dist/Timer.app/Contents/Resources/lib/python3.11/numpy/lib/__pycache__
copying file /Users/jamie/Documents/Projects/python/py2app-error/.venv/lib/python3.11/site-packages/numpy/lib/__pycache__/npyio.cpython-311.pyc -> /Users/jamie/Documents/Projects/python/py2app-error/dist/Timer.app/Contents/Resources/lib/python3.11/numpy/lib/__pycache__/npyio.cpython-311.pyc
copying file /Users/jamie/Documents/Projects/python/py2app-error/.venv/lib/python3.11/site-packages/numpy/lib/__pycache__/_histograms_impl.cpython-311.pyc -> /Users/jamie/Documents/Projects/python/py2app-error/dist/Timer.app/Contents/Resources/lib/python3.11/numpy/lib/__pycache__/_histograms_impl.cpython-311.pyc
copying file /Users/jamie/Documents/Projects/python/py2app-error/.venv/lib/python3.11/site-packages/numpy/lib/__pycache__/_type_check_impl.cpython-311.pyc -> /Users/jamie/Documents/Projects/python/py2app-error/dist/Timer.app/Contents/Resources/lib/python3.11/numpy/lib/__pycache__/_type_check_impl.cpython-311.pyc
copying file /Users/jamie/Documents/Projects/python/py2app-error/.venv/lib/python3.11/site-packages/numpy/lib/__pycache__/user_array.cpython-311.pyc -> /Users/jamie/Documents/Projects/python/py2app-error/dist/Timer.app/Contents/Resources/lib/python3.11/numpy/lib/__pycache__/user_array.cpython-311.pyc
copying file /Users/jamie/Documents/Projects/python/py2app-error/.venv/lib/python3.11/site-packages/numpy/lib/__pycache__/recfunctions.cpython-311.pyc -> /Users/jamie/Documents/Projects/python/py2app-error/dist/Timer.app/Contents/Resources/lib/python3.11/numpy/lib/__pycache__/recfunctions.cpython-311.pyc
copying file /Users/jamie/Documents/Projects/python/py2app-error/.venv/lib/python3.11/site-packages/numpy/lib/__pycache__/_iotools.cpython-311.pyc -> /Users/jamie/Documents/Projects/python/py2app-error/dist/Timer.app/Contents/Resources/lib/python3.11/numpy/lib/__pycache__/_iotools.cpython-311.pyc
copying file /Users/jamie/Documents/Projects/python/py2app-error/.venv/lib/python3.11/site-packages/numpy/lib/__pycache__/introspect.cpython-311.pyc -> /Users/jamie/Documents/Projects/python/py2app-error/dist/Timer.app/Contents/Resources/lib/python3.11/numpy/lib/__pycache__/introspect.cpython-311.pyc
copying file /Users/jamie/Documents/Projects/python/py2app-error/.venv/lib/python3.11/site-packages/numpy/lib/__pycache__/_polynomial_impl.cpython-311.pyc -> /Users/jamie/Documents/Projects/python/py2app-error/dist/Timer.app/Contents/Resources/lib/python3.11/numpy/lib/__pycache__/_polynomial_impl.cpython-311.pyc
copying file /Users/jamie/Documents/Projects/python/py2app-error/.venv/lib/python3.11/site-packages/numpy/lib/__pycache__/_scimath_impl.cpython-311.pyc -> /Users/jamie/Documents/Projects/python/py2app-error/dist/Timer.app/Contents/Resources/lib/python3.11/numpy/lib/__pycache__/_scimath_impl.cpython-311.pyc
copying file /Users/jamie/Documents/Projects/python/py2app-error/.venv/lib/python3.11/site-packages/numpy/lib/__pycache__/format.cpython-311.pyc -> /Users/jamie/Documents/Projects/python/py2app-error/dist/Timer.app/Contents/Resources/lib/python3.11/numpy/lib/__pycache__/format.cpython-311.pyc
copying file /Users/jamie/Documents/Projects/python/py2app-error/.venv/lib/python3.11/site-packages/numpy/lib/__pycache__/_stride_tricks_impl.cpython-311.pyc -> /Users/jamie/Documents/Projects/python/py2app-error/dist/Timer.app/Contents/Resources/lib/python3.11/numpy/lib/__pycache__/_stride_tricks_impl.cpython-311.pyc
copying file /Users/jamie/Documents/Projects/python/py2app-error/.venv/lib/python3.11/site-packages/numpy/lib/__pycache__/scimath.cpython-311.pyc -> /Users/jamie/Documents/Projects/python/py2app-error/dist/Timer.app/Contents/Resources/lib/python3.11/numpy/lib/__pycache__/scimath.cpython-311.pyc
copying file /Users/jamie/Documents/Projects/python/py2app-error/.venv/lib/python3.11/site-packages/numpy/lib/__pycache__/_index_tricks_impl.cpython-311.pyc -> /Users/jamie/Documents/Projects/python/py2app-error/dist/Timer.app/Contents/Resources/lib/python3.11/numpy/lib/__pycache__/_index_tricks_impl.cpython-311.pyc
copying file /Users/jamie/Documents/Projects/python/py2app-error/.venv/lib/python3.11/site-packages/numpy/lib/__pycache__/_arraysetops_impl.cpython-311.pyc -> /Users/jamie/Documents/Projects/python/py2app-error/dist/Timer.app/Contents/Resources/lib/python3.11/numpy/lib/__pycache__/_arraysetops_impl.cpython-311.pyc
copying file /Users/jamie/Documents/Projects/python/py2app-error/.venv/lib/python3.11/site-packages/numpy/lib/__pycache__/_function_base_impl.cpython-311.pyc -> /Users/jamie/Documents/Projects/python/py2app-error/dist/Timer.app/Contents/Resources/lib/python3.11/numpy/lib/__pycache__/_function_base_impl.cpython-311.pyc
copying file /Users/jamie/Documents/Projects/python/py2app-error/.venv/lib/python3.11/site-packages/numpy/lib/__pycache__/_twodim_base_impl.cpython-311.pyc -> /Users/jamie/Documents/Projects/python/py2app-error/dist/Timer.app/Contents/Resources/lib/python3.11/numpy/lib/__pycache__/_twodim_base_impl.cpython-311.pyc
copying file /Users/jamie/Documents/Projects/python/py2app-error/.venv/lib/python3.11/site-packages/numpy/lib/__pycache__/_shape_base_impl.cpython-311.pyc -> /Users/jamie/Documents/Projects/python/py2app-error/dist/Timer.app/Contents/Resources/lib/python3.11/numpy/lib/__pycache__/_shape_base_impl.cpython-311.pyc
copying file /Users/jamie/Documents/Projects/python/py2app-error/.venv/lib/python3.11/site-packages/numpy/lib/__pycache__/_version.cpython-311.pyc -> /Users/jamie/Documents/Projects/python/py2app-error/dist/Timer.app/Contents/Resources/lib/python3.11/numpy/lib/__pycache__/_version.cpython-311.pyc
copying file /Users/jamie/Documents/Projects/python/py2app-error/.venv/lib/python3.11/site-packages/numpy/lib/__pycache__/_nanfunctions_impl.cpython-311.pyc -> /Users/jamie/Documents/Projects/python/py2app-error/dist/Timer.app/Contents/Resources/lib/python3.11/numpy/lib/__pycache__/_nanfunctions_impl.cpython-311.pyc
copying file /Users/jamie/Documents/Projects/python/py2app-error/.venv/lib/python3.11/site-packages/numpy/lib/__pycache__/mixins.cpython-311.pyc -> /Users/jamie/Documents/Projects/python/py2app-error/dist/Timer.app/Contents/Resources/lib/python3.11/numpy/lib/__pycache__/mixins.cpython-311.pyc
copying file /Users/jamie/Documents/Projects/python/py2app-error/.venv/lib/python3.11/site-packages/numpy/lib/__pycache__/_utils_impl.cpython-311.pyc -> /Users/jamie/Documents/Projects/python/py2app-error/dist/Timer.app/Contents/Resources/lib/python3.11/numpy/lib/__pycache__/_utils_impl.cpython-311.pyc
copying file /Users/jamie/Documents/Projects/python/py2app-error/.venv/lib/python3.11/site-packages/numpy/lib/__pycache__/_arrayterator_impl.cpython-311.pyc -> /Users/jamie/Documents/Projects/python/py2app-error/dist/Timer.app/Contents/Resources/lib/python3.11/numpy/lib/__pycache__/_arrayterator_impl.cpython-311.pyc
copying file /Users/jamie/Documents/Projects/python/py2app-error/.venv/lib/python3.11/site-packages/numpy/lib/__pycache__/array_utils.cpython-311.pyc -> /Users/jamie/Documents/Projects/python/py2app-error/dist/Timer.app/Contents/Resources/lib/python3.11/numpy/lib/__pycache__/array_utils.cpython-311.pyc
copying file /Users/jamie/Documents/Projects/python/py2app-error/.venv/lib/python3.11/site-packages/numpy/lib/__pycache__/_arraypad_impl.cpython-311.pyc -> /Users/jamie/Documents/Projects/python/py2app-error/dist/Timer.app/Contents/Resources/lib/python3.11/numpy/lib/__pycache__/_arraypad_impl.cpython-311.pyc
copying file /Users/jamie/Documents/Projects/python/py2app-error/.venv/lib/python3.11/site-packages/numpy/lib/__pycache__/_ufunclike_impl.cpython-311.pyc -> /Users/jamie/Documents/Projects/python/py2app-error/dist/Timer.app/Contents/Resources/lib/python3.11/numpy/lib/__pycache__/_ufunclike_impl.cpython-311.pyc
copying file /Users/jamie/Documents/Projects/python/py2app-error/.venv/lib/python3.11/site-packages/numpy/lib/__pycache__/_user_array_impl.cpython-311.pyc -> /Users/jamie/Documents/Projects/python/py2app-error/dist/Timer.app/Contents/Resources/lib/python3.11/numpy/lib/__pycache__/_user_array_impl.cpython-311.pyc
copying file /Users/jamie/Documents/Projects/python/py2app-error/.venv/lib/python3.11/site-packages/numpy/lib/__pycache__/_datasource.cpython-311.pyc -> /Users/jamie/Documents/Projects/python/py2app-error/dist/Timer.app/Contents/Resources/lib/python3.11/numpy/lib/__pycache__/_datasource.cpython-311.pyc
copying file /Users/jamie/Documents/Projects/python/py2app-error/.venv/lib/python3.11/site-packages/numpy/lib/__pycache__/stride_tricks.cpython-311.pyc -> /Users/jamie/Documents/Projects/python/py2app-error/dist/Timer.app/Contents/Resources/lib/python3.11/numpy/lib/__pycache__/stride_tricks.cpython-311.pyc
copying file /Users/jamie/Documents/Projects/python/py2app-error/.venv/lib/python3.11/site-packages/numpy/lib/__pycache__/_npyio_impl.cpython-311.pyc -> /Users/jamie/Documents/Projects/python/py2app-error/dist/Timer.app/Contents/Resources/lib/python3.11/numpy/lib/__pycache__/_npyio_impl.cpython-311.pyc
copying file /Users/jamie/Documents/Projects/python/py2app-error/.venv/lib/python3.11/site-packages/numpy/lib/__pycache__/_array_utils_impl.cpython-311.pyc -> /Users/jamie/Documents/Projects/python/py2app-error/dist/Timer.app/Contents/Resources/lib/python3.11/numpy/lib/__pycache__/_array_utils_impl.cpython-311.pyc
copying file /Users/jamie/Documents/Projects/python/py2app-error/.venv/lib/python3.11/site-packages/numpy/lib/__pycache__/__init__.cpython-311.pyc -> /Users/jamie/Documents/Projects/python/py2app-error/dist/Timer.app/Contents/Resources/lib/python3.11/numpy/lib/__pycache__/__init__.cpython-311.pyc
copying file /Users/jamie/Documents/Projects/python/py2app-error/.venv/lib/python3.11/site-packages/numpy/lib/_array_utils_impl.pyi -> /Users/jamie/Documents/Projects/python/py2app-error/dist/Timer.app/Contents/Resources/lib/python3.11/numpy/lib/_array_utils_impl.pyi
copying file /Users/jamie/Documents/Projects/python/py2app-error/.venv/lib/python3.11/site-packages/numpy/lib/_arrayterator_impl.py -> /Users/jamie/Documents/Projects/python/py2app-error/dist/Timer.app/Contents/Resources/lib/python3.11/numpy/lib/_arrayterator_impl.py
copying file /Users/jamie/Documents/Projects/python/py2app-error/.venv/lib/python3.11/site-packages/numpy/lib/introspect.py -> /Users/jamie/Documents/Projects/python/py2app-error/dist/Timer.app/Contents/Resources/lib/python3.11/numpy/lib/introspect.py
copying file /Users/jamie/Documents/Projects/python/py2app-error/.venv/lib/python3.11/site-packages/numpy/lib/_shape_base_impl.pyi -> /Users/jamie/Documents/Projects/python/py2app-error/dist/Timer.app/Contents/Resources/lib/python3.11/numpy/lib/_shape_base_impl.pyi
copying file /Users/jamie/Documents/Projects/python/py2app-error/.venv/lib/python3.11/site-packages/numpy/lib/npyio.py -> /Users/jamie/Documents/Projects/python/py2app-error/dist/Timer.app/Contents/Resources/lib/python3.11/numpy/lib/npyio.py
copying file /Users/jamie/Documents/Projects/python/py2app-error/.venv/lib/python3.11/site-packages/numpy/lib/_shape_base_impl.py -> /Users/jamie/Documents/Projects/python/py2app-error/dist/Timer.app/Contents/Resources/lib/python3.11/numpy/lib/_shape_base_impl.py
copying file /Users/jamie/Documents/Projects/python/py2app-error/.venv/lib/python3.11/site-packages/numpy/lib/_arrayterator_impl.pyi -> /Users/jamie/Documents/Projects/python/py2app-error/dist/Timer.app/Contents/Resources/lib/python3.11/numpy/lib/_arrayterator_impl.pyi
copying file /Users/jamie/Documents/Projects/python/py2app-error/.venv/lib/python3.11/site-packages/numpy/lib/_utils_impl.pyi -> /Users/jamie/Documents/Projects/python/py2app-error/dist/Timer.app/Contents/Resources/lib/python3.11/numpy/lib/_utils_impl.pyi
copying file /Users/jamie/Documents/Projects/python/py2app-error/.venv/lib/python3.11/site-packages/numpy/lib/stride_tricks.py -> /Users/jamie/Documents/Projects/python/py2app-error/dist/Timer.app/Contents/Resources/lib/python3.11/numpy/lib/stride_tricks.py
copying file /Users/jamie/Documents/Projects/python/py2app-error/.venv/lib/python3.11/site-packages/numpy/lib/_histograms_impl.py -> /Users/jamie/Documents/Projects/python/py2app-error/dist/Timer.app/Contents/Resources/lib/python3.11/numpy/lib/_histograms_impl.py
copying file /Users/jamie/Documents/Projects/python/py2app-error/.venv/lib/python3.11/site-packages/numpy/lib/_function_base_impl.pyi -> /Users/jamie/Documents/Projects/python/py2app-error/dist/Timer.app/Contents/Resources/lib/python3.11/numpy/lib/_function_base_impl.pyi
copying file /Users/jamie/Documents/Projects/python/py2app-error/.venv/lib/python3.11/site-packages/numpy/lib/_index_tricks_impl.pyi -> /Users/jamie/Documents/Projects/python/py2app-error/dist/Timer.app/Contents/Resources/lib/python3.11/numpy/lib/_index_tricks_impl.pyi
copying file /Users/jamie/Documents/Projects/python/py2app-error/.venv/lib/python3.11/site-packages/numpy/lib/_nanfunctions_impl.pyi -> /Users/jamie/Documents/Projects/python/py2app-error/dist/Timer.app/Contents/Resources/lib/python3.11/numpy/lib/_nanfunctions_impl.pyi
copying file /Users/jamie/Documents/Projects/python/py2app-error/.venv/lib/python3.11/site-packages/numpy/lib/_arraypad_impl.py -> /Users/jamie/Documents/Projects/python/py2app-error/dist/Timer.app/Contents/Resources/lib/python3.11/numpy/lib/_arraypad_impl.py
copying file /Users/jamie/Documents/Projects/python/py2app-error/.venv/lib/python3.11/site-packages/numpy/lib/_arraypad_impl.pyi -> /Users/jamie/Documents/Projects/python/py2app-error/dist/Timer.app/Contents/Resources/lib/python3.11/numpy/lib/_arraypad_impl.pyi
copying file /Users/jamie/Documents/Projects/python/py2app-error/.venv/lib/python3.11/site-packages/numpy/lib/_twodim_base_impl.pyi -> /Users/jamie/Documents/Projects/python/py2app-error/dist/Timer.app/Contents/Resources/lib/python3.11/numpy/lib/_twodim_base_impl.pyi
copying file /Users/jamie/Documents/Projects/python/py2app-error/.venv/lib/python3.11/site-packages/numpy/lib/_ufunclike_impl.py -> /Users/jamie/Documents/Projects/python/py2app-error/dist/Timer.app/Contents/Resources/lib/python3.11/numpy/lib/_ufunclike_impl.py
copying file /Users/jamie/Documents/Projects/python/py2app-error/.venv/lib/python3.11/site-packages/numpy/lib/array_utils.pyi -> /Users/jamie/Documents/Projects/python/py2app-error/dist/Timer.app/Contents/Resources/lib/python3.11/numpy/lib/array_utils.pyi
copying file /Users/jamie/Documents/Projects/python/py2app-error/.venv/lib/python3.11/site-packages/numpy/lib/_npyio_impl.py -> /Users/jamie/Documents/Projects/python/py2app-error/dist/Timer.app/Contents/Resources/lib/python3.11/numpy/lib/_npyio_impl.py
copying file /Users/jamie/Documents/Projects/python/py2app-error/.venv/lib/python3.11/site-packages/numpy/lib/stride_tricks.pyi -> /Users/jamie/Documents/Projects/python/py2app-error/dist/Timer.app/Contents/Resources/lib/python3.11/numpy/lib/stride_tricks.pyi
copying file /Users/jamie/Documents/Projects/python/py2app-error/.venv/lib/python3.11/site-packages/numpy/lib/_index_tricks_impl.py -> /Users/jamie/Documents/Projects/python/py2app-error/dist/Timer.app/Contents/Resources/lib/python3.11/numpy/lib/_index_tricks_impl.py
copying file /Users/jamie/Documents/Projects/python/py2app-error/.venv/lib/python3.11/site-packages/numpy/lib/_arraysetops_impl.pyi -> /Users/jamie/Documents/Projects/python/py2app-error/dist/Timer.app/Contents/Resources/lib/python3.11/numpy/lib/_arraysetops_impl.pyi
copying file /Users/jamie/Documents/Projects/python/py2app-error/.venv/lib/python3.11/site-packages/numpy/lib/_ufunclike_impl.pyi -> /Users/jamie/Documents/Projects/python/py2app-error/dist/Timer.app/Contents/Resources/lib/python3.11/numpy/lib/_ufunclike_impl.pyi
copying file /Users/jamie/Documents/Projects/python/py2app-error/.venv/lib/python3.11/site-packages/numpy/lib/_twodim_base_impl.py -> /Users/jamie/Documents/Projects/python/py2app-error/dist/Timer.app/Contents/Resources/lib/python3.11/numpy/lib/_twodim_base_impl.py
copying file /Users/jamie/Documents/Projects/python/py2app-error/.venv/lib/python3.11/site-packages/numpy/lib/_type_check_impl.pyi -> /Users/jamie/Documents/Projects/python/py2app-error/dist/Timer.app/Contents/Resources/lib/python3.11/numpy/lib/_type_check_impl.pyi
copying file /Users/jamie/Documents/Projects/python/py2app-error/.venv/lib/python3.11/site-packages/numpy/lib/_function_base_impl.py -> /Users/jamie/Documents/Projects/python/py2app-error/dist/Timer.app/Contents/Resources/lib/python3.11/numpy/lib/_function_base_impl.py
copying file /Users/jamie/Documents/Projects/python/py2app-error/.venv/lib/python3.11/site-packages/numpy/lib/_nanfunctions_impl.py -> /Users/jamie/Documents/Projects/python/py2app-error/dist/Timer.app/Contents/Resources/lib/python3.11/numpy/lib/_nanfunctions_impl.py
copying file /Users/jamie/Documents/Projects/python/py2app-error/.venv/lib/python3.11/site-packages/numpy/lib/_datasource.py -> /Users/jamie/Documents/Projects/python/py2app-error/dist/Timer.app/Contents/Resources/lib/python3.11/numpy/lib/_datasource.py
copying file /Users/jamie/Documents/Projects/python/py2app-error/.venv/lib/python3.11/site-packages/numpy/lib/_utils_impl.py -> /Users/jamie/Documents/Projects/python/py2app-error/dist/Timer.app/Contents/Resources/lib/python3.11/numpy/lib/_utils_impl.py
copying file /Users/jamie/Documents/Projects/python/py2app-error/.venv/lib/python3.11/site-packages/numpy/py.typed -> /Users/jamie/Documents/Projects/python/py2app-error/dist/Timer.app/Contents/Resources/lib/python3.11/numpy/py.typed
copying file /Users/jamie/Documents/Projects/python/py2app-error/.venv/lib/python3.11/site-packages/numpy/exceptions.py -> /Users/jamie/Documents/Projects/python/py2app-error/dist/Timer.app/Contents/Resources/lib/python3.11/numpy/exceptions.py
creating /Users/jamie/Documents/Projects/python/py2app-error/dist/Timer.app/Contents/Resources/lib/python3.11/numpy/fft
copying file /Users/jamie/Documents/Projects/python/py2app-error/.venv/lib/python3.11/site-packages/numpy/fft/_helper.pyi -> /Users/jamie/Documents/Projects/python/py2app-error/dist/Timer.app/Contents/Resources/lib/python3.11/numpy/fft/_helper.pyi
copying file /Users/jamie/Documents/Projects/python/py2app-error/.venv/lib/python3.11/site-packages/numpy/fft/_pocketfft_umath.cpython-311-darwin.so -> /Users/jamie/Documents/Projects/python/py2app-error/dist/Timer.app/Contents/Resources/lib/python3.11/numpy/fft/_pocketfft_umath.cpython-311-darwin.so
copying file /Users/jamie/Documents/Projects/python/py2app-error/.venv/lib/python3.11/site-packages/numpy/fft/__init__.pyi -> /Users/jamie/Documents/Projects/python/py2app-error/dist/Timer.app/Contents/Resources/lib/python3.11/numpy/fft/__init__.pyi
copying file /Users/jamie/Documents/Projects/python/py2app-error/.venv/lib/python3.11/site-packages/numpy/fft/_helper.py -> /Users/jamie/Documents/Projects/python/py2app-error/dist/Timer.app/Contents/Resources/lib/python3.11/numpy/fft/_helper.py
creating /Users/jamie/Documents/Projects/python/py2app-error/dist/Timer.app/Contents/Resources/lib/python3.11/numpy/fft/tests
copying file /Users/jamie/Documents/Projects/python/py2app-error/.venv/lib/python3.11/site-packages/numpy/fft/tests/test_pocketfft.py -> /Users/jamie/Documents/Projects/python/py2app-error/dist/Timer.app/Contents/Resources/lib/python3.11/numpy/fft/tests/test_pocketfft.py
copying file /Users/jamie/Documents/Projects/python/py2app-error/.venv/lib/python3.11/site-packages/numpy/fft/tests/test_helper.py -> /Users/jamie/Documents/Projects/python/py2app-error/dist/Timer.app/Contents/Resources/lib/python3.11/numpy/fft/tests/test_helper.py
copying file /Users/jamie/Documents/Projects/python/py2app-error/.venv/lib/python3.11/site-packages/numpy/fft/tests/__init__.py -> /Users/jamie/Documents/Projects/python/py2app-error/dist/Timer.app/Contents/Resources/lib/python3.11/numpy/fft/tests/__init__.py
creating /Users/jamie/Documents/Projects/python/py2app-error/dist/Timer.app/Contents/Resources/lib/python3.11/numpy/fft/tests/__pycache__
copying file /Users/jamie/Documents/Projects/python/py2app-error/.venv/lib/python3.11/site-packages/numpy/fft/tests/__pycache__/test_pocketfft.cpython-311.pyc -> /Users/jamie/Documents/Projects/python/py2app-error/dist/Timer.app/Contents/Resources/lib/python3.11/numpy/fft/tests/__pycache__/test_pocketfft.cpython-311.pyc
copying file /Users/jamie/Documents/Projects/python/py2app-error/.venv/lib/python3.11/site-packages/numpy/fft/tests/__pycache__/test_helper.cpython-311.pyc -> /Users/jamie/Documents/Projects/python/py2app-error/dist/Timer.app/Contents/Resources/lib/python3.11/numpy/fft/tests/__pycache__/test_helper.cpython-311.pyc
copying file /Users/jamie/Documents/Projects/python/py2app-error/.venv/lib/python3.11/site-packages/numpy/fft/tests/__pycache__/__init__.cpython-311.pyc -> /Users/jamie/Documents/Projects/python/py2app-error/dist/Timer.app/Contents/Resources/lib/python3.11/numpy/fft/tests/__pycache__/__init__.cpython-311.pyc
copying file /Users/jamie/Documents/Projects/python/py2app-error/.venv/lib/python3.11/site-packages/numpy/fft/__init__.py -> /Users/jamie/Documents/Projects/python/py2app-error/dist/Timer.app/Contents/Resources/lib/python3.11/numpy/fft/__init__.py
creating /Users/jamie/Documents/Projects/python/py2app-error/dist/Timer.app/Contents/Resources/lib/python3.11/numpy/fft/__pycache__
copying file /Users/jamie/Documents/Projects/python/py2app-error/.venv/lib/python3.11/site-packages/numpy/fft/__pycache__/helper.cpython-311.pyc -> /Users/jamie/Documents/Projects/python/py2app-error/dist/Timer.app/Contents/Resources/lib/python3.11/numpy/fft/__pycache__/helper.cpython-311.pyc
copying file /Users/jamie/Documents/Projects/python/py2app-error/.venv/lib/python3.11/site-packages/numpy/fft/__pycache__/_helper.cpython-311.pyc -> /Users/jamie/Documents/Projects/python/py2app-error/dist/Timer.app/Contents/Resources/lib/python3.11/numpy/fft/__pycache__/_helper.cpython-311.pyc
copying file /Users/jamie/Documents/Projects/python/py2app-error/.venv/lib/python3.11/site-packages/numpy/fft/__pycache__/_pocketfft.cpython-311.pyc -> /Users/jamie/Documents/Projects/python/py2app-error/dist/Timer.app/Contents/Resources/lib/python3.11/numpy/fft/__pycache__/_pocketfft.cpython-311.pyc
copying file /Users/jamie/Documents/Projects/python/py2app-error/.venv/lib/python3.11/site-packages/numpy/fft/__pycache__/__init__.cpython-311.pyc -> /Users/jamie/Documents/Projects/python/py2app-error/dist/Timer.app/Contents/Resources/lib/python3.11/numpy/fft/__pycache__/__init__.cpython-311.pyc
copying file /Users/jamie/Documents/Projects/python/py2app-error/.venv/lib/python3.11/site-packages/numpy/fft/helper.py -> /Users/jamie/Documents/Projects/python/py2app-error/dist/Timer.app/Contents/Resources/lib/python3.11/numpy/fft/helper.py
copying file /Users/jamie/Documents/Projects/python/py2app-error/.venv/lib/python3.11/site-packages/numpy/fft/_pocketfft.pyi -> /Users/jamie/Documents/Projects/python/py2app-error/dist/Timer.app/Contents/Resources/lib/python3.11/numpy/fft/_pocketfft.pyi
copying file /Users/jamie/Documents/Projects/python/py2app-error/.venv/lib/python3.11/site-packages/numpy/fft/_pocketfft.py -> /Users/jamie/Documents/Projects/python/py2app-error/dist/Timer.app/Contents/Resources/lib/python3.11/numpy/fft/_pocketfft.py
creating /Users/jamie/Documents/Projects/python/py2app-error/dist/Timer.app/Contents/Resources/lib/python3.11/numpy/doc
copying file /Users/jamie/Documents/Projects/python/py2app-error/.venv/lib/python3.11/site-packages/numpy/doc/ufuncs.py -> /Users/jamie/Documents/Projects/python/py2app-error/dist/Timer.app/Contents/Resources/lib/python3.11/numpy/doc/ufuncs.py
creating /Users/jamie/Documents/Projects/python/py2app-error/dist/Timer.app/Contents/Resources/lib/python3.11/numpy/doc/__pycache__
copying file /Users/jamie/Documents/Projects/python/py2app-error/.venv/lib/python3.11/site-packages/numpy/doc/__pycache__/ufuncs.cpython-311.pyc -> /Users/jamie/Documents/Projects/python/py2app-error/dist/Timer.app/Contents/Resources/lib/python3.11/numpy/doc/__pycache__/ufuncs.cpython-311.pyc
copying file /Users/jamie/Documents/Projects/python/py2app-error/.venv/lib/python3.11/site-packages/numpy/_expired_attrs_2_0.py -> /Users/jamie/Documents/Projects/python/py2app-error/dist/Timer.app/Contents/Resources/lib/python3.11/numpy/_expired_attrs_2_0.py
copying file /Users/jamie/Documents/Projects/python/py2app-error/.venv/lib/python3.11/site-packages/numpy/_pytesttester.py -> /Users/jamie/Documents/Projects/python/py2app-error/dist/Timer.app/Contents/Resources/lib/python3.11/numpy/_pytesttester.py
creating /Users/jamie/Documents/Projects/python/py2app-error/dist/Timer.app/Contents/Resources/lib/python3.11/numpy/random
copying file /Users/jamie/Documents/Projects/python/py2app-error/.venv/lib/python3.11/site-packages/numpy/random/_generator.pyi -> /Users/jamie/Documents/Projects/python/py2app-error/dist/Timer.app/Contents/Resources/lib/python3.11/numpy/random/_generator.pyi
copying file /Users/jamie/Documents/Projects/python/py2app-error/.venv/lib/python3.11/site-packages/numpy/random/LICENSE.md -> /Users/jamie/Documents/Projects/python/py2app-error/dist/Timer.app/Contents/Resources/lib/python3.11/numpy/random/LICENSE.md
copying file /Users/jamie/Documents/Projects/python/py2app-error/.venv/lib/python3.11/site-packages/numpy/random/_common.pxd -> /Users/jamie/Documents/Projects/python/py2app-error/dist/Timer.app/Contents/Resources/lib/python3.11/numpy/random/_common.pxd
copying file /Users/jamie/Documents/Projects/python/py2app-error/.venv/lib/python3.11/site-packages/numpy/random/_generator.cpython-311-darwin.so -> /Users/jamie/Documents/Projects/python/py2app-error/dist/Timer.app/Contents/Resources/lib/python3.11/numpy/random/_generator.cpython-311-darwin.so
copying file /Users/jamie/Documents/Projects/python/py2app-error/.venv/lib/python3.11/site-packages/numpy/random/_pcg64.pyi -> /Users/jamie/Documents/Projects/python/py2app-error/dist/Timer.app/Contents/Resources/lib/python3.11/numpy/random/_pcg64.pyi
copying file /Users/jamie/Documents/Projects/python/py2app-error/.venv/lib/python3.11/site-packages/numpy/random/__init__.pyi -> /Users/jamie/Documents/Projects/python/py2app-error/dist/Timer.app/Contents/Resources/lib/python3.11/numpy/random/__init__.pyi
copying file /Users/jamie/Documents/Projects/python/py2app-error/.venv/lib/python3.11/site-packages/numpy/random/c_distributions.pxd -> /Users/jamie/Documents/Projects/python/py2app-error/dist/Timer.app/Contents/Resources/lib/python3.11/numpy/random/c_distributions.pxd
copying file /Users/jamie/Documents/Projects/python/py2app-error/.venv/lib/python3.11/site-packages/numpy/random/_common.cpython-311-darwin.so -> /Users/jamie/Documents/Projects/python/py2app-error/dist/Timer.app/Contents/Resources/lib/python3.11/numpy/random/_common.cpython-311-darwin.so
copying file /Users/jamie/Documents/Projects/python/py2app-error/.venv/lib/python3.11/site-packages/numpy/random/_pickle.py -> /Users/jamie/Documents/Projects/python/py2app-error/dist/Timer.app/Contents/Resources/lib/python3.11/numpy/random/_pickle.py
copying file /Users/jamie/Documents/Projects/python/py2app-error/.venv/lib/python3.11/site-packages/numpy/random/__init__.pxd -> /Users/jamie/Documents/Projects/python/py2app-error/dist/Timer.app/Contents/Resources/lib/python3.11/numpy/random/__init__.pxd
copying file /Users/jamie/Documents/Projects/python/py2app-error/.venv/lib/python3.11/site-packages/numpy/random/mtrand.cpython-311-darwin.so -> /Users/jamie/Documents/Projects/python/py2app-error/dist/Timer.app/Contents/Resources/lib/python3.11/numpy/random/mtrand.cpython-311-darwin.so
creating /Users/jamie/Documents/Projects/python/py2app-error/dist/Timer.app/Contents/Resources/lib/python3.11/numpy/random/tests
copying file /Users/jamie/Documents/Projects/python/py2app-error/.venv/lib/python3.11/site-packages/numpy/random/tests/test_generator_mt19937.py -> /Users/jamie/Documents/Projects/python/py2app-error/dist/Timer.app/Contents/Resources/lib/python3.11/numpy/random/tests/test_generator_mt19937.py
copying file /Users/jamie/Documents/Projects/python/py2app-error/.venv/lib/python3.11/site-packages/numpy/random/tests/test_randomstate.py -> /Users/jamie/Documents/Projects/python/py2app-error/dist/Timer.app/Contents/Resources/lib/python3.11/numpy/random/tests/test_randomstate.py
copying file /Users/jamie/Documents/Projects/python/py2app-error/.venv/lib/python3.11/site-packages/numpy/random/tests/test_direct.py -> /Users/jamie/Documents/Projects/python/py2app-error/dist/Timer.app/Contents/Resources/lib/python3.11/numpy/random/tests/test_direct.py
copying file /Users/jamie/Documents/Projects/python/py2app-error/.venv/lib/python3.11/site-packages/numpy/random/tests/test_extending.py -> /Users/jamie/Documents/Projects/python/py2app-error/dist/Timer.app/Contents/Resources/lib/python3.11/numpy/random/tests/test_extending.py
copying file /Users/jamie/Documents/Projects/python/py2app-error/.venv/lib/python3.11/site-packages/numpy/random/tests/__init__.py -> /Users/jamie/Documents/Projects/python/py2app-error/dist/Timer.app/Contents/Resources/lib/python3.11/numpy/random/tests/__init__.py
creating /Users/jamie/Documents/Projects/python/py2app-error/dist/Timer.app/Contents/Resources/lib/python3.11/numpy/random/tests/__pycache__
copying file /Users/jamie/Documents/Projects/python/py2app-error/.venv/lib/python3.11/site-packages/numpy/random/tests/__pycache__/test_regression.cpython-311.pyc -> /Users/jamie/Documents/Projects/python/py2app-error/dist/Timer.app/Contents/Resources/lib/python3.11/numpy/random/tests/__pycache__/test_regression.cpython-311.pyc
copying file /Users/jamie/Documents/Projects/python/py2app-error/.venv/lib/python3.11/site-packages/numpy/random/tests/__pycache__/test_extending.cpython-311.pyc -> /Users/jamie/Documents/Projects/python/py2app-error/dist/Timer.app/Contents/Resources/lib/python3.11/numpy/random/tests/__pycache__/test_extending.cpython-311.pyc
copying file /Users/jamie/Documents/Projects/python/py2app-error/.venv/lib/python3.11/site-packages/numpy/random/tests/__pycache__/test_randomstate.cpython-311.pyc -> /Users/jamie/Documents/Projects/python/py2app-error/dist/Timer.app/Contents/Resources/lib/python3.11/numpy/random/tests/__pycache__/test_randomstate.cpython-311.pyc
copying file /Users/jamie/Documents/Projects/python/py2app-error/.venv/lib/python3.11/site-packages/numpy/random/tests/__pycache__/test_random.cpython-311.pyc -> /Users/jamie/Documents/Projects/python/py2app-error/dist/Timer.app/Contents/Resources/lib/python3.11/numpy/random/tests/__pycache__/test_random.cpython-311.pyc
copying file /Users/jamie/Documents/Projects/python/py2app-error/.venv/lib/python3.11/site-packages/numpy/random/tests/__pycache__/test_generator_mt19937_regressions.cpython-311.pyc -> /Users/jamie/Documents/Projects/python/py2app-error/dist/Timer.app/Contents/Resources/lib/python3.11/numpy/random/tests/__pycache__/test_generator_mt19937_regressions.cpython-311.pyc
copying file /Users/jamie/Documents/Projects/python/py2app-error/.venv/lib/python3.11/site-packages/numpy/random/tests/__pycache__/test_generator_mt19937.cpython-311.pyc -> /Users/jamie/Documents/Projects/python/py2app-error/dist/Timer.app/Contents/Resources/lib/python3.11/numpy/random/tests/__pycache__/test_generator_mt19937.cpython-311.pyc
copying file /Users/jamie/Documents/Projects/python/py2app-error/.venv/lib/python3.11/site-packages/numpy/random/tests/__pycache__/test_smoke.cpython-311.pyc -> /Users/jamie/Documents/Projects/python/py2app-error/dist/Timer.app/Contents/Resources/lib/python3.11/numpy/random/tests/__pycache__/test_smoke.cpython-311.pyc
copying file /Users/jamie/Documents/Projects/python/py2app-error/.venv/lib/python3.11/site-packages/numpy/random/tests/__pycache__/test_randomstate_regression.cpython-311.pyc -> /Users/jamie/Documents/Projects/python/py2app-error/dist/Timer.app/Contents/Resources/lib/python3.11/numpy/random/tests/__pycache__/test_randomstate_regression.cpython-311.pyc
copying file /Users/jamie/Documents/Projects/python/py2app-error/.venv/lib/python3.11/site-packages/numpy/random/tests/__pycache__/test_seed_sequence.cpython-311.pyc -> /Users/jamie/Documents/Projects/python/py2app-error/dist/Timer.app/Contents/Resources/lib/python3.11/numpy/random/tests/__pycache__/test_seed_sequence.cpython-311.pyc
copying file /Users/jamie/Documents/Projects/python/py2app-error/.venv/lib/python3.11/site-packages/numpy/random/tests/__pycache__/test_direct.cpython-311.pyc -> /Users/jamie/Documents/Projects/python/py2app-error/dist/Timer.app/Contents/Resources/lib/python3.11/numpy/random/tests/__pycache__/test_direct.cpython-311.pyc
copying file /Users/jamie/Documents/Projects/python/py2app-error/.venv/lib/python3.11/site-packages/numpy/random/tests/__pycache__/__init__.cpython-311.pyc -> /Users/jamie/Documents/Projects/python/py2app-error/dist/Timer.app/Contents/Resources/lib/python3.11/numpy/random/tests/__pycache__/__init__.cpython-311.pyc
copying file /Users/jamie/Documents/Projects/python/py2app-error/.venv/lib/python3.11/site-packages/numpy/random/tests/test_smoke.py -> /Users/jamie/Documents/Projects/python/py2app-error/dist/Timer.app/Contents/Resources/lib/python3.11/numpy/random/tests/test_smoke.py
copying file /Users/jamie/Documents/Projects/python/py2app-error/.venv/lib/python3.11/site-packages/numpy/random/tests/test_randomstate_regression.py -> /Users/jamie/Documents/Projects/python/py2app-error/dist/Timer.app/Contents/Resources/lib/python3.11/numpy/random/tests/test_randomstate_regression.py
copying file /Users/jamie/Documents/Projects/python/py2app-error/.venv/lib/python3.11/site-packages/numpy/random/tests/test_seed_sequence.py -> /Users/jamie/Documents/Projects/python/py2app-error/dist/Timer.app/Contents/Resources/lib/python3.11/numpy/random/tests/test_seed_sequence.py
creating /Users/jamie/Documents/Projects/python/py2app-error/dist/Timer.app/Contents/Resources/lib/python3.11/numpy/random/tests/data
copying file /Users/jamie/Documents/Projects/python/py2app-error/.venv/lib/python3.11/site-packages/numpy/random/tests/data/philox-testset-1.csv -> /Users/jamie/Documents/Projects/python/py2app-error/dist/Timer.app/Contents/Resources/lib/python3.11/numpy/random/tests/data/philox-testset-1.csv
copying file /Users/jamie/Documents/Projects/python/py2app-error/.venv/lib/python3.11/site-packages/numpy/random/tests/data/philox-testset-2.csv -> /Users/jamie/Documents/Projects/python/py2app-error/dist/Timer.app/Contents/Resources/lib/python3.11/numpy/random/tests/data/philox-testset-2.csv
copying file /Users/jamie/Documents/Projects/python/py2app-error/.venv/lib/python3.11/site-packages/numpy/random/tests/data/sfc64-testset-1.csv -> /Users/jamie/Documents/Projects/python/py2app-error/dist/Timer.app/Contents/Resources/lib/python3.11/numpy/random/tests/data/sfc64-testset-1.csv
copying file /Users/jamie/Documents/Projects/python/py2app-error/.venv/lib/python3.11/site-packages/numpy/random/tests/data/sfc64-testset-2.csv -> /Users/jamie/Documents/Projects/python/py2app-error/dist/Timer.app/Contents/Resources/lib/python3.11/numpy/random/tests/data/sfc64-testset-2.csv
copying file /Users/jamie/Documents/Projects/python/py2app-error/.venv/lib/python3.11/site-packages/numpy/random/tests/data/__init__.py -> /Users/jamie/Documents/Projects/python/py2app-error/dist/Timer.app/Contents/Resources/lib/python3.11/numpy/random/tests/data/__init__.py
copying file /Users/jamie/Documents/Projects/python/py2app-error/.venv/lib/python3.11/site-packages/numpy/random/tests/data/generator_pcg64_np126.pkl.gz -> /Users/jamie/Documents/Projects/python/py2app-error/dist/Timer.app/Contents/Resources/lib/python3.11/numpy/random/tests/data/generator_pcg64_np126.pkl.gz
creating /Users/jamie/Documents/Projects/python/py2app-error/dist/Timer.app/Contents/Resources/lib/python3.11/numpy/random/tests/data/__pycache__
copying file /Users/jamie/Documents/Projects/python/py2app-error/.venv/lib/python3.11/site-packages/numpy/random/tests/data/__pycache__/__init__.cpython-311.pyc -> /Users/jamie/Documents/Projects/python/py2app-error/dist/Timer.app/Contents/Resources/lib/python3.11/numpy/random/tests/data/__pycache__/__init__.cpython-311.pyc
copying file /Users/jamie/Documents/Projects/python/py2app-error/.venv/lib/python3.11/site-packages/numpy/random/tests/data/sfc64_np126.pkl.gz -> /Users/jamie/Documents/Projects/python/py2app-error/dist/Timer.app/Contents/Resources/lib/python3.11/numpy/random/tests/data/sfc64_np126.pkl.gz
copying file /Users/jamie/Documents/Projects/python/py2app-error/.venv/lib/python3.11/site-packages/numpy/random/tests/data/mt19937-testset-2.csv -> /Users/jamie/Documents/Projects/python/py2app-error/dist/Timer.app/Contents/Resources/lib/python3.11/numpy/random/tests/data/mt19937-testset-2.csv
copying file /Users/jamie/Documents/Projects/python/py2app-error/.venv/lib/python3.11/site-packages/numpy/random/tests/data/generator_pcg64_np121.pkl.gz -> /Users/jamie/Documents/Projects/python/py2app-error/dist/Timer.app/Contents/Resources/lib/python3.11/numpy/random/tests/data/generator_pcg64_np121.pkl.gz
copying file /Users/jamie/Documents/Projects/python/py2app-error/.venv/lib/python3.11/site-packages/numpy/random/tests/data/mt19937-testset-1.csv -> /Users/jamie/Documents/Projects/python/py2app-error/dist/Timer.app/Contents/Resources/lib/python3.11/numpy/random/tests/data/mt19937-testset-1.csv
copying file /Users/jamie/Documents/Projects/python/py2app-error/.venv/lib/python3.11/site-packages/numpy/random/tests/data/pcg64-testset-1.csv -> /Users/jamie/Documents/Projects/python/py2app-error/dist/Timer.app/Contents/Resources/lib/python3.11/numpy/random/tests/data/pcg64-testset-1.csv
copying file /Users/jamie/Documents/Projects/python/py2app-error/.venv/lib/python3.11/site-packages/numpy/random/tests/data/pcg64-testset-2.csv -> /Users/jamie/Documents/Projects/python/py2app-error/dist/Timer.app/Contents/Resources/lib/python3.11/numpy/random/tests/data/pcg64-testset-2.csv
copying file /Users/jamie/Documents/Projects/python/py2app-error/.venv/lib/python3.11/site-packages/numpy/random/tests/data/pcg64dxsm-testset-1.csv -> /Users/jamie/Documents/Projects/python/py2app-error/dist/Timer.app/Contents/Resources/lib/python3.11/numpy/random/tests/data/pcg64dxsm-testset-1.csv
copying file /Users/jamie/Documents/Projects/python/py2app-error/.venv/lib/python3.11/site-packages/numpy/random/tests/data/pcg64dxsm-testset-2.csv -> /Users/jamie/Documents/Projects/python/py2app-error/dist/Timer.app/Contents/Resources/lib/python3.11/numpy/random/tests/data/pcg64dxsm-testset-2.csv
copying file /Users/jamie/Documents/Projects/python/py2app-error/.venv/lib/python3.11/site-packages/numpy/random/tests/test_generator_mt19937_regressions.py -> /Users/jamie/Documents/Projects/python/py2app-error/dist/Timer.app/Contents/Resources/lib/python3.11/numpy/random/tests/test_generator_mt19937_regressions.py
copying file /Users/jamie/Documents/Projects/python/py2app-error/.venv/lib/python3.11/site-packages/numpy/random/tests/test_random.py -> /Users/jamie/Documents/Projects/python/py2app-error/dist/Timer.app/Contents/Resources/lib/python3.11/numpy/random/tests/test_random.py
copying file /Users/jamie/Documents/Projects/python/py2app-error/.venv/lib/python3.11/site-packages/numpy/random/tests/test_regression.py -> /Users/jamie/Documents/Projects/python/py2app-error/dist/Timer.app/Contents/Resources/lib/python3.11/numpy/random/tests/test_regression.py
copying file /Users/jamie/Documents/Projects/python/py2app-error/.venv/lib/python3.11/site-packages/numpy/random/__init__.py -> /Users/jamie/Documents/Projects/python/py2app-error/dist/Timer.app/Contents/Resources/lib/python3.11/numpy/random/__init__.py
copying file /Users/jamie/Documents/Projects/python/py2app-error/.venv/lib/python3.11/site-packages/numpy/random/_sfc64.cpython-311-darwin.so -> /Users/jamie/Documents/Projects/python/py2app-error/dist/Timer.app/Contents/Resources/lib/python3.11/numpy/random/_sfc64.cpython-311-darwin.so
creating /Users/jamie/Documents/Projects/python/py2app-error/dist/Timer.app/Contents/Resources/lib/python3.11/numpy/random/__pycache__
copying file /Users/jamie/Documents/Projects/python/py2app-error/.venv/lib/python3.11/site-packages/numpy/random/__pycache__/_pickle.cpython-311.pyc -> /Users/jamie/Documents/Projects/python/py2app-error/dist/Timer.app/Contents/Resources/lib/python3.11/numpy/random/__pycache__/_pickle.cpython-311.pyc
copying file /Users/jamie/Documents/Projects/python/py2app-error/.venv/lib/python3.11/site-packages/numpy/random/__pycache__/__init__.cpython-311.pyc -> /Users/jamie/Documents/Projects/python/py2app-error/dist/Timer.app/Contents/Resources/lib/python3.11/numpy/random/__pycache__/__init__.cpython-311.pyc
copying file /Users/jamie/Documents/Projects/python/py2app-error/.venv/lib/python3.11/site-packages/numpy/random/_philox.pyi -> /Users/jamie/Documents/Projects/python/py2app-error/dist/Timer.app/Contents/Resources/lib/python3.11/numpy/random/_philox.pyi
copying file /Users/jamie/Documents/Projects/python/py2app-error/.venv/lib/python3.11/site-packages/numpy/random/_pcg64.cpython-311-darwin.so -> /Users/jamie/Documents/Projects/python/py2app-error/dist/Timer.app/Contents/Resources/lib/python3.11/numpy/random/_pcg64.cpython-311-darwin.so
copying file /Users/jamie/Documents/Projects/python/py2app-error/.venv/lib/python3.11/site-packages/numpy/random/_bounded_integers.pxd -> /Users/jamie/Documents/Projects/python/py2app-error/dist/Timer.app/Contents/Resources/lib/python3.11/numpy/random/_bounded_integers.pxd
copying file /Users/jamie/Documents/Projects/python/py2app-error/.venv/lib/python3.11/site-packages/numpy/random/_philox.cpython-311-darwin.so -> /Users/jamie/Documents/Projects/python/py2app-error/dist/Timer.app/Contents/Resources/lib/python3.11/numpy/random/_philox.cpython-311-darwin.so
copying file /Users/jamie/Documents/Projects/python/py2app-error/.venv/lib/python3.11/site-packages/numpy/random/_mt19937.cpython-311-darwin.so -> /Users/jamie/Documents/Projects/python/py2app-error/dist/Timer.app/Contents/Resources/lib/python3.11/numpy/random/_mt19937.cpython-311-darwin.so
creating /Users/jamie/Documents/Projects/python/py2app-error/dist/Timer.app/Contents/Resources/lib/python3.11/numpy/random/lib
copying file /Users/jamie/Documents/Projects/python/py2app-error/.venv/lib/python3.11/site-packages/numpy/random/lib/libnpyrandom.a -> /Users/jamie/Documents/Projects/python/py2app-error/dist/Timer.app/Contents/Resources/lib/python3.11/numpy/random/lib/libnpyrandom.a
copying file /Users/jamie/Documents/Projects/python/py2app-error/.venv/lib/python3.11/site-packages/numpy/random/_mt19937.pyi -> /Users/jamie/Documents/Projects/python/py2app-error/dist/Timer.app/Contents/Resources/lib/python3.11/numpy/random/_mt19937.pyi
copying file /Users/jamie/Documents/Projects/python/py2app-error/.venv/lib/python3.11/site-packages/numpy/random/bit_generator.pyi -> /Users/jamie/Documents/Projects/python/py2app-error/dist/Timer.app/Contents/Resources/lib/python3.11/numpy/random/bit_generator.pyi
copying file /Users/jamie/Documents/Projects/python/py2app-error/.venv/lib/python3.11/site-packages/numpy/random/_sfc64.pyi -> /Users/jamie/Documents/Projects/python/py2app-error/dist/Timer.app/Contents/Resources/lib/python3.11/numpy/random/_sfc64.pyi
copying file /Users/jamie/Documents/Projects/python/py2app-error/.venv/lib/python3.11/site-packages/numpy/random/_bounded_integers.cpython-311-darwin.so -> /Users/jamie/Documents/Projects/python/py2app-error/dist/Timer.app/Contents/Resources/lib/python3.11/numpy/random/_bounded_integers.cpython-311-darwin.so
copying file /Users/jamie/Documents/Projects/python/py2app-error/.venv/lib/python3.11/site-packages/numpy/random/bit_generator.pxd -> /Users/jamie/Documents/Projects/python/py2app-error/dist/Timer.app/Contents/Resources/lib/python3.11/numpy/random/bit_generator.pxd
creating /Users/jamie/Documents/Projects/python/py2app-error/dist/Timer.app/Contents/Resources/lib/python3.11/numpy/random/_examples
creating /Users/jamie/Documents/Projects/python/py2app-error/dist/Timer.app/Contents/Resources/lib/python3.11/numpy/random/_examples/cffi
creating /Users/jamie/Documents/Projects/python/py2app-error/dist/Timer.app/Contents/Resources/lib/python3.11/numpy/random/_examples/cffi/__pycache__
copying file /Users/jamie/Documents/Projects/python/py2app-error/.venv/lib/python3.11/site-packages/numpy/random/_examples/cffi/__pycache__/parse.cpython-311.pyc -> /Users/jamie/Documents/Projects/python/py2app-error/dist/Timer.app/Contents/Resources/lib/python3.11/numpy/random/_examples/cffi/__pycache__/parse.cpython-311.pyc
copying file /Users/jamie/Documents/Projects/python/py2app-error/.venv/lib/python3.11/site-packages/numpy/random/_examples/cffi/__pycache__/extending.cpython-311.pyc -> /Users/jamie/Documents/Projects/python/py2app-error/dist/Timer.app/Contents/Resources/lib/python3.11/numpy/random/_examples/cffi/__pycache__/extending.cpython-311.pyc
copying file /Users/jamie/Documents/Projects/python/py2app-error/.venv/lib/python3.11/site-packages/numpy/random/_examples/cffi/parse.py -> /Users/jamie/Documents/Projects/python/py2app-error/dist/Timer.app/Contents/Resources/lib/python3.11/numpy/random/_examples/cffi/parse.py
copying file /Users/jamie/Documents/Projects/python/py2app-error/.venv/lib/python3.11/site-packages/numpy/random/_examples/cffi/extending.py -> /Users/jamie/Documents/Projects/python/py2app-error/dist/Timer.app/Contents/Resources/lib/python3.11/numpy/random/_examples/cffi/extending.py
creating /Users/jamie/Documents/Projects/python/py2app-error/dist/Timer.app/Contents/Resources/lib/python3.11/numpy/random/_examples/cython
copying file /Users/jamie/Documents/Projects/python/py2app-error/.venv/lib/python3.11/site-packages/numpy/random/_examples/cython/meson.build -> /Users/jamie/Documents/Projects/python/py2app-error/dist/Timer.app/Contents/Resources/lib/python3.11/numpy/random/_examples/cython/meson.build
copying file /Users/jamie/Documents/Projects/python/py2app-error/.venv/lib/python3.11/site-packages/numpy/random/_examples/cython/extending_distributions.pyx -> /Users/jamie/Documents/Projects/python/py2app-error/dist/Timer.app/Contents/Resources/lib/python3.11/numpy/random/_examples/cython/extending_distributions.pyx
copying file /Users/jamie/Documents/Projects/python/py2app-error/.venv/lib/python3.11/site-packages/numpy/random/_examples/cython/extending.pyx -> /Users/jamie/Documents/Projects/python/py2app-error/dist/Timer.app/Contents/Resources/lib/python3.11/numpy/random/_examples/cython/extending.pyx
creating /Users/jamie/Documents/Projects/python/py2app-error/dist/Timer.app/Contents/Resources/lib/python3.11/numpy/random/_examples/numba
creating /Users/jamie/Documents/Projects/python/py2app-error/dist/Timer.app/Contents/Resources/lib/python3.11/numpy/random/_examples/numba/__pycache__
copying file /Users/jamie/Documents/Projects/python/py2app-error/.venv/lib/python3.11/site-packages/numpy/random/_examples/numba/__pycache__/extending_distributions.cpython-311.pyc -> /Users/jamie/Documents/Projects/python/py2app-error/dist/Timer.app/Contents/Resources/lib/python3.11/numpy/random/_examples/numba/__pycache__/extending_distributions.cpython-311.pyc
copying file /Users/jamie/Documents/Projects/python/py2app-error/.venv/lib/python3.11/site-packages/numpy/random/_examples/numba/__pycache__/extending.cpython-311.pyc -> /Users/jamie/Documents/Projects/python/py2app-error/dist/Timer.app/Contents/Resources/lib/python3.11/numpy/random/_examples/numba/__pycache__/extending.cpython-311.pyc
copying file /Users/jamie/Documents/Projects/python/py2app-error/.venv/lib/python3.11/site-packages/numpy/random/_examples/numba/extending.py -> /Users/jamie/Documents/Projects/python/py2app-error/dist/Timer.app/Contents/Resources/lib/python3.11/numpy/random/_examples/numba/extending.py
copying file /Users/jamie/Documents/Projects/python/py2app-error/.venv/lib/python3.11/site-packages/numpy/random/_examples/numba/extending_distributions.py -> /Users/jamie/Documents/Projects/python/py2app-error/dist/Timer.app/Contents/Resources/lib/python3.11/numpy/random/_examples/numba/extending_distributions.py
copying file /Users/jamie/Documents/Projects/python/py2app-error/.venv/lib/python3.11/site-packages/numpy/random/mtrand.pyi -> /Users/jamie/Documents/Projects/python/py2app-error/dist/Timer.app/Contents/Resources/lib/python3.11/numpy/random/mtrand.pyi
copying file /Users/jamie/Documents/Projects/python/py2app-error/.venv/lib/python3.11/site-packages/numpy/random/bit_generator.cpython-311-darwin.so -> /Users/jamie/Documents/Projects/python/py2app-error/dist/Timer.app/Contents/Resources/lib/python3.11/numpy/random/bit_generator.cpython-311-darwin.so
creating /Users/jamie/Documents/Projects/python/py2app-error/dist/Timer.app/Contents/Resources/lib/python3.11/numpy/matrixlib
copying file /Users/jamie/Documents/Projects/python/py2app-error/.venv/lib/python3.11/site-packages/numpy/matrixlib/__init__.pyi -> /Users/jamie/Documents/Projects/python/py2app-error/dist/Timer.app/Contents/Resources/lib/python3.11/numpy/matrixlib/__init__.pyi
creating /Users/jamie/Documents/Projects/python/py2app-error/dist/Timer.app/Contents/Resources/lib/python3.11/numpy/matrixlib/tests
copying file /Users/jamie/Documents/Projects/python/py2app-error/.venv/lib/python3.11/site-packages/numpy/matrixlib/tests/test_matrix_linalg.py -> /Users/jamie/Documents/Projects/python/py2app-error/dist/Timer.app/Contents/Resources/lib/python3.11/numpy/matrixlib/tests/test_matrix_linalg.py
copying file /Users/jamie/Documents/Projects/python/py2app-error/.venv/lib/python3.11/site-packages/numpy/matrixlib/tests/test_defmatrix.py -> /Users/jamie/Documents/Projects/python/py2app-error/dist/Timer.app/Contents/Resources/lib/python3.11/numpy/matrixlib/tests/test_defmatrix.py
copying file /Users/jamie/Documents/Projects/python/py2app-error/.venv/lib/python3.11/site-packages/numpy/matrixlib/tests/__init__.py -> /Users/jamie/Documents/Projects/python/py2app-error/dist/Timer.app/Contents/Resources/lib/python3.11/numpy/matrixlib/tests/__init__.py
creating /Users/jamie/Documents/Projects/python/py2app-error/dist/Timer.app/Contents/Resources/lib/python3.11/numpy/matrixlib/tests/__pycache__
copying file /Users/jamie/Documents/Projects/python/py2app-error/.venv/lib/python3.11/site-packages/numpy/matrixlib/tests/__pycache__/test_interaction.cpython-311.pyc -> /Users/jamie/Documents/Projects/python/py2app-error/dist/Timer.app/Contents/Resources/lib/python3.11/numpy/matrixlib/tests/__pycache__/test_interaction.cpython-311.pyc
copying file /Users/jamie/Documents/Projects/python/py2app-error/.venv/lib/python3.11/site-packages/numpy/matrixlib/tests/__pycache__/test_regression.cpython-311.pyc -> /Users/jamie/Documents/Projects/python/py2app-error/dist/Timer.app/Contents/Resources/lib/python3.11/numpy/matrixlib/tests/__pycache__/test_regression.cpython-311.pyc
copying file /Users/jamie/Documents/Projects/python/py2app-error/.venv/lib/python3.11/site-packages/numpy/matrixlib/tests/__pycache__/test_masked_matrix.cpython-311.pyc -> /Users/jamie/Documents/Projects/python/py2app-error/dist/Timer.app/Contents/Resources/lib/python3.11/numpy/matrixlib/tests/__pycache__/test_masked_matrix.cpython-311.pyc
copying file /Users/jamie/Documents/Projects/python/py2app-error/.venv/lib/python3.11/site-packages/numpy/matrixlib/tests/__pycache__/test_numeric.cpython-311.pyc -> /Users/jamie/Documents/Projects/python/py2app-error/dist/Timer.app/Contents/Resources/lib/python3.11/numpy/matrixlib/tests/__pycache__/test_numeric.cpython-311.pyc
copying file /Users/jamie/Documents/Projects/python/py2app-error/.venv/lib/python3.11/site-packages/numpy/matrixlib/tests/__pycache__/test_multiarray.cpython-311.pyc -> /Users/jamie/Documents/Projects/python/py2app-error/dist/Timer.app/Contents/Resources/lib/python3.11/numpy/matrixlib/tests/__pycache__/test_multiarray.cpython-311.pyc
copying file /Users/jamie/Documents/Projects/python/py2app-error/.venv/lib/python3.11/site-packages/numpy/matrixlib/tests/__pycache__/test_defmatrix.cpython-311.pyc -> /Users/jamie/Documents/Projects/python/py2app-error/dist/Timer.app/Contents/Resources/lib/python3.11/numpy/matrixlib/tests/__pycache__/test_defmatrix.cpython-311.pyc
copying file /Users/jamie/Documents/Projects/python/py2app-error/.venv/lib/python3.11/site-packages/numpy/matrixlib/tests/__pycache__/__init__.cpython-311.pyc -> /Users/jamie/Documents/Projects/python/py2app-error/dist/Timer.app/Contents/Resources/lib/python3.11/numpy/matrixlib/tests/__pycache__/__init__.cpython-311.pyc
copying file /Users/jamie/Documents/Projects/python/py2app-error/.venv/lib/python3.11/site-packages/numpy/matrixlib/tests/__pycache__/test_matrix_linalg.cpython-311.pyc -> /Users/jamie/Documents/Projects/python/py2app-error/dist/Timer.app/Contents/Resources/lib/python3.11/numpy/matrixlib/tests/__pycache__/test_matrix_linalg.cpython-311.pyc
copying file /Users/jamie/Documents/Projects/python/py2app-error/.venv/lib/python3.11/site-packages/numpy/matrixlib/tests/test_interaction.py -> /Users/jamie/Documents/Projects/python/py2app-error/dist/Timer.app/Contents/Resources/lib/python3.11/numpy/matrixlib/tests/test_interaction.py
copying file /Users/jamie/Documents/Projects/python/py2app-error/.venv/lib/python3.11/site-packages/numpy/matrixlib/tests/test_numeric.py -> /Users/jamie/Documents/Projects/python/py2app-error/dist/Timer.app/Contents/Resources/lib/python3.11/numpy/matrixlib/tests/test_numeric.py
copying file /Users/jamie/Documents/Projects/python/py2app-error/.venv/lib/python3.11/site-packages/numpy/matrixlib/tests/test_masked_matrix.py -> /Users/jamie/Documents/Projects/python/py2app-error/dist/Timer.app/Contents/Resources/lib/python3.11/numpy/matrixlib/tests/test_masked_matrix.py
copying file /Users/jamie/Documents/Projects/python/py2app-error/.venv/lib/python3.11/site-packages/numpy/matrixlib/tests/test_multiarray.py -> /Users/jamie/Documents/Projects/python/py2app-error/dist/Timer.app/Contents/Resources/lib/python3.11/numpy/matrixlib/tests/test_multiarray.py
copying file /Users/jamie/Documents/Projects/python/py2app-error/.venv/lib/python3.11/site-packages/numpy/matrixlib/tests/test_regression.py -> /Users/jamie/Documents/Projects/python/py2app-error/dist/Timer.app/Contents/Resources/lib/python3.11/numpy/matrixlib/tests/test_regression.py
copying file /Users/jamie/Documents/Projects/python/py2app-error/.venv/lib/python3.11/site-packages/numpy/matrixlib/__init__.py -> /Users/jamie/Documents/Projects/python/py2app-error/dist/Timer.app/Contents/Resources/lib/python3.11/numpy/matrixlib/__init__.py
creating /Users/jamie/Documents/Projects/python/py2app-error/dist/Timer.app/Contents/Resources/lib/python3.11/numpy/matrixlib/__pycache__
copying file /Users/jamie/Documents/Projects/python/py2app-error/.venv/lib/python3.11/site-packages/numpy/matrixlib/__pycache__/defmatrix.cpython-311.pyc -> /Users/jamie/Documents/Projects/python/py2app-error/dist/Timer.app/Contents/Resources/lib/python3.11/numpy/matrixlib/__pycache__/defmatrix.cpython-311.pyc
copying file /Users/jamie/Documents/Projects/python/py2app-error/.venv/lib/python3.11/site-packages/numpy/matrixlib/__pycache__/__init__.cpython-311.pyc -> /Users/jamie/Documents/Projects/python/py2app-error/dist/Timer.app/Contents/Resources/lib/python3.11/numpy/matrixlib/__pycache__/__init__.cpython-311.pyc
copying file /Users/jamie/Documents/Projects/python/py2app-error/.venv/lib/python3.11/site-packages/numpy/matrixlib/defmatrix.pyi -> /Users/jamie/Documents/Projects/python/py2app-error/dist/Timer.app/Contents/Resources/lib/python3.11/numpy/matrixlib/defmatrix.pyi
copying file /Users/jamie/Documents/Projects/python/py2app-error/.venv/lib/python3.11/site-packages/numpy/matrixlib/defmatrix.py -> /Users/jamie/Documents/Projects/python/py2app-error/dist/Timer.app/Contents/Resources/lib/python3.11/numpy/matrixlib/defmatrix.py
creating /Users/jamie/Documents/Projects/python/py2app-error/dist/Timer.app/Contents/Resources/lib/python3.11/numpy/polynomial
copying file /Users/jamie/Documents/Projects/python/py2app-error/.venv/lib/python3.11/site-packages/numpy/polynomial/laguerre.py -> /Users/jamie/Documents/Projects/python/py2app-error/dist/Timer.app/Contents/Resources/lib/python3.11/numpy/polynomial/laguerre.py
copying file /Users/jamie/Documents/Projects/python/py2app-error/.venv/lib/python3.11/site-packages/numpy/polynomial/_polybase.py -> /Users/jamie/Documents/Projects/python/py2app-error/dist/Timer.app/Contents/Resources/lib/python3.11/numpy/polynomial/_polybase.py
copying file /Users/jamie/Documents/Projects/python/py2app-error/.venv/lib/python3.11/site-packages/numpy/polynomial/__init__.pyi -> /Users/jamie/Documents/Projects/python/py2app-error/dist/Timer.app/Contents/Resources/lib/python3.11/numpy/polynomial/__init__.pyi
copying file /Users/jamie/Documents/Projects/python/py2app-error/.venv/lib/python3.11/site-packages/numpy/polynomial/polyutils.py -> /Users/jamie/Documents/Projects/python/py2app-error/dist/Timer.app/Contents/Resources/lib/python3.11/numpy/polynomial/polyutils.py
copying file /Users/jamie/Documents/Projects/python/py2app-error/.venv/lib/python3.11/site-packages/numpy/polynomial/hermite.pyi -> /Users/jamie/Documents/Projects/python/py2app-error/dist/Timer.app/Contents/Resources/lib/python3.11/numpy/polynomial/hermite.pyi
creating /Users/jamie/Documents/Projects/python/py2app-error/dist/Timer.app/Contents/Resources/lib/python3.11/numpy/polynomial/tests
copying file /Users/jamie/Documents/Projects/python/py2app-error/.venv/lib/python3.11/site-packages/numpy/polynomial/tests/test_chebyshev.py -> /Users/jamie/Documents/Projects/python/py2app-error/dist/Timer.app/Contents/Resources/lib/python3.11/numpy/polynomial/tests/test_chebyshev.py
copying file /Users/jamie/Documents/Projects/python/py2app-error/.venv/lib/python3.11/site-packages/numpy/polynomial/tests/test_hermite_e.py -> /Users/jamie/Documents/Projects/python/py2app-error/dist/Timer.app/Contents/Resources/lib/python3.11/numpy/polynomial/tests/test_hermite_e.py
copying file /Users/jamie/Documents/Projects/python/py2app-error/.venv/lib/python3.11/site-packages/numpy/polynomial/tests/test_polynomial.py -> /Users/jamie/Documents/Projects/python/py2app-error/dist/Timer.app/Contents/Resources/lib/python3.11/numpy/polynomial/tests/test_polynomial.py
copying file /Users/jamie/Documents/Projects/python/py2app-error/.venv/lib/python3.11/site-packages/numpy/polynomial/tests/__init__.py -> /Users/jamie/Documents/Projects/python/py2app-error/dist/Timer.app/Contents/Resources/lib/python3.11/numpy/polynomial/tests/__init__.py
copying file /Users/jamie/Documents/Projects/python/py2app-error/.venv/lib/python3.11/site-packages/numpy/polynomial/tests/test_laguerre.py -> /Users/jamie/Documents/Projects/python/py2app-error/dist/Timer.app/Contents/Resources/lib/python3.11/numpy/polynomial/tests/test_laguerre.py
creating /Users/jamie/Documents/Projects/python/py2app-error/dist/Timer.app/Contents/Resources/lib/python3.11/numpy/polynomial/tests/__pycache__
copying file /Users/jamie/Documents/Projects/python/py2app-error/.venv/lib/python3.11/site-packages/numpy/polynomial/tests/__pycache__/test_symbol.cpython-311.pyc -> /Users/jamie/Documents/Projects/python/py2app-error/dist/Timer.app/Contents/Resources/lib/python3.11/numpy/polynomial/tests/__pycache__/test_symbol.cpython-311.pyc
copying file /Users/jamie/Documents/Projects/python/py2app-error/.venv/lib/python3.11/site-packages/numpy/polynomial/tests/__pycache__/test_legendre.cpython-311.pyc -> /Users/jamie/Documents/Projects/python/py2app-error/dist/Timer.app/Contents/Resources/lib/python3.11/numpy/polynomial/tests/__pycache__/test_legendre.cpython-311.pyc
copying file /Users/jamie/Documents/Projects/python/py2app-error/.venv/lib/python3.11/site-packages/numpy/polynomial/tests/__pycache__/test_chebyshev.cpython-311.pyc -> /Users/jamie/Documents/Projects/python/py2app-error/dist/Timer.app/Contents/Resources/lib/python3.11/numpy/polynomial/tests/__pycache__/test_chebyshev.cpython-311.pyc
copying file /Users/jamie/Documents/Projects/python/py2app-error/.venv/lib/python3.11/site-packages/numpy/polynomial/tests/__pycache__/test_printing.cpython-311.pyc -> /Users/jamie/Documents/Projects/python/py2app-error/dist/Timer.app/Contents/Resources/lib/python3.11/numpy/polynomial/tests/__pycache__/test_printing.cpython-311.pyc
copying file /Users/jamie/Documents/Projects/python/py2app-error/.venv/lib/python3.11/site-packages/numpy/polynomial/tests/__pycache__/test_polyutils.cpython-311.pyc -> /Users/jamie/Documents/Projects/python/py2app-error/dist/Timer.app/Contents/Resources/lib/python3.11/numpy/polynomial/tests/__pycache__/test_polyutils.cpython-311.pyc
copying file /Users/jamie/Documents/Projects/python/py2app-error/.venv/lib/python3.11/site-packages/numpy/polynomial/tests/__pycache__/test_hermite.cpython-311.pyc -> /Users/jamie/Documents/Projects/python/py2app-error/dist/Timer.app/Contents/Resources/lib/python3.11/numpy/polynomial/tests/__pycache__/test_hermite.cpython-311.pyc
copying file /Users/jamie/Documents/Projects/python/py2app-error/.venv/lib/python3.11/site-packages/numpy/polynomial/tests/__pycache__/test_hermite_e.cpython-311.pyc -> /Users/jamie/Documents/Projects/python/py2app-error/dist/Timer.app/Contents/Resources/lib/python3.11/numpy/polynomial/tests/__pycache__/test_hermite_e.cpython-311.pyc
copying file /Users/jamie/Documents/Projects/python/py2app-error/.venv/lib/python3.11/site-packages/numpy/polynomial/tests/__pycache__/test_classes.cpython-311.pyc -> /Users/jamie/Documents/Projects/python/py2app-error/dist/Timer.app/Contents/Resources/lib/python3.11/numpy/polynomial/tests/__pycache__/test_classes.cpython-311.pyc
copying file /Users/jamie/Documents/Projects/python/py2app-error/.venv/lib/python3.11/site-packages/numpy/polynomial/tests/__pycache__/test_polynomial.cpython-311.pyc -> /Users/jamie/Documents/Projects/python/py2app-error/dist/Timer.app/Contents/Resources/lib/python3.11/numpy/polynomial/tests/__pycache__/test_polynomial.cpython-311.pyc
copying file /Users/jamie/Documents/Projects/python/py2app-error/.venv/lib/python3.11/site-packages/numpy/polynomial/tests/__pycache__/test_laguerre.cpython-311.pyc -> /Users/jamie/Documents/Projects/python/py2app-error/dist/Timer.app/Contents/Resources/lib/python3.11/numpy/polynomial/tests/__pycache__/test_laguerre.cpython-311.pyc
copying file /Users/jamie/Documents/Projects/python/py2app-error/.venv/lib/python3.11/site-packages/numpy/polynomial/tests/__pycache__/__init__.cpython-311.pyc -> /Users/jamie/Documents/Projects/python/py2app-error/dist/Timer.app/Contents/Resources/lib/python3.11/numpy/polynomial/tests/__pycache__/__init__.cpython-311.pyc
copying file /Users/jamie/Documents/Projects/python/py2app-error/.venv/lib/python3.11/site-packages/numpy/polynomial/tests/test_legendre.py -> /Users/jamie/Documents/Projects/python/py2app-error/dist/Timer.app/Contents/Resources/lib/python3.11/numpy/polynomial/tests/test_legendre.py
copying file /Users/jamie/Documents/Projects/python/py2app-error/.venv/lib/python3.11/site-packages/numpy/polynomial/tests/test_printing.py -> /Users/jamie/Documents/Projects/python/py2app-error/dist/Timer.app/Contents/Resources/lib/python3.11/numpy/polynomial/tests/test_printing.py
copying file /Users/jamie/Documents/Projects/python/py2app-error/.venv/lib/python3.11/site-packages/numpy/polynomial/tests/test_hermite.py -> /Users/jamie/Documents/Projects/python/py2app-error/dist/Timer.app/Contents/Resources/lib/python3.11/numpy/polynomial/tests/test_hermite.py
copying file /Users/jamie/Documents/Projects/python/py2app-error/.venv/lib/python3.11/site-packages/numpy/polynomial/tests/test_classes.py -> /Users/jamie/Documents/Projects/python/py2app-error/dist/Timer.app/Contents/Resources/lib/python3.11/numpy/polynomial/tests/test_classes.py
copying file /Users/jamie/Documents/Projects/python/py2app-error/.venv/lib/python3.11/site-packages/numpy/polynomial/tests/test_symbol.py -> /Users/jamie/Documents/Projects/python/py2app-error/dist/Timer.app/Contents/Resources/lib/python3.11/numpy/polynomial/tests/test_symbol.py
copying file /Users/jamie/Documents/Projects/python/py2app-error/.venv/lib/python3.11/site-packages/numpy/polynomial/tests/test_polyutils.py -> /Users/jamie/Documents/Projects/python/py2app-error/dist/Timer.app/Contents/Resources/lib/python3.11/numpy/polynomial/tests/test_polyutils.py
copying file /Users/jamie/Documents/Projects/python/py2app-error/.venv/lib/python3.11/site-packages/numpy/polynomial/__init__.py -> /Users/jamie/Documents/Projects/python/py2app-error/dist/Timer.app/Contents/Resources/lib/python3.11/numpy/polynomial/__init__.py
creating /Users/jamie/Documents/Projects/python/py2app-error/dist/Timer.app/Contents/Resources/lib/python3.11/numpy/polynomial/__pycache__
copying file /Users/jamie/Documents/Projects/python/py2app-error/.venv/lib/python3.11/site-packages/numpy/polynomial/__pycache__/hermite.cpython-311.pyc -> /Users/jamie/Documents/Projects/python/py2app-error/dist/Timer.app/Contents/Resources/lib/python3.11/numpy/polynomial/__pycache__/hermite.cpython-311.pyc
copying file /Users/jamie/Documents/Projects/python/py2app-error/.venv/lib/python3.11/site-packages/numpy/polynomial/__pycache__/hermite_e.cpython-311.pyc -> /Users/jamie/Documents/Projects/python/py2app-error/dist/Timer.app/Contents/Resources/lib/python3.11/numpy/polynomial/__pycache__/hermite_e.cpython-311.pyc
copying file /Users/jamie/Documents/Projects/python/py2app-error/.venv/lib/python3.11/site-packages/numpy/polynomial/__pycache__/laguerre.cpython-311.pyc -> /Users/jamie/Documents/Projects/python/py2app-error/dist/Timer.app/Contents/Resources/lib/python3.11/numpy/polynomial/__pycache__/laguerre.cpython-311.pyc
copying file /Users/jamie/Documents/Projects/python/py2app-error/.venv/lib/python3.11/site-packages/numpy/polynomial/__pycache__/polyutils.cpython-311.pyc -> /Users/jamie/Documents/Projects/python/py2app-error/dist/Timer.app/Contents/Resources/lib/python3.11/numpy/polynomial/__pycache__/polyutils.cpython-311.pyc
copying file /Users/jamie/Documents/Projects/python/py2app-error/.venv/lib/python3.11/site-packages/numpy/polynomial/__pycache__/_polybase.cpython-311.pyc -> /Users/jamie/Documents/Projects/python/py2app-error/dist/Timer.app/Contents/Resources/lib/python3.11/numpy/polynomial/__pycache__/_polybase.cpython-311.pyc
copying file /Users/jamie/Documents/Projects/python/py2app-error/.venv/lib/python3.11/site-packages/numpy/polynomial/__pycache__/polynomial.cpython-311.pyc -> /Users/jamie/Documents/Projects/python/py2app-error/dist/Timer.app/Contents/Resources/lib/python3.11/numpy/polynomial/__pycache__/polynomial.cpython-311.pyc
copying file /Users/jamie/Documents/Projects/python/py2app-error/.venv/lib/python3.11/site-packages/numpy/polynomial/__pycache__/legendre.cpython-311.pyc -> /Users/jamie/Documents/Projects/python/py2app-error/dist/Timer.app/Contents/Resources/lib/python3.11/numpy/polynomial/__pycache__/legendre.cpython-311.pyc
copying file /Users/jamie/Documents/Projects/python/py2app-error/.venv/lib/python3.11/site-packages/numpy/polynomial/__pycache__/chebyshev.cpython-311.pyc -> /Users/jamie/Documents/Projects/python/py2app-error/dist/Timer.app/Contents/Resources/lib/python3.11/numpy/polynomial/__pycache__/chebyshev.cpython-311.pyc
copying file /Users/jamie/Documents/Projects/python/py2app-error/.venv/lib/python3.11/site-packages/numpy/polynomial/__pycache__/__init__.cpython-311.pyc -> /Users/jamie/Documents/Projects/python/py2app-error/dist/Timer.app/Contents/Resources/lib/python3.11/numpy/polynomial/__pycache__/__init__.cpython-311.pyc
copying file /Users/jamie/Documents/Projects/python/py2app-error/.venv/lib/python3.11/site-packages/numpy/polynomial/polyutils.pyi -> /Users/jamie/Documents/Projects/python/py2app-error/dist/Timer.app/Contents/Resources/lib/python3.11/numpy/polynomial/polyutils.pyi
copying file /Users/jamie/Documents/Projects/python/py2app-error/.venv/lib/python3.11/site-packages/numpy/polynomial/chebyshev.pyi -> /Users/jamie/Documents/Projects/python/py2app-error/dist/Timer.app/Contents/Resources/lib/python3.11/numpy/polynomial/chebyshev.pyi
copying file /Users/jamie/Documents/Projects/python/py2app-error/.venv/lib/python3.11/site-packages/numpy/polynomial/laguerre.pyi -> /Users/jamie/Documents/Projects/python/py2app-error/dist/Timer.app/Contents/Resources/lib/python3.11/numpy/polynomial/laguerre.pyi
copying file /Users/jamie/Documents/Projects/python/py2app-error/.venv/lib/python3.11/site-packages/numpy/polynomial/polynomial.pyi -> /Users/jamie/Documents/Projects/python/py2app-error/dist/Timer.app/Contents/Resources/lib/python3.11/numpy/polynomial/polynomial.pyi
copying file /Users/jamie/Documents/Projects/python/py2app-error/.venv/lib/python3.11/site-packages/numpy/polynomial/_polybase.pyi -> /Users/jamie/Documents/Projects/python/py2app-error/dist/Timer.app/Contents/Resources/lib/python3.11/numpy/polynomial/_polybase.pyi
copying file /Users/jamie/Documents/Projects/python/py2app-error/.venv/lib/python3.11/site-packages/numpy/polynomial/hermite_e.pyi -> /Users/jamie/Documents/Projects/python/py2app-error/dist/Timer.app/Contents/Resources/lib/python3.11/numpy/polynomial/hermite_e.pyi
copying file /Users/jamie/Documents/Projects/python/py2app-error/.venv/lib/python3.11/site-packages/numpy/polynomial/legendre.pyi -> /Users/jamie/Documents/Projects/python/py2app-error/dist/Timer.app/Contents/Resources/lib/python3.11/numpy/polynomial/legendre.pyi
copying file /Users/jamie/Documents/Projects/python/py2app-error/.venv/lib/python3.11/site-packages/numpy/polynomial/hermite_e.py -> /Users/jamie/Documents/Projects/python/py2app-error/dist/Timer.app/Contents/Resources/lib/python3.11/numpy/polynomial/hermite_e.py
copying file /Users/jamie/Documents/Projects/python/py2app-error/.venv/lib/python3.11/site-packages/numpy/polynomial/chebyshev.py -> /Users/jamie/Documents/Projects/python/py2app-error/dist/Timer.app/Contents/Resources/lib/python3.11/numpy/polynomial/chebyshev.py
copying file /Users/jamie/Documents/Projects/python/py2app-error/.venv/lib/python3.11/site-packages/numpy/polynomial/polynomial.py -> /Users/jamie/Documents/Projects/python/py2app-error/dist/Timer.app/Contents/Resources/lib/python3.11/numpy/polynomial/polynomial.py
copying file /Users/jamie/Documents/Projects/python/py2app-error/.venv/lib/python3.11/site-packages/numpy/polynomial/legendre.py -> /Users/jamie/Documents/Projects/python/py2app-error/dist/Timer.app/Contents/Resources/lib/python3.11/numpy/polynomial/legendre.py
copying file /Users/jamie/Documents/Projects/python/py2app-error/.venv/lib/python3.11/site-packages/numpy/polynomial/hermite.py -> /Users/jamie/Documents/Projects/python/py2app-error/dist/Timer.app/Contents/Resources/lib/python3.11/numpy/polynomial/hermite.py
creating /Users/jamie/Documents/Projects/python/py2app-error/dist/Timer.app/Contents/Resources/lib/python3.11/lib-dynload/PIL
copying file /Users/jamie/Documents/Projects/python/py2app-error/.venv/lib/python3.11/site-packages/PIL/_imaging.cpython-311-darwin.so -> /Users/jamie/Documents/Projects/python/py2app-error/dist/Timer.app/Contents/Resources/lib/python3.11/lib-dynload/PIL/_imaging.so
copying file /Users/jamie/Documents/Projects/python/py2app-error/.venv/lib/python3.11/site-packages/PIL/.dylibs/libtiff.6.dylib -> /Users/jamie/Documents/Projects/python/py2app-error/dist/Timer.app/Contents/Resources/lib/python3.11/lib-dynload/PIL/.dylibs/libtiff.6.dylib
copying file /Users/jamie/Documents/Projects/python/py2app-error/.venv/lib/python3.11/site-packages/PIL/.dylibs/libjpeg.62.4.0.dylib -> /Users/jamie/Documents/Projects/python/py2app-error/dist/Timer.app/Contents/Resources/lib/python3.11/lib-dynload/PIL/.dylibs/libjpeg.62.4.0.dylib
copying file /Users/jamie/Documents/Projects/python/py2app-error/.venv/lib/python3.11/site-packages/PIL/.dylibs/libopenjp2.2.5.2.dylib -> /Users/jamie/Documents/Projects/python/py2app-error/dist/Timer.app/Contents/Resources/lib/python3.11/lib-dynload/PIL/.dylibs/libopenjp2.2.5.2.dylib
copying file /Users/jamie/Documents/Projects/python/py2app-error/.venv/lib/python3.11/site-packages/PIL/.dylibs/libz.1.3.1.dylib -> /Users/jamie/Documents/Projects/python/py2app-error/dist/Timer.app/Contents/Resources/lib/python3.11/lib-dynload/PIL/.dylibs/libz.1.3.1.dylib
copying file /Users/jamie/Documents/Projects/python/py2app-error/.venv/lib/python3.11/site-packages/PIL/.dylibs/libxcb.1.1.0.dylib -> /Users/jamie/Documents/Projects/python/py2app-error/dist/Timer.app/Contents/Resources/lib/python3.11/lib-dynload/PIL/.dylibs/libxcb.1.1.0.dylib
copying file /Users/jamie/Documents/Projects/python/py2app-error/.venv/lib/python3.11/site-packages/PIL/.dylibs/liblzma.5.dylib -> /Users/jamie/Documents/Projects/python/py2app-error/dist/Timer.app/Contents/Resources/lib/python3.11/lib-dynload/PIL/.dylibs/liblzma.5.dylib
copying file /Users/jamie/Documents/Projects/python/py2app-error/.venv/lib/python3.11/site-packages/PIL/.dylibs/libXau.6.0.0.dylib -> /Users/jamie/Documents/Projects/python/py2app-error/dist/Timer.app/Contents/Resources/lib/python3.11/lib-dynload/PIL/.dylibs/libXau.6.0.0.dylib
copying file /Users/jamie/Documents/Projects/python/py2app-error/.venv/lib/python3.11/site-packages/PIL/_imagingcms.cpython-311-darwin.so -> /Users/jamie/Documents/Projects/python/py2app-error/dist/Timer.app/Contents/Resources/lib/python3.11/lib-dynload/PIL/_imagingcms.so
copying file /Users/jamie/Documents/Projects/python/py2app-error/.venv/lib/python3.11/site-packages/PIL/.dylibs/liblcms2.2.dylib -> /Users/jamie/Documents/Projects/python/py2app-error/dist/Timer.app/Contents/Resources/lib/python3.11/lib-dynload/PIL/.dylibs/liblcms2.2.dylib
copying file /Users/jamie/Documents/Projects/python/py2app-error/.venv/lib/python3.11/site-packages/PIL/_imagingmath.cpython-311-darwin.so -> /Users/jamie/Documents/Projects/python/py2app-error/dist/Timer.app/Contents/Resources/lib/python3.11/lib-dynload/PIL/_imagingmath.so
copying file /opt/local/Library/Frameworks/Python.framework/Versions/3.11/lib/python3.11/lib-dynload/_asyncio.cpython-311-darwin.so -> /Users/jamie/Documents/Projects/python/py2app-error/dist/Timer.app/Contents/Resources/lib/python3.11/lib-dynload/_asyncio.so
copying file /opt/local/Library/Frameworks/Python.framework/Versions/3.11/lib/python3.11/lib-dynload/_bisect.cpython-311-darwin.so -> /Users/jamie/Documents/Projects/python/py2app-error/dist/Timer.app/Contents/Resources/lib/python3.11/lib-dynload/_bisect.so
copying file /opt/local/Library/Frameworks/Python.framework/Versions/3.11/lib/python3.11/lib-dynload/_blake2.cpython-311-darwin.so -> /Users/jamie/Documents/Projects/python/py2app-error/dist/Timer.app/Contents/Resources/lib/python3.11/lib-dynload/_blake2.so
copying file /opt/local/Library/Frameworks/Python.framework/Versions/3.11/lib/python3.11/lib-dynload/_bz2.cpython-311-darwin.so -> /Users/jamie/Documents/Projects/python/py2app-error/dist/Timer.app/Contents/Resources/lib/python3.11/lib-dynload/_bz2.so
copying file /opt/local/Library/Frameworks/Python.framework/Versions/3.11/lib/python3.11/lib-dynload/_codecs_cn.cpython-311-darwin.so -> /Users/jamie/Documents/Projects/python/py2app-error/dist/Timer.app/Contents/Resources/lib/python3.11/lib-dynload/_codecs_cn.so
copying file /opt/local/Library/Frameworks/Python.framework/Versions/3.11/lib/python3.11/lib-dynload/_codecs_hk.cpython-311-darwin.so -> /Users/jamie/Documents/Projects/python/py2app-error/dist/Timer.app/Contents/Resources/lib/python3.11/lib-dynload/_codecs_hk.so
copying file /opt/local/Library/Frameworks/Python.framework/Versions/3.11/lib/python3.11/lib-dynload/_codecs_iso2022.cpython-311-darwin.so -> /Users/jamie/Documents/Projects/python/py2app-error/dist/Timer.app/Contents/Resources/lib/python3.11/lib-dynload/_codecs_iso2022.so
copying file /opt/local/Library/Frameworks/Python.framework/Versions/3.11/lib/python3.11/lib-dynload/_codecs_jp.cpython-311-darwin.so -> /Users/jamie/Documents/Projects/python/py2app-error/dist/Timer.app/Contents/Resources/lib/python3.11/lib-dynload/_codecs_jp.so
copying file /opt/local/Library/Frameworks/Python.framework/Versions/3.11/lib/python3.11/lib-dynload/_codecs_kr.cpython-311-darwin.so -> /Users/jamie/Documents/Projects/python/py2app-error/dist/Timer.app/Contents/Resources/lib/python3.11/lib-dynload/_codecs_kr.so
copying file /opt/local/Library/Frameworks/Python.framework/Versions/3.11/lib/python3.11/lib-dynload/_codecs_tw.cpython-311-darwin.so -> /Users/jamie/Documents/Projects/python/py2app-error/dist/Timer.app/Contents/Resources/lib/python3.11/lib-dynload/_codecs_tw.so
copying file /opt/local/Library/Frameworks/Python.framework/Versions/3.11/lib/python3.11/lib-dynload/_contextvars.cpython-311-darwin.so -> /Users/jamie/Documents/Projects/python/py2app-error/dist/Timer.app/Contents/Resources/lib/python3.11/lib-dynload/_contextvars.so
copying file /opt/local/Library/Frameworks/Python.framework/Versions/3.11/lib/python3.11/lib-dynload/_csv.cpython-311-darwin.so -> /Users/jamie/Documents/Projects/python/py2app-error/dist/Timer.app/Contents/Resources/lib/python3.11/lib-dynload/_csv.so
copying file /opt/local/Library/Frameworks/Python.framework/Versions/3.11/lib/python3.11/lib-dynload/_ctypes.cpython-311-darwin.so -> /Users/jamie/Documents/Projects/python/py2app-error/dist/Timer.app/Contents/Resources/lib/python3.11/lib-dynload/_ctypes.so
copying file /opt/local/Library/Frameworks/Python.framework/Versions/3.11/lib/python3.11/lib-dynload/_curses.cpython-311-darwin.so -> /Users/jamie/Documents/Projects/python/py2app-error/dist/Timer.app/Contents/Resources/lib/python3.11/lib-dynload/_curses.so
copying file /opt/local/Library/Frameworks/Python.framework/Versions/3.11/lib/python3.11/lib-dynload/_datetime.cpython-311-darwin.so -> /Users/jamie/Documents/Projects/python/py2app-error/dist/Timer.app/Contents/Resources/lib/python3.11/lib-dynload/_datetime.so
copying file /opt/local/Library/Frameworks/Python.framework/Versions/3.11/lib/python3.11/lib-dynload/_dbm.cpython-311-darwin.so -> /Users/jamie/Documents/Projects/python/py2app-error/dist/Timer.app/Contents/Resources/lib/python3.11/lib-dynload/_dbm.so
copying file /opt/local/Library/Frameworks/Python.framework/Versions/3.11/lib/python3.11/lib-dynload/_decimal.cpython-311-darwin.so -> /Users/jamie/Documents/Projects/python/py2app-error/dist/Timer.app/Contents/Resources/lib/python3.11/lib-dynload/_decimal.so
copying file /opt/local/Library/Frameworks/Python.framework/Versions/3.11/lib/python3.11/lib-dynload/_elementtree.cpython-311-darwin.so -> /Users/jamie/Documents/Projects/python/py2app-error/dist/Timer.app/Contents/Resources/lib/python3.11/lib-dynload/_elementtree.so
copying file /opt/local/Library/Frameworks/Python.framework/Versions/3.11/lib/python3.11/lib-dynload/_hashlib.cpython-311-darwin.so -> /Users/jamie/Documents/Projects/python/py2app-error/dist/Timer.app/Contents/Resources/lib/python3.11/lib-dynload/_hashlib.so
copying file /opt/local/Library/Frameworks/Python.framework/Versions/3.11/lib/python3.11/lib-dynload/_heapq.cpython-311-darwin.so -> /Users/jamie/Documents/Projects/python/py2app-error/dist/Timer.app/Contents/Resources/lib/python3.11/lib-dynload/_heapq.so
copying file /opt/local/Library/Frameworks/Python.framework/Versions/3.11/lib/python3.11/lib-dynload/_json.cpython-311-darwin.so -> /Users/jamie/Documents/Projects/python/py2app-error/dist/Timer.app/Contents/Resources/lib/python3.11/lib-dynload/_json.so
copying file /opt/local/Library/Frameworks/Python.framework/Versions/3.11/lib/python3.11/lib-dynload/_lzma.cpython-311-darwin.so -> /Users/jamie/Documents/Projects/python/py2app-error/dist/Timer.app/Contents/Resources/lib/python3.11/lib-dynload/_lzma.so
copying file /opt/local/Library/Frameworks/Python.framework/Versions/3.11/lib/python3.11/lib-dynload/_md5.cpython-311-darwin.so -> /Users/jamie/Documents/Projects/python/py2app-error/dist/Timer.app/Contents/Resources/lib/python3.11/lib-dynload/_md5.so
copying file /opt/local/Library/Frameworks/Python.framework/Versions/3.11/lib/python3.11/lib-dynload/_multibytecodec.cpython-311-darwin.so -> /Users/jamie/Documents/Projects/python/py2app-error/dist/Timer.app/Contents/Resources/lib/python3.11/lib-dynload/_multibytecodec.so
copying file /opt/local/Library/Frameworks/Python.framework/Versions/3.11/lib/python3.11/lib-dynload/_multiprocessing.cpython-311-darwin.so -> /Users/jamie/Documents/Projects/python/py2app-error/dist/Timer.app/Contents/Resources/lib/python3.11/lib-dynload/_multiprocessing.so
copying file /opt/local/Library/Frameworks/Python.framework/Versions/3.11/lib/python3.11/lib-dynload/_opcode.cpython-311-darwin.so -> /Users/jamie/Documents/Projects/python/py2app-error/dist/Timer.app/Contents/Resources/lib/python3.11/lib-dynload/_opcode.so
copying file /opt/local/Library/Frameworks/Python.framework/Versions/3.11/lib/python3.11/lib-dynload/_pickle.cpython-311-darwin.so -> /Users/jamie/Documents/Projects/python/py2app-error/dist/Timer.app/Contents/Resources/lib/python3.11/lib-dynload/_pickle.so
copying file /opt/local/Library/Frameworks/Python.framework/Versions/3.11/lib/python3.11/lib-dynload/_posixshmem.cpython-311-darwin.so -> /Users/jamie/Documents/Projects/python/py2app-error/dist/Timer.app/Contents/Resources/lib/python3.11/lib-dynload/_posixshmem.so
copying file /opt/local/Library/Frameworks/Python.framework/Versions/3.11/lib/python3.11/lib-dynload/_posixsubprocess.cpython-311-darwin.so -> /Users/jamie/Documents/Projects/python/py2app-error/dist/Timer.app/Contents/Resources/lib/python3.11/lib-dynload/_posixsubprocess.so
copying file /opt/local/Library/Frameworks/Python.framework/Versions/3.11/lib/python3.11/lib-dynload/_queue.cpython-311-darwin.so -> /Users/jamie/Documents/Projects/python/py2app-error/dist/Timer.app/Contents/Resources/lib/python3.11/lib-dynload/_queue.so
copying file /opt/local/Library/Frameworks/Python.framework/Versions/3.11/lib/python3.11/lib-dynload/_random.cpython-311-darwin.so -> /Users/jamie/Documents/Projects/python/py2app-error/dist/Timer.app/Contents/Resources/lib/python3.11/lib-dynload/_random.so
copying file /opt/local/Library/Frameworks/Python.framework/Versions/3.11/lib/python3.11/lib-dynload/_scproxy.cpython-311-darwin.so -> /Users/jamie/Documents/Projects/python/py2app-error/dist/Timer.app/Contents/Resources/lib/python3.11/lib-dynload/_scproxy.so
copying file /opt/local/Library/Frameworks/Python.framework/Versions/3.11/lib/python3.11/lib-dynload/_sha1.cpython-311-darwin.so -> /Users/jamie/Documents/Projects/python/py2app-error/dist/Timer.app/Contents/Resources/lib/python3.11/lib-dynload/_sha1.so
copying file /opt/local/Library/Frameworks/Python.framework/Versions/3.11/lib/python3.11/lib-dynload/_sha256.cpython-311-darwin.so -> /Users/jamie/Documents/Projects/python/py2app-error/dist/Timer.app/Contents/Resources/lib/python3.11/lib-dynload/_sha256.so
copying file /opt/local/Library/Frameworks/Python.framework/Versions/3.11/lib/python3.11/lib-dynload/_sha3.cpython-311-darwin.so -> /Users/jamie/Documents/Projects/python/py2app-error/dist/Timer.app/Contents/Resources/lib/python3.11/lib-dynload/_sha3.so
copying file /opt/local/Library/Frameworks/Python.framework/Versions/3.11/lib/python3.11/lib-dynload/_sha512.cpython-311-darwin.so -> /Users/jamie/Documents/Projects/python/py2app-error/dist/Timer.app/Contents/Resources/lib/python3.11/lib-dynload/_sha512.so
copying file /opt/local/Library/Frameworks/Python.framework/Versions/3.11/lib/python3.11/lib-dynload/_socket.cpython-311-darwin.so -> /Users/jamie/Documents/Projects/python/py2app-error/dist/Timer.app/Contents/Resources/lib/python3.11/lib-dynload/_socket.so
copying file /opt/local/Library/Frameworks/Python.framework/Versions/3.11/lib/python3.11/lib-dynload/_ssl.cpython-311-darwin.so -> /Users/jamie/Documents/Projects/python/py2app-error/dist/Timer.app/Contents/Resources/lib/python3.11/lib-dynload/_ssl.so
copying file /opt/local/Library/Frameworks/Python.framework/Versions/3.11/lib/python3.11/lib-dynload/_statistics.cpython-311-darwin.so -> /Users/jamie/Documents/Projects/python/py2app-error/dist/Timer.app/Contents/Resources/lib/python3.11/lib-dynload/_statistics.so
copying file /opt/local/Library/Frameworks/Python.framework/Versions/3.11/lib/python3.11/lib-dynload/_struct.cpython-311-darwin.so -> /Users/jamie/Documents/Projects/python/py2app-error/dist/Timer.app/Contents/Resources/lib/python3.11/lib-dynload/_struct.so
copying file /opt/local/Library/Frameworks/Python.framework/Versions/3.11/lib/python3.11/lib-dynload/_testbuffer.cpython-311-darwin.so -> /Users/jamie/Documents/Projects/python/py2app-error/dist/Timer.app/Contents/Resources/lib/python3.11/lib-dynload/_testbuffer.so
copying file /opt/local/Library/Frameworks/Python.framework/Versions/3.11/lib/python3.11/lib-dynload/_testcapi.cpython-311-darwin.so -> /Users/jamie/Documents/Projects/python/py2app-error/dist/Timer.app/Contents/Resources/lib/python3.11/lib-dynload/_testcapi.so
copying file /opt/local/Library/Frameworks/Python.framework/Versions/3.11/lib/python3.11/lib-dynload/_testinternalcapi.cpython-311-darwin.so -> /Users/jamie/Documents/Projects/python/py2app-error/dist/Timer.app/Contents/Resources/lib/python3.11/lib-dynload/_testinternalcapi.so
copying file /opt/local/Library/Frameworks/Python.framework/Versions/3.11/lib/python3.11/lib-dynload/_typing.cpython-311-darwin.so -> /Users/jamie/Documents/Projects/python/py2app-error/dist/Timer.app/Contents/Resources/lib/python3.11/lib-dynload/_typing.so
copying file /opt/local/Library/Frameworks/Python.framework/Versions/3.11/lib/python3.11/lib-dynload/_uuid.cpython-311-darwin.so -> /Users/jamie/Documents/Projects/python/py2app-error/dist/Timer.app/Contents/Resources/lib/python3.11/lib-dynload/_uuid.so
copying file /opt/local/Library/Frameworks/Python.framework/Versions/3.11/lib/python3.11/lib-dynload/array.cpython-311-darwin.so -> /Users/jamie/Documents/Projects/python/py2app-error/dist/Timer.app/Contents/Resources/lib/python3.11/lib-dynload/array.so
copying file /opt/local/Library/Frameworks/Python.framework/Versions/3.11/lib/python3.11/lib-dynload/binascii.cpython-311-darwin.so -> /Users/jamie/Documents/Projects/python/py2app-error/dist/Timer.app/Contents/Resources/lib/python3.11/lib-dynload/binascii.so
copying file /opt/local/Library/Frameworks/Python.framework/Versions/3.11/lib/python3.11/lib-dynload/cmath.cpython-311-darwin.so -> /Users/jamie/Documents/Projects/python/py2app-error/dist/Timer.app/Contents/Resources/lib/python3.11/lib-dynload/cmath.so
copying file /opt/local/Library/Frameworks/Python.framework/Versions/3.11/lib/python3.11/lib-dynload/fcntl.cpython-311-darwin.so -> /Users/jamie/Documents/Projects/python/py2app-error/dist/Timer.app/Contents/Resources/lib/python3.11/lib-dynload/fcntl.so
copying file /opt/local/Library/Frameworks/Python.framework/Versions/3.11/lib/python3.11/lib-dynload/grp.cpython-311-darwin.so -> /Users/jamie/Documents/Projects/python/py2app-error/dist/Timer.app/Contents/Resources/lib/python3.11/lib-dynload/grp.so
copying file /opt/local/Library/Frameworks/Python.framework/Versions/3.11/lib/python3.11/lib-dynload/math.cpython-311-darwin.so -> /Users/jamie/Documents/Projects/python/py2app-error/dist/Timer.app/Contents/Resources/lib/python3.11/lib-dynload/math.so
copying file /opt/local/Library/Frameworks/Python.framework/Versions/3.11/lib/python3.11/lib-dynload/mmap.cpython-311-darwin.so -> /Users/jamie/Documents/Projects/python/py2app-error/dist/Timer.app/Contents/Resources/lib/python3.11/lib-dynload/mmap.so
copying file /opt/local/Library/Frameworks/Python.framework/Versions/3.11/lib/python3.11/lib-dynload/pyexpat.cpython-311-darwin.so -> /Users/jamie/Documents/Projects/python/py2app-error/dist/Timer.app/Contents/Resources/lib/python3.11/lib-dynload/pyexpat.so
copying file /opt/local/Library/Frameworks/Python.framework/Versions/3.11/lib/python3.11/lib-dynload/resource.cpython-311-darwin.so -> /Users/jamie/Documents/Projects/python/py2app-error/dist/Timer.app/Contents/Resources/lib/python3.11/lib-dynload/resource.so
copying file /opt/local/Library/Frameworks/Python.framework/Versions/3.11/lib/python3.11/lib-dynload/select.cpython-311-darwin.so -> /Users/jamie/Documents/Projects/python/py2app-error/dist/Timer.app/Contents/Resources/lib/python3.11/lib-dynload/select.so
copying file /opt/local/Library/Frameworks/Python.framework/Versions/3.11/lib/python3.11/lib-dynload/termios.cpython-311-darwin.so -> /Users/jamie/Documents/Projects/python/py2app-error/dist/Timer.app/Contents/Resources/lib/python3.11/lib-dynload/termios.so
copying file /opt/local/Library/Frameworks/Python.framework/Versions/3.11/lib/python3.11/lib-dynload/unicodedata.cpython-311-darwin.so -> /Users/jamie/Documents/Projects/python/py2app-error/dist/Timer.app/Contents/Resources/lib/python3.11/lib-dynload/unicodedata.so
copying file /opt/local/Library/Frameworks/Python.framework/Versions/3.11/lib/python3.11/lib-dynload/zlib.cpython-311-darwin.so -> /Users/jamie/Documents/Projects/python/py2app-error/dist/Timer.app/Contents/Resources/lib/python3.11/lib-dynload/zlib.so
copying file timer.icns -> /Users/jamie/Documents/Projects/python/py2app-error/dist/Timer.app/Contents/Resources/timer.icns
copying file /opt/local/libexec/openssl3/etc/openssl/cert.pem -> /Users/jamie/Documents/Projects/python/py2app-error/dist/Timer.app/Contents/Resources/openssl.ca/cert.pem
copying file /opt/local/Library/Frameworks/Python.framework/Versions/3.11/Resources/Python.app/Contents/MacOS/Python -> /Users/jamie/Documents/Projects/python/py2app-error/dist/Timer.app/Contents/MacOS/python
creating /Users/jamie/Documents/Projects/python/py2app-error/dist/Timer.app/Contents/Frameworks/Python.framework
creating /Users/jamie/Documents/Projects/python/py2app-error/dist/Timer.app/Contents/Frameworks/Python.framework/Versions
creating /Users/jamie/Documents/Projects/python/py2app-error/dist/Timer.app/Contents/Frameworks/Python.framework/Versions/3.11
creating /Users/jamie/Documents/Projects/python/py2app-error/dist/Timer.app/Contents/Frameworks/Python.framework/Versions/3.11/Resources
creating /Users/jamie/Documents/Projects/python/py2app-error/dist/Timer.app/Contents/Frameworks/Python.framework/Versions/3.11/include
creating /Users/jamie/Documents/Projects/python/py2app-error/dist/Timer.app/Contents/Frameworks/Python.framework/Versions/3.11/include/python3.11
creating /Users/jamie/Documents/Projects/python/py2app-error/dist/Timer.app/Contents/Frameworks/Python.framework/Versions/3.11/lib
creating /Users/jamie/Documents/Projects/python/py2app-error/dist/Timer.app/Contents/Frameworks/Python.framework/Versions/3.11/lib/python3.11
creating /Users/jamie/Documents/Projects/python/py2app-error/dist/Timer.app/Contents/Frameworks/Python.framework/Versions/3.11/lib/python3.11/config-3.11-darwin
copying file /opt/local/Library/Frameworks/Python.framework/Versions/3.11/Python -> /Users/jamie/Documents/Projects/python/py2app-error/dist/Timer.app/Contents/Frameworks/Python.framework/Versions/3.11/Python
copying file /opt/local/Library/Frameworks/Python.framework/Versions/3.11/Resources/Info.plist -> /Users/jamie/Documents/Projects/python/py2app-error/dist/Timer.app/Contents/Frameworks/Python.framework/Versions/3.11/Resources/Info.plist
copying file /opt/local/Library/Frameworks/Python.framework/Versions/3.11/include/python3.11/pyconfig.h -> /Users/jamie/Documents/Projects/python/py2app-error/dist/Timer.app/Contents/Frameworks/Python.framework/Versions/3.11/include/python3.11/pyconfig.h
copying file /opt/local/Library/Frameworks/Python.framework/Versions/3.11/lib/python3.11/config-3.11-darwin/Makefile -> /Users/jamie/Documents/Projects/python/py2app-error/dist/Timer.app/Contents/Frameworks/Python.framework/Versions/3.11/lib/python3.11/config-3.11-darwin/Makefile
copying file /opt/local/lib/libintl.8.dylib -> /Users/jamie/Documents/Projects/python/py2app-error/dist/Timer.app/Contents/Frameworks/libintl.8.dylib
copying file /opt/local/lib/libiconv.2.dylib -> /Users/jamie/Documents/Projects/python/py2app-error/dist/Timer.app/Contents/Frameworks/libiconv.2.dylib
copying file /opt/local/lib/libz.1.dylib -> /Users/jamie/Documents/Projects/python/py2app-error/dist/Timer.app/Contents/Frameworks/libz.1.3.1.dylib
copying file /opt/local/lib/liblzma.5.dylib -> /Users/jamie/Documents/Projects/python/py2app-error/dist/Timer.app/Contents/Frameworks/liblzma.5.dylib
copying file /opt/local/lib/libncurses.6.dylib -> /Users/jamie/Documents/Projects/python/py2app-error/dist/Timer.app/Contents/Frameworks/libncurses.6.dylib
copying file /opt/local/lib/libbz2.1.0.dylib -> /Users/jamie/Documents/Projects/python/py2app-error/dist/Timer.app/Contents/Frameworks/libbz2.1.0.8.dylib
copying file /opt/local/libexec/openssl3/lib/libssl.3.dylib -> /Users/jamie/Documents/Projects/python/py2app-error/dist/Timer.app/Contents/Frameworks/libssl.3.dylib
copying file /opt/local/libexec/openssl3/lib/libcrypto.3.dylib -> /Users/jamie/Documents/Projects/python/py2app-error/dist/Timer.app/Contents/Frameworks/libcrypto.3.dylib
copying file /opt/local/lib/libffi.8.dylib -> /Users/jamie/Documents/Projects/python/py2app-error/dist/Timer.app/Contents/Frameworks/libffi.8.dylib
copying file /opt/local/lib/libexpat.1.dylib -> /Users/jamie/Documents/Projects/python/py2app-error/dist/Timer.app/Contents/Frameworks/libexpat.1.9.2.dylib
copying file /Users/jamie/Documents/Projects/python/py2app-error/.venv/lib/python3.11/site-packages/PIL/.dylibs/libtiff.6.dylib -> /Users/jamie/Documents/Projects/python/py2app-error/dist/Timer.app/Contents/Frameworks/libtiff.6.dylib
copying file /Users/jamie/Documents/Projects/python/py2app-error/.venv/lib/python3.11/site-packages/PIL/.dylibs/liblzma.5.dylib -> /Users/jamie/Documents/Projects/python/py2app-error/dist/Timer.app/Contents/Frameworks/liblzma.5.dylib
copying file /Users/jamie/Documents/Projects/python/py2app-error/.venv/lib/python3.11/site-packages/PIL/.dylibs/libjpeg.62.4.0.dylib -> /Users/jamie/Documents/Projects/python/py2app-error/dist/Timer.app/Contents/Frameworks/libjpeg.62.4.0.dylib
copying file /Users/jamie/Documents/Projects/python/py2app-error/.venv/lib/python3.11/site-packages/PIL/.dylibs/libz.1.3.1.dylib -> /Users/jamie/Documents/Projects/python/py2app-error/dist/Timer.app/Contents/Frameworks/libz.1.3.1.dylib
copying file /Users/jamie/Documents/Projects/python/py2app-error/.venv/lib/python3.11/site-packages/PIL/.dylibs/libopenjp2.2.5.2.dylib -> /Users/jamie/Documents/Projects/python/py2app-error/dist/Timer.app/Contents/Frameworks/libopenjp2.2.5.2.dylib
copying file /Users/jamie/Documents/Projects/python/py2app-error/.venv/lib/python3.11/site-packages/PIL/.dylibs/libxcb.1.1.0.dylib -> /Users/jamie/Documents/Projects/python/py2app-error/dist/Timer.app/Contents/Frameworks/libxcb.1.1.0.dylib
copying file /Users/jamie/Documents/Projects/python/py2app-error/.venv/lib/python3.11/site-packages/PIL/.dylibs/libXau.6.0.0.dylib -> /Users/jamie/Documents/Projects/python/py2app-error/dist/Timer.app/Contents/Frameworks/libXau.6.0.0.dylib
copying file /Users/jamie/Documents/Projects/python/py2app-error/.venv/lib/python3.11/site-packages/PIL/.dylibs/liblcms2.2.dylib -> /Users/jamie/Documents/Projects/python/py2app-error/dist/Timer.app/Contents/Frameworks/liblcms2.2.dylib
changefunc:  /Users/jamie/Documents/Projects/python/py2app-error/dist/Timer.app/Contents/Frameworks/Python.framework/Versions/3.11/Python
changefunc:  /System/Library/Frameworks/CoreFoundation.framework/Versions/A/CoreFoundation
changefunc:  /opt/local/lib/libintl.8.dylib
changefunc:  /usr/lib/libSystem.B.dylib
changefunc:  /Users/jamie/Documents/Projects/python/py2app-error/dist/Timer.app/Contents/Frameworks/libintl.8.dylib
changefunc:  /opt/local/lib/libiconv.2.dylib
changefunc:  /System/Library/Frameworks/CoreFoundation.framework/Versions/A/CoreFoundation
changefunc:  /System/Library/Frameworks/CoreServices.framework/Versions/A/CoreServices
changefunc:  /usr/lib/libSystem.B.dylib
changefunc:  /Users/jamie/Documents/Projects/python/py2app-error/dist/Timer.app/Contents/Frameworks/libiconv.2.dylib
changefunc:  /usr/lib/libSystem.B.dylib
changefunc:  /Users/jamie/Documents/Projects/python/py2app-error/dist/Timer.app/Contents/Resources/lib/python3.11/numpy/random/bit_generator.cpython-311-darwin.so
changefunc:  /usr/lib/libSystem.B.dylib
changefunc:  /Users/jamie/Documents/Projects/python/py2app-error/dist/Timer.app/Contents/Resources/lib/python3.11/numpy/random/_bounded_integers.cpython-311-darwin.so
changefunc:  /usr/lib/libSystem.B.dylib
changefunc:  /Users/jamie/Documents/Projects/python/py2app-error/dist/Timer.app/Contents/Resources/lib/python3.11/numpy/random/_mt19937.cpython-311-darwin.so
changefunc:  /usr/lib/libSystem.B.dylib
changefunc:  /Users/jamie/Documents/Projects/python/py2app-error/dist/Timer.app/Contents/Resources/lib/python3.11/numpy/random/_philox.cpython-311-darwin.so
changefunc:  /usr/lib/libSystem.B.dylib
changefunc:  /Users/jamie/Documents/Projects/python/py2app-error/dist/Timer.app/Contents/Resources/lib/python3.11/numpy/random/_pcg64.cpython-311-darwin.so
changefunc:  /usr/lib/libSystem.B.dylib
changefunc:  /Users/jamie/Documents/Projects/python/py2app-error/dist/Timer.app/Contents/Resources/lib/python3.11/numpy/random/_sfc64.cpython-311-darwin.so
changefunc:  /usr/lib/libSystem.B.dylib
changefunc:  /Users/jamie/Documents/Projects/python/py2app-error/dist/Timer.app/Contents/Resources/lib/python3.11/numpy/random/mtrand.cpython-311-darwin.so
changefunc:  /usr/lib/libSystem.B.dylib
changefunc:  /Users/jamie/Documents/Projects/python/py2app-error/dist/Timer.app/Contents/Resources/lib/python3.11/numpy/random/_common.cpython-311-darwin.so
changefunc:  /usr/lib/libSystem.B.dylib
changefunc:  /Users/jamie/Documents/Projects/python/py2app-error/dist/Timer.app/Contents/Resources/lib/python3.11/numpy/random/_generator.cpython-311-darwin.so
changefunc:  /usr/lib/libSystem.B.dylib
changefunc:  /Users/jamie/Documents/Projects/python/py2app-error/dist/Timer.app/Contents/Resources/lib/python3.11/numpy/fft/_pocketfft_umath.cpython-311-darwin.so
changefunc:  /usr/lib/libc++.1.dylib
changefunc:  /usr/lib/libSystem.B.dylib
changefunc:  /Users/jamie/Documents/Projects/python/py2app-error/dist/Timer.app/Contents/Resources/lib/python3.11/numpy/_core/_struct_ufunc_tests.cpython-311-darwin.so
changefunc:  /usr/lib/libSystem.B.dylib
changefunc:  /Users/jamie/Documents/Projects/python/py2app-error/dist/Timer.app/Contents/Resources/lib/python3.11/numpy/_core/_rational_tests.cpython-311-darwin.so
changefunc:  /usr/lib/libSystem.B.dylib
changefunc:  /Users/jamie/Documents/Projects/python/py2app-error/dist/Timer.app/Contents/Resources/lib/python3.11/numpy/_core/_operand_flag_tests.cpython-311-darwin.so
changefunc:  /usr/lib/libSystem.B.dylib
changefunc:  /Users/jamie/Documents/Projects/python/py2app-error/dist/Timer.app/Contents/Resources/lib/python3.11/numpy/_core/_multiarray_tests.cpython-311-darwin.so
changefunc:  /usr/lib/libSystem.B.dylib
changefunc:  /Users/jamie/Documents/Projects/python/py2app-error/dist/Timer.app/Contents/Resources/lib/python3.11/numpy/_core/_umath_tests.cpython-311-darwin.so
changefunc:  /usr/lib/libSystem.B.dylib
changefunc:  /Users/jamie/Documents/Projects/python/py2app-error/dist/Timer.app/Contents/Resources/lib/python3.11/numpy/_core/_simd.cpython-311-darwin.so
changefunc:  /usr/lib/libSystem.B.dylib
changefunc:  /Users/jamie/Documents/Projects/python/py2app-error/dist/Timer.app/Contents/Resources/lib/python3.11/numpy/_core/_multiarray_umath.cpython-311-darwin.so
changefunc:  /System/Library/Frameworks/Accelerate.framework/Versions/A/Accelerate
changefunc:  /usr/lib/libc++.1.dylib
changefunc:  /usr/lib/libSystem.B.dylib
changefunc:  /Users/jamie/Documents/Projects/python/py2app-error/dist/Timer.app/Contents/Resources/lib/python3.11/numpy/linalg/_umath_linalg.cpython-311-darwin.so
changefunc:  /System/Library/Frameworks/Accelerate.framework/Versions/A/Accelerate
changefunc:  /usr/lib/libSystem.B.dylib
changefunc:  /Users/jamie/Documents/Projects/python/py2app-error/dist/Timer.app/Contents/Resources/lib/python3.11/numpy/linalg/lapack_lite.cpython-311-darwin.so
changefunc:  /usr/lib/libSystem.B.dylib
changefunc:  /System/Library/Frameworks/Accelerate.framework/Versions/A/Accelerate
changefunc:  /Users/jamie/Documents/Projects/python/py2app-error/dist/Timer.app/Contents/Resources/lib/python3.11/wx/svg/_nanosvg.cpython-311-darwin.so
changefunc:  /usr/lib/libSystem.B.dylib
changefunc:  /Users/jamie/Documents/Projects/python/py2app-error/dist/Timer.app/Contents/Resources/lib/python3.11/wx/svg/_nanosvg.cpython-311-darwin.so
changefunc:  /usr/lib/libSystem.B.dylib
changefunc:  /Users/jamie/Documents/Projects/python/py2app-error/dist/Timer.app/Contents/Resources/lib/python3.11/wx/svg/_nanosvg.cpython-311-darwin.so
changefunc:  /usr/lib/libSystem.B.dylib
changefunc:  /Users/jamie/Documents/Projects/python/py2app-error/dist/Timer.app/Contents/Resources/lib/python3.11/wx/svg/_nanosvg.cpython-311-darwin.so
changefunc:  /usr/lib/libSystem.B.dylib
changefunc:  /Users/jamie/Documents/Projects/python/py2app-error/dist/Timer.app/Contents/Resources/lib/python3.11/wx/_dataview.cpython-311-darwin.so
changefunc:  /System/Library/Frameworks/IOKit.framework/Versions/A/IOKit
changefunc:  /System/Library/Frameworks/Carbon.framework/Versions/A/Carbon
changefunc:  /System/Library/Frameworks/Cocoa.framework/Versions/A/Cocoa
changefunc:  /System/Library/Frameworks/QuartzCore.framework/Versions/A/QuartzCore
changefunc:  /System/Library/Frameworks/AudioToolbox.framework/Versions/A/AudioToolbox
changefunc:  /usr/lib/libSystem.B.dylib
changefunc:  /System/Library/Frameworks/OpenGL.framework/Versions/A/OpenGL
changefunc:  /System/Library/Frameworks/CoreFoundation.framework/Versions/A/CoreFoundation
changefunc:  @loader_path/libwx_osx_cocoau_core-3.2.0.2.1.dylib
changefunc:  @loader_path/libwx_baseu_net-3.2.0.2.1.dylib
changefunc:  @loader_path/libwx_baseu-3.2.0.2.1.dylib
changefunc:  /usr/lib/libc++.1.dylib
changefunc:  /Users/jamie/Documents/Projects/python/py2app-error/dist/Timer.app/Contents/Resources/lib/python3.11/wx/_dataview.cpython-311-darwin.so
changefunc:  /System/Library/Frameworks/IOKit.framework/Versions/A/IOKit
changefunc:  /System/Library/Frameworks/Carbon.framework/Versions/A/Carbon
changefunc:  /System/Library/Frameworks/Cocoa.framework/Versions/A/Cocoa
changefunc:  /System/Library/Frameworks/QuartzCore.framework/Versions/A/QuartzCore
changefunc:  /System/Library/Frameworks/AudioToolbox.framework/Versions/A/AudioToolbox
changefunc:  /usr/lib/libSystem.B.dylib
changefunc:  /System/Library/Frameworks/OpenGL.framework/Versions/A/OpenGL
changefunc:  /System/Library/Frameworks/CoreFoundation.framework/Versions/A/CoreFoundation
changefunc:  @loader_path/libwx_osx_cocoau_core-3.2.0.2.1.dylib
changefunc:  @loader_path/libwx_baseu_net-3.2.0.2.1.dylib
changefunc:  @loader_path/libwx_baseu-3.2.0.2.1.dylib
changefunc:  /usr/lib/libc++.1.dylib
changefunc:  /Users/jamie/Documents/Projects/python/py2app-error/dist/Timer.app/Contents/Resources/lib/python3.11/wx/_dataview.cpython-311-darwin.so
changefunc:  /System/Library/Frameworks/IOKit.framework/Versions/A/IOKit
changefunc:  /System/Library/Frameworks/Carbon.framework/Versions/A/Carbon
changefunc:  /System/Library/Frameworks/Cocoa.framework/Versions/A/Cocoa
changefunc:  /System/Library/Frameworks/QuartzCore.framework/Versions/A/QuartzCore
changefunc:  /System/Library/Frameworks/AudioToolbox.framework/Versions/A/AudioToolbox
changefunc:  /usr/lib/libSystem.B.dylib
changefunc:  /System/Library/Frameworks/OpenGL.framework/Versions/A/OpenGL
changefunc:  /System/Library/Frameworks/CoreFoundation.framework/Versions/A/CoreFoundation
changefunc:  @loader_path/libwx_osx_cocoau_core-3.2.0.2.1.dylib
changefunc:  @loader_path/libwx_baseu_net-3.2.0.2.1.dylib
changefunc:  @loader_path/libwx_baseu-3.2.0.2.1.dylib
changefunc:  /usr/lib/libc++.1.dylib
changefunc:  /Users/jamie/Documents/Projects/python/py2app-error/dist/Timer.app/Contents/Resources/lib/python3.11/wx/_dataview.cpython-311-darwin.so
changefunc:  /System/Library/Frameworks/IOKit.framework/Versions/A/IOKit
changefunc:  /System/Library/Frameworks/Carbon.framework/Versions/A/Carbon
changefunc:  /System/Library/Frameworks/Cocoa.framework/Versions/A/Cocoa
changefunc:  /System/Library/Frameworks/QuartzCore.framework/Versions/A/QuartzCore
changefunc:  /System/Library/Frameworks/AudioToolbox.framework/Versions/A/AudioToolbox
changefunc:  /usr/lib/libSystem.B.dylib
changefunc:  /System/Library/Frameworks/OpenGL.framework/Versions/A/OpenGL
changefunc:  /System/Library/Frameworks/CoreFoundation.framework/Versions/A/CoreFoundation
changefunc:  @loader_path/libwx_osx_cocoau_core-3.2.0.2.1.dylib
changefunc:  @loader_path/libwx_baseu_net-3.2.0.2.1.dylib
changefunc:  @loader_path/libwx_baseu-3.2.0.2.1.dylib
changefunc:  /usr/lib/libc++.1.dylib
changefunc:  /Users/jamie/Documents/Projects/python/py2app-error/dist/Timer.app/Contents/Resources/lib/python3.11/wx/libwx_baseu-3.2.0.2.1.dylib
changefunc:  /System/Library/Frameworks/IOKit.framework/Versions/A/IOKit
changefunc:  /System/Library/Frameworks/Carbon.framework/Versions/A/Carbon
changefunc:  /System/Library/Frameworks/Cocoa.framework/Versions/A/Cocoa
changefunc:  /System/Library/Frameworks/QuartzCore.framework/Versions/A/QuartzCore
changefunc:  /System/Library/Frameworks/AudioToolbox.framework/Versions/A/AudioToolbox
changefunc:  /usr/lib/libSystem.B.dylib
changefunc:  /System/Library/Frameworks/OpenGL.framework/Versions/A/OpenGL
changefunc:  /usr/lib/libz.1.dylib
changefunc:  /System/Library/Frameworks/Security.framework/Versions/A/Security
changefunc:  /usr/lib/libiconv.2.dylib
changefunc:  /usr/lib/libcurl.4.dylib
changefunc:  /usr/lib/libc++.1.dylib
changefunc:  /System/Library/Frameworks/AppKit.framework/Versions/C/AppKit
changefunc:  /System/Library/Frameworks/CoreFoundation.framework/Versions/A/CoreFoundation
changefunc:  /System/Library/Frameworks/CoreServices.framework/Versions/A/CoreServices
changefunc:  /System/Library/Frameworks/Foundation.framework/Versions/C/Foundation
changefunc:  /usr/lib/libobjc.A.dylib
changefunc:  /Users/jamie/Documents/Projects/python/py2app-error/dist/Timer.app/Contents/Resources/lib/python3.11/wx/libwx_baseu-3.2.0.2.1.dylib
changefunc:  /System/Library/Frameworks/IOKit.framework/Versions/A/IOKit
changefunc:  /System/Library/Frameworks/Carbon.framework/Versions/A/Carbon
changefunc:  /System/Library/Frameworks/Cocoa.framework/Versions/A/Cocoa
changefunc:  /System/Library/Frameworks/QuartzCore.framework/Versions/A/QuartzCore
changefunc:  /System/Library/Frameworks/AudioToolbox.framework/Versions/A/AudioToolbox
changefunc:  /usr/lib/libSystem.B.dylib
changefunc:  /System/Library/Frameworks/OpenGL.framework/Versions/A/OpenGL
changefunc:  /usr/lib/libz.1.dylib
changefunc:  /System/Library/Frameworks/Security.framework/Versions/A/Security
changefunc:  /usr/lib/libiconv.2.dylib
changefunc:  /usr/lib/libcurl.4.dylib
changefunc:  /usr/lib/libc++.1.dylib
changefunc:  /System/Library/Frameworks/AppKit.framework/Versions/C/AppKit
changefunc:  /System/Library/Frameworks/CoreFoundation.framework/Versions/A/CoreFoundation
changefunc:  /System/Library/Frameworks/CoreServices.framework/Versions/A/CoreServices
changefunc:  /System/Library/Frameworks/Foundation.framework/Versions/C/Foundation
changefunc:  /usr/lib/libobjc.A.dylib
changefunc:  /Users/jamie/Documents/Projects/python/py2app-error/dist/Timer.app/Contents/Resources/lib/python3.11/wx/libwx_baseu-3.2.0.2.1.dylib
changefunc:  /System/Library/Frameworks/IOKit.framework/Versions/A/IOKit
changefunc:  /System/Library/Frameworks/Carbon.framework/Versions/A/Carbon
changefunc:  /System/Library/Frameworks/Cocoa.framework/Versions/A/Cocoa
changefunc:  /System/Library/Frameworks/QuartzCore.framework/Versions/A/QuartzCore
changefunc:  /System/Library/Frameworks/AudioToolbox.framework/Versions/A/AudioToolbox
changefunc:  /usr/lib/libSystem.B.dylib
changefunc:  /System/Library/Frameworks/OpenGL.framework/Versions/A/OpenGL
changefunc:  /usr/lib/libz.1.dylib
changefunc:  /System/Library/Frameworks/Security.framework/Versions/A/Security
changefunc:  /usr/lib/libiconv.2.dylib
changefunc:  /usr/lib/libcurl.4.dylib
changefunc:  /usr/lib/libc++.1.dylib
changefunc:  /System/Library/Frameworks/AppKit.framework/Versions/C/AppKit
changefunc:  /System/Library/Frameworks/CoreFoundation.framework/Versions/A/CoreFoundation
changefunc:  /System/Library/Frameworks/CoreServices.framework/Versions/A/CoreServices
changefunc:  /System/Library/Frameworks/Foundation.framework/Versions/C/Foundation
changefunc:  /usr/lib/libobjc.A.dylib
changefunc:  /Users/jamie/Documents/Projects/python/py2app-error/dist/Timer.app/Contents/Resources/lib/python3.11/wx/libwx_baseu-3.2.0.2.1.dylib
changefunc:  /System/Library/Frameworks/IOKit.framework/Versions/A/IOKit
changefunc:  /System/Library/Frameworks/Carbon.framework/Versions/A/Carbon
changefunc:  /System/Library/Frameworks/Cocoa.framework/Versions/A/Cocoa
changefunc:  /System/Library/Frameworks/QuartzCore.framework/Versions/A/QuartzCore
changefunc:  /System/Library/Frameworks/AudioToolbox.framework/Versions/A/AudioToolbox
changefunc:  /usr/lib/libSystem.B.dylib
changefunc:  /System/Library/Frameworks/OpenGL.framework/Versions/A/OpenGL
changefunc:  /usr/lib/libz.1.dylib
changefunc:  /System/Library/Frameworks/Security.framework/Versions/A/Security
changefunc:  /usr/lib/libiconv.2.dylib
changefunc:  /usr/lib/libcurl.4.dylib
changefunc:  /usr/lib/libc++.1.dylib
changefunc:  /System/Library/Frameworks/AppKit.framework/Versions/C/AppKit
changefunc:  /System/Library/Frameworks/CoreFoundation.framework/Versions/A/CoreFoundation
changefunc:  /System/Library/Frameworks/CoreServices.framework/Versions/A/CoreServices
changefunc:  /System/Library/Frameworks/Foundation.framework/Versions/C/Foundation
changefunc:  /usr/lib/libobjc.A.dylib
changefunc:  /Users/jamie/Documents/Projects/python/py2app-error/dist/Timer.app/Contents/Resources/lib/python3.11/wx/libwx_baseu_net-3.2.0.2.1.dylib
changefunc:  /System/Library/Frameworks/IOKit.framework/Versions/A/IOKit
changefunc:  /System/Library/Frameworks/Carbon.framework/Versions/A/Carbon
changefunc:  /System/Library/Frameworks/Cocoa.framework/Versions/A/Cocoa
changefunc:  /System/Library/Frameworks/QuartzCore.framework/Versions/A/QuartzCore
changefunc:  /System/Library/Frameworks/AudioToolbox.framework/Versions/A/AudioToolbox
changefunc:  /usr/lib/libSystem.B.dylib
changefunc:  /System/Library/Frameworks/OpenGL.framework/Versions/A/OpenGL
changefunc:  /usr/lib/libz.1.dylib
changefunc:  /System/Library/Frameworks/Security.framework/Versions/A/Security
changefunc:  /usr/lib/libiconv.2.dylib
changefunc:  /usr/lib/libcurl.4.dylib
changefunc:  @loader_path/libwx_baseu-3.2.0.2.1.dylib
changefunc:  /usr/lib/libc++.1.dylib
changefunc:  /System/Library/Frameworks/CFNetwork.framework/Versions/A/CFNetwork
changefunc:  /System/Library/Frameworks/CoreFoundation.framework/Versions/A/CoreFoundation
changefunc:  /System/Library/Frameworks/Foundation.framework/Versions/C/Foundation
changefunc:  /usr/lib/libobjc.A.dylib
changefunc:  /Users/jamie/Documents/Projects/python/py2app-error/dist/Timer.app/Contents/Resources/lib/python3.11/wx/libwx_baseu_net-3.2.0.2.1.dylib
changefunc:  /System/Library/Frameworks/IOKit.framework/Versions/A/IOKit
changefunc:  /System/Library/Frameworks/Carbon.framework/Versions/A/Carbon
changefunc:  /System/Library/Frameworks/Cocoa.framework/Versions/A/Cocoa
changefunc:  /System/Library/Frameworks/QuartzCore.framework/Versions/A/QuartzCore
changefunc:  /System/Library/Frameworks/AudioToolbox.framework/Versions/A/AudioToolbox
changefunc:  /usr/lib/libSystem.B.dylib
changefunc:  /System/Library/Frameworks/OpenGL.framework/Versions/A/OpenGL
changefunc:  /usr/lib/libz.1.dylib
changefunc:  /System/Library/Frameworks/Security.framework/Versions/A/Security
changefunc:  /usr/lib/libiconv.2.dylib
changefunc:  /usr/lib/libcurl.4.dylib
changefunc:  @loader_path/libwx_baseu-3.2.0.2.1.dylib
changefunc:  /usr/lib/libc++.1.dylib
changefunc:  /System/Library/Frameworks/CFNetwork.framework/Versions/A/CFNetwork
changefunc:  /System/Library/Frameworks/CoreFoundation.framework/Versions/A/CoreFoundation
changefunc:  /System/Library/Frameworks/Foundation.framework/Versions/C/Foundation
changefunc:  /usr/lib/libobjc.A.dylib
changefunc:  /Users/jamie/Documents/Projects/python/py2app-error/dist/Timer.app/Contents/Resources/lib/python3.11/wx/libwx_baseu_net-3.2.0.2.1.dylib
changefunc:  /System/Library/Frameworks/IOKit.framework/Versions/A/IOKit
changefunc:  /System/Library/Frameworks/Carbon.framework/Versions/A/Carbon
changefunc:  /System/Library/Frameworks/Cocoa.framework/Versions/A/Cocoa
changefunc:  /System/Library/Frameworks/QuartzCore.framework/Versions/A/QuartzCore
changefunc:  /System/Library/Frameworks/AudioToolbox.framework/Versions/A/AudioToolbox
changefunc:  /usr/lib/libSystem.B.dylib
changefunc:  /System/Library/Frameworks/OpenGL.framework/Versions/A/OpenGL
changefunc:  /usr/lib/libz.1.dylib
changefunc:  /System/Library/Frameworks/Security.framework/Versions/A/Security
changefunc:  /usr/lib/libiconv.2.dylib
changefunc:  /usr/lib/libcurl.4.dylib
changefunc:  @loader_path/libwx_baseu-3.2.0.2.1.dylib
changefunc:  /usr/lib/libc++.1.dylib
changefunc:  /System/Library/Frameworks/CFNetwork.framework/Versions/A/CFNetwork
changefunc:  /System/Library/Frameworks/CoreFoundation.framework/Versions/A/CoreFoundation
changefunc:  /System/Library/Frameworks/Foundation.framework/Versions/C/Foundation
changefunc:  /usr/lib/libobjc.A.dylib
changefunc:  /Users/jamie/Documents/Projects/python/py2app-error/dist/Timer.app/Contents/Resources/lib/python3.11/wx/libwx_baseu_net-3.2.0.2.1.dylib
changefunc:  /System/Library/Frameworks/IOKit.framework/Versions/A/IOKit
changefunc:  /System/Library/Frameworks/Carbon.framework/Versions/A/Carbon
changefunc:  /System/Library/Frameworks/Cocoa.framework/Versions/A/Cocoa
changefunc:  /System/Library/Frameworks/QuartzCore.framework/Versions/A/QuartzCore
changefunc:  /System/Library/Frameworks/AudioToolbox.framework/Versions/A/AudioToolbox
changefunc:  /usr/lib/libSystem.B.dylib
changefunc:  /System/Library/Frameworks/OpenGL.framework/Versions/A/OpenGL
changefunc:  /usr/lib/libz.1.dylib
changefunc:  /System/Library/Frameworks/Security.framework/Versions/A/Security
changefunc:  /usr/lib/libiconv.2.dylib
changefunc:  /usr/lib/libcurl.4.dylib
changefunc:  @loader_path/libwx_baseu-3.2.0.2.1.dylib
changefunc:  /usr/lib/libc++.1.dylib
changefunc:  /System/Library/Frameworks/CFNetwork.framework/Versions/A/CFNetwork
changefunc:  /System/Library/Frameworks/CoreFoundation.framework/Versions/A/CoreFoundation
changefunc:  /System/Library/Frameworks/Foundation.framework/Versions/C/Foundation
changefunc:  /usr/lib/libobjc.A.dylib
changefunc:  /Users/jamie/Documents/Projects/python/py2app-error/dist/Timer.app/Contents/Resources/lib/python3.11/wx/libwx_osx_cocoau_core-3.2.0.2.1.dylib
changefunc:  /System/Library/Frameworks/IOKit.framework/Versions/A/IOKit
changefunc:  /System/Library/Frameworks/Carbon.framework/Versions/A/Carbon
changefunc:  /System/Library/Frameworks/Cocoa.framework/Versions/A/Cocoa
changefunc:  /System/Library/Frameworks/QuartzCore.framework/Versions/A/QuartzCore
changefunc:  /System/Library/Frameworks/AudioToolbox.framework/Versions/A/AudioToolbox
changefunc:  /usr/lib/libSystem.B.dylib
changefunc:  /System/Library/Frameworks/OpenGL.framework/Versions/A/OpenGL
changefunc:  /System/Library/Frameworks/WebKit.framework/Versions/A/WebKit
changefunc:  /usr/lib/libz.1.dylib
changefunc:  /System/Library/Frameworks/Security.framework/Versions/A/Security
changefunc:  /usr/lib/libiconv.2.dylib
changefunc:  /usr/lib/libcurl.4.dylib
changefunc:  @loader_path/libwx_baseu-3.2.0.2.1.dylib
changefunc:  /usr/lib/libc++.1.dylib
changefunc:  /System/Library/Frameworks/AppKit.framework/Versions/C/AppKit
changefunc:  /System/Library/Frameworks/ApplicationServices.framework/Versions/A/ApplicationServices
changefunc:  /System/Library/Frameworks/CoreFoundation.framework/Versions/A/CoreFoundation
changefunc:  /System/Library/Frameworks/CoreGraphics.framework/Versions/A/CoreGraphics
changefunc:  /System/Library/Frameworks/CoreServices.framework/Versions/A/CoreServices
changefunc:  /System/Library/Frameworks/CoreText.framework/Versions/A/CoreText
changefunc:  /System/Library/Frameworks/Foundation.framework/Versions/C/Foundation
changefunc:  /System/Library/Frameworks/ImageIO.framework/Versions/A/ImageIO
changefunc:  /usr/lib/libobjc.A.dylib
changefunc:  /Users/jamie/Documents/Projects/python/py2app-error/dist/Timer.app/Contents/Resources/lib/python3.11/wx/libwx_osx_cocoau_core-3.2.0.2.1.dylib
changefunc:  /System/Library/Frameworks/IOKit.framework/Versions/A/IOKit
changefunc:  /System/Library/Frameworks/Carbon.framework/Versions/A/Carbon
changefunc:  /System/Library/Frameworks/Cocoa.framework/Versions/A/Cocoa
changefunc:  /System/Library/Frameworks/QuartzCore.framework/Versions/A/QuartzCore
changefunc:  /System/Library/Frameworks/AudioToolbox.framework/Versions/A/AudioToolbox
changefunc:  /usr/lib/libSystem.B.dylib
changefunc:  /System/Library/Frameworks/OpenGL.framework/Versions/A/OpenGL
changefunc:  /System/Library/Frameworks/WebKit.framework/Versions/A/WebKit
changefunc:  /usr/lib/libz.1.dylib
changefunc:  /System/Library/Frameworks/Security.framework/Versions/A/Security
changefunc:  /usr/lib/libiconv.2.dylib
changefunc:  /usr/lib/libcurl.4.dylib
changefunc:  @loader_path/libwx_baseu-3.2.0.2.1.dylib
changefunc:  /usr/lib/libc++.1.dylib
changefunc:  /System/Library/Frameworks/AppKit.framework/Versions/C/AppKit
changefunc:  /System/Library/Frameworks/ApplicationServices.framework/Versions/A/ApplicationServices
changefunc:  /System/Library/Frameworks/CoreFoundation.framework/Versions/A/CoreFoundation
changefunc:  /System/Library/Frameworks/CoreGraphics.framework/Versions/A/CoreGraphics
changefunc:  /System/Library/Frameworks/CoreServices.framework/Versions/A/CoreServices
changefunc:  /System/Library/Frameworks/CoreText.framework/Versions/A/CoreText
changefunc:  /System/Library/Frameworks/Foundation.framework/Versions/C/Foundation
changefunc:  /System/Library/Frameworks/ImageIO.framework/Versions/A/ImageIO
changefunc:  /usr/lib/libobjc.A.dylib
changefunc:  /Users/jamie/Documents/Projects/python/py2app-error/dist/Timer.app/Contents/Resources/lib/python3.11/wx/libwx_osx_cocoau_core-3.2.0.2.1.dylib
changefunc:  /System/Library/Frameworks/IOKit.framework/Versions/A/IOKit
changefunc:  /System/Library/Frameworks/Carbon.framework/Versions/A/Carbon
changefunc:  /System/Library/Frameworks/Cocoa.framework/Versions/A/Cocoa
changefunc:  /System/Library/Frameworks/QuartzCore.framework/Versions/A/QuartzCore
changefunc:  /System/Library/Frameworks/AudioToolbox.framework/Versions/A/AudioToolbox
changefunc:  /usr/lib/libSystem.B.dylib
changefunc:  /System/Library/Frameworks/OpenGL.framework/Versions/A/OpenGL
changefunc:  /System/Library/Frameworks/WebKit.framework/Versions/A/WebKit
changefunc:  /usr/lib/libz.1.dylib
changefunc:  /System/Library/Frameworks/Security.framework/Versions/A/Security
changefunc:  /usr/lib/libiconv.2.dylib
changefunc:  /usr/lib/libcurl.4.dylib
changefunc:  @loader_path/libwx_baseu-3.2.0.2.1.dylib
changefunc:  /usr/lib/libc++.1.dylib
changefunc:  /System/Library/Frameworks/AppKit.framework/Versions/C/AppKit
changefunc:  /System/Library/Frameworks/ApplicationServices.framework/Versions/A/ApplicationServices
changefunc:  /System/Library/Frameworks/CoreFoundation.framework/Versions/A/CoreFoundation
changefunc:  /System/Library/Frameworks/CoreGraphics.framework/Versions/A/CoreGraphics
changefunc:  /System/Library/Frameworks/CoreServices.framework/Versions/A/CoreServices
changefunc:  /System/Library/Frameworks/CoreText.framework/Versions/A/CoreText
changefunc:  /System/Library/Frameworks/Foundation.framework/Versions/C/Foundation
changefunc:  /System/Library/Frameworks/ImageIO.framework/Versions/A/ImageIO
changefunc:  /usr/lib/libobjc.A.dylib
changefunc:  /Users/jamie/Documents/Projects/python/py2app-error/dist/Timer.app/Contents/Resources/lib/python3.11/wx/libwx_osx_cocoau_core-3.2.0.2.1.dylib
changefunc:  /System/Library/Frameworks/IOKit.framework/Versions/A/IOKit
changefunc:  /System/Library/Frameworks/Carbon.framework/Versions/A/Carbon
changefunc:  /System/Library/Frameworks/Cocoa.framework/Versions/A/Cocoa
changefunc:  /System/Library/Frameworks/QuartzCore.framework/Versions/A/QuartzCore
changefunc:  /System/Library/Frameworks/AudioToolbox.framework/Versions/A/AudioToolbox
changefunc:  /usr/lib/libSystem.B.dylib
changefunc:  /System/Library/Frameworks/OpenGL.framework/Versions/A/OpenGL
changefunc:  /System/Library/Frameworks/WebKit.framework/Versions/A/WebKit
changefunc:  /usr/lib/libz.1.dylib
changefunc:  /System/Library/Frameworks/Security.framework/Versions/A/Security
changefunc:  /usr/lib/libiconv.2.dylib
changefunc:  /usr/lib/libcurl.4.dylib
changefunc:  @loader_path/libwx_baseu-3.2.0.2.1.dylib
changefunc:  /usr/lib/libc++.1.dylib
changefunc:  /System/Library/Frameworks/AppKit.framework/Versions/C/AppKit
changefunc:  /System/Library/Frameworks/ApplicationServices.framework/Versions/A/ApplicationServices
changefunc:  /System/Library/Frameworks/CoreFoundation.framework/Versions/A/CoreFoundation
changefunc:  /System/Library/Frameworks/CoreGraphics.framework/Versions/A/CoreGraphics
changefunc:  /System/Library/Frameworks/CoreServices.framework/Versions/A/CoreServices
changefunc:  /System/Library/Frameworks/CoreText.framework/Versions/A/CoreText
changefunc:  /System/Library/Frameworks/Foundation.framework/Versions/C/Foundation
changefunc:  /System/Library/Frameworks/ImageIO.framework/Versions/A/ImageIO
changefunc:  /usr/lib/libobjc.A.dylib
changefunc:  /Users/jamie/Documents/Projects/python/py2app-error/dist/Timer.app/Contents/Resources/lib/python3.11/wx/_media.cpython-311-darwin.so
changefunc:  /System/Library/Frameworks/IOKit.framework/Versions/A/IOKit
changefunc:  /System/Library/Frameworks/Carbon.framework/Versions/A/Carbon
changefunc:  /System/Library/Frameworks/Cocoa.framework/Versions/A/Cocoa
changefunc:  /System/Library/Frameworks/QuartzCore.framework/Versions/A/QuartzCore
changefunc:  /System/Library/Frameworks/AudioToolbox.framework/Versions/A/AudioToolbox
changefunc:  /usr/lib/libSystem.B.dylib
changefunc:  /System/Library/Frameworks/OpenGL.framework/Versions/A/OpenGL
changefunc:  /System/Library/Frameworks/CoreFoundation.framework/Versions/A/CoreFoundation
changefunc:  @loader_path/libwx_osx_cocoau_media-3.2.0.2.1.dylib
changefunc:  @loader_path/libwx_osx_cocoau_core-3.2.0.2.1.dylib
changefunc:  @loader_path/libwx_baseu_net-3.2.0.2.1.dylib
changefunc:  @loader_path/libwx_baseu-3.2.0.2.1.dylib
changefunc:  /usr/lib/libc++.1.dylib
changefunc:  /Users/jamie/Documents/Projects/python/py2app-error/dist/Timer.app/Contents/Resources/lib/python3.11/wx/_media.cpython-311-darwin.so
changefunc:  /System/Library/Frameworks/IOKit.framework/Versions/A/IOKit
changefunc:  /System/Library/Frameworks/Carbon.framework/Versions/A/Carbon
changefunc:  /System/Library/Frameworks/Cocoa.framework/Versions/A/Cocoa
changefunc:  /System/Library/Frameworks/QuartzCore.framework/Versions/A/QuartzCore
changefunc:  /System/Library/Frameworks/AudioToolbox.framework/Versions/A/AudioToolbox
changefunc:  /usr/lib/libSystem.B.dylib
changefunc:  /System/Library/Frameworks/OpenGL.framework/Versions/A/OpenGL
changefunc:  /System/Library/Frameworks/CoreFoundation.framework/Versions/A/CoreFoundation
changefunc:  @loader_path/libwx_osx_cocoau_media-3.2.0.2.1.dylib
changefunc:  @loader_path/libwx_osx_cocoau_core-3.2.0.2.1.dylib
changefunc:  @loader_path/libwx_baseu_net-3.2.0.2.1.dylib
changefunc:  @loader_path/libwx_baseu-3.2.0.2.1.dylib
changefunc:  /usr/lib/libc++.1.dylib
changefunc:  /Users/jamie/Documents/Projects/python/py2app-error/dist/Timer.app/Contents/Resources/lib/python3.11/wx/_media.cpython-311-darwin.so
changefunc:  /System/Library/Frameworks/IOKit.framework/Versions/A/IOKit
changefunc:  /System/Library/Frameworks/Carbon.framework/Versions/A/Carbon
changefunc:  /System/Library/Frameworks/Cocoa.framework/Versions/A/Cocoa
changefunc:  /System/Library/Frameworks/QuartzCore.framework/Versions/A/QuartzCore
changefunc:  /System/Library/Frameworks/AudioToolbox.framework/Versions/A/AudioToolbox
changefunc:  /usr/lib/libSystem.B.dylib
changefunc:  /System/Library/Frameworks/OpenGL.framework/Versions/A/OpenGL
changefunc:  /System/Library/Frameworks/CoreFoundation.framework/Versions/A/CoreFoundation
changefunc:  @loader_path/libwx_osx_cocoau_media-3.2.0.2.1.dylib
changefunc:  @loader_path/libwx_osx_cocoau_core-3.2.0.2.1.dylib
changefunc:  @loader_path/libwx_baseu_net-3.2.0.2.1.dylib
changefunc:  @loader_path/libwx_baseu-3.2.0.2.1.dylib
changefunc:  /usr/lib/libc++.1.dylib
changefunc:  /Users/jamie/Documents/Projects/python/py2app-error/dist/Timer.app/Contents/Resources/lib/python3.11/wx/_media.cpython-311-darwin.so
changefunc:  /System/Library/Frameworks/IOKit.framework/Versions/A/IOKit
changefunc:  /System/Library/Frameworks/Carbon.framework/Versions/A/Carbon
changefunc:  /System/Library/Frameworks/Cocoa.framework/Versions/A/Cocoa
changefunc:  /System/Library/Frameworks/QuartzCore.framework/Versions/A/QuartzCore
changefunc:  /System/Library/Frameworks/AudioToolbox.framework/Versions/A/AudioToolbox
changefunc:  /usr/lib/libSystem.B.dylib
changefunc:  /System/Library/Frameworks/OpenGL.framework/Versions/A/OpenGL
changefunc:  /System/Library/Frameworks/CoreFoundation.framework/Versions/A/CoreFoundation
changefunc:  @loader_path/libwx_osx_cocoau_media-3.2.0.2.1.dylib
changefunc:  @loader_path/libwx_osx_cocoau_core-3.2.0.2.1.dylib
changefunc:  @loader_path/libwx_baseu_net-3.2.0.2.1.dylib
changefunc:  @loader_path/libwx_baseu-3.2.0.2.1.dylib
changefunc:  /usr/lib/libc++.1.dylib
changefunc:  /Users/jamie/Documents/Projects/python/py2app-error/dist/Timer.app/Contents/Resources/lib/python3.11/wx/_html.cpython-311-darwin.so
changefunc:  /System/Library/Frameworks/IOKit.framework/Versions/A/IOKit
changefunc:  /System/Library/Frameworks/Carbon.framework/Versions/A/Carbon
changefunc:  /System/Library/Frameworks/Cocoa.framework/Versions/A/Cocoa
changefunc:  /System/Library/Frameworks/QuartzCore.framework/Versions/A/QuartzCore
changefunc:  /System/Library/Frameworks/AudioToolbox.framework/Versions/A/AudioToolbox
changefunc:  /usr/lib/libSystem.B.dylib
changefunc:  /System/Library/Frameworks/OpenGL.framework/Versions/A/OpenGL
changefunc:  /System/Library/Frameworks/CoreFoundation.framework/Versions/A/CoreFoundation
changefunc:  @loader_path/libwx_osx_cocoau_html-3.2.0.2.1.dylib
changefunc:  @loader_path/libwx_osx_cocoau_core-3.2.0.2.1.dylib
changefunc:  @loader_path/libwx_baseu_net-3.2.0.2.1.dylib
changefunc:  @loader_path/libwx_baseu-3.2.0.2.1.dylib
changefunc:  /usr/lib/libc++.1.dylib
changefunc:  /Users/jamie/Documents/Projects/python/py2app-error/dist/Timer.app/Contents/Resources/lib/python3.11/wx/_html.cpython-311-darwin.so
changefunc:  /System/Library/Frameworks/IOKit.framework/Versions/A/IOKit
changefunc:  /System/Library/Frameworks/Carbon.framework/Versions/A/Carbon
changefunc:  /System/Library/Frameworks/Cocoa.framework/Versions/A/Cocoa
changefunc:  /System/Library/Frameworks/QuartzCore.framework/Versions/A/QuartzCore
changefunc:  /System/Library/Frameworks/AudioToolbox.framework/Versions/A/AudioToolbox
changefunc:  /usr/lib/libSystem.B.dylib
changefunc:  /System/Library/Frameworks/OpenGL.framework/Versions/A/OpenGL
changefunc:  /System/Library/Frameworks/CoreFoundation.framework/Versions/A/CoreFoundation
changefunc:  @loader_path/libwx_osx_cocoau_html-3.2.0.2.1.dylib
changefunc:  @loader_path/libwx_osx_cocoau_core-3.2.0.2.1.dylib
changefunc:  @loader_path/libwx_baseu_net-3.2.0.2.1.dylib
changefunc:  @loader_path/libwx_baseu-3.2.0.2.1.dylib
changefunc:  /usr/lib/libc++.1.dylib
changefunc:  /Users/jamie/Documents/Projects/python/py2app-error/dist/Timer.app/Contents/Resources/lib/python3.11/wx/_html.cpython-311-darwin.so
changefunc:  /System/Library/Frameworks/IOKit.framework/Versions/A/IOKit
changefunc:  /System/Library/Frameworks/Carbon.framework/Versions/A/Carbon
changefunc:  /System/Library/Frameworks/Cocoa.framework/Versions/A/Cocoa
changefunc:  /System/Library/Frameworks/QuartzCore.framework/Versions/A/QuartzCore
changefunc:  /System/Library/Frameworks/AudioToolbox.framework/Versions/A/AudioToolbox
changefunc:  /usr/lib/libSystem.B.dylib
changefunc:  /System/Library/Frameworks/OpenGL.framework/Versions/A/OpenGL
changefunc:  /System/Library/Frameworks/CoreFoundation.framework/Versions/A/CoreFoundation
changefunc:  @loader_path/libwx_osx_cocoau_html-3.2.0.2.1.dylib
changefunc:  @loader_path/libwx_osx_cocoau_core-3.2.0.2.1.dylib
changefunc:  @loader_path/libwx_baseu_net-3.2.0.2.1.dylib
changefunc:  @loader_path/libwx_baseu-3.2.0.2.1.dylib
changefunc:  /usr/lib/libc++.1.dylib
changefunc:  /Users/jamie/Documents/Projects/python/py2app-error/dist/Timer.app/Contents/Resources/lib/python3.11/wx/_html.cpython-311-darwin.so
changefunc:  /System/Library/Frameworks/IOKit.framework/Versions/A/IOKit
changefunc:  /System/Library/Frameworks/Carbon.framework/Versions/A/Carbon
changefunc:  /System/Library/Frameworks/Cocoa.framework/Versions/A/Cocoa
changefunc:  /System/Library/Frameworks/QuartzCore.framework/Versions/A/QuartzCore
changefunc:  /System/Library/Frameworks/AudioToolbox.framework/Versions/A/AudioToolbox
changefunc:  /usr/lib/libSystem.B.dylib
changefunc:  /System/Library/Frameworks/OpenGL.framework/Versions/A/OpenGL
changefunc:  /System/Library/Frameworks/CoreFoundation.framework/Versions/A/CoreFoundation
changefunc:  @loader_path/libwx_osx_cocoau_html-3.2.0.2.1.dylib
changefunc:  @loader_path/libwx_osx_cocoau_core-3.2.0.2.1.dylib
changefunc:  @loader_path/libwx_baseu_net-3.2.0.2.1.dylib
changefunc:  @loader_path/libwx_baseu-3.2.0.2.1.dylib
changefunc:  /usr/lib/libc++.1.dylib
changefunc:  /Users/jamie/Documents/Projects/python/py2app-error/dist/Timer.app/Contents/Resources/lib/python3.11/wx/libwx_osx_cocoau_html-3.2.0.2.1.dylib
changefunc:  /System/Library/Frameworks/IOKit.framework/Versions/A/IOKit
changefunc:  /System/Library/Frameworks/Carbon.framework/Versions/A/Carbon
changefunc:  /System/Library/Frameworks/Cocoa.framework/Versions/A/Cocoa
changefunc:  /System/Library/Frameworks/QuartzCore.framework/Versions/A/QuartzCore
changefunc:  /System/Library/Frameworks/AudioToolbox.framework/Versions/A/AudioToolbox
changefunc:  /usr/lib/libSystem.B.dylib
changefunc:  /System/Library/Frameworks/OpenGL.framework/Versions/A/OpenGL
changefunc:  /System/Library/Frameworks/WebKit.framework/Versions/A/WebKit
changefunc:  /usr/lib/libz.1.dylib
changefunc:  /System/Library/Frameworks/Security.framework/Versions/A/Security
changefunc:  /usr/lib/libiconv.2.dylib
changefunc:  /usr/lib/libcurl.4.dylib
changefunc:  @loader_path/libwx_osx_cocoau_core-3.2.0.2.1.dylib
changefunc:  @loader_path/libwx_baseu-3.2.0.2.1.dylib
changefunc:  /usr/lib/libc++.1.dylib
changefunc:  /Users/jamie/Documents/Projects/python/py2app-error/dist/Timer.app/Contents/Resources/lib/python3.11/wx/libwx_osx_cocoau_html-3.2.0.2.1.dylib
changefunc:  /System/Library/Frameworks/IOKit.framework/Versions/A/IOKit
changefunc:  /System/Library/Frameworks/Carbon.framework/Versions/A/Carbon
changefunc:  /System/Library/Frameworks/Cocoa.framework/Versions/A/Cocoa
changefunc:  /System/Library/Frameworks/QuartzCore.framework/Versions/A/QuartzCore
changefunc:  /System/Library/Frameworks/AudioToolbox.framework/Versions/A/AudioToolbox
changefunc:  /usr/lib/libSystem.B.dylib
changefunc:  /System/Library/Frameworks/OpenGL.framework/Versions/A/OpenGL
changefunc:  /System/Library/Frameworks/WebKit.framework/Versions/A/WebKit
changefunc:  /usr/lib/libz.1.dylib
changefunc:  /System/Library/Frameworks/Security.framework/Versions/A/Security
changefunc:  /usr/lib/libiconv.2.dylib
changefunc:  /usr/lib/libcurl.4.dylib
changefunc:  @loader_path/libwx_osx_cocoau_core-3.2.0.2.1.dylib
changefunc:  @loader_path/libwx_baseu-3.2.0.2.1.dylib
changefunc:  /usr/lib/libc++.1.dylib
changefunc:  /Users/jamie/Documents/Projects/python/py2app-error/dist/Timer.app/Contents/Resources/lib/python3.11/wx/libwx_osx_cocoau_html-3.2.0.2.1.dylib
changefunc:  /System/Library/Frameworks/IOKit.framework/Versions/A/IOKit
changefunc:  /System/Library/Frameworks/Carbon.framework/Versions/A/Carbon
changefunc:  /System/Library/Frameworks/Cocoa.framework/Versions/A/Cocoa
changefunc:  /System/Library/Frameworks/QuartzCore.framework/Versions/A/QuartzCore
changefunc:  /System/Library/Frameworks/AudioToolbox.framework/Versions/A/AudioToolbox
changefunc:  /usr/lib/libSystem.B.dylib
changefunc:  /System/Library/Frameworks/OpenGL.framework/Versions/A/OpenGL
changefunc:  /System/Library/Frameworks/WebKit.framework/Versions/A/WebKit
changefunc:  /usr/lib/libz.1.dylib
changefunc:  /System/Library/Frameworks/Security.framework/Versions/A/Security
changefunc:  /usr/lib/libiconv.2.dylib
changefunc:  /usr/lib/libcurl.4.dylib
changefunc:  @loader_path/libwx_osx_cocoau_core-3.2.0.2.1.dylib
changefunc:  @loader_path/libwx_baseu-3.2.0.2.1.dylib
changefunc:  /usr/lib/libc++.1.dylib
changefunc:  /Users/jamie/Documents/Projects/python/py2app-error/dist/Timer.app/Contents/Resources/lib/python3.11/wx/libwx_osx_cocoau_html-3.2.0.2.1.dylib
changefunc:  /System/Library/Frameworks/IOKit.framework/Versions/A/IOKit
changefunc:  /System/Library/Frameworks/Carbon.framework/Versions/A/Carbon
changefunc:  /System/Library/Frameworks/Cocoa.framework/Versions/A/Cocoa
changefunc:  /System/Library/Frameworks/QuartzCore.framework/Versions/A/QuartzCore
changefunc:  /System/Library/Frameworks/AudioToolbox.framework/Versions/A/AudioToolbox
changefunc:  /usr/lib/libSystem.B.dylib
changefunc:  /System/Library/Frameworks/OpenGL.framework/Versions/A/OpenGL
changefunc:  /System/Library/Frameworks/WebKit.framework/Versions/A/WebKit
changefunc:  /usr/lib/libz.1.dylib
changefunc:  /System/Library/Frameworks/Security.framework/Versions/A/Security
changefunc:  /usr/lib/libiconv.2.dylib
changefunc:  /usr/lib/libcurl.4.dylib
changefunc:  @loader_path/libwx_osx_cocoau_core-3.2.0.2.1.dylib
changefunc:  @loader_path/libwx_baseu-3.2.0.2.1.dylib
changefunc:  /usr/lib/libc++.1.dylib
changefunc:  /Users/jamie/Documents/Projects/python/py2app-error/dist/Timer.app/Contents/Resources/lib/python3.11/wx/libwx_osx_cocoau_media-3.2.0.2.1.dylib
changefunc:  /System/Library/Frameworks/IOKit.framework/Versions/A/IOKit
changefunc:  /System/Library/Frameworks/Carbon.framework/Versions/A/Carbon
changefunc:  /System/Library/Frameworks/Cocoa.framework/Versions/A/Cocoa
changefunc:  /System/Library/Frameworks/QuartzCore.framework/Versions/A/QuartzCore
changefunc:  /System/Library/Frameworks/AudioToolbox.framework/Versions/A/AudioToolbox
changefunc:  /usr/lib/libSystem.B.dylib
changefunc:  /System/Library/Frameworks/OpenGL.framework/Versions/A/OpenGL
changefunc:  /System/Library/Frameworks/WebKit.framework/Versions/A/WebKit
changefunc:  /usr/lib/libz.1.dylib
changefunc:  /System/Library/Frameworks/Security.framework/Versions/A/Security
changefunc:  /usr/lib/libiconv.2.dylib
changefunc:  /usr/lib/libcurl.4.dylib
changefunc:  @loader_path/libwx_osx_cocoau_core-3.2.0.2.1.dylib
changefunc:  @loader_path/libwx_baseu-3.2.0.2.1.dylib
changefunc:  /System/Library/Frameworks/AVFoundation.framework/Versions/A/AVFoundation
changefunc:  /System/Library/Frameworks/CoreMedia.framework/Versions/A/CoreMedia
changefunc:  /System/Library/Frameworks/AVKit.framework/Versions/A/AVKit
changefunc:  /usr/lib/libc++.1.dylib
changefunc:  /System/Library/Frameworks/AppKit.framework/Versions/C/AppKit
changefunc:  /System/Library/Frameworks/CoreFoundation.framework/Versions/A/CoreFoundation
changefunc:  /System/Library/Frameworks/Foundation.framework/Versions/C/Foundation
changefunc:  /usr/lib/libobjc.A.dylib
changefunc:  /Users/jamie/Documents/Projects/python/py2app-error/dist/Timer.app/Contents/Resources/lib/python3.11/wx/libwx_osx_cocoau_media-3.2.0.2.1.dylib
changefunc:  /System/Library/Frameworks/IOKit.framework/Versions/A/IOKit
changefunc:  /System/Library/Frameworks/Carbon.framework/Versions/A/Carbon
changefunc:  /System/Library/Frameworks/Cocoa.framework/Versions/A/Cocoa
changefunc:  /System/Library/Frameworks/QuartzCore.framework/Versions/A/QuartzCore
changefunc:  /System/Library/Frameworks/AudioToolbox.framework/Versions/A/AudioToolbox
changefunc:  /usr/lib/libSystem.B.dylib
changefunc:  /System/Library/Frameworks/OpenGL.framework/Versions/A/OpenGL
changefunc:  /System/Library/Frameworks/WebKit.framework/Versions/A/WebKit
changefunc:  /usr/lib/libz.1.dylib
changefunc:  /System/Library/Frameworks/Security.framework/Versions/A/Security
changefunc:  /usr/lib/libiconv.2.dylib
changefunc:  /usr/lib/libcurl.4.dylib
changefunc:  @loader_path/libwx_osx_cocoau_core-3.2.0.2.1.dylib
changefunc:  @loader_path/libwx_baseu-3.2.0.2.1.dylib
changefunc:  /System/Library/Frameworks/AVFoundation.framework/Versions/A/AVFoundation
changefunc:  /System/Library/Frameworks/CoreMedia.framework/Versions/A/CoreMedia
changefunc:  /System/Library/Frameworks/AVKit.framework/Versions/A/AVKit
changefunc:  /usr/lib/libc++.1.dylib
changefunc:  /System/Library/Frameworks/AppKit.framework/Versions/C/AppKit
changefunc:  /System/Library/Frameworks/CoreFoundation.framework/Versions/A/CoreFoundation
changefunc:  /System/Library/Frameworks/Foundation.framework/Versions/C/Foundation
changefunc:  /usr/lib/libobjc.A.dylib
changefunc:  /Users/jamie/Documents/Projects/python/py2app-error/dist/Timer.app/Contents/Resources/lib/python3.11/wx/libwx_osx_cocoau_media-3.2.0.2.1.dylib
changefunc:  /System/Library/Frameworks/IOKit.framework/Versions/A/IOKit
changefunc:  /System/Library/Frameworks/Carbon.framework/Versions/A/Carbon
changefunc:  /System/Library/Frameworks/Cocoa.framework/Versions/A/Cocoa
changefunc:  /System/Library/Frameworks/QuartzCore.framework/Versions/A/QuartzCore
changefunc:  /System/Library/Frameworks/AudioToolbox.framework/Versions/A/AudioToolbox
changefunc:  /usr/lib/libSystem.B.dylib
changefunc:  /System/Library/Frameworks/OpenGL.framework/Versions/A/OpenGL
changefunc:  /System/Library/Frameworks/WebKit.framework/Versions/A/WebKit
changefunc:  /usr/lib/libz.1.dylib
changefunc:  /System/Library/Frameworks/Security.framework/Versions/A/Security
changefunc:  /usr/lib/libiconv.2.dylib
changefunc:  /usr/lib/libcurl.4.dylib
changefunc:  @loader_path/libwx_osx_cocoau_core-3.2.0.2.1.dylib
changefunc:  @loader_path/libwx_baseu-3.2.0.2.1.dylib
changefunc:  /System/Library/Frameworks/AVFoundation.framework/Versions/A/AVFoundation
changefunc:  /System/Library/Frameworks/CoreMedia.framework/Versions/A/CoreMedia
changefunc:  /System/Library/Frameworks/AVKit.framework/Versions/A/AVKit
changefunc:  /usr/lib/libc++.1.dylib
changefunc:  /System/Library/Frameworks/AppKit.framework/Versions/C/AppKit
changefunc:  /System/Library/Frameworks/CoreFoundation.framework/Versions/A/CoreFoundation
changefunc:  /System/Library/Frameworks/Foundation.framework/Versions/C/Foundation
changefunc:  /usr/lib/libobjc.A.dylib
changefunc:  /Users/jamie/Documents/Projects/python/py2app-error/dist/Timer.app/Contents/Resources/lib/python3.11/wx/libwx_osx_cocoau_media-3.2.0.2.1.dylib
changefunc:  /System/Library/Frameworks/IOKit.framework/Versions/A/IOKit
changefunc:  /System/Library/Frameworks/Carbon.framework/Versions/A/Carbon
changefunc:  /System/Library/Frameworks/Cocoa.framework/Versions/A/Cocoa
changefunc:  /System/Library/Frameworks/QuartzCore.framework/Versions/A/QuartzCore
changefunc:  /System/Library/Frameworks/AudioToolbox.framework/Versions/A/AudioToolbox
changefunc:  /usr/lib/libSystem.B.dylib
changefunc:  /System/Library/Frameworks/OpenGL.framework/Versions/A/OpenGL
changefunc:  /System/Library/Frameworks/WebKit.framework/Versions/A/WebKit
changefunc:  /usr/lib/libz.1.dylib
changefunc:  /System/Library/Frameworks/Security.framework/Versions/A/Security
changefunc:  /usr/lib/libiconv.2.dylib
changefunc:  /usr/lib/libcurl.4.dylib
changefunc:  @loader_path/libwx_osx_cocoau_core-3.2.0.2.1.dylib
changefunc:  @loader_path/libwx_baseu-3.2.0.2.1.dylib
changefunc:  /System/Library/Frameworks/AVFoundation.framework/Versions/A/AVFoundation
changefunc:  /System/Library/Frameworks/CoreMedia.framework/Versions/A/CoreMedia
changefunc:  /System/Library/Frameworks/AVKit.framework/Versions/A/AVKit
changefunc:  /usr/lib/libc++.1.dylib
changefunc:  /System/Library/Frameworks/AppKit.framework/Versions/C/AppKit
changefunc:  /System/Library/Frameworks/CoreFoundation.framework/Versions/A/CoreFoundation
changefunc:  /System/Library/Frameworks/Foundation.framework/Versions/C/Foundation
changefunc:  /usr/lib/libobjc.A.dylib
changefunc:  /Users/jamie/Documents/Projects/python/py2app-error/dist/Timer.app/Contents/Resources/lib/python3.11/wx/_core.cpython-311-darwin.so
changefunc:  /System/Library/Frameworks/IOKit.framework/Versions/A/IOKit
changefunc:  /System/Library/Frameworks/Carbon.framework/Versions/A/Carbon
changefunc:  /System/Library/Frameworks/Cocoa.framework/Versions/A/Cocoa
changefunc:  /System/Library/Frameworks/QuartzCore.framework/Versions/A/QuartzCore
changefunc:  /System/Library/Frameworks/AudioToolbox.framework/Versions/A/AudioToolbox
changefunc:  /usr/lib/libSystem.B.dylib
changefunc:  /System/Library/Frameworks/OpenGL.framework/Versions/A/OpenGL
changefunc:  /System/Library/Frameworks/CoreFoundation.framework/Versions/A/CoreFoundation
changefunc:  @loader_path/libwx_osx_cocoau_core-3.2.0.2.1.dylib
changefunc:  @loader_path/libwx_baseu_net-3.2.0.2.1.dylib
changefunc:  @loader_path/libwx_baseu-3.2.0.2.1.dylib
changefunc:  /usr/lib/libc++.1.dylib
changefunc:  /System/Library/Frameworks/CoreGraphics.framework/Versions/A/CoreGraphics
changefunc:  /Users/jamie/Documents/Projects/python/py2app-error/dist/Timer.app/Contents/Resources/lib/python3.11/wx/_core.cpython-311-darwin.so
changefunc:  /System/Library/Frameworks/IOKit.framework/Versions/A/IOKit
changefunc:  /System/Library/Frameworks/Carbon.framework/Versions/A/Carbon
changefunc:  /System/Library/Frameworks/Cocoa.framework/Versions/A/Cocoa
changefunc:  /System/Library/Frameworks/QuartzCore.framework/Versions/A/QuartzCore
changefunc:  /System/Library/Frameworks/AudioToolbox.framework/Versions/A/AudioToolbox
changefunc:  /usr/lib/libSystem.B.dylib
changefunc:  /System/Library/Frameworks/OpenGL.framework/Versions/A/OpenGL
changefunc:  /System/Library/Frameworks/CoreFoundation.framework/Versions/A/CoreFoundation
changefunc:  @loader_path/libwx_osx_cocoau_core-3.2.0.2.1.dylib
changefunc:  @loader_path/libwx_baseu_net-3.2.0.2.1.dylib
changefunc:  @loader_path/libwx_baseu-3.2.0.2.1.dylib
changefunc:  /usr/lib/libc++.1.dylib
changefunc:  /System/Library/Frameworks/CoreGraphics.framework/Versions/A/CoreGraphics
changefunc:  /Users/jamie/Documents/Projects/python/py2app-error/dist/Timer.app/Contents/Resources/lib/python3.11/wx/_core.cpython-311-darwin.so
changefunc:  /System/Library/Frameworks/IOKit.framework/Versions/A/IOKit
changefunc:  /System/Library/Frameworks/Carbon.framework/Versions/A/Carbon
changefunc:  /System/Library/Frameworks/Cocoa.framework/Versions/A/Cocoa
changefunc:  /System/Library/Frameworks/QuartzCore.framework/Versions/A/QuartzCore
changefunc:  /System/Library/Frameworks/AudioToolbox.framework/Versions/A/AudioToolbox
changefunc:  /usr/lib/libSystem.B.dylib
changefunc:  /System/Library/Frameworks/OpenGL.framework/Versions/A/OpenGL
changefunc:  /System/Library/Frameworks/CoreFoundation.framework/Versions/A/CoreFoundation
changefunc:  @loader_path/libwx_osx_cocoau_core-3.2.0.2.1.dylib
changefunc:  @loader_path/libwx_baseu_net-3.2.0.2.1.dylib
changefunc:  @loader_path/libwx_baseu-3.2.0.2.1.dylib
changefunc:  /usr/lib/libc++.1.dylib
changefunc:  /System/Library/Frameworks/CoreGraphics.framework/Versions/A/CoreGraphics
changefunc:  /Users/jamie/Documents/Projects/python/py2app-error/dist/Timer.app/Contents/Resources/lib/python3.11/wx/_core.cpython-311-darwin.so
changefunc:  /System/Library/Frameworks/IOKit.framework/Versions/A/IOKit
changefunc:  /System/Library/Frameworks/Carbon.framework/Versions/A/Carbon
changefunc:  /System/Library/Frameworks/Cocoa.framework/Versions/A/Cocoa
changefunc:  /System/Library/Frameworks/QuartzCore.framework/Versions/A/QuartzCore
changefunc:  /System/Library/Frameworks/AudioToolbox.framework/Versions/A/AudioToolbox
changefunc:  /usr/lib/libSystem.B.dylib
changefunc:  /System/Library/Frameworks/OpenGL.framework/Versions/A/OpenGL
changefunc:  /System/Library/Frameworks/CoreFoundation.framework/Versions/A/CoreFoundation
changefunc:  @loader_path/libwx_osx_cocoau_core-3.2.0.2.1.dylib
changefunc:  @loader_path/libwx_baseu_net-3.2.0.2.1.dylib
changefunc:  @loader_path/libwx_baseu-3.2.0.2.1.dylib
changefunc:  /usr/lib/libc++.1.dylib
changefunc:  /System/Library/Frameworks/CoreGraphics.framework/Versions/A/CoreGraphics
changefunc:  /Users/jamie/Documents/Projects/python/py2app-error/dist/Timer.app/Contents/Resources/lib/python3.11/wx/_adv.cpython-311-darwin.so
changefunc:  /System/Library/Frameworks/IOKit.framework/Versions/A/IOKit
changefunc:  /System/Library/Frameworks/Carbon.framework/Versions/A/Carbon
changefunc:  /System/Library/Frameworks/Cocoa.framework/Versions/A/Cocoa
changefunc:  /System/Library/Frameworks/QuartzCore.framework/Versions/A/QuartzCore
changefunc:  /System/Library/Frameworks/AudioToolbox.framework/Versions/A/AudioToolbox
changefunc:  /usr/lib/libSystem.B.dylib
changefunc:  /System/Library/Frameworks/OpenGL.framework/Versions/A/OpenGL
changefunc:  /System/Library/Frameworks/CoreFoundation.framework/Versions/A/CoreFoundation
changefunc:  @loader_path/libwx_osx_cocoau_core-3.2.0.2.1.dylib
changefunc:  @loader_path/libwx_baseu_net-3.2.0.2.1.dylib
changefunc:  @loader_path/libwx_baseu-3.2.0.2.1.dylib
changefunc:  /usr/lib/libc++.1.dylib
changefunc:  /Users/jamie/Documents/Projects/python/py2app-error/dist/Timer.app/Contents/Resources/lib/python3.11/wx/_adv.cpython-311-darwin.so
changefunc:  /System/Library/Frameworks/IOKit.framework/Versions/A/IOKit
changefunc:  /System/Library/Frameworks/Carbon.framework/Versions/A/Carbon
changefunc:  /System/Library/Frameworks/Cocoa.framework/Versions/A/Cocoa
changefunc:  /System/Library/Frameworks/QuartzCore.framework/Versions/A/QuartzCore
changefunc:  /System/Library/Frameworks/AudioToolbox.framework/Versions/A/AudioToolbox
changefunc:  /usr/lib/libSystem.B.dylib
changefunc:  /System/Library/Frameworks/OpenGL.framework/Versions/A/OpenGL
changefunc:  /System/Library/Frameworks/CoreFoundation.framework/Versions/A/CoreFoundation
changefunc:  @loader_path/libwx_osx_cocoau_core-3.2.0.2.1.dylib
changefunc:  @loader_path/libwx_baseu_net-3.2.0.2.1.dylib
changefunc:  @loader_path/libwx_baseu-3.2.0.2.1.dylib
changefunc:  /usr/lib/libc++.1.dylib
changefunc:  /Users/jamie/Documents/Projects/python/py2app-error/dist/Timer.app/Contents/Resources/lib/python3.11/wx/_adv.cpython-311-darwin.so
changefunc:  /System/Library/Frameworks/IOKit.framework/Versions/A/IOKit
changefunc:  /System/Library/Frameworks/Carbon.framework/Versions/A/Carbon
changefunc:  /System/Library/Frameworks/Cocoa.framework/Versions/A/Cocoa
changefunc:  /System/Library/Frameworks/QuartzCore.framework/Versions/A/QuartzCore
changefunc:  /System/Library/Frameworks/AudioToolbox.framework/Versions/A/AudioToolbox
changefunc:  /usr/lib/libSystem.B.dylib
changefunc:  /System/Library/Frameworks/OpenGL.framework/Versions/A/OpenGL
changefunc:  /System/Library/Frameworks/CoreFoundation.framework/Versions/A/CoreFoundation
changefunc:  @loader_path/libwx_osx_cocoau_core-3.2.0.2.1.dylib
changefunc:  @loader_path/libwx_baseu_net-3.2.0.2.1.dylib
changefunc:  @loader_path/libwx_baseu-3.2.0.2.1.dylib
changefunc:  /usr/lib/libc++.1.dylib
changefunc:  /Users/jamie/Documents/Projects/python/py2app-error/dist/Timer.app/Contents/Resources/lib/python3.11/wx/_adv.cpython-311-darwin.so
changefunc:  /System/Library/Frameworks/IOKit.framework/Versions/A/IOKit
changefunc:  /System/Library/Frameworks/Carbon.framework/Versions/A/Carbon
changefunc:  /System/Library/Frameworks/Cocoa.framework/Versions/A/Cocoa
changefunc:  /System/Library/Frameworks/QuartzCore.framework/Versions/A/QuartzCore
changefunc:  /System/Library/Frameworks/AudioToolbox.framework/Versions/A/AudioToolbox
changefunc:  /usr/lib/libSystem.B.dylib
changefunc:  /System/Library/Frameworks/OpenGL.framework/Versions/A/OpenGL
changefunc:  /System/Library/Frameworks/CoreFoundation.framework/Versions/A/CoreFoundation
changefunc:  @loader_path/libwx_osx_cocoau_core-3.2.0.2.1.dylib
changefunc:  @loader_path/libwx_baseu_net-3.2.0.2.1.dylib
changefunc:  @loader_path/libwx_baseu-3.2.0.2.1.dylib
changefunc:  /usr/lib/libc++.1.dylib
changefunc:  /Users/jamie/Documents/Projects/python/py2app-error/dist/Timer.app/Contents/Resources/lib/python3.11/wx/_richtext.cpython-311-darwin.so
changefunc:  /System/Library/Frameworks/IOKit.framework/Versions/A/IOKit
changefunc:  /System/Library/Frameworks/Carbon.framework/Versions/A/Carbon
changefunc:  /System/Library/Frameworks/Cocoa.framework/Versions/A/Cocoa
changefunc:  /System/Library/Frameworks/QuartzCore.framework/Versions/A/QuartzCore
changefunc:  /System/Library/Frameworks/AudioToolbox.framework/Versions/A/AudioToolbox
changefunc:  /usr/lib/libSystem.B.dylib
changefunc:  /System/Library/Frameworks/OpenGL.framework/Versions/A/OpenGL
changefunc:  /System/Library/Frameworks/CoreFoundation.framework/Versions/A/CoreFoundation
changefunc:  @loader_path/libwx_osx_cocoau_html-3.2.0.2.1.dylib
changefunc:  @loader_path/libwx_osx_cocoau_core-3.2.0.2.1.dylib
changefunc:  @loader_path/libwx_baseu_net-3.2.0.2.1.dylib
changefunc:  @loader_path/libwx_baseu-3.2.0.2.1.dylib
changefunc:  @loader_path/libwx_osx_cocoau_richtext-3.2.0.2.1.dylib
changefunc:  /usr/lib/libc++.1.dylib
changefunc:  /Users/jamie/Documents/Projects/python/py2app-error/dist/Timer.app/Contents/Resources/lib/python3.11/wx/_richtext.cpython-311-darwin.so
changefunc:  /System/Library/Frameworks/IOKit.framework/Versions/A/IOKit
changefunc:  /System/Library/Frameworks/Carbon.framework/Versions/A/Carbon
changefunc:  /System/Library/Frameworks/Cocoa.framework/Versions/A/Cocoa
changefunc:  /System/Library/Frameworks/QuartzCore.framework/Versions/A/QuartzCore
changefunc:  /System/Library/Frameworks/AudioToolbox.framework/Versions/A/AudioToolbox
changefunc:  /usr/lib/libSystem.B.dylib
changefunc:  /System/Library/Frameworks/OpenGL.framework/Versions/A/OpenGL
changefunc:  /System/Library/Frameworks/CoreFoundation.framework/Versions/A/CoreFoundation
changefunc:  @loader_path/libwx_osx_cocoau_html-3.2.0.2.1.dylib
changefunc:  @loader_path/libwx_osx_cocoau_core-3.2.0.2.1.dylib
changefunc:  @loader_path/libwx_baseu_net-3.2.0.2.1.dylib
changefunc:  @loader_path/libwx_baseu-3.2.0.2.1.dylib
changefunc:  @loader_path/libwx_osx_cocoau_richtext-3.2.0.2.1.dylib
changefunc:  /usr/lib/libc++.1.dylib
changefunc:  /Users/jamie/Documents/Projects/python/py2app-error/dist/Timer.app/Contents/Resources/lib/python3.11/wx/_richtext.cpython-311-darwin.so
changefunc:  /System/Library/Frameworks/IOKit.framework/Versions/A/IOKit
changefunc:  /System/Library/Frameworks/Carbon.framework/Versions/A/Carbon
changefunc:  /System/Library/Frameworks/Cocoa.framework/Versions/A/Cocoa
changefunc:  /System/Library/Frameworks/QuartzCore.framework/Versions/A/QuartzCore
changefunc:  /System/Library/Frameworks/AudioToolbox.framework/Versions/A/AudioToolbox
changefunc:  /usr/lib/libSystem.B.dylib
changefunc:  /System/Library/Frameworks/OpenGL.framework/Versions/A/OpenGL
changefunc:  /System/Library/Frameworks/CoreFoundation.framework/Versions/A/CoreFoundation
changefunc:  @loader_path/libwx_osx_cocoau_html-3.2.0.2.1.dylib
changefunc:  @loader_path/libwx_osx_cocoau_core-3.2.0.2.1.dylib
changefunc:  @loader_path/libwx_baseu_net-3.2.0.2.1.dylib
changefunc:  @loader_path/libwx_baseu-3.2.0.2.1.dylib
changefunc:  @loader_path/libwx_osx_cocoau_richtext-3.2.0.2.1.dylib
changefunc:  /usr/lib/libc++.1.dylib
changefunc:  /Users/jamie/Documents/Projects/python/py2app-error/dist/Timer.app/Contents/Resources/lib/python3.11/wx/_richtext.cpython-311-darwin.so
changefunc:  /System/Library/Frameworks/IOKit.framework/Versions/A/IOKit
changefunc:  /System/Library/Frameworks/Carbon.framework/Versions/A/Carbon
changefunc:  /System/Library/Frameworks/Cocoa.framework/Versions/A/Cocoa
changefunc:  /System/Library/Frameworks/QuartzCore.framework/Versions/A/QuartzCore
changefunc:  /System/Library/Frameworks/AudioToolbox.framework/Versions/A/AudioToolbox
changefunc:  /usr/lib/libSystem.B.dylib
changefunc:  /System/Library/Frameworks/OpenGL.framework/Versions/A/OpenGL
changefunc:  /System/Library/Frameworks/CoreFoundation.framework/Versions/A/CoreFoundation
changefunc:  @loader_path/libwx_osx_cocoau_html-3.2.0.2.1.dylib
changefunc:  @loader_path/libwx_osx_cocoau_core-3.2.0.2.1.dylib
changefunc:  @loader_path/libwx_baseu_net-3.2.0.2.1.dylib
changefunc:  @loader_path/libwx_baseu-3.2.0.2.1.dylib
changefunc:  @loader_path/libwx_osx_cocoau_richtext-3.2.0.2.1.dylib
changefunc:  /usr/lib/libc++.1.dylib
changefunc:  /Users/jamie/Documents/Projects/python/py2app-error/dist/Timer.app/Contents/Resources/lib/python3.11/wx/libwx_osx_cocoau_richtext-3.2.0.2.1.dylib
changefunc:  /System/Library/Frameworks/IOKit.framework/Versions/A/IOKit
changefunc:  /System/Library/Frameworks/Carbon.framework/Versions/A/Carbon
changefunc:  /System/Library/Frameworks/Cocoa.framework/Versions/A/Cocoa
changefunc:  /System/Library/Frameworks/QuartzCore.framework/Versions/A/QuartzCore
changefunc:  /System/Library/Frameworks/AudioToolbox.framework/Versions/A/AudioToolbox
changefunc:  /usr/lib/libSystem.B.dylib
changefunc:  /System/Library/Frameworks/OpenGL.framework/Versions/A/OpenGL
changefunc:  /System/Library/Frameworks/WebKit.framework/Versions/A/WebKit
changefunc:  /usr/lib/libz.1.dylib
changefunc:  /System/Library/Frameworks/Security.framework/Versions/A/Security
changefunc:  /usr/lib/libiconv.2.dylib
changefunc:  /usr/lib/libcurl.4.dylib
changefunc:  @loader_path/libwx_osx_cocoau_html-3.2.0.2.1.dylib
changefunc:  @loader_path/libwx_baseu_xml-3.2.0.2.1.dylib
changefunc:  @loader_path/libwx_osx_cocoau_core-3.2.0.2.1.dylib
changefunc:  @loader_path/libwx_baseu-3.2.0.2.1.dylib
changefunc:  /usr/lib/libc++.1.dylib
changefunc:  /Users/jamie/Documents/Projects/python/py2app-error/dist/Timer.app/Contents/Resources/lib/python3.11/wx/libwx_osx_cocoau_richtext-3.2.0.2.1.dylib
changefunc:  /System/Library/Frameworks/IOKit.framework/Versions/A/IOKit
changefunc:  /System/Library/Frameworks/Carbon.framework/Versions/A/Carbon
changefunc:  /System/Library/Frameworks/Cocoa.framework/Versions/A/Cocoa
changefunc:  /System/Library/Frameworks/QuartzCore.framework/Versions/A/QuartzCore
changefunc:  /System/Library/Frameworks/AudioToolbox.framework/Versions/A/AudioToolbox
changefunc:  /usr/lib/libSystem.B.dylib
changefunc:  /System/Library/Frameworks/OpenGL.framework/Versions/A/OpenGL
changefunc:  /System/Library/Frameworks/WebKit.framework/Versions/A/WebKit
changefunc:  /usr/lib/libz.1.dylib
changefunc:  /System/Library/Frameworks/Security.framework/Versions/A/Security
changefunc:  /usr/lib/libiconv.2.dylib
changefunc:  /usr/lib/libcurl.4.dylib
changefunc:  @loader_path/libwx_osx_cocoau_html-3.2.0.2.1.dylib
changefunc:  @loader_path/libwx_baseu_xml-3.2.0.2.1.dylib
changefunc:  @loader_path/libwx_osx_cocoau_core-3.2.0.2.1.dylib
changefunc:  @loader_path/libwx_baseu-3.2.0.2.1.dylib
changefunc:  /usr/lib/libc++.1.dylib
changefunc:  /Users/jamie/Documents/Projects/python/py2app-error/dist/Timer.app/Contents/Resources/lib/python3.11/wx/libwx_osx_cocoau_richtext-3.2.0.2.1.dylib
changefunc:  /System/Library/Frameworks/IOKit.framework/Versions/A/IOKit
changefunc:  /System/Library/Frameworks/Carbon.framework/Versions/A/Carbon
changefunc:  /System/Library/Frameworks/Cocoa.framework/Versions/A/Cocoa
changefunc:  /System/Library/Frameworks/QuartzCore.framework/Versions/A/QuartzCore
changefunc:  /System/Library/Frameworks/AudioToolbox.framework/Versions/A/AudioToolbox
changefunc:  /usr/lib/libSystem.B.dylib
changefunc:  /System/Library/Frameworks/OpenGL.framework/Versions/A/OpenGL
changefunc:  /System/Library/Frameworks/WebKit.framework/Versions/A/WebKit
changefunc:  /usr/lib/libz.1.dylib
changefunc:  /System/Library/Frameworks/Security.framework/Versions/A/Security
changefunc:  /usr/lib/libiconv.2.dylib
changefunc:  /usr/lib/libcurl.4.dylib
changefunc:  @loader_path/libwx_osx_cocoau_html-3.2.0.2.1.dylib
changefunc:  @loader_path/libwx_baseu_xml-3.2.0.2.1.dylib
changefunc:  @loader_path/libwx_osx_cocoau_core-3.2.0.2.1.dylib
changefunc:  @loader_path/libwx_baseu-3.2.0.2.1.dylib
changefunc:  /usr/lib/libc++.1.dylib
changefunc:  /Users/jamie/Documents/Projects/python/py2app-error/dist/Timer.app/Contents/Resources/lib/python3.11/wx/libwx_osx_cocoau_richtext-3.2.0.2.1.dylib
changefunc:  /System/Library/Frameworks/IOKit.framework/Versions/A/IOKit
changefunc:  /System/Library/Frameworks/Carbon.framework/Versions/A/Carbon
changefunc:  /System/Library/Frameworks/Cocoa.framework/Versions/A/Cocoa
changefunc:  /System/Library/Frameworks/QuartzCore.framework/Versions/A/QuartzCore
changefunc:  /System/Library/Frameworks/AudioToolbox.framework/Versions/A/AudioToolbox
changefunc:  /usr/lib/libSystem.B.dylib
changefunc:  /System/Library/Frameworks/OpenGL.framework/Versions/A/OpenGL
changefunc:  /System/Library/Frameworks/WebKit.framework/Versions/A/WebKit
changefunc:  /usr/lib/libz.1.dylib
changefunc:  /System/Library/Frameworks/Security.framework/Versions/A/Security
changefunc:  /usr/lib/libiconv.2.dylib
changefunc:  /usr/lib/libcurl.4.dylib
changefunc:  @loader_path/libwx_osx_cocoau_html-3.2.0.2.1.dylib
changefunc:  @loader_path/libwx_baseu_xml-3.2.0.2.1.dylib
changefunc:  @loader_path/libwx_osx_cocoau_core-3.2.0.2.1.dylib
changefunc:  @loader_path/libwx_baseu-3.2.0.2.1.dylib
changefunc:  /usr/lib/libc++.1.dylib
changefunc:  /Users/jamie/Documents/Projects/python/py2app-error/dist/Timer.app/Contents/Resources/lib/python3.11/wx/libwx_baseu_xml-3.2.0.2.1.dylib
changefunc:  /System/Library/Frameworks/IOKit.framework/Versions/A/IOKit
changefunc:  /System/Library/Frameworks/Carbon.framework/Versions/A/Carbon
changefunc:  /System/Library/Frameworks/Cocoa.framework/Versions/A/Cocoa
changefunc:  /System/Library/Frameworks/QuartzCore.framework/Versions/A/QuartzCore
changefunc:  /System/Library/Frameworks/AudioToolbox.framework/Versions/A/AudioToolbox
changefunc:  /usr/lib/libSystem.B.dylib
changefunc:  /System/Library/Frameworks/OpenGL.framework/Versions/A/OpenGL
changefunc:  /usr/lib/libz.1.dylib
changefunc:  /System/Library/Frameworks/Security.framework/Versions/A/Security
changefunc:  /usr/lib/libiconv.2.dylib
changefunc:  /usr/lib/libcurl.4.dylib
changefunc:  @loader_path/libwx_baseu-3.2.0.2.1.dylib
changefunc:  /usr/lib/libexpat.1.dylib
changefunc:  /usr/lib/libc++.1.dylib
changefunc:  /Users/jamie/Documents/Projects/python/py2app-error/dist/Timer.app/Contents/Resources/lib/python3.11/wx/libwx_baseu_xml-3.2.0.2.1.dylib
changefunc:  /System/Library/Frameworks/IOKit.framework/Versions/A/IOKit
changefunc:  /System/Library/Frameworks/Carbon.framework/Versions/A/Carbon
changefunc:  /System/Library/Frameworks/Cocoa.framework/Versions/A/Cocoa
changefunc:  /System/Library/Frameworks/QuartzCore.framework/Versions/A/QuartzCore
changefunc:  /System/Library/Frameworks/AudioToolbox.framework/Versions/A/AudioToolbox
changefunc:  /usr/lib/libSystem.B.dylib
changefunc:  /System/Library/Frameworks/OpenGL.framework/Versions/A/OpenGL
changefunc:  /usr/lib/libz.1.dylib
changefunc:  /System/Library/Frameworks/Security.framework/Versions/A/Security
changefunc:  /usr/lib/libiconv.2.dylib
changefunc:  /usr/lib/libcurl.4.dylib
changefunc:  @loader_path/libwx_baseu-3.2.0.2.1.dylib
changefunc:  /usr/lib/libexpat.1.dylib
changefunc:  /usr/lib/libc++.1.dylib
changefunc:  /Users/jamie/Documents/Projects/python/py2app-error/dist/Timer.app/Contents/Resources/lib/python3.11/wx/libwx_baseu_xml-3.2.0.2.1.dylib
changefunc:  /System/Library/Frameworks/IOKit.framework/Versions/A/IOKit
changefunc:  /System/Library/Frameworks/Carbon.framework/Versions/A/Carbon
changefunc:  /System/Library/Frameworks/Cocoa.framework/Versions/A/Cocoa
changefunc:  /System/Library/Frameworks/QuartzCore.framework/Versions/A/QuartzCore
changefunc:  /System/Library/Frameworks/AudioToolbox.framework/Versions/A/AudioToolbox
changefunc:  /usr/lib/libSystem.B.dylib
changefunc:  /System/Library/Frameworks/OpenGL.framework/Versions/A/OpenGL
changefunc:  /usr/lib/libz.1.dylib
changefunc:  /System/Library/Frameworks/Security.framework/Versions/A/Security
changefunc:  /usr/lib/libiconv.2.dylib
changefunc:  /usr/lib/libcurl.4.dylib
changefunc:  @loader_path/libwx_baseu-3.2.0.2.1.dylib
changefunc:  /usr/lib/libexpat.1.dylib
changefunc:  /usr/lib/libc++.1.dylib
changefunc:  /Users/jamie/Documents/Projects/python/py2app-error/dist/Timer.app/Contents/Resources/lib/python3.11/wx/libwx_baseu_xml-3.2.0.2.1.dylib
changefunc:  /System/Library/Frameworks/IOKit.framework/Versions/A/IOKit
changefunc:  /System/Library/Frameworks/Carbon.framework/Versions/A/Carbon
changefunc:  /System/Library/Frameworks/Cocoa.framework/Versions/A/Cocoa
changefunc:  /System/Library/Frameworks/QuartzCore.framework/Versions/A/QuartzCore
changefunc:  /System/Library/Frameworks/AudioToolbox.framework/Versions/A/AudioToolbox
changefunc:  /usr/lib/libSystem.B.dylib
changefunc:  /System/Library/Frameworks/OpenGL.framework/Versions/A/OpenGL
changefunc:  /usr/lib/libz.1.dylib
changefunc:  /System/Library/Frameworks/Security.framework/Versions/A/Security
changefunc:  /usr/lib/libiconv.2.dylib
changefunc:  /usr/lib/libcurl.4.dylib
changefunc:  @loader_path/libwx_baseu-3.2.0.2.1.dylib
changefunc:  /usr/lib/libexpat.1.dylib
changefunc:  /usr/lib/libc++.1.dylib
changefunc:  /Users/jamie/Documents/Projects/python/py2app-error/dist/Timer.app/Contents/Resources/lib/python3.11/wx/_grid.cpython-311-darwin.so
changefunc:  /System/Library/Frameworks/IOKit.framework/Versions/A/IOKit
changefunc:  /System/Library/Frameworks/Carbon.framework/Versions/A/Carbon
changefunc:  /System/Library/Frameworks/Cocoa.framework/Versions/A/Cocoa
changefunc:  /System/Library/Frameworks/QuartzCore.framework/Versions/A/QuartzCore
changefunc:  /System/Library/Frameworks/AudioToolbox.framework/Versions/A/AudioToolbox
changefunc:  /usr/lib/libSystem.B.dylib
changefunc:  /System/Library/Frameworks/OpenGL.framework/Versions/A/OpenGL
changefunc:  /System/Library/Frameworks/CoreFoundation.framework/Versions/A/CoreFoundation
changefunc:  @loader_path/libwx_osx_cocoau_core-3.2.0.2.1.dylib
changefunc:  @loader_path/libwx_baseu_net-3.2.0.2.1.dylib
changefunc:  @loader_path/libwx_baseu-3.2.0.2.1.dylib
changefunc:  /usr/lib/libc++.1.dylib
changefunc:  /Users/jamie/Documents/Projects/python/py2app-error/dist/Timer.app/Contents/Resources/lib/python3.11/wx/_grid.cpython-311-darwin.so
changefunc:  /System/Library/Frameworks/IOKit.framework/Versions/A/IOKit
changefunc:  /System/Library/Frameworks/Carbon.framework/Versions/A/Carbon
changefunc:  /System/Library/Frameworks/Cocoa.framework/Versions/A/Cocoa
changefunc:  /System/Library/Frameworks/QuartzCore.framework/Versions/A/QuartzCore
changefunc:  /System/Library/Frameworks/AudioToolbox.framework/Versions/A/AudioToolbox
changefunc:  /usr/lib/libSystem.B.dylib
changefunc:  /System/Library/Frameworks/OpenGL.framework/Versions/A/OpenGL
changefunc:  /System/Library/Frameworks/CoreFoundation.framework/Versions/A/CoreFoundation
changefunc:  @loader_path/libwx_osx_cocoau_core-3.2.0.2.1.dylib
changefunc:  @loader_path/libwx_baseu_net-3.2.0.2.1.dylib
changefunc:  @loader_path/libwx_baseu-3.2.0.2.1.dylib
changefunc:  /usr/lib/libc++.1.dylib
changefunc:  /Users/jamie/Documents/Projects/python/py2app-error/dist/Timer.app/Contents/Resources/lib/python3.11/wx/_grid.cpython-311-darwin.so
changefunc:  /System/Library/Frameworks/IOKit.framework/Versions/A/IOKit
changefunc:  /System/Library/Frameworks/Carbon.framework/Versions/A/Carbon
changefunc:  /System/Library/Frameworks/Cocoa.framework/Versions/A/Cocoa
changefunc:  /System/Library/Frameworks/QuartzCore.framework/Versions/A/QuartzCore
changefunc:  /System/Library/Frameworks/AudioToolbox.framework/Versions/A/AudioToolbox
changefunc:  /usr/lib/libSystem.B.dylib
changefunc:  /System/Library/Frameworks/OpenGL.framework/Versions/A/OpenGL
changefunc:  /System/Library/Frameworks/CoreFoundation.framework/Versions/A/CoreFoundation
changefunc:  @loader_path/libwx_osx_cocoau_core-3.2.0.2.1.dylib
changefunc:  @loader_path/libwx_baseu_net-3.2.0.2.1.dylib
changefunc:  @loader_path/libwx_baseu-3.2.0.2.1.dylib
changefunc:  /usr/lib/libc++.1.dylib
changefunc:  /Users/jamie/Documents/Projects/python/py2app-error/dist/Timer.app/Contents/Resources/lib/python3.11/wx/_grid.cpython-311-darwin.so
changefunc:  /System/Library/Frameworks/IOKit.framework/Versions/A/IOKit
changefunc:  /System/Library/Frameworks/Carbon.framework/Versions/A/Carbon
changefunc:  /System/Library/Frameworks/Cocoa.framework/Versions/A/Cocoa
changefunc:  /System/Library/Frameworks/QuartzCore.framework/Versions/A/QuartzCore
changefunc:  /System/Library/Frameworks/AudioToolbox.framework/Versions/A/AudioToolbox
changefunc:  /usr/lib/libSystem.B.dylib
changefunc:  /System/Library/Frameworks/OpenGL.framework/Versions/A/OpenGL
changefunc:  /System/Library/Frameworks/CoreFoundation.framework/Versions/A/CoreFoundation
changefunc:  @loader_path/libwx_osx_cocoau_core-3.2.0.2.1.dylib
changefunc:  @loader_path/libwx_baseu_net-3.2.0.2.1.dylib
changefunc:  @loader_path/libwx_baseu-3.2.0.2.1.dylib
changefunc:  /usr/lib/libc++.1.dylib
changefunc:  /Users/jamie/Documents/Projects/python/py2app-error/dist/Timer.app/Contents/Resources/lib/python3.11/wx/_glcanvas.cpython-311-darwin.so
changefunc:  /System/Library/Frameworks/IOKit.framework/Versions/A/IOKit
changefunc:  /System/Library/Frameworks/Carbon.framework/Versions/A/Carbon
changefunc:  /System/Library/Frameworks/Cocoa.framework/Versions/A/Cocoa
changefunc:  /System/Library/Frameworks/QuartzCore.framework/Versions/A/QuartzCore
changefunc:  /System/Library/Frameworks/AudioToolbox.framework/Versions/A/AudioToolbox
changefunc:  /usr/lib/libSystem.B.dylib
changefunc:  /System/Library/Frameworks/OpenGL.framework/Versions/A/OpenGL
changefunc:  /System/Library/Frameworks/CoreFoundation.framework/Versions/A/CoreFoundation
changefunc:  @loader_path/libwx_osx_cocoau_gl-3.2.0.2.1.dylib
changefunc:  @loader_path/libwx_osx_cocoau_core-3.2.0.2.1.dylib
changefunc:  @loader_path/libwx_baseu_net-3.2.0.2.1.dylib
changefunc:  @loader_path/libwx_baseu-3.2.0.2.1.dylib
changefunc:  /usr/lib/libc++.1.dylib
changefunc:  /Users/jamie/Documents/Projects/python/py2app-error/dist/Timer.app/Contents/Resources/lib/python3.11/wx/_glcanvas.cpython-311-darwin.so
changefunc:  /System/Library/Frameworks/IOKit.framework/Versions/A/IOKit
changefunc:  /System/Library/Frameworks/Carbon.framework/Versions/A/Carbon
changefunc:  /System/Library/Frameworks/Cocoa.framework/Versions/A/Cocoa
changefunc:  /System/Library/Frameworks/QuartzCore.framework/Versions/A/QuartzCore
changefunc:  /System/Library/Frameworks/AudioToolbox.framework/Versions/A/AudioToolbox
changefunc:  /usr/lib/libSystem.B.dylib
changefunc:  /System/Library/Frameworks/OpenGL.framework/Versions/A/OpenGL
changefunc:  /System/Library/Frameworks/CoreFoundation.framework/Versions/A/CoreFoundation
changefunc:  @loader_path/libwx_osx_cocoau_gl-3.2.0.2.1.dylib
changefunc:  @loader_path/libwx_osx_cocoau_core-3.2.0.2.1.dylib
changefunc:  @loader_path/libwx_baseu_net-3.2.0.2.1.dylib
changefunc:  @loader_path/libwx_baseu-3.2.0.2.1.dylib
changefunc:  /usr/lib/libc++.1.dylib
changefunc:  /Users/jamie/Documents/Projects/python/py2app-error/dist/Timer.app/Contents/Resources/lib/python3.11/wx/_glcanvas.cpython-311-darwin.so
changefunc:  /System/Library/Frameworks/IOKit.framework/Versions/A/IOKit
changefunc:  /System/Library/Frameworks/Carbon.framework/Versions/A/Carbon
changefunc:  /System/Library/Frameworks/Cocoa.framework/Versions/A/Cocoa
changefunc:  /System/Library/Frameworks/QuartzCore.framework/Versions/A/QuartzCore
changefunc:  /System/Library/Frameworks/AudioToolbox.framework/Versions/A/AudioToolbox
changefunc:  /usr/lib/libSystem.B.dylib
changefunc:  /System/Library/Frameworks/OpenGL.framework/Versions/A/OpenGL
changefunc:  /System/Library/Frameworks/CoreFoundation.framework/Versions/A/CoreFoundation
changefunc:  @loader_path/libwx_osx_cocoau_gl-3.2.0.2.1.dylib
changefunc:  @loader_path/libwx_osx_cocoau_core-3.2.0.2.1.dylib
changefunc:  @loader_path/libwx_baseu_net-3.2.0.2.1.dylib
changefunc:  @loader_path/libwx_baseu-3.2.0.2.1.dylib
changefunc:  /usr/lib/libc++.1.dylib
changefunc:  /Users/jamie/Documents/Projects/python/py2app-error/dist/Timer.app/Contents/Resources/lib/python3.11/wx/_glcanvas.cpython-311-darwin.so
changefunc:  /System/Library/Frameworks/IOKit.framework/Versions/A/IOKit
changefunc:  /System/Library/Frameworks/Carbon.framework/Versions/A/Carbon
changefunc:  /System/Library/Frameworks/Cocoa.framework/Versions/A/Cocoa
changefunc:  /System/Library/Frameworks/QuartzCore.framework/Versions/A/QuartzCore
changefunc:  /System/Library/Frameworks/AudioToolbox.framework/Versions/A/AudioToolbox
changefunc:  /usr/lib/libSystem.B.dylib
changefunc:  /System/Library/Frameworks/OpenGL.framework/Versions/A/OpenGL
changefunc:  /System/Library/Frameworks/CoreFoundation.framework/Versions/A/CoreFoundation
changefunc:  @loader_path/libwx_osx_cocoau_gl-3.2.0.2.1.dylib
changefunc:  @loader_path/libwx_osx_cocoau_core-3.2.0.2.1.dylib
changefunc:  @loader_path/libwx_baseu_net-3.2.0.2.1.dylib
changefunc:  @loader_path/libwx_baseu-3.2.0.2.1.dylib
changefunc:  /usr/lib/libc++.1.dylib
changefunc:  /Users/jamie/Documents/Projects/python/py2app-error/dist/Timer.app/Contents/Resources/lib/python3.11/wx/libwx_osx_cocoau_adv-3.2.0.2.1.dylib
changefunc:  /System/Library/Frameworks/IOKit.framework/Versions/A/IOKit
changefunc:  /System/Library/Frameworks/Carbon.framework/Versions/A/Carbon
changefunc:  /System/Library/Frameworks/Cocoa.framework/Versions/A/Cocoa
changefunc:  /System/Library/Frameworks/QuartzCore.framework/Versions/A/QuartzCore
changefunc:  /System/Library/Frameworks/AudioToolbox.framework/Versions/A/AudioToolbox
changefunc:  /usr/lib/libSystem.B.dylib
changefunc:  /System/Library/Frameworks/OpenGL.framework/Versions/A/OpenGL
changefunc:  /System/Library/Frameworks/WebKit.framework/Versions/A/WebKit
changefunc:  /usr/lib/libz.1.dylib
changefunc:  /System/Library/Frameworks/Security.framework/Versions/A/Security
changefunc:  /usr/lib/libiconv.2.dylib
changefunc:  /usr/lib/libcurl.4.dylib
changefunc:  @loader_path/libwx_osx_cocoau_core-3.2.0.2.1.dylib
changefunc:  @loader_path/libwx_baseu-3.2.0.2.1.dylib
changefunc:  /usr/lib/libc++.1.dylib
changefunc:  /Users/jamie/Documents/Projects/python/py2app-error/dist/Timer.app/Contents/Resources/lib/python3.11/wx/libwx_osx_cocoau_adv-3.2.0.2.1.dylib
changefunc:  /System/Library/Frameworks/IOKit.framework/Versions/A/IOKit
changefunc:  /System/Library/Frameworks/Carbon.framework/Versions/A/Carbon
changefunc:  /System/Library/Frameworks/Cocoa.framework/Versions/A/Cocoa
changefunc:  /System/Library/Frameworks/QuartzCore.framework/Versions/A/QuartzCore
changefunc:  /System/Library/Frameworks/AudioToolbox.framework/Versions/A/AudioToolbox
changefunc:  /usr/lib/libSystem.B.dylib
changefunc:  /System/Library/Frameworks/OpenGL.framework/Versions/A/OpenGL
changefunc:  /System/Library/Frameworks/WebKit.framework/Versions/A/WebKit
changefunc:  /usr/lib/libz.1.dylib
changefunc:  /System/Library/Frameworks/Security.framework/Versions/A/Security
changefunc:  /usr/lib/libiconv.2.dylib
changefunc:  /usr/lib/libcurl.4.dylib
changefunc:  @loader_path/libwx_osx_cocoau_core-3.2.0.2.1.dylib
changefunc:  @loader_path/libwx_baseu-3.2.0.2.1.dylib
changefunc:  /usr/lib/libc++.1.dylib
changefunc:  /Users/jamie/Documents/Projects/python/py2app-error/dist/Timer.app/Contents/Resources/lib/python3.11/wx/libwx_osx_cocoau_adv-3.2.0.2.1.dylib
changefunc:  /System/Library/Frameworks/IOKit.framework/Versions/A/IOKit
changefunc:  /System/Library/Frameworks/Carbon.framework/Versions/A/Carbon
changefunc:  /System/Library/Frameworks/Cocoa.framework/Versions/A/Cocoa
changefunc:  /System/Library/Frameworks/QuartzCore.framework/Versions/A/QuartzCore
changefunc:  /System/Library/Frameworks/AudioToolbox.framework/Versions/A/AudioToolbox
changefunc:  /usr/lib/libSystem.B.dylib
changefunc:  /System/Library/Frameworks/OpenGL.framework/Versions/A/OpenGL
changefunc:  /System/Library/Frameworks/WebKit.framework/Versions/A/WebKit
changefunc:  /usr/lib/libz.1.dylib
changefunc:  /System/Library/Frameworks/Security.framework/Versions/A/Security
changefunc:  /usr/lib/libiconv.2.dylib
changefunc:  /usr/lib/libcurl.4.dylib
changefunc:  @loader_path/libwx_osx_cocoau_core-3.2.0.2.1.dylib
changefunc:  @loader_path/libwx_baseu-3.2.0.2.1.dylib
changefunc:  /usr/lib/libc++.1.dylib
changefunc:  /Users/jamie/Documents/Projects/python/py2app-error/dist/Timer.app/Contents/Resources/lib/python3.11/wx/libwx_osx_cocoau_adv-3.2.0.2.1.dylib
changefunc:  /System/Library/Frameworks/IOKit.framework/Versions/A/IOKit
changefunc:  /System/Library/Frameworks/Carbon.framework/Versions/A/Carbon
changefunc:  /System/Library/Frameworks/Cocoa.framework/Versions/A/Cocoa
changefunc:  /System/Library/Frameworks/QuartzCore.framework/Versions/A/QuartzCore
changefunc:  /System/Library/Frameworks/AudioToolbox.framework/Versions/A/AudioToolbox
changefunc:  /usr/lib/libSystem.B.dylib
changefunc:  /System/Library/Frameworks/OpenGL.framework/Versions/A/OpenGL
changefunc:  /System/Library/Frameworks/WebKit.framework/Versions/A/WebKit
changefunc:  /usr/lib/libz.1.dylib
changefunc:  /System/Library/Frameworks/Security.framework/Versions/A/Security
changefunc:  /usr/lib/libiconv.2.dylib
changefunc:  /usr/lib/libcurl.4.dylib
changefunc:  @loader_path/libwx_osx_cocoau_core-3.2.0.2.1.dylib
changefunc:  @loader_path/libwx_baseu-3.2.0.2.1.dylib
changefunc:  /usr/lib/libc++.1.dylib
changefunc:  /Users/jamie/Documents/Projects/python/py2app-error/dist/Timer.app/Contents/Resources/lib/python3.11/wx/_xml.cpython-311-darwin.so
changefunc:  /System/Library/Frameworks/IOKit.framework/Versions/A/IOKit
changefunc:  /System/Library/Frameworks/Carbon.framework/Versions/A/Carbon
changefunc:  /System/Library/Frameworks/Cocoa.framework/Versions/A/Cocoa
changefunc:  /System/Library/Frameworks/QuartzCore.framework/Versions/A/QuartzCore
changefunc:  /System/Library/Frameworks/AudioToolbox.framework/Versions/A/AudioToolbox
changefunc:  /usr/lib/libSystem.B.dylib
changefunc:  /System/Library/Frameworks/OpenGL.framework/Versions/A/OpenGL
changefunc:  /System/Library/Frameworks/CoreFoundation.framework/Versions/A/CoreFoundation
changefunc:  @loader_path/libwx_baseu_xml-3.2.0.2.1.dylib
changefunc:  @loader_path/libwx_osx_cocoau_core-3.2.0.2.1.dylib
changefunc:  @loader_path/libwx_baseu_net-3.2.0.2.1.dylib
changefunc:  @loader_path/libwx_baseu-3.2.0.2.1.dylib
changefunc:  /usr/lib/libc++.1.dylib
changefunc:  /Users/jamie/Documents/Projects/python/py2app-error/dist/Timer.app/Contents/Resources/lib/python3.11/wx/_xml.cpython-311-darwin.so
changefunc:  /System/Library/Frameworks/IOKit.framework/Versions/A/IOKit
changefunc:  /System/Library/Frameworks/Carbon.framework/Versions/A/Carbon
changefunc:  /System/Library/Frameworks/Cocoa.framework/Versions/A/Cocoa
changefunc:  /System/Library/Frameworks/QuartzCore.framework/Versions/A/QuartzCore
changefunc:  /System/Library/Frameworks/AudioToolbox.framework/Versions/A/AudioToolbox
changefunc:  /usr/lib/libSystem.B.dylib
changefunc:  /System/Library/Frameworks/OpenGL.framework/Versions/A/OpenGL
changefunc:  /System/Library/Frameworks/CoreFoundation.framework/Versions/A/CoreFoundation
changefunc:  @loader_path/libwx_baseu_xml-3.2.0.2.1.dylib
changefunc:  @loader_path/libwx_osx_cocoau_core-3.2.0.2.1.dylib
changefunc:  @loader_path/libwx_baseu_net-3.2.0.2.1.dylib
changefunc:  @loader_path/libwx_baseu-3.2.0.2.1.dylib
changefunc:  /usr/lib/libc++.1.dylib
changefunc:  /Users/jamie/Documents/Projects/python/py2app-error/dist/Timer.app/Contents/Resources/lib/python3.11/wx/_xml.cpython-311-darwin.so
changefunc:  /System/Library/Frameworks/IOKit.framework/Versions/A/IOKit
changefunc:  /System/Library/Frameworks/Carbon.framework/Versions/A/Carbon
changefunc:  /System/Library/Frameworks/Cocoa.framework/Versions/A/Cocoa
changefunc:  /System/Library/Frameworks/QuartzCore.framework/Versions/A/QuartzCore
changefunc:  /System/Library/Frameworks/AudioToolbox.framework/Versions/A/AudioToolbox
changefunc:  /usr/lib/libSystem.B.dylib
changefunc:  /System/Library/Frameworks/OpenGL.framework/Versions/A/OpenGL
changefunc:  /System/Library/Frameworks/CoreFoundation.framework/Versions/A/CoreFoundation
changefunc:  @loader_path/libwx_baseu_xml-3.2.0.2.1.dylib
changefunc:  @loader_path/libwx_osx_cocoau_core-3.2.0.2.1.dylib
changefunc:  @loader_path/libwx_baseu_net-3.2.0.2.1.dylib
changefunc:  @loader_path/libwx_baseu-3.2.0.2.1.dylib
changefunc:  /usr/lib/libc++.1.dylib
changefunc:  /Users/jamie/Documents/Projects/python/py2app-error/dist/Timer.app/Contents/Resources/lib/python3.11/wx/_xml.cpython-311-darwin.so
changefunc:  /System/Library/Frameworks/IOKit.framework/Versions/A/IOKit
changefunc:  /System/Library/Frameworks/Carbon.framework/Versions/A/Carbon
changefunc:  /System/Library/Frameworks/Cocoa.framework/Versions/A/Cocoa
changefunc:  /System/Library/Frameworks/QuartzCore.framework/Versions/A/QuartzCore
changefunc:  /System/Library/Frameworks/AudioToolbox.framework/Versions/A/AudioToolbox
changefunc:  /usr/lib/libSystem.B.dylib
changefunc:  /System/Library/Frameworks/OpenGL.framework/Versions/A/OpenGL
changefunc:  /System/Library/Frameworks/CoreFoundation.framework/Versions/A/CoreFoundation
changefunc:  @loader_path/libwx_baseu_xml-3.2.0.2.1.dylib
changefunc:  @loader_path/libwx_osx_cocoau_core-3.2.0.2.1.dylib
changefunc:  @loader_path/libwx_baseu_net-3.2.0.2.1.dylib
changefunc:  @loader_path/libwx_baseu-3.2.0.2.1.dylib
changefunc:  /usr/lib/libc++.1.dylib
changefunc:  /Users/jamie/Documents/Projects/python/py2app-error/dist/Timer.app/Contents/Resources/lib/python3.11/wx/_ribbon.cpython-311-darwin.so
changefunc:  /System/Library/Frameworks/IOKit.framework/Versions/A/IOKit
changefunc:  /System/Library/Frameworks/Carbon.framework/Versions/A/Carbon
changefunc:  /System/Library/Frameworks/Cocoa.framework/Versions/A/Cocoa
changefunc:  /System/Library/Frameworks/QuartzCore.framework/Versions/A/QuartzCore
changefunc:  /System/Library/Frameworks/AudioToolbox.framework/Versions/A/AudioToolbox
changefunc:  /usr/lib/libSystem.B.dylib
changefunc:  /System/Library/Frameworks/OpenGL.framework/Versions/A/OpenGL
changefunc:  /System/Library/Frameworks/CoreFoundation.framework/Versions/A/CoreFoundation
changefunc:  @loader_path/libwx_osx_cocoau_ribbon-3.2.0.2.1.dylib
changefunc:  @loader_path/libwx_osx_cocoau_core-3.2.0.2.1.dylib
changefunc:  @loader_path/libwx_baseu_net-3.2.0.2.1.dylib
changefunc:  @loader_path/libwx_baseu-3.2.0.2.1.dylib
changefunc:  /usr/lib/libc++.1.dylib
changefunc:  /Users/jamie/Documents/Projects/python/py2app-error/dist/Timer.app/Contents/Resources/lib/python3.11/wx/_ribbon.cpython-311-darwin.so
changefunc:  /System/Library/Frameworks/IOKit.framework/Versions/A/IOKit
changefunc:  /System/Library/Frameworks/Carbon.framework/Versions/A/Carbon
changefunc:  /System/Library/Frameworks/Cocoa.framework/Versions/A/Cocoa
changefunc:  /System/Library/Frameworks/QuartzCore.framework/Versions/A/QuartzCore
changefunc:  /System/Library/Frameworks/AudioToolbox.framework/Versions/A/AudioToolbox
changefunc:  /usr/lib/libSystem.B.dylib
changefunc:  /System/Library/Frameworks/OpenGL.framework/Versions/A/OpenGL
changefunc:  /System/Library/Frameworks/CoreFoundation.framework/Versions/A/CoreFoundation
changefunc:  @loader_path/libwx_osx_cocoau_ribbon-3.2.0.2.1.dylib
changefunc:  @loader_path/libwx_osx_cocoau_core-3.2.0.2.1.dylib
changefunc:  @loader_path/libwx_baseu_net-3.2.0.2.1.dylib
changefunc:  @loader_path/libwx_baseu-3.2.0.2.1.dylib
changefunc:  /usr/lib/libc++.1.dylib
changefunc:  /Users/jamie/Documents/Projects/python/py2app-error/dist/Timer.app/Contents/Resources/lib/python3.11/wx/_ribbon.cpython-311-darwin.so
changefunc:  /System/Library/Frameworks/IOKit.framework/Versions/A/IOKit
changefunc:  /System/Library/Frameworks/Carbon.framework/Versions/A/Carbon
changefunc:  /System/Library/Frameworks/Cocoa.framework/Versions/A/Cocoa
changefunc:  /System/Library/Frameworks/QuartzCore.framework/Versions/A/QuartzCore
changefunc:  /System/Library/Frameworks/AudioToolbox.framework/Versions/A/AudioToolbox
changefunc:  /usr/lib/libSystem.B.dylib
changefunc:  /System/Library/Frameworks/OpenGL.framework/Versions/A/OpenGL
changefunc:  /System/Library/Frameworks/CoreFoundation.framework/Versions/A/CoreFoundation
changefunc:  @loader_path/libwx_osx_cocoau_ribbon-3.2.0.2.1.dylib
changefunc:  @loader_path/libwx_osx_cocoau_core-3.2.0.2.1.dylib
changefunc:  @loader_path/libwx_baseu_net-3.2.0.2.1.dylib
changefunc:  @loader_path/libwx_baseu-3.2.0.2.1.dylib
changefunc:  /usr/lib/libc++.1.dylib
changefunc:  /Users/jamie/Documents/Projects/python/py2app-error/dist/Timer.app/Contents/Resources/lib/python3.11/wx/_ribbon.cpython-311-darwin.so
changefunc:  /System/Library/Frameworks/IOKit.framework/Versions/A/IOKit
changefunc:  /System/Library/Frameworks/Carbon.framework/Versions/A/Carbon
changefunc:  /System/Library/Frameworks/Cocoa.framework/Versions/A/Cocoa
changefunc:  /System/Library/Frameworks/QuartzCore.framework/Versions/A/QuartzCore
changefunc:  /System/Library/Frameworks/AudioToolbox.framework/Versions/A/AudioToolbox
changefunc:  /usr/lib/libSystem.B.dylib
changefunc:  /System/Library/Frameworks/OpenGL.framework/Versions/A/OpenGL
changefunc:  /System/Library/Frameworks/CoreFoundation.framework/Versions/A/CoreFoundation
changefunc:  @loader_path/libwx_osx_cocoau_ribbon-3.2.0.2.1.dylib
changefunc:  @loader_path/libwx_osx_cocoau_core-3.2.0.2.1.dylib
changefunc:  @loader_path/libwx_baseu_net-3.2.0.2.1.dylib
changefunc:  @loader_path/libwx_baseu-3.2.0.2.1.dylib
changefunc:  /usr/lib/libc++.1.dylib
changefunc:  /Users/jamie/Documents/Projects/python/py2app-error/dist/Timer.app/Contents/Resources/lib/python3.11/wx/libwx_osx_cocoau_ribbon-3.2.0.2.1.dylib
changefunc:  /System/Library/Frameworks/IOKit.framework/Versions/A/IOKit
changefunc:  /System/Library/Frameworks/Carbon.framework/Versions/A/Carbon
changefunc:  /System/Library/Frameworks/Cocoa.framework/Versions/A/Cocoa
changefunc:  /System/Library/Frameworks/QuartzCore.framework/Versions/A/QuartzCore
changefunc:  /System/Library/Frameworks/AudioToolbox.framework/Versions/A/AudioToolbox
changefunc:  /usr/lib/libSystem.B.dylib
changefunc:  /System/Library/Frameworks/OpenGL.framework/Versions/A/OpenGL
changefunc:  /System/Library/Frameworks/WebKit.framework/Versions/A/WebKit
changefunc:  /usr/lib/libz.1.dylib
changefunc:  /System/Library/Frameworks/Security.framework/Versions/A/Security
changefunc:  /usr/lib/libiconv.2.dylib
changefunc:  /usr/lib/libcurl.4.dylib
changefunc:  @loader_path/libwx_osx_cocoau_core-3.2.0.2.1.dylib
changefunc:  @loader_path/libwx_baseu-3.2.0.2.1.dylib
changefunc:  /usr/lib/libc++.1.dylib
changefunc:  /Users/jamie/Documents/Projects/python/py2app-error/dist/Timer.app/Contents/Resources/lib/python3.11/wx/libwx_osx_cocoau_ribbon-3.2.0.2.1.dylib
changefunc:  /System/Library/Frameworks/IOKit.framework/Versions/A/IOKit
changefunc:  /System/Library/Frameworks/Carbon.framework/Versions/A/Carbon
changefunc:  /System/Library/Frameworks/Cocoa.framework/Versions/A/Cocoa
changefunc:  /System/Library/Frameworks/QuartzCore.framework/Versions/A/QuartzCore
changefunc:  /System/Library/Frameworks/AudioToolbox.framework/Versions/A/AudioToolbox
changefunc:  /usr/lib/libSystem.B.dylib
changefunc:  /System/Library/Frameworks/OpenGL.framework/Versions/A/OpenGL
changefunc:  /System/Library/Frameworks/WebKit.framework/Versions/A/WebKit
changefunc:  /usr/lib/libz.1.dylib
changefunc:  /System/Library/Frameworks/Security.framework/Versions/A/Security
changefunc:  /usr/lib/libiconv.2.dylib
changefunc:  /usr/lib/libcurl.4.dylib
changefunc:  @loader_path/libwx_osx_cocoau_core-3.2.0.2.1.dylib
changefunc:  @loader_path/libwx_baseu-3.2.0.2.1.dylib
changefunc:  /usr/lib/libc++.1.dylib
changefunc:  /Users/jamie/Documents/Projects/python/py2app-error/dist/Timer.app/Contents/Resources/lib/python3.11/wx/libwx_osx_cocoau_ribbon-3.2.0.2.1.dylib
changefunc:  /System/Library/Frameworks/IOKit.framework/Versions/A/IOKit
changefunc:  /System/Library/Frameworks/Carbon.framework/Versions/A/Carbon
changefunc:  /System/Library/Frameworks/Cocoa.framework/Versions/A/Cocoa
changefunc:  /System/Library/Frameworks/QuartzCore.framework/Versions/A/QuartzCore
changefunc:  /System/Library/Frameworks/AudioToolbox.framework/Versions/A/AudioToolbox
changefunc:  /usr/lib/libSystem.B.dylib
changefunc:  /System/Library/Frameworks/OpenGL.framework/Versions/A/OpenGL
changefunc:  /System/Library/Frameworks/WebKit.framework/Versions/A/WebKit
changefunc:  /usr/lib/libz.1.dylib
changefunc:  /System/Library/Frameworks/Security.framework/Versions/A/Security
changefunc:  /usr/lib/libiconv.2.dylib
changefunc:  /usr/lib/libcurl.4.dylib
changefunc:  @loader_path/libwx_osx_cocoau_core-3.2.0.2.1.dylib
changefunc:  @loader_path/libwx_baseu-3.2.0.2.1.dylib
changefunc:  /usr/lib/libc++.1.dylib
changefunc:  /Users/jamie/Documents/Projects/python/py2app-error/dist/Timer.app/Contents/Resources/lib/python3.11/wx/libwx_osx_cocoau_ribbon-3.2.0.2.1.dylib
changefunc:  /System/Library/Frameworks/IOKit.framework/Versions/A/IOKit
changefunc:  /System/Library/Frameworks/Carbon.framework/Versions/A/Carbon
changefunc:  /System/Library/Frameworks/Cocoa.framework/Versions/A/Cocoa
changefunc:  /System/Library/Frameworks/QuartzCore.framework/Versions/A/QuartzCore
changefunc:  /System/Library/Frameworks/AudioToolbox.framework/Versions/A/AudioToolbox
changefunc:  /usr/lib/libSystem.B.dylib
changefunc:  /System/Library/Frameworks/OpenGL.framework/Versions/A/OpenGL
changefunc:  /System/Library/Frameworks/WebKit.framework/Versions/A/WebKit
changefunc:  /usr/lib/libz.1.dylib
changefunc:  /System/Library/Frameworks/Security.framework/Versions/A/Security
changefunc:  /usr/lib/libiconv.2.dylib
changefunc:  /usr/lib/libcurl.4.dylib
changefunc:  @loader_path/libwx_osx_cocoau_core-3.2.0.2.1.dylib
changefunc:  @loader_path/libwx_baseu-3.2.0.2.1.dylib
changefunc:  /usr/lib/libc++.1.dylib
changefunc:  /Users/jamie/Documents/Projects/python/py2app-error/dist/Timer.app/Contents/Resources/lib/python3.11/wx/_xrc.cpython-311-darwin.so
changefunc:  /System/Library/Frameworks/IOKit.framework/Versions/A/IOKit
changefunc:  /System/Library/Frameworks/Carbon.framework/Versions/A/Carbon
changefunc:  /System/Library/Frameworks/Cocoa.framework/Versions/A/Cocoa
changefunc:  /System/Library/Frameworks/QuartzCore.framework/Versions/A/QuartzCore
changefunc:  /System/Library/Frameworks/AudioToolbox.framework/Versions/A/AudioToolbox
changefunc:  /usr/lib/libSystem.B.dylib
changefunc:  /System/Library/Frameworks/OpenGL.framework/Versions/A/OpenGL
changefunc:  /System/Library/Frameworks/CoreFoundation.framework/Versions/A/CoreFoundation
changefunc:  @loader_path/libwx_osx_cocoau_xrc-3.2.0.2.1.dylib
changefunc:  @loader_path/libwx_baseu_xml-3.2.0.2.1.dylib
changefunc:  @loader_path/libwx_osx_cocoau_core-3.2.0.2.1.dylib
changefunc:  @loader_path/libwx_baseu_net-3.2.0.2.1.dylib
changefunc:  @loader_path/libwx_baseu-3.2.0.2.1.dylib
changefunc:  /usr/lib/libc++.1.dylib
changefunc:  /Users/jamie/Documents/Projects/python/py2app-error/dist/Timer.app/Contents/Resources/lib/python3.11/wx/_xrc.cpython-311-darwin.so
changefunc:  /System/Library/Frameworks/IOKit.framework/Versions/A/IOKit
changefunc:  /System/Library/Frameworks/Carbon.framework/Versions/A/Carbon
changefunc:  /System/Library/Frameworks/Cocoa.framework/Versions/A/Cocoa
changefunc:  /System/Library/Frameworks/QuartzCore.framework/Versions/A/QuartzCore
changefunc:  /System/Library/Frameworks/AudioToolbox.framework/Versions/A/AudioToolbox
changefunc:  /usr/lib/libSystem.B.dylib
changefunc:  /System/Library/Frameworks/OpenGL.framework/Versions/A/OpenGL
changefunc:  /System/Library/Frameworks/CoreFoundation.framework/Versions/A/CoreFoundation
changefunc:  @loader_path/libwx_osx_cocoau_xrc-3.2.0.2.1.dylib
changefunc:  @loader_path/libwx_baseu_xml-3.2.0.2.1.dylib
changefunc:  @loader_path/libwx_osx_cocoau_core-3.2.0.2.1.dylib
changefunc:  @loader_path/libwx_baseu_net-3.2.0.2.1.dylib
changefunc:  @loader_path/libwx_baseu-3.2.0.2.1.dylib
changefunc:  /usr/lib/libc++.1.dylib
changefunc:  /Users/jamie/Documents/Projects/python/py2app-error/dist/Timer.app/Contents/Resources/lib/python3.11/wx/_xrc.cpython-311-darwin.so
changefunc:  /System/Library/Frameworks/IOKit.framework/Versions/A/IOKit
changefunc:  /System/Library/Frameworks/Carbon.framework/Versions/A/Carbon
changefunc:  /System/Library/Frameworks/Cocoa.framework/Versions/A/Cocoa
changefunc:  /System/Library/Frameworks/QuartzCore.framework/Versions/A/QuartzCore
changefunc:  /System/Library/Frameworks/AudioToolbox.framework/Versions/A/AudioToolbox
changefunc:  /usr/lib/libSystem.B.dylib
changefunc:  /System/Library/Frameworks/OpenGL.framework/Versions/A/OpenGL
changefunc:  /System/Library/Frameworks/CoreFoundation.framework/Versions/A/CoreFoundation
changefunc:  @loader_path/libwx_osx_cocoau_xrc-3.2.0.2.1.dylib
changefunc:  @loader_path/libwx_baseu_xml-3.2.0.2.1.dylib
changefunc:  @loader_path/libwx_osx_cocoau_core-3.2.0.2.1.dylib
changefunc:  @loader_path/libwx_baseu_net-3.2.0.2.1.dylib
changefunc:  @loader_path/libwx_baseu-3.2.0.2.1.dylib
changefunc:  /usr/lib/libc++.1.dylib
changefunc:  /Users/jamie/Documents/Projects/python/py2app-error/dist/Timer.app/Contents/Resources/lib/python3.11/wx/_xrc.cpython-311-darwin.so
changefunc:  /System/Library/Frameworks/IOKit.framework/Versions/A/IOKit
changefunc:  /System/Library/Frameworks/Carbon.framework/Versions/A/Carbon
changefunc:  /System/Library/Frameworks/Cocoa.framework/Versions/A/Cocoa
changefunc:  /System/Library/Frameworks/QuartzCore.framework/Versions/A/QuartzCore
changefunc:  /System/Library/Frameworks/AudioToolbox.framework/Versions/A/AudioToolbox
changefunc:  /usr/lib/libSystem.B.dylib
changefunc:  /System/Library/Frameworks/OpenGL.framework/Versions/A/OpenGL
changefunc:  /System/Library/Frameworks/CoreFoundation.framework/Versions/A/CoreFoundation
changefunc:  @loader_path/libwx_osx_cocoau_xrc-3.2.0.2.1.dylib
changefunc:  @loader_path/libwx_baseu_xml-3.2.0.2.1.dylib
changefunc:  @loader_path/libwx_osx_cocoau_core-3.2.0.2.1.dylib
changefunc:  @loader_path/libwx_baseu_net-3.2.0.2.1.dylib
changefunc:  @loader_path/libwx_baseu-3.2.0.2.1.dylib
changefunc:  /usr/lib/libc++.1.dylib
changefunc:  /Users/jamie/Documents/Projects/python/py2app-error/dist/Timer.app/Contents/Resources/lib/python3.11/wx/libwx_osx_cocoau_xrc-3.2.0.2.1.dylib
changefunc:  /System/Library/Frameworks/IOKit.framework/Versions/A/IOKit
changefunc:  /System/Library/Frameworks/Carbon.framework/Versions/A/Carbon
changefunc:  /System/Library/Frameworks/Cocoa.framework/Versions/A/Cocoa
changefunc:  /System/Library/Frameworks/QuartzCore.framework/Versions/A/QuartzCore
changefunc:  /System/Library/Frameworks/AudioToolbox.framework/Versions/A/AudioToolbox
changefunc:  /usr/lib/libSystem.B.dylib
changefunc:  /System/Library/Frameworks/OpenGL.framework/Versions/A/OpenGL
changefunc:  /System/Library/Frameworks/WebKit.framework/Versions/A/WebKit
changefunc:  /usr/lib/libz.1.dylib
changefunc:  /System/Library/Frameworks/Security.framework/Versions/A/Security
changefunc:  /usr/lib/libiconv.2.dylib
changefunc:  /usr/lib/libcurl.4.dylib
changefunc:  @loader_path/libwx_osx_cocoau_html-3.2.0.2.1.dylib
changefunc:  @loader_path/libwx_osx_cocoau_core-3.2.0.2.1.dylib
changefunc:  @loader_path/libwx_baseu_xml-3.2.0.2.1.dylib
changefunc:  @loader_path/libwx_baseu-3.2.0.2.1.dylib
changefunc:  /usr/lib/libc++.1.dylib
changefunc:  /Users/jamie/Documents/Projects/python/py2app-error/dist/Timer.app/Contents/Resources/lib/python3.11/wx/libwx_osx_cocoau_xrc-3.2.0.2.1.dylib
changefunc:  /System/Library/Frameworks/IOKit.framework/Versions/A/IOKit
changefunc:  /System/Library/Frameworks/Carbon.framework/Versions/A/Carbon
changefunc:  /System/Library/Frameworks/Cocoa.framework/Versions/A/Cocoa
changefunc:  /System/Library/Frameworks/QuartzCore.framework/Versions/A/QuartzCore
changefunc:  /System/Library/Frameworks/AudioToolbox.framework/Versions/A/AudioToolbox
changefunc:  /usr/lib/libSystem.B.dylib
changefunc:  /System/Library/Frameworks/OpenGL.framework/Versions/A/OpenGL
changefunc:  /System/Library/Frameworks/WebKit.framework/Versions/A/WebKit
changefunc:  /usr/lib/libz.1.dylib
changefunc:  /System/Library/Frameworks/Security.framework/Versions/A/Security
changefunc:  /usr/lib/libiconv.2.dylib
changefunc:  /usr/lib/libcurl.4.dylib
changefunc:  @loader_path/libwx_osx_cocoau_html-3.2.0.2.1.dylib
changefunc:  @loader_path/libwx_osx_cocoau_core-3.2.0.2.1.dylib
changefunc:  @loader_path/libwx_baseu_xml-3.2.0.2.1.dylib
changefunc:  @loader_path/libwx_baseu-3.2.0.2.1.dylib
changefunc:  /usr/lib/libc++.1.dylib
changefunc:  /Users/jamie/Documents/Projects/python/py2app-error/dist/Timer.app/Contents/Resources/lib/python3.11/wx/libwx_osx_cocoau_xrc-3.2.0.2.1.dylib
changefunc:  /System/Library/Frameworks/IOKit.framework/Versions/A/IOKit
changefunc:  /System/Library/Frameworks/Carbon.framework/Versions/A/Carbon
changefunc:  /System/Library/Frameworks/Cocoa.framework/Versions/A/Cocoa
changefunc:  /System/Library/Frameworks/QuartzCore.framework/Versions/A/QuartzCore
changefunc:  /System/Library/Frameworks/AudioToolbox.framework/Versions/A/AudioToolbox
changefunc:  /usr/lib/libSystem.B.dylib
changefunc:  /System/Library/Frameworks/OpenGL.framework/Versions/A/OpenGL
changefunc:  /System/Library/Frameworks/WebKit.framework/Versions/A/WebKit
changefunc:  /usr/lib/libz.1.dylib
changefunc:  /System/Library/Frameworks/Security.framework/Versions/A/Security
changefunc:  /usr/lib/libiconv.2.dylib
changefunc:  /usr/lib/libcurl.4.dylib
changefunc:  @loader_path/libwx_osx_cocoau_html-3.2.0.2.1.dylib
changefunc:  @loader_path/libwx_osx_cocoau_core-3.2.0.2.1.dylib
changefunc:  @loader_path/libwx_baseu_xml-3.2.0.2.1.dylib
changefunc:  @loader_path/libwx_baseu-3.2.0.2.1.dylib
changefunc:  /usr/lib/libc++.1.dylib
changefunc:  /Users/jamie/Documents/Projects/python/py2app-error/dist/Timer.app/Contents/Resources/lib/python3.11/wx/libwx_osx_cocoau_xrc-3.2.0.2.1.dylib
changefunc:  /System/Library/Frameworks/IOKit.framework/Versions/A/IOKit
changefunc:  /System/Library/Frameworks/Carbon.framework/Versions/A/Carbon
changefunc:  /System/Library/Frameworks/Cocoa.framework/Versions/A/Cocoa
changefunc:  /System/Library/Frameworks/QuartzCore.framework/Versions/A/QuartzCore
changefunc:  /System/Library/Frameworks/AudioToolbox.framework/Versions/A/AudioToolbox
changefunc:  /usr/lib/libSystem.B.dylib
changefunc:  /System/Library/Frameworks/OpenGL.framework/Versions/A/OpenGL
changefunc:  /System/Library/Frameworks/WebKit.framework/Versions/A/WebKit
changefunc:  /usr/lib/libz.1.dylib
changefunc:  /System/Library/Frameworks/Security.framework/Versions/A/Security
changefunc:  /usr/lib/libiconv.2.dylib
changefunc:  /usr/lib/libcurl.4.dylib
changefunc:  @loader_path/libwx_osx_cocoau_html-3.2.0.2.1.dylib
changefunc:  @loader_path/libwx_osx_cocoau_core-3.2.0.2.1.dylib
changefunc:  @loader_path/libwx_baseu_xml-3.2.0.2.1.dylib
changefunc:  @loader_path/libwx_baseu-3.2.0.2.1.dylib
changefunc:  /usr/lib/libc++.1.dylib
changefunc:  /Users/jamie/Documents/Projects/python/py2app-error/dist/Timer.app/Contents/Resources/lib/python3.11/wx/_aui.cpython-311-darwin.so
changefunc:  /System/Library/Frameworks/IOKit.framework/Versions/A/IOKit
changefunc:  /System/Library/Frameworks/Carbon.framework/Versions/A/Carbon
changefunc:  /System/Library/Frameworks/Cocoa.framework/Versions/A/Cocoa
changefunc:  /System/Library/Frameworks/QuartzCore.framework/Versions/A/QuartzCore
changefunc:  /System/Library/Frameworks/AudioToolbox.framework/Versions/A/AudioToolbox
changefunc:  /usr/lib/libSystem.B.dylib
changefunc:  /System/Library/Frameworks/OpenGL.framework/Versions/A/OpenGL
changefunc:  /System/Library/Frameworks/CoreFoundation.framework/Versions/A/CoreFoundation
changefunc:  @loader_path/libwx_osx_cocoau_aui-3.2.0.2.1.dylib
changefunc:  @loader_path/libwx_osx_cocoau_core-3.2.0.2.1.dylib
changefunc:  @loader_path/libwx_baseu-3.2.0.2.1.dylib
changefunc:  /usr/lib/libc++.1.dylib
changefunc:  /Users/jamie/Documents/Projects/python/py2app-error/dist/Timer.app/Contents/Resources/lib/python3.11/wx/_aui.cpython-311-darwin.so
changefunc:  /System/Library/Frameworks/IOKit.framework/Versions/A/IOKit
changefunc:  /System/Library/Frameworks/Carbon.framework/Versions/A/Carbon
changefunc:  /System/Library/Frameworks/Cocoa.framework/Versions/A/Cocoa
changefunc:  /System/Library/Frameworks/QuartzCore.framework/Versions/A/QuartzCore
changefunc:  /System/Library/Frameworks/AudioToolbox.framework/Versions/A/AudioToolbox
changefunc:  /usr/lib/libSystem.B.dylib
changefunc:  /System/Library/Frameworks/OpenGL.framework/Versions/A/OpenGL
changefunc:  /System/Library/Frameworks/CoreFoundation.framework/Versions/A/CoreFoundation
changefunc:  @loader_path/libwx_osx_cocoau_aui-3.2.0.2.1.dylib
changefunc:  @loader_path/libwx_osx_cocoau_core-3.2.0.2.1.dylib
changefunc:  @loader_path/libwx_baseu-3.2.0.2.1.dylib
changefunc:  /usr/lib/libc++.1.dylib
changefunc:  /Users/jamie/Documents/Projects/python/py2app-error/dist/Timer.app/Contents/Resources/lib/python3.11/wx/_aui.cpython-311-darwin.so
changefunc:  /System/Library/Frameworks/IOKit.framework/Versions/A/IOKit
changefunc:  /System/Library/Frameworks/Carbon.framework/Versions/A/Carbon
changefunc:  /System/Library/Frameworks/Cocoa.framework/Versions/A/Cocoa
changefunc:  /System/Library/Frameworks/QuartzCore.framework/Versions/A/QuartzCore
changefunc:  /System/Library/Frameworks/AudioToolbox.framework/Versions/A/AudioToolbox
changefunc:  /usr/lib/libSystem.B.dylib
changefunc:  /System/Library/Frameworks/OpenGL.framework/Versions/A/OpenGL
changefunc:  /System/Library/Frameworks/CoreFoundation.framework/Versions/A/CoreFoundation
changefunc:  @loader_path/libwx_osx_cocoau_aui-3.2.0.2.1.dylib
changefunc:  @loader_path/libwx_osx_cocoau_core-3.2.0.2.1.dylib
changefunc:  @loader_path/libwx_baseu-3.2.0.2.1.dylib
changefunc:  /usr/lib/libc++.1.dylib
changefunc:  /Users/jamie/Documents/Projects/python/py2app-error/dist/Timer.app/Contents/Resources/lib/python3.11/wx/_aui.cpython-311-darwin.so
changefunc:  /System/Library/Frameworks/IOKit.framework/Versions/A/IOKit
changefunc:  /System/Library/Frameworks/Carbon.framework/Versions/A/Carbon
changefunc:  /System/Library/Frameworks/Cocoa.framework/Versions/A/Cocoa
changefunc:  /System/Library/Frameworks/QuartzCore.framework/Versions/A/QuartzCore
changefunc:  /System/Library/Frameworks/AudioToolbox.framework/Versions/A/AudioToolbox
changefunc:  /usr/lib/libSystem.B.dylib
changefunc:  /System/Library/Frameworks/OpenGL.framework/Versions/A/OpenGL
changefunc:  /System/Library/Frameworks/CoreFoundation.framework/Versions/A/CoreFoundation
changefunc:  @loader_path/libwx_osx_cocoau_aui-3.2.0.2.1.dylib
changefunc:  @loader_path/libwx_osx_cocoau_core-3.2.0.2.1.dylib
changefunc:  @loader_path/libwx_baseu-3.2.0.2.1.dylib
changefunc:  /usr/lib/libc++.1.dylib
changefunc:  /Users/jamie/Documents/Projects/python/py2app-error/dist/Timer.app/Contents/Resources/lib/python3.11/wx/libwx_osx_cocoau_gl-3.2.0.2.1.dylib
changefunc:  /System/Library/Frameworks/IOKit.framework/Versions/A/IOKit
changefunc:  /System/Library/Frameworks/Carbon.framework/Versions/A/Carbon
changefunc:  /System/Library/Frameworks/Cocoa.framework/Versions/A/Cocoa
changefunc:  /System/Library/Frameworks/QuartzCore.framework/Versions/A/QuartzCore
changefunc:  /System/Library/Frameworks/AudioToolbox.framework/Versions/A/AudioToolbox
changefunc:  /usr/lib/libSystem.B.dylib
changefunc:  /System/Library/Frameworks/OpenGL.framework/Versions/A/OpenGL
changefunc:  /System/Library/Frameworks/WebKit.framework/Versions/A/WebKit
changefunc:  /usr/lib/libz.1.dylib
changefunc:  /System/Library/Frameworks/Security.framework/Versions/A/Security
changefunc:  /usr/lib/libiconv.2.dylib
changefunc:  /usr/lib/libcurl.4.dylib
changefunc:  @loader_path/libwx_osx_cocoau_core-3.2.0.2.1.dylib
changefunc:  @loader_path/libwx_baseu-3.2.0.2.1.dylib
changefunc:  /System/Library/Frameworks/AGL.framework/Versions/A/AGL
changefunc:  /usr/lib/libc++.1.dylib
changefunc:  /System/Library/Frameworks/AppKit.framework/Versions/C/AppKit
changefunc:  /usr/lib/libobjc.A.dylib
changefunc:  /Users/jamie/Documents/Projects/python/py2app-error/dist/Timer.app/Contents/Resources/lib/python3.11/wx/libwx_osx_cocoau_gl-3.2.0.2.1.dylib
changefunc:  /System/Library/Frameworks/IOKit.framework/Versions/A/IOKit
changefunc:  /System/Library/Frameworks/Carbon.framework/Versions/A/Carbon
changefunc:  /System/Library/Frameworks/Cocoa.framework/Versions/A/Cocoa
changefunc:  /System/Library/Frameworks/QuartzCore.framework/Versions/A/QuartzCore
changefunc:  /System/Library/Frameworks/AudioToolbox.framework/Versions/A/AudioToolbox
changefunc:  /usr/lib/libSystem.B.dylib
changefunc:  /System/Library/Frameworks/OpenGL.framework/Versions/A/OpenGL
changefunc:  /System/Library/Frameworks/WebKit.framework/Versions/A/WebKit
changefunc:  /usr/lib/libz.1.dylib
changefunc:  /System/Library/Frameworks/Security.framework/Versions/A/Security
changefunc:  /usr/lib/libiconv.2.dylib
changefunc:  /usr/lib/libcurl.4.dylib
changefunc:  @loader_path/libwx_osx_cocoau_core-3.2.0.2.1.dylib
changefunc:  @loader_path/libwx_baseu-3.2.0.2.1.dylib
changefunc:  /System/Library/Frameworks/AGL.framework/Versions/A/AGL
changefunc:  /usr/lib/libc++.1.dylib
changefunc:  /System/Library/Frameworks/AppKit.framework/Versions/C/AppKit
changefunc:  /usr/lib/libobjc.A.dylib
changefunc:  /Users/jamie/Documents/Projects/python/py2app-error/dist/Timer.app/Contents/Resources/lib/python3.11/wx/libwx_osx_cocoau_gl-3.2.0.2.1.dylib
changefunc:  /System/Library/Frameworks/IOKit.framework/Versions/A/IOKit
changefunc:  /System/Library/Frameworks/Carbon.framework/Versions/A/Carbon
changefunc:  /System/Library/Frameworks/Cocoa.framework/Versions/A/Cocoa
changefunc:  /System/Library/Frameworks/QuartzCore.framework/Versions/A/QuartzCore
changefunc:  /System/Library/Frameworks/AudioToolbox.framework/Versions/A/AudioToolbox
changefunc:  /usr/lib/libSystem.B.dylib
changefunc:  /System/Library/Frameworks/OpenGL.framework/Versions/A/OpenGL
changefunc:  /System/Library/Frameworks/WebKit.framework/Versions/A/WebKit
changefunc:  /usr/lib/libz.1.dylib
changefunc:  /System/Library/Frameworks/Security.framework/Versions/A/Security
changefunc:  /usr/lib/libiconv.2.dylib
changefunc:  /usr/lib/libcurl.4.dylib
changefunc:  @loader_path/libwx_osx_cocoau_core-3.2.0.2.1.dylib
changefunc:  @loader_path/libwx_baseu-3.2.0.2.1.dylib
changefunc:  /System/Library/Frameworks/AGL.framework/Versions/A/AGL
changefunc:  /usr/lib/libc++.1.dylib
changefunc:  /System/Library/Frameworks/AppKit.framework/Versions/C/AppKit
changefunc:  /usr/lib/libobjc.A.dylib
changefunc:  /Users/jamie/Documents/Projects/python/py2app-error/dist/Timer.app/Contents/Resources/lib/python3.11/wx/libwx_osx_cocoau_gl-3.2.0.2.1.dylib
changefunc:  /System/Library/Frameworks/IOKit.framework/Versions/A/IOKit
changefunc:  /System/Library/Frameworks/Carbon.framework/Versions/A/Carbon
changefunc:  /System/Library/Frameworks/Cocoa.framework/Versions/A/Cocoa
changefunc:  /System/Library/Frameworks/QuartzCore.framework/Versions/A/QuartzCore
changefunc:  /System/Library/Frameworks/AudioToolbox.framework/Versions/A/AudioToolbox
changefunc:  /usr/lib/libSystem.B.dylib
changefunc:  /System/Library/Frameworks/OpenGL.framework/Versions/A/OpenGL
changefunc:  /System/Library/Frameworks/WebKit.framework/Versions/A/WebKit
changefunc:  /usr/lib/libz.1.dylib
changefunc:  /System/Library/Frameworks/Security.framework/Versions/A/Security
changefunc:  /usr/lib/libiconv.2.dylib
changefunc:  /usr/lib/libcurl.4.dylib
changefunc:  @loader_path/libwx_osx_cocoau_core-3.2.0.2.1.dylib
changefunc:  @loader_path/libwx_baseu-3.2.0.2.1.dylib
changefunc:  /System/Library/Frameworks/AGL.framework/Versions/A/AGL
changefunc:  /usr/lib/libc++.1.dylib
changefunc:  /System/Library/Frameworks/AppKit.framework/Versions/C/AppKit
changefunc:  /usr/lib/libobjc.A.dylib
changefunc:  /Users/jamie/Documents/Projects/python/py2app-error/dist/Timer.app/Contents/Resources/lib/python3.11/wx/_stc.cpython-311-darwin.so
changefunc:  /System/Library/Frameworks/IOKit.framework/Versions/A/IOKit
changefunc:  /System/Library/Frameworks/Carbon.framework/Versions/A/Carbon
changefunc:  /System/Library/Frameworks/Cocoa.framework/Versions/A/Cocoa
changefunc:  /System/Library/Frameworks/QuartzCore.framework/Versions/A/QuartzCore
changefunc:  /System/Library/Frameworks/AudioToolbox.framework/Versions/A/AudioToolbox
changefunc:  /usr/lib/libSystem.B.dylib
changefunc:  /System/Library/Frameworks/OpenGL.framework/Versions/A/OpenGL
changefunc:  /System/Library/Frameworks/CoreFoundation.framework/Versions/A/CoreFoundation
changefunc:  @loader_path/libwx_osx_cocoau_stc-3.2.0.2.1.dylib
changefunc:  @loader_path/libwx_osx_cocoau_core-3.2.0.2.1.dylib
changefunc:  @loader_path/libwx_baseu_net-3.2.0.2.1.dylib
changefunc:  @loader_path/libwx_baseu-3.2.0.2.1.dylib
changefunc:  /usr/lib/libc++.1.dylib
changefunc:  /Users/jamie/Documents/Projects/python/py2app-error/dist/Timer.app/Contents/Resources/lib/python3.11/wx/_stc.cpython-311-darwin.so
changefunc:  /System/Library/Frameworks/IOKit.framework/Versions/A/IOKit
changefunc:  /System/Library/Frameworks/Carbon.framework/Versions/A/Carbon
changefunc:  /System/Library/Frameworks/Cocoa.framework/Versions/A/Cocoa
changefunc:  /System/Library/Frameworks/QuartzCore.framework/Versions/A/QuartzCore
changefunc:  /System/Library/Frameworks/AudioToolbox.framework/Versions/A/AudioToolbox
changefunc:  /usr/lib/libSystem.B.dylib
changefunc:  /System/Library/Frameworks/OpenGL.framework/Versions/A/OpenGL
changefunc:  /System/Library/Frameworks/CoreFoundation.framework/Versions/A/CoreFoundation
changefunc:  @loader_path/libwx_osx_cocoau_stc-3.2.0.2.1.dylib
changefunc:  @loader_path/libwx_osx_cocoau_core-3.2.0.2.1.dylib
changefunc:  @loader_path/libwx_baseu_net-3.2.0.2.1.dylib
changefunc:  @loader_path/libwx_baseu-3.2.0.2.1.dylib
changefunc:  /usr/lib/libc++.1.dylib
changefunc:  /Users/jamie/Documents/Projects/python/py2app-error/dist/Timer.app/Contents/Resources/lib/python3.11/wx/_stc.cpython-311-darwin.so
changefunc:  /System/Library/Frameworks/IOKit.framework/Versions/A/IOKit
changefunc:  /System/Library/Frameworks/Carbon.framework/Versions/A/Carbon
changefunc:  /System/Library/Frameworks/Cocoa.framework/Versions/A/Cocoa
changefunc:  /System/Library/Frameworks/QuartzCore.framework/Versions/A/QuartzCore
changefunc:  /System/Library/Frameworks/AudioToolbox.framework/Versions/A/AudioToolbox
changefunc:  /usr/lib/libSystem.B.dylib
changefunc:  /System/Library/Frameworks/OpenGL.framework/Versions/A/OpenGL
changefunc:  /System/Library/Frameworks/CoreFoundation.framework/Versions/A/CoreFoundation
changefunc:  @loader_path/libwx_osx_cocoau_stc-3.2.0.2.1.dylib
changefunc:  @loader_path/libwx_osx_cocoau_core-3.2.0.2.1.dylib
changefunc:  @loader_path/libwx_baseu_net-3.2.0.2.1.dylib
changefunc:  @loader_path/libwx_baseu-3.2.0.2.1.dylib
changefunc:  /usr/lib/libc++.1.dylib
changefunc:  /Users/jamie/Documents/Projects/python/py2app-error/dist/Timer.app/Contents/Resources/lib/python3.11/wx/_stc.cpython-311-darwin.so
changefunc:  /System/Library/Frameworks/IOKit.framework/Versions/A/IOKit
changefunc:  /System/Library/Frameworks/Carbon.framework/Versions/A/Carbon
changefunc:  /System/Library/Frameworks/Cocoa.framework/Versions/A/Cocoa
changefunc:  /System/Library/Frameworks/QuartzCore.framework/Versions/A/QuartzCore
changefunc:  /System/Library/Frameworks/AudioToolbox.framework/Versions/A/AudioToolbox
changefunc:  /usr/lib/libSystem.B.dylib
changefunc:  /System/Library/Frameworks/OpenGL.framework/Versions/A/OpenGL
changefunc:  /System/Library/Frameworks/CoreFoundation.framework/Versions/A/CoreFoundation
changefunc:  @loader_path/libwx_osx_cocoau_stc-3.2.0.2.1.dylib
changefunc:  @loader_path/libwx_osx_cocoau_core-3.2.0.2.1.dylib
changefunc:  @loader_path/libwx_baseu_net-3.2.0.2.1.dylib
changefunc:  @loader_path/libwx_baseu-3.2.0.2.1.dylib
changefunc:  /usr/lib/libc++.1.dylib
changefunc:  /Users/jamie/Documents/Projects/python/py2app-error/dist/Timer.app/Contents/Resources/lib/python3.11/wx/libwx_osx_cocoau_stc-3.2.0.2.1.dylib
changefunc:  /System/Library/Frameworks/IOKit.framework/Versions/A/IOKit
changefunc:  /System/Library/Frameworks/Carbon.framework/Versions/A/Carbon
changefunc:  /System/Library/Frameworks/Cocoa.framework/Versions/A/Cocoa
changefunc:  /System/Library/Frameworks/QuartzCore.framework/Versions/A/QuartzCore
changefunc:  /System/Library/Frameworks/AudioToolbox.framework/Versions/A/AudioToolbox
changefunc:  /usr/lib/libSystem.B.dylib
changefunc:  /System/Library/Frameworks/OpenGL.framework/Versions/A/OpenGL
changefunc:  /System/Library/Frameworks/WebKit.framework/Versions/A/WebKit
changefunc:  /usr/lib/libz.1.dylib
changefunc:  /System/Library/Frameworks/Security.framework/Versions/A/Security
changefunc:  /usr/lib/libiconv.2.dylib
changefunc:  /usr/lib/libcurl.4.dylib
changefunc:  @loader_path/libwx_osx_cocoau_core-3.2.0.2.1.dylib
changefunc:  @loader_path/libwx_baseu-3.2.0.2.1.dylib
changefunc:  /usr/lib/libc++.1.dylib
changefunc:  /System/Library/Frameworks/AppKit.framework/Versions/C/AppKit
changefunc:  /System/Library/Frameworks/Foundation.framework/Versions/C/Foundation
changefunc:  /usr/lib/libobjc.A.dylib
changefunc:  /Users/jamie/Documents/Projects/python/py2app-error/dist/Timer.app/Contents/Resources/lib/python3.11/wx/libwx_osx_cocoau_stc-3.2.0.2.1.dylib
changefunc:  /System/Library/Frameworks/IOKit.framework/Versions/A/IOKit
changefunc:  /System/Library/Frameworks/Carbon.framework/Versions/A/Carbon
changefunc:  /System/Library/Frameworks/Cocoa.framework/Versions/A/Cocoa
changefunc:  /System/Library/Frameworks/QuartzCore.framework/Versions/A/QuartzCore
changefunc:  /System/Library/Frameworks/AudioToolbox.framework/Versions/A/AudioToolbox
changefunc:  /usr/lib/libSystem.B.dylib
changefunc:  /System/Library/Frameworks/OpenGL.framework/Versions/A/OpenGL
changefunc:  /System/Library/Frameworks/WebKit.framework/Versions/A/WebKit
changefunc:  /usr/lib/libz.1.dylib
changefunc:  /System/Library/Frameworks/Security.framework/Versions/A/Security
changefunc:  /usr/lib/libiconv.2.dylib
changefunc:  /usr/lib/libcurl.4.dylib
changefunc:  @loader_path/libwx_osx_cocoau_core-3.2.0.2.1.dylib
changefunc:  @loader_path/libwx_baseu-3.2.0.2.1.dylib
changefunc:  /usr/lib/libc++.1.dylib
changefunc:  /System/Library/Frameworks/AppKit.framework/Versions/C/AppKit
changefunc:  /System/Library/Frameworks/Foundation.framework/Versions/C/Foundation
changefunc:  /usr/lib/libobjc.A.dylib
changefunc:  /Users/jamie/Documents/Projects/python/py2app-error/dist/Timer.app/Contents/Resources/lib/python3.11/wx/libwx_osx_cocoau_stc-3.2.0.2.1.dylib
changefunc:  /System/Library/Frameworks/IOKit.framework/Versions/A/IOKit
changefunc:  /System/Library/Frameworks/Carbon.framework/Versions/A/Carbon
changefunc:  /System/Library/Frameworks/Cocoa.framework/Versions/A/Cocoa
changefunc:  /System/Library/Frameworks/QuartzCore.framework/Versions/A/QuartzCore
changefunc:  /System/Library/Frameworks/AudioToolbox.framework/Versions/A/AudioToolbox
changefunc:  /usr/lib/libSystem.B.dylib
changefunc:  /System/Library/Frameworks/OpenGL.framework/Versions/A/OpenGL
changefunc:  /System/Library/Frameworks/WebKit.framework/Versions/A/WebKit
changefunc:  /usr/lib/libz.1.dylib
changefunc:  /System/Library/Frameworks/Security.framework/Versions/A/Security
changefunc:  /usr/lib/libiconv.2.dylib
changefunc:  /usr/lib/libcurl.4.dylib
changefunc:  @loader_path/libwx_osx_cocoau_core-3.2.0.2.1.dylib
changefunc:  @loader_path/libwx_baseu-3.2.0.2.1.dylib
changefunc:  /usr/lib/libc++.1.dylib
changefunc:  /System/Library/Frameworks/AppKit.framework/Versions/C/AppKit
changefunc:  /System/Library/Frameworks/Foundation.framework/Versions/C/Foundation
changefunc:  /usr/lib/libobjc.A.dylib
changefunc:  /Users/jamie/Documents/Projects/python/py2app-error/dist/Timer.app/Contents/Resources/lib/python3.11/wx/libwx_osx_cocoau_stc-3.2.0.2.1.dylib
changefunc:  /System/Library/Frameworks/IOKit.framework/Versions/A/IOKit
changefunc:  /System/Library/Frameworks/Carbon.framework/Versions/A/Carbon
changefunc:  /System/Library/Frameworks/Cocoa.framework/Versions/A/Cocoa
changefunc:  /System/Library/Frameworks/QuartzCore.framework/Versions/A/QuartzCore
changefunc:  /System/Library/Frameworks/AudioToolbox.framework/Versions/A/AudioToolbox
changefunc:  /usr/lib/libSystem.B.dylib
changefunc:  /System/Library/Frameworks/OpenGL.framework/Versions/A/OpenGL
changefunc:  /System/Library/Frameworks/WebKit.framework/Versions/A/WebKit
changefunc:  /usr/lib/libz.1.dylib
changefunc:  /System/Library/Frameworks/Security.framework/Versions/A/Security
changefunc:  /usr/lib/libiconv.2.dylib
changefunc:  /usr/lib/libcurl.4.dylib
changefunc:  @loader_path/libwx_osx_cocoau_core-3.2.0.2.1.dylib
changefunc:  @loader_path/libwx_baseu-3.2.0.2.1.dylib
changefunc:  /usr/lib/libc++.1.dylib
changefunc:  /System/Library/Frameworks/AppKit.framework/Versions/C/AppKit
changefunc:  /System/Library/Frameworks/Foundation.framework/Versions/C/Foundation
changefunc:  /usr/lib/libobjc.A.dylib
changefunc:  /Users/jamie/Documents/Projects/python/py2app-error/dist/Timer.app/Contents/Resources/lib/python3.11/wx/_propgrid.cpython-311-darwin.so
changefunc:  /System/Library/Frameworks/IOKit.framework/Versions/A/IOKit
changefunc:  /System/Library/Frameworks/Carbon.framework/Versions/A/Carbon
changefunc:  /System/Library/Frameworks/Cocoa.framework/Versions/A/Cocoa
changefunc:  /System/Library/Frameworks/QuartzCore.framework/Versions/A/QuartzCore
changefunc:  /System/Library/Frameworks/AudioToolbox.framework/Versions/A/AudioToolbox
changefunc:  /usr/lib/libSystem.B.dylib
changefunc:  /System/Library/Frameworks/OpenGL.framework/Versions/A/OpenGL
changefunc:  /System/Library/Frameworks/CoreFoundation.framework/Versions/A/CoreFoundation
changefunc:  @loader_path/libwx_osx_cocoau_propgrid-3.2.0.2.1.dylib
changefunc:  @loader_path/libwx_osx_cocoau_core-3.2.0.2.1.dylib
changefunc:  @loader_path/libwx_baseu-3.2.0.2.1.dylib
changefunc:  /usr/lib/libc++.1.dylib
changefunc:  /Users/jamie/Documents/Projects/python/py2app-error/dist/Timer.app/Contents/Resources/lib/python3.11/wx/_propgrid.cpython-311-darwin.so
changefunc:  /System/Library/Frameworks/IOKit.framework/Versions/A/IOKit
changefunc:  /System/Library/Frameworks/Carbon.framework/Versions/A/Carbon
changefunc:  /System/Library/Frameworks/Cocoa.framework/Versions/A/Cocoa
changefunc:  /System/Library/Frameworks/QuartzCore.framework/Versions/A/QuartzCore
changefunc:  /System/Library/Frameworks/AudioToolbox.framework/Versions/A/AudioToolbox
changefunc:  /usr/lib/libSystem.B.dylib
changefunc:  /System/Library/Frameworks/OpenGL.framework/Versions/A/OpenGL
changefunc:  /System/Library/Frameworks/CoreFoundation.framework/Versions/A/CoreFoundation
changefunc:  @loader_path/libwx_osx_cocoau_propgrid-3.2.0.2.1.dylib
changefunc:  @loader_path/libwx_osx_cocoau_core-3.2.0.2.1.dylib
changefunc:  @loader_path/libwx_baseu-3.2.0.2.1.dylib
changefunc:  /usr/lib/libc++.1.dylib
changefunc:  /Users/jamie/Documents/Projects/python/py2app-error/dist/Timer.app/Contents/Resources/lib/python3.11/wx/_propgrid.cpython-311-darwin.so
changefunc:  /System/Library/Frameworks/IOKit.framework/Versions/A/IOKit
changefunc:  /System/Library/Frameworks/Carbon.framework/Versions/A/Carbon
changefunc:  /System/Library/Frameworks/Cocoa.framework/Versions/A/Cocoa
changefunc:  /System/Library/Frameworks/QuartzCore.framework/Versions/A/QuartzCore
changefunc:  /System/Library/Frameworks/AudioToolbox.framework/Versions/A/AudioToolbox
changefunc:  /usr/lib/libSystem.B.dylib
changefunc:  /System/Library/Frameworks/OpenGL.framework/Versions/A/OpenGL
changefunc:  /System/Library/Frameworks/CoreFoundation.framework/Versions/A/CoreFoundation
changefunc:  @loader_path/libwx_osx_cocoau_propgrid-3.2.0.2.1.dylib
changefunc:  @loader_path/libwx_osx_cocoau_core-3.2.0.2.1.dylib
changefunc:  @loader_path/libwx_baseu-3.2.0.2.1.dylib
changefunc:  /usr/lib/libc++.1.dylib
changefunc:  /Users/jamie/Documents/Projects/python/py2app-error/dist/Timer.app/Contents/Resources/lib/python3.11/wx/_propgrid.cpython-311-darwin.so
changefunc:  /System/Library/Frameworks/IOKit.framework/Versions/A/IOKit
changefunc:  /System/Library/Frameworks/Carbon.framework/Versions/A/Carbon
changefunc:  /System/Library/Frameworks/Cocoa.framework/Versions/A/Cocoa
changefunc:  /System/Library/Frameworks/QuartzCore.framework/Versions/A/QuartzCore
changefunc:  /System/Library/Frameworks/AudioToolbox.framework/Versions/A/AudioToolbox
changefunc:  /usr/lib/libSystem.B.dylib
changefunc:  /System/Library/Frameworks/OpenGL.framework/Versions/A/OpenGL
changefunc:  /System/Library/Frameworks/CoreFoundation.framework/Versions/A/CoreFoundation
changefunc:  @loader_path/libwx_osx_cocoau_propgrid-3.2.0.2.1.dylib
changefunc:  @loader_path/libwx_osx_cocoau_core-3.2.0.2.1.dylib
changefunc:  @loader_path/libwx_baseu-3.2.0.2.1.dylib
changefunc:  /usr/lib/libc++.1.dylib
changefunc:  /Users/jamie/Documents/Projects/python/py2app-error/dist/Timer.app/Contents/Resources/lib/python3.11/wx/libwx_osx_cocoau_propgrid-3.2.0.2.1.dylib
changefunc:  /System/Library/Frameworks/IOKit.framework/Versions/A/IOKit
changefunc:  /System/Library/Frameworks/Carbon.framework/Versions/A/Carbon
changefunc:  /System/Library/Frameworks/Cocoa.framework/Versions/A/Cocoa
changefunc:  /System/Library/Frameworks/QuartzCore.framework/Versions/A/QuartzCore
changefunc:  /System/Library/Frameworks/AudioToolbox.framework/Versions/A/AudioToolbox
changefunc:  /usr/lib/libSystem.B.dylib
changefunc:  /System/Library/Frameworks/OpenGL.framework/Versions/A/OpenGL
changefunc:  /System/Library/Frameworks/WebKit.framework/Versions/A/WebKit
changefunc:  /usr/lib/libz.1.dylib
changefunc:  /System/Library/Frameworks/Security.framework/Versions/A/Security
changefunc:  /usr/lib/libiconv.2.dylib
changefunc:  /usr/lib/libcurl.4.dylib
changefunc:  @loader_path/libwx_osx_cocoau_core-3.2.0.2.1.dylib
changefunc:  @loader_path/libwx_baseu-3.2.0.2.1.dylib
changefunc:  /usr/lib/libc++.1.dylib
changefunc:  /Users/jamie/Documents/Projects/python/py2app-error/dist/Timer.app/Contents/Resources/lib/python3.11/wx/libwx_osx_cocoau_propgrid-3.2.0.2.1.dylib
changefunc:  /System/Library/Frameworks/IOKit.framework/Versions/A/IOKit
changefunc:  /System/Library/Frameworks/Carbon.framework/Versions/A/Carbon
changefunc:  /System/Library/Frameworks/Cocoa.framework/Versions/A/Cocoa
changefunc:  /System/Library/Frameworks/QuartzCore.framework/Versions/A/QuartzCore
changefunc:  /System/Library/Frameworks/AudioToolbox.framework/Versions/A/AudioToolbox
changefunc:  /usr/lib/libSystem.B.dylib
changefunc:  /System/Library/Frameworks/OpenGL.framework/Versions/A/OpenGL
changefunc:  /System/Library/Frameworks/WebKit.framework/Versions/A/WebKit
changefunc:  /usr/lib/libz.1.dylib
changefunc:  /System/Library/Frameworks/Security.framework/Versions/A/Security
changefunc:  /usr/lib/libiconv.2.dylib
changefunc:  /usr/lib/libcurl.4.dylib
changefunc:  @loader_path/libwx_osx_cocoau_core-3.2.0.2.1.dylib
changefunc:  @loader_path/libwx_baseu-3.2.0.2.1.dylib
changefunc:  /usr/lib/libc++.1.dylib
changefunc:  /Users/jamie/Documents/Projects/python/py2app-error/dist/Timer.app/Contents/Resources/lib/python3.11/wx/libwx_osx_cocoau_propgrid-3.2.0.2.1.dylib
changefunc:  /System/Library/Frameworks/IOKit.framework/Versions/A/IOKit
changefunc:  /System/Library/Frameworks/Carbon.framework/Versions/A/Carbon
changefunc:  /System/Library/Frameworks/Cocoa.framework/Versions/A/Cocoa
changefunc:  /System/Library/Frameworks/QuartzCore.framework/Versions/A/QuartzCore
changefunc:  /System/Library/Frameworks/AudioToolbox.framework/Versions/A/AudioToolbox
changefunc:  /usr/lib/libSystem.B.dylib
changefunc:  /System/Library/Frameworks/OpenGL.framework/Versions/A/OpenGL
changefunc:  /System/Library/Frameworks/WebKit.framework/Versions/A/WebKit
changefunc:  /usr/lib/libz.1.dylib
changefunc:  /System/Library/Frameworks/Security.framework/Versions/A/Security
changefunc:  /usr/lib/libiconv.2.dylib
changefunc:  /usr/lib/libcurl.4.dylib
changefunc:  @loader_path/libwx_osx_cocoau_core-3.2.0.2.1.dylib
changefunc:  @loader_path/libwx_baseu-3.2.0.2.1.dylib
changefunc:  /usr/lib/libc++.1.dylib
changefunc:  /Users/jamie/Documents/Projects/python/py2app-error/dist/Timer.app/Contents/Resources/lib/python3.11/wx/libwx_osx_cocoau_propgrid-3.2.0.2.1.dylib
changefunc:  /System/Library/Frameworks/IOKit.framework/Versions/A/IOKit
changefunc:  /System/Library/Frameworks/Carbon.framework/Versions/A/Carbon
changefunc:  /System/Library/Frameworks/Cocoa.framework/Versions/A/Cocoa
changefunc:  /System/Library/Frameworks/QuartzCore.framework/Versions/A/QuartzCore
changefunc:  /System/Library/Frameworks/AudioToolbox.framework/Versions/A/AudioToolbox
changefunc:  /usr/lib/libSystem.B.dylib
changefunc:  /System/Library/Frameworks/OpenGL.framework/Versions/A/OpenGL
changefunc:  /System/Library/Frameworks/WebKit.framework/Versions/A/WebKit
changefunc:  /usr/lib/libz.1.dylib
changefunc:  /System/Library/Frameworks/Security.framework/Versions/A/Security
changefunc:  /usr/lib/libiconv.2.dylib
changefunc:  /usr/lib/libcurl.4.dylib
changefunc:  @loader_path/libwx_osx_cocoau_core-3.2.0.2.1.dylib
changefunc:  @loader_path/libwx_baseu-3.2.0.2.1.dylib
changefunc:  /usr/lib/libc++.1.dylib
changefunc:  /Users/jamie/Documents/Projects/python/py2app-error/dist/Timer.app/Contents/Resources/lib/python3.11/wx/_html2.cpython-311-darwin.so
changefunc:  /System/Library/Frameworks/IOKit.framework/Versions/A/IOKit
changefunc:  /System/Library/Frameworks/Carbon.framework/Versions/A/Carbon
changefunc:  /System/Library/Frameworks/Cocoa.framework/Versions/A/Cocoa
changefunc:  /System/Library/Frameworks/QuartzCore.framework/Versions/A/QuartzCore
changefunc:  /System/Library/Frameworks/AudioToolbox.framework/Versions/A/AudioToolbox
changefunc:  /usr/lib/libSystem.B.dylib
changefunc:  /System/Library/Frameworks/OpenGL.framework/Versions/A/OpenGL
changefunc:  /System/Library/Frameworks/CoreFoundation.framework/Versions/A/CoreFoundation
changefunc:  @loader_path/libwx_osx_cocoau_webview-3.2.0.2.1.dylib
changefunc:  @loader_path/libwx_osx_cocoau_core-3.2.0.2.1.dylib
changefunc:  @loader_path/libwx_baseu_net-3.2.0.2.1.dylib
changefunc:  @loader_path/libwx_baseu-3.2.0.2.1.dylib
changefunc:  /usr/lib/libc++.1.dylib
changefunc:  /Users/jamie/Documents/Projects/python/py2app-error/dist/Timer.app/Contents/Resources/lib/python3.11/wx/_html2.cpython-311-darwin.so
changefunc:  /System/Library/Frameworks/IOKit.framework/Versions/A/IOKit
changefunc:  /System/Library/Frameworks/Carbon.framework/Versions/A/Carbon
changefunc:  /System/Library/Frameworks/Cocoa.framework/Versions/A/Cocoa
changefunc:  /System/Library/Frameworks/QuartzCore.framework/Versions/A/QuartzCore
changefunc:  /System/Library/Frameworks/AudioToolbox.framework/Versions/A/AudioToolbox
changefunc:  /usr/lib/libSystem.B.dylib
changefunc:  /System/Library/Frameworks/OpenGL.framework/Versions/A/OpenGL
changefunc:  /System/Library/Frameworks/CoreFoundation.framework/Versions/A/CoreFoundation
changefunc:  @loader_path/libwx_osx_cocoau_webview-3.2.0.2.1.dylib
changefunc:  @loader_path/libwx_osx_cocoau_core-3.2.0.2.1.dylib
changefunc:  @loader_path/libwx_baseu_net-3.2.0.2.1.dylib
changefunc:  @loader_path/libwx_baseu-3.2.0.2.1.dylib
changefunc:  /usr/lib/libc++.1.dylib
changefunc:  /Users/jamie/Documents/Projects/python/py2app-error/dist/Timer.app/Contents/Resources/lib/python3.11/wx/_html2.cpython-311-darwin.so
changefunc:  /System/Library/Frameworks/IOKit.framework/Versions/A/IOKit
changefunc:  /System/Library/Frameworks/Carbon.framework/Versions/A/Carbon
changefunc:  /System/Library/Frameworks/Cocoa.framework/Versions/A/Cocoa
changefunc:  /System/Library/Frameworks/QuartzCore.framework/Versions/A/QuartzCore
changefunc:  /System/Library/Frameworks/AudioToolbox.framework/Versions/A/AudioToolbox
changefunc:  /usr/lib/libSystem.B.dylib
changefunc:  /System/Library/Frameworks/OpenGL.framework/Versions/A/OpenGL
changefunc:  /System/Library/Frameworks/CoreFoundation.framework/Versions/A/CoreFoundation
changefunc:  @loader_path/libwx_osx_cocoau_webview-3.2.0.2.1.dylib
changefunc:  @loader_path/libwx_osx_cocoau_core-3.2.0.2.1.dylib
changefunc:  @loader_path/libwx_baseu_net-3.2.0.2.1.dylib
changefunc:  @loader_path/libwx_baseu-3.2.0.2.1.dylib
changefunc:  /usr/lib/libc++.1.dylib
changefunc:  /Users/jamie/Documents/Projects/python/py2app-error/dist/Timer.app/Contents/Resources/lib/python3.11/wx/_html2.cpython-311-darwin.so
changefunc:  /System/Library/Frameworks/IOKit.framework/Versions/A/IOKit
changefunc:  /System/Library/Frameworks/Carbon.framework/Versions/A/Carbon
changefunc:  /System/Library/Frameworks/Cocoa.framework/Versions/A/Cocoa
changefunc:  /System/Library/Frameworks/QuartzCore.framework/Versions/A/QuartzCore
changefunc:  /System/Library/Frameworks/AudioToolbox.framework/Versions/A/AudioToolbox
changefunc:  /usr/lib/libSystem.B.dylib
changefunc:  /System/Library/Frameworks/OpenGL.framework/Versions/A/OpenGL
changefunc:  /System/Library/Frameworks/CoreFoundation.framework/Versions/A/CoreFoundation
changefunc:  @loader_path/libwx_osx_cocoau_webview-3.2.0.2.1.dylib
changefunc:  @loader_path/libwx_osx_cocoau_core-3.2.0.2.1.dylib
changefunc:  @loader_path/libwx_baseu_net-3.2.0.2.1.dylib
changefunc:  @loader_path/libwx_baseu-3.2.0.2.1.dylib
changefunc:  /usr/lib/libc++.1.dylib
changefunc:  /Users/jamie/Documents/Projects/python/py2app-error/dist/Timer.app/Contents/Resources/lib/python3.11/wx/libwx_osx_cocoau_webview-3.2.0.2.1.dylib
changefunc:  /System/Library/Frameworks/IOKit.framework/Versions/A/IOKit
changefunc:  /System/Library/Frameworks/Carbon.framework/Versions/A/Carbon
changefunc:  /System/Library/Frameworks/Cocoa.framework/Versions/A/Cocoa
changefunc:  /System/Library/Frameworks/QuartzCore.framework/Versions/A/QuartzCore
changefunc:  /System/Library/Frameworks/AudioToolbox.framework/Versions/A/AudioToolbox
changefunc:  /usr/lib/libSystem.B.dylib
changefunc:  /System/Library/Frameworks/OpenGL.framework/Versions/A/OpenGL
changefunc:  /System/Library/Frameworks/WebKit.framework/Versions/A/WebKit
changefunc:  /usr/lib/libz.1.dylib
changefunc:  /System/Library/Frameworks/Security.framework/Versions/A/Security
changefunc:  /usr/lib/libiconv.2.dylib
changefunc:  /usr/lib/libcurl.4.dylib
changefunc:  @loader_path/libwx_osx_cocoau_core-3.2.0.2.1.dylib
changefunc:  @loader_path/libwx_baseu-3.2.0.2.1.dylib
changefunc:  /usr/lib/libc++.1.dylib
changefunc:  /System/Library/Frameworks/AppKit.framework/Versions/C/AppKit
changefunc:  /System/Library/Frameworks/CFNetwork.framework/Versions/A/CFNetwork
changefunc:  /System/Library/Frameworks/CoreFoundation.framework/Versions/A/CoreFoundation
changefunc:  /System/Library/Frameworks/Foundation.framework/Versions/C/Foundation
changefunc:  /usr/lib/libobjc.A.dylib
changefunc:  /Users/jamie/Documents/Projects/python/py2app-error/dist/Timer.app/Contents/Resources/lib/python3.11/wx/libwx_osx_cocoau_webview-3.2.0.2.1.dylib
changefunc:  /System/Library/Frameworks/IOKit.framework/Versions/A/IOKit
changefunc:  /System/Library/Frameworks/Carbon.framework/Versions/A/Carbon
changefunc:  /System/Library/Frameworks/Cocoa.framework/Versions/A/Cocoa
changefunc:  /System/Library/Frameworks/QuartzCore.framework/Versions/A/QuartzCore
changefunc:  /System/Library/Frameworks/AudioToolbox.framework/Versions/A/AudioToolbox
changefunc:  /usr/lib/libSystem.B.dylib
changefunc:  /System/Library/Frameworks/OpenGL.framework/Versions/A/OpenGL
changefunc:  /System/Library/Frameworks/WebKit.framework/Versions/A/WebKit
changefunc:  /usr/lib/libz.1.dylib
changefunc:  /System/Library/Frameworks/Security.framework/Versions/A/Security
changefunc:  /usr/lib/libiconv.2.dylib
changefunc:  /usr/lib/libcurl.4.dylib
changefunc:  @loader_path/libwx_osx_cocoau_core-3.2.0.2.1.dylib
changefunc:  @loader_path/libwx_baseu-3.2.0.2.1.dylib
changefunc:  /usr/lib/libc++.1.dylib
changefunc:  /System/Library/Frameworks/AppKit.framework/Versions/C/AppKit
changefunc:  /System/Library/Frameworks/CFNetwork.framework/Versions/A/CFNetwork
changefunc:  /System/Library/Frameworks/CoreFoundation.framework/Versions/A/CoreFoundation
changefunc:  /System/Library/Frameworks/Foundation.framework/Versions/C/Foundation
changefunc:  /usr/lib/libobjc.A.dylib
changefunc:  /Users/jamie/Documents/Projects/python/py2app-error/dist/Timer.app/Contents/Resources/lib/python3.11/wx/libwx_osx_cocoau_webview-3.2.0.2.1.dylib
changefunc:  /System/Library/Frameworks/IOKit.framework/Versions/A/IOKit
changefunc:  /System/Library/Frameworks/Carbon.framework/Versions/A/Carbon
changefunc:  /System/Library/Frameworks/Cocoa.framework/Versions/A/Cocoa
changefunc:  /System/Library/Frameworks/QuartzCore.framework/Versions/A/QuartzCore
changefunc:  /System/Library/Frameworks/AudioToolbox.framework/Versions/A/AudioToolbox
changefunc:  /usr/lib/libSystem.B.dylib
changefunc:  /System/Library/Frameworks/OpenGL.framework/Versions/A/OpenGL
changefunc:  /System/Library/Frameworks/WebKit.framework/Versions/A/WebKit
changefunc:  /usr/lib/libz.1.dylib
changefunc:  /System/Library/Frameworks/Security.framework/Versions/A/Security
changefunc:  /usr/lib/libiconv.2.dylib
changefunc:  /usr/lib/libcurl.4.dylib
changefunc:  @loader_path/libwx_osx_cocoau_core-3.2.0.2.1.dylib
changefunc:  @loader_path/libwx_baseu-3.2.0.2.1.dylib
changefunc:  /usr/lib/libc++.1.dylib
changefunc:  /System/Library/Frameworks/AppKit.framework/Versions/C/AppKit
changefunc:  /System/Library/Frameworks/CFNetwork.framework/Versions/A/CFNetwork
changefunc:  /System/Library/Frameworks/CoreFoundation.framework/Versions/A/CoreFoundation
changefunc:  /System/Library/Frameworks/Foundation.framework/Versions/C/Foundation
changefunc:  /usr/lib/libobjc.A.dylib
changefunc:  /Users/jamie/Documents/Projects/python/py2app-error/dist/Timer.app/Contents/Resources/lib/python3.11/wx/libwx_osx_cocoau_webview-3.2.0.2.1.dylib
changefunc:  /System/Library/Frameworks/IOKit.framework/Versions/A/IOKit
changefunc:  /System/Library/Frameworks/Carbon.framework/Versions/A/Carbon
changefunc:  /System/Library/Frameworks/Cocoa.framework/Versions/A/Cocoa
changefunc:  /System/Library/Frameworks/QuartzCore.framework/Versions/A/QuartzCore
changefunc:  /System/Library/Frameworks/AudioToolbox.framework/Versions/A/AudioToolbox
changefunc:  /usr/lib/libSystem.B.dylib
changefunc:  /System/Library/Frameworks/OpenGL.framework/Versions/A/OpenGL
changefunc:  /System/Library/Frameworks/WebKit.framework/Versions/A/WebKit
changefunc:  /usr/lib/libz.1.dylib
changefunc:  /System/Library/Frameworks/Security.framework/Versions/A/Security
changefunc:  /usr/lib/libiconv.2.dylib
changefunc:  /usr/lib/libcurl.4.dylib
changefunc:  @loader_path/libwx_osx_cocoau_core-3.2.0.2.1.dylib
changefunc:  @loader_path/libwx_baseu-3.2.0.2.1.dylib
changefunc:  /usr/lib/libc++.1.dylib
changefunc:  /System/Library/Frameworks/AppKit.framework/Versions/C/AppKit
changefunc:  /System/Library/Frameworks/CFNetwork.framework/Versions/A/CFNetwork
changefunc:  /System/Library/Frameworks/CoreFoundation.framework/Versions/A/CoreFoundation
changefunc:  /System/Library/Frameworks/Foundation.framework/Versions/C/Foundation
changefunc:  /usr/lib/libobjc.A.dylib
changefunc:  /Users/jamie/Documents/Projects/python/py2app-error/dist/Timer.app/Contents/Resources/lib/python3.11/wx/libwx_osx_cocoau_aui-3.2.0.2.1.dylib
changefunc:  /System/Library/Frameworks/IOKit.framework/Versions/A/IOKit
changefunc:  /System/Library/Frameworks/Carbon.framework/Versions/A/Carbon
changefunc:  /System/Library/Frameworks/Cocoa.framework/Versions/A/Cocoa
changefunc:  /System/Library/Frameworks/QuartzCore.framework/Versions/A/QuartzCore
changefunc:  /System/Library/Frameworks/AudioToolbox.framework/Versions/A/AudioToolbox
changefunc:  /usr/lib/libSystem.B.dylib
changefunc:  /System/Library/Frameworks/OpenGL.framework/Versions/A/OpenGL
changefunc:  /System/Library/Frameworks/WebKit.framework/Versions/A/WebKit
changefunc:  /usr/lib/libz.1.dylib
changefunc:  /System/Library/Frameworks/Security.framework/Versions/A/Security
changefunc:  /usr/lib/libiconv.2.dylib
changefunc:  /usr/lib/libcurl.4.dylib
changefunc:  @loader_path/libwx_osx_cocoau_core-3.2.0.2.1.dylib
changefunc:  @loader_path/libwx_baseu-3.2.0.2.1.dylib
changefunc:  /usr/lib/libc++.1.dylib
changefunc:  /Users/jamie/Documents/Projects/python/py2app-error/dist/Timer.app/Contents/Resources/lib/python3.11/wx/libwx_osx_cocoau_aui-3.2.0.2.1.dylib
changefunc:  /System/Library/Frameworks/IOKit.framework/Versions/A/IOKit
changefunc:  /System/Library/Frameworks/Carbon.framework/Versions/A/Carbon
changefunc:  /System/Library/Frameworks/Cocoa.framework/Versions/A/Cocoa
changefunc:  /System/Library/Frameworks/QuartzCore.framework/Versions/A/QuartzCore
changefunc:  /System/Library/Frameworks/AudioToolbox.framework/Versions/A/AudioToolbox
changefunc:  /usr/lib/libSystem.B.dylib
changefunc:  /System/Library/Frameworks/OpenGL.framework/Versions/A/OpenGL
changefunc:  /System/Library/Frameworks/WebKit.framework/Versions/A/WebKit
changefunc:  /usr/lib/libz.1.dylib
changefunc:  /System/Library/Frameworks/Security.framework/Versions/A/Security
changefunc:  /usr/lib/libiconv.2.dylib
changefunc:  /usr/lib/libcurl.4.dylib
changefunc:  @loader_path/libwx_osx_cocoau_core-3.2.0.2.1.dylib
changefunc:  @loader_path/libwx_baseu-3.2.0.2.1.dylib
changefunc:  /usr/lib/libc++.1.dylib
changefunc:  /Users/jamie/Documents/Projects/python/py2app-error/dist/Timer.app/Contents/Resources/lib/python3.11/wx/libwx_osx_cocoau_aui-3.2.0.2.1.dylib
changefunc:  /System/Library/Frameworks/IOKit.framework/Versions/A/IOKit
changefunc:  /System/Library/Frameworks/Carbon.framework/Versions/A/Carbon
changefunc:  /System/Library/Frameworks/Cocoa.framework/Versions/A/Cocoa
changefunc:  /System/Library/Frameworks/QuartzCore.framework/Versions/A/QuartzCore
changefunc:  /System/Library/Frameworks/AudioToolbox.framework/Versions/A/AudioToolbox
changefunc:  /usr/lib/libSystem.B.dylib
changefunc:  /System/Library/Frameworks/OpenGL.framework/Versions/A/OpenGL
changefunc:  /System/Library/Frameworks/WebKit.framework/Versions/A/WebKit
changefunc:  /usr/lib/libz.1.dylib
changefunc:  /System/Library/Frameworks/Security.framework/Versions/A/Security
changefunc:  /usr/lib/libiconv.2.dylib
changefunc:  /usr/lib/libcurl.4.dylib
changefunc:  @loader_path/libwx_osx_cocoau_core-3.2.0.2.1.dylib
changefunc:  @loader_path/libwx_baseu-3.2.0.2.1.dylib
changefunc:  /usr/lib/libc++.1.dylib
changefunc:  /Users/jamie/Documents/Projects/python/py2app-error/dist/Timer.app/Contents/Resources/lib/python3.11/wx/libwx_osx_cocoau_aui-3.2.0.2.1.dylib
changefunc:  /System/Library/Frameworks/IOKit.framework/Versions/A/IOKit
changefunc:  /System/Library/Frameworks/Carbon.framework/Versions/A/Carbon
changefunc:  /System/Library/Frameworks/Cocoa.framework/Versions/A/Cocoa
changefunc:  /System/Library/Frameworks/QuartzCore.framework/Versions/A/QuartzCore
changefunc:  /System/Library/Frameworks/AudioToolbox.framework/Versions/A/AudioToolbox
changefunc:  /usr/lib/libSystem.B.dylib
changefunc:  /System/Library/Frameworks/OpenGL.framework/Versions/A/OpenGL
changefunc:  /System/Library/Frameworks/WebKit.framework/Versions/A/WebKit
changefunc:  /usr/lib/libz.1.dylib
changefunc:  /System/Library/Frameworks/Security.framework/Versions/A/Security
changefunc:  /usr/lib/libiconv.2.dylib
changefunc:  /usr/lib/libcurl.4.dylib
changefunc:  @loader_path/libwx_osx_cocoau_core-3.2.0.2.1.dylib
changefunc:  @loader_path/libwx_baseu-3.2.0.2.1.dylib
changefunc:  /usr/lib/libc++.1.dylib
changefunc:  /Users/jamie/Documents/Projects/python/py2app-error/dist/Timer.app/Contents/Resources/lib/python3.11/wx/siplib.cpython-311-darwin.so
changefunc:  /System/Library/Frameworks/IOKit.framework/Versions/A/IOKit
changefunc:  /System/Library/Frameworks/Carbon.framework/Versions/A/Carbon
changefunc:  /System/Library/Frameworks/Cocoa.framework/Versions/A/Cocoa
changefunc:  /System/Library/Frameworks/QuartzCore.framework/Versions/A/QuartzCore
changefunc:  /System/Library/Frameworks/AudioToolbox.framework/Versions/A/AudioToolbox
changefunc:  /usr/lib/libSystem.B.dylib
changefunc:  /System/Library/Frameworks/OpenGL.framework/Versions/A/OpenGL
changefunc:  /System/Library/Frameworks/CoreFoundation.framework/Versions/A/CoreFoundation
changefunc:  @loader_path/libwx_osx_cocoau_core-3.2.0.2.1.dylib
changefunc:  @loader_path/libwx_baseu_net-3.2.0.2.1.dylib
changefunc:  @loader_path/libwx_baseu-3.2.0.2.1.dylib
changefunc:  /usr/lib/libc++.1.dylib
changefunc:  /Users/jamie/Documents/Projects/python/py2app-error/dist/Timer.app/Contents/Resources/lib/python3.11/wx/siplib.cpython-311-darwin.so
changefunc:  /System/Library/Frameworks/IOKit.framework/Versions/A/IOKit
changefunc:  /System/Library/Frameworks/Carbon.framework/Versions/A/Carbon
changefunc:  /System/Library/Frameworks/Cocoa.framework/Versions/A/Cocoa
changefunc:  /System/Library/Frameworks/QuartzCore.framework/Versions/A/QuartzCore
changefunc:  /System/Library/Frameworks/AudioToolbox.framework/Versions/A/AudioToolbox
changefunc:  /usr/lib/libSystem.B.dylib
changefunc:  /System/Library/Frameworks/OpenGL.framework/Versions/A/OpenGL
changefunc:  /System/Library/Frameworks/CoreFoundation.framework/Versions/A/CoreFoundation
changefunc:  @loader_path/libwx_osx_cocoau_core-3.2.0.2.1.dylib
changefunc:  @loader_path/libwx_baseu_net-3.2.0.2.1.dylib
changefunc:  @loader_path/libwx_baseu-3.2.0.2.1.dylib
changefunc:  /usr/lib/libc++.1.dylib
changefunc:  /Users/jamie/Documents/Projects/python/py2app-error/dist/Timer.app/Contents/Resources/lib/python3.11/wx/siplib.cpython-311-darwin.so
changefunc:  /System/Library/Frameworks/IOKit.framework/Versions/A/IOKit
changefunc:  /System/Library/Frameworks/Carbon.framework/Versions/A/Carbon
changefunc:  /System/Library/Frameworks/Cocoa.framework/Versions/A/Cocoa
changefunc:  /System/Library/Frameworks/QuartzCore.framework/Versions/A/QuartzCore
changefunc:  /System/Library/Frameworks/AudioToolbox.framework/Versions/A/AudioToolbox
changefunc:  /usr/lib/libSystem.B.dylib
changefunc:  /System/Library/Frameworks/OpenGL.framework/Versions/A/OpenGL
changefunc:  /System/Library/Frameworks/CoreFoundation.framework/Versions/A/CoreFoundation
changefunc:  @loader_path/libwx_osx_cocoau_core-3.2.0.2.1.dylib
changefunc:  @loader_path/libwx_baseu_net-3.2.0.2.1.dylib
changefunc:  @loader_path/libwx_baseu-3.2.0.2.1.dylib
changefunc:  /usr/lib/libc++.1.dylib
changefunc:  /Users/jamie/Documents/Projects/python/py2app-error/dist/Timer.app/Contents/Resources/lib/python3.11/wx/siplib.cpython-311-darwin.so
changefunc:  /System/Library/Frameworks/IOKit.framework/Versions/A/IOKit
changefunc:  /System/Library/Frameworks/Carbon.framework/Versions/A/Carbon
changefunc:  /System/Library/Frameworks/Cocoa.framework/Versions/A/Cocoa
changefunc:  /System/Library/Frameworks/QuartzCore.framework/Versions/A/QuartzCore
changefunc:  /System/Library/Frameworks/AudioToolbox.framework/Versions/A/AudioToolbox
changefunc:  /usr/lib/libSystem.B.dylib
changefunc:  /System/Library/Frameworks/OpenGL.framework/Versions/A/OpenGL
changefunc:  /System/Library/Frameworks/CoreFoundation.framework/Versions/A/CoreFoundation
changefunc:  @loader_path/libwx_osx_cocoau_core-3.2.0.2.1.dylib
changefunc:  @loader_path/libwx_baseu_net-3.2.0.2.1.dylib
changefunc:  @loader_path/libwx_baseu-3.2.0.2.1.dylib
changefunc:  /usr/lib/libc++.1.dylib
changefunc:  /Users/jamie/Documents/Projects/python/py2app-error/dist/Timer.app/Contents/Resources/lib/python3.11/lib-dynload/PIL/.dylibs/libtiff.6.dylib
changefunc:  @loader_path/liblzma.5.dylib
changefunc:  @loader_path/libjpeg.62.4.0.dylib
changefunc:  @loader_path/libz.1.3.1.dylib
changefunc:  /usr/lib/libSystem.B.dylib
changefunc:  /Users/jamie/Documents/Projects/python/py2app-error/dist/Timer.app/Contents/Resources/lib/python3.11/lib-dynload/PIL/.dylibs/liblzma.5.dylib
changefunc:  /usr/lib/libSystem.B.dylib
changefunc:  /Users/jamie/Documents/Projects/python/py2app-error/dist/Timer.app/Contents/Resources/lib/python3.11/lib-dynload/PIL/.dylibs/libopenjp2.2.5.2.dylib
changefunc:  /usr/lib/libSystem.B.dylib
changefunc:  /Users/jamie/Documents/Projects/python/py2app-error/dist/Timer.app/Contents/Resources/lib/python3.11/lib-dynload/PIL/.dylibs/libz.1.3.1.dylib
changefunc:  /usr/lib/libSystem.B.dylib
changefunc:  /Users/jamie/Documents/Projects/python/py2app-error/dist/Timer.app/Contents/Resources/lib/python3.11/lib-dynload/PIL/.dylibs/libjpeg.62.4.0.dylib
changefunc:  /usr/lib/libSystem.B.dylib
changefunc:  /Users/jamie/Documents/Projects/python/py2app-error/dist/Timer.app/Contents/Resources/lib/python3.11/lib-dynload/PIL/.dylibs/libxcb.1.1.0.dylib
changefunc:  @loader_path/libXau.6.0.0.dylib
changefunc:  /usr/lib/libSystem.B.dylib
changefunc:  /Users/jamie/Documents/Projects/python/py2app-error/dist/Timer.app/Contents/Resources/lib/python3.11/lib-dynload/PIL/.dylibs/libXau.6.0.0.dylib
changefunc:  /usr/lib/libSystem.B.dylib
changefunc:  /Users/jamie/Documents/Projects/python/py2app-error/dist/Timer.app/Contents/Resources/lib/python3.11/lib-dynload/PIL/.dylibs/liblcms2.2.dylib
changefunc:  /usr/lib/libSystem.B.dylib
changefunc:  /Users/jamie/Documents/Projects/python/py2app-error/dist/Timer.app/Contents/Resources/lib/python3.11/lib-dynload/PIL/_imagingcms.so
changefunc:  @loader_path/.dylibs/liblcms2.2.dylib
changefunc:  /usr/lib/libSystem.B.dylib
changefunc:  /Users/jamie/Documents/Projects/python/py2app-error/dist/Timer.app/Contents/Frameworks/liblcms2.2.dylib
changefunc:  /usr/lib/libSystem.B.dylib
changefunc:  /Users/jamie/Documents/Projects/python/py2app-error/dist/Timer.app/Contents/Resources/lib/python3.11/lib-dynload/PIL/_imaging.so
changefunc:  @loader_path/.dylibs/libtiff.6.dylib
changefunc:  @loader_path/.dylibs/libjpeg.62.4.0.dylib
changefunc:  @loader_path/.dylibs/libopenjp2.2.5.2.dylib
changefunc:  @loader_path/.dylibs/libz.1.3.1.dylib
changefunc:  @loader_path/.dylibs/libxcb.1.1.0.dylib
changefunc:  /usr/lib/libSystem.B.dylib
changefunc:  /Users/jamie/Documents/Projects/python/py2app-error/dist/Timer.app/Contents/Frameworks/libxcb.1.1.0.dylib
changefunc:  @loader_path/libXau.6.0.0.dylib
changefunc:  /usr/lib/libSystem.B.dylib
changefunc:  /Users/jamie/Documents/Projects/python/py2app-error/dist/Timer.app/Contents/Frameworks/libXau.6.0.0.dylib
changefunc:  /usr/lib/libSystem.B.dylib
changefunc:  /Users/jamie/Documents/Projects/python/py2app-error/dist/Timer.app/Contents/Frameworks/libz.1.3.1.dylib
changefunc:  /usr/lib/libSystem.B.dylib
changefunc:  /Users/jamie/Documents/Projects/python/py2app-error/dist/Timer.app/Contents/Frameworks/libopenjp2.2.5.2.dylib
changefunc:  /usr/lib/libSystem.B.dylib
changefunc:  /Users/jamie/Documents/Projects/python/py2app-error/dist/Timer.app/Contents/Frameworks/libjpeg.62.4.0.dylib
changefunc:  /usr/lib/libSystem.B.dylib
changefunc:  /Users/jamie/Documents/Projects/python/py2app-error/dist/Timer.app/Contents/Frameworks/libtiff.6.dylib
changefunc:  @loader_path/liblzma.5.dylib
changefunc:  @loader_path/libjpeg.62.4.0.dylib
changefunc:  @loader_path/libz.1.3.1.dylib
changefunc:  /usr/lib/libSystem.B.dylib
changefunc:  /Users/jamie/Documents/Projects/python/py2app-error/dist/Timer.app/Contents/Frameworks/liblzma.5.dylib
changefunc:  /usr/lib/libSystem.B.dylib
changefunc:  /Users/jamie/Documents/Projects/python/py2app-error/dist/Timer.app/Contents/Resources/lib/python3.11/lib-dynload/PIL/_imagingmath.so
changefunc:  /usr/lib/libSystem.B.dylib
changefunc:  /Users/jamie/Documents/Projects/python/py2app-error/dist/Timer.app/Contents/Resources/lib/python3.11/lib-dynload/_queue.so
changefunc:  /usr/lib/libSystem.B.dylib
changefunc:  /Users/jamie/Documents/Projects/python/py2app-error/dist/Timer.app/Contents/Resources/lib/python3.11/lib-dynload/_contextvars.so
changefunc:  /usr/lib/libSystem.B.dylib
changefunc:  /Users/jamie/Documents/Projects/python/py2app-error/dist/Timer.app/Contents/Resources/lib/python3.11/lib-dynload/_sha3.so
changefunc:  /usr/lib/libSystem.B.dylib
changefunc:  /Users/jamie/Documents/Projects/python/py2app-error/dist/Timer.app/Contents/Resources/lib/python3.11/lib-dynload/_testinternalcapi.so
changefunc:  /usr/lib/libSystem.B.dylib
changefunc:  /Users/jamie/Documents/Projects/python/py2app-error/dist/Timer.app/Contents/Resources/lib/python3.11/lib-dynload/_csv.so
changefunc:  /usr/lib/libSystem.B.dylib
changefunc:  /Users/jamie/Documents/Projects/python/py2app-error/dist/Timer.app/Contents/Resources/lib/python3.11/lib-dynload/resource.so
changefunc:  /usr/lib/libSystem.B.dylib
changefunc:  /Users/jamie/Documents/Projects/python/py2app-error/dist/Timer.app/Contents/Resources/lib/python3.11/lib-dynload/_decimal.so
changefunc:  /usr/lib/libSystem.B.dylib
changefunc:  /Users/jamie/Documents/Projects/python/py2app-error/dist/Timer.app/Contents/Resources/lib/python3.11/lib-dynload/_multibytecodec.so
changefunc:  /usr/lib/libSystem.B.dylib
changefunc:  /Users/jamie/Documents/Projects/python/py2app-error/dist/Timer.app/Contents/Resources/lib/python3.11/lib-dynload/_asyncio.so
changefunc:  /usr/lib/libSystem.B.dylib
changefunc:  /Users/jamie/Documents/Projects/python/py2app-error/dist/Timer.app/Contents/Resources/lib/python3.11/lib-dynload/_posixsubprocess.so
changefunc:  /usr/lib/libSystem.B.dylib
changefunc:  /Users/jamie/Documents/Projects/python/py2app-error/dist/Timer.app/Contents/Resources/lib/python3.11/lib-dynload/_pickle.so
changefunc:  /usr/lib/libSystem.B.dylib
changefunc:  /Users/jamie/Documents/Projects/python/py2app-error/dist/Timer.app/Contents/Resources/lib/python3.11/lib-dynload/pyexpat.so
changefunc:  /opt/local/lib/libexpat.1.dylib
changefunc:  /usr/lib/libSystem.B.dylib
changefunc:  /Users/jamie/Documents/Projects/python/py2app-error/dist/Timer.app/Contents/Frameworks/libexpat.1.9.2.dylib
changefunc:  /usr/lib/libSystem.B.dylib
changefunc:  /Users/jamie/Documents/Projects/python/py2app-error/dist/Timer.app/Contents/Resources/lib/python3.11/lib-dynload/_heapq.so
changefunc:  /usr/lib/libSystem.B.dylib
changefunc:  /Users/jamie/Documents/Projects/python/py2app-error/dist/Timer.app/Contents/Resources/lib/python3.11/lib-dynload/_hashlib.so
changefunc:  /opt/local/libexec/openssl3/lib/libcrypto.3.dylib
changefunc:  /usr/lib/libSystem.B.dylib
changefunc:  /Users/jamie/Documents/Projects/python/py2app-error/dist/Timer.app/Contents/Frameworks/libcrypto.3.dylib
changefunc:  /opt/local/lib/libz.1.dylib
changefunc:  /usr/lib/libSystem.B.dylib
changefunc:  /Users/jamie/Documents/Projects/python/py2app-error/dist/Timer.app/Contents/Resources/lib/python3.11/lib-dynload/_typing.so
changefunc:  /usr/lib/libSystem.B.dylib
changefunc:  /Users/jamie/Documents/Projects/python/py2app-error/dist/Timer.app/Contents/Resources/lib/python3.11/lib-dynload/_testbuffer.so
changefunc:  /usr/lib/libSystem.B.dylib
changefunc:  /Users/jamie/Documents/Projects/python/py2app-error/dist/Timer.app/Contents/Resources/lib/python3.11/lib-dynload/_codecs_cn.so
changefunc:  /usr/lib/libSystem.B.dylib
changefunc:  /Users/jamie/Documents/Projects/python/py2app-error/dist/Timer.app/Contents/Resources/lib/python3.11/lib-dynload/_codecs_jp.so
changefunc:  /usr/lib/libSystem.B.dylib
changefunc:  /Users/jamie/Documents/Projects/python/py2app-error/dist/Timer.app/Contents/Resources/lib/python3.11/lib-dynload/_socket.so
changefunc:  /usr/lib/libSystem.B.dylib
changefunc:  /Users/jamie/Documents/Projects/python/py2app-error/dist/Timer.app/Contents/Resources/lib/python3.11/lib-dynload/_md5.so
changefunc:  /usr/lib/libSystem.B.dylib
changefunc:  /Users/jamie/Documents/Projects/python/py2app-error/dist/Timer.app/Contents/Resources/lib/python3.11/lib-dynload/cmath.so
changefunc:  /usr/lib/libSystem.B.dylib
changefunc:  /Users/jamie/Documents/Projects/python/py2app-error/dist/Timer.app/Contents/Resources/lib/python3.11/lib-dynload/_struct.so
changefunc:  /usr/lib/libSystem.B.dylib
changefunc:  /Users/jamie/Documents/Projects/python/py2app-error/dist/Timer.app/Contents/Resources/lib/python3.11/lib-dynload/_ctypes.so
changefunc:  /opt/local/lib/libffi.8.dylib
changefunc:  /usr/lib/libSystem.B.dylib
changefunc:  /Users/jamie/Documents/Projects/python/py2app-error/dist/Timer.app/Contents/Frameworks/libffi.8.dylib
changefunc:  /usr/lib/libSystem.B.dylib
changefunc:  /Users/jamie/Documents/Projects/python/py2app-error/dist/Timer.app/Contents/Resources/lib/python3.11/lib-dynload/binascii.so
changefunc:  /opt/local/lib/libz.1.dylib
changefunc:  /usr/lib/libSystem.B.dylib
changefunc:  /Users/jamie/Documents/Projects/python/py2app-error/dist/Timer.app/Contents/Resources/lib/python3.11/lib-dynload/_uuid.so
changefunc:  /usr/lib/libSystem.B.dylib
changefunc:  /Users/jamie/Documents/Projects/python/py2app-error/dist/Timer.app/Contents/Resources/lib/python3.11/lib-dynload/_json.so
changefunc:  /usr/lib/libSystem.B.dylib
changefunc:  /Users/jamie/Documents/Projects/python/py2app-error/dist/Timer.app/Contents/Resources/lib/python3.11/lib-dynload/_scproxy.so
changefunc:  /System/Library/Frameworks/SystemConfiguration.framework/Versions/A/SystemConfiguration
changefunc:  /System/Library/Frameworks/CoreFoundation.framework/Versions/A/CoreFoundation
changefunc:  /usr/lib/libSystem.B.dylib
changefunc:  /Users/jamie/Documents/Projects/python/py2app-error/dist/Timer.app/Contents/Resources/lib/python3.11/lib-dynload/_codecs_tw.so
changefunc:  /usr/lib/libSystem.B.dylib
changefunc:  /Users/jamie/Documents/Projects/python/py2app-error/dist/Timer.app/Contents/Resources/lib/python3.11/lib-dynload/_ssl.so
changefunc:  /opt/local/libexec/openssl3/lib/libssl.3.dylib
changefunc:  /opt/local/libexec/openssl3/lib/libcrypto.3.dylib
changefunc:  /usr/lib/libSystem.B.dylib
changefunc:  /Users/jamie/Documents/Projects/python/py2app-error/dist/Timer.app/Contents/Frameworks/libssl.3.dylib
changefunc:  /opt/local/libexec/openssl3/lib/libcrypto.3.dylib
changefunc:  /opt/local/lib/libz.1.dylib
changefunc:  /usr/lib/libSystem.B.dylib
changefunc:  /Users/jamie/Documents/Projects/python/py2app-error/dist/Timer.app/Contents/Resources/lib/python3.11/lib-dynload/_multiprocessing.so
changefunc:  /usr/lib/libSystem.B.dylib
changefunc:  /Users/jamie/Documents/Projects/python/py2app-error/dist/Timer.app/Contents/Resources/lib/python3.11/lib-dynload/_bz2.so
changefunc:  /opt/local/lib/libbz2.1.0.dylib
changefunc:  /usr/lib/libSystem.B.dylib
changefunc:  /Users/jamie/Documents/Projects/python/py2app-error/dist/Timer.app/Contents/Frameworks/libbz2.1.0.8.dylib
changefunc:  /usr/lib/libSystem.B.dylib
changefunc:  /Users/jamie/Documents/Projects/python/py2app-error/dist/Timer.app/Contents/Resources/lib/python3.11/lib-dynload/_curses.so
changefunc:  /opt/local/lib/libncurses.6.dylib
changefunc:  /usr/lib/libSystem.B.dylib
changefunc:  /Users/jamie/Documents/Projects/python/py2app-error/dist/Timer.app/Contents/Frameworks/libncurses.6.dylib
changefunc:  /usr/lib/libSystem.B.dylib
changefunc:  /Users/jamie/Documents/Projects/python/py2app-error/dist/Timer.app/Contents/Resources/lib/python3.11/lib-dynload/_lzma.so
changefunc:  /opt/local/lib/liblzma.5.dylib
changefunc:  /usr/lib/libSystem.B.dylib
changefunc:  /Users/jamie/Documents/Projects/python/py2app-error/dist/Timer.app/Contents/Resources/lib/python3.11/lib-dynload/_sha512.so
changefunc:  /usr/lib/libSystem.B.dylib
changefunc:  /Users/jamie/Documents/Projects/python/py2app-error/dist/Timer.app/Contents/Resources/lib/python3.11/lib-dynload/_elementtree.so
changefunc:  /usr/lib/libSystem.B.dylib
changefunc:  /Users/jamie/Documents/Projects/python/py2app-error/dist/Timer.app/Contents/Resources/lib/python3.11/lib-dynload/_datetime.so
changefunc:  /usr/lib/libSystem.B.dylib
changefunc:  /Users/jamie/Documents/Projects/python/py2app-error/dist/Timer.app/Contents/Resources/lib/python3.11/lib-dynload/grp.so
changefunc:  /usr/lib/libSystem.B.dylib
changefunc:  /Users/jamie/Documents/Projects/python/py2app-error/dist/Timer.app/Contents/Resources/lib/python3.11/lib-dynload/_blake2.so
changefunc:  /usr/lib/libSystem.B.dylib
changefunc:  /Users/jamie/Documents/Projects/python/py2app-error/dist/Timer.app/Contents/Resources/lib/python3.11/lib-dynload/_codecs_kr.so
changefunc:  /usr/lib/libSystem.B.dylib
changefunc:  /Users/jamie/Documents/Projects/python/py2app-error/dist/Timer.app/Contents/Resources/lib/python3.11/lib-dynload/_codecs_iso2022.so
changefunc:  /usr/lib/libSystem.B.dylib
changefunc:  /Users/jamie/Documents/Projects/python/py2app-error/dist/Timer.app/Contents/Resources/lib/python3.11/lib-dynload/select.so
changefunc:  /usr/lib/libSystem.B.dylib
changefunc:  /Users/jamie/Documents/Projects/python/py2app-error/dist/Timer.app/Contents/Resources/lib/python3.11/lib-dynload/_posixshmem.so
changefunc:  /usr/lib/libSystem.B.dylib
changefunc:  /Users/jamie/Documents/Projects/python/py2app-error/dist/Timer.app/Contents/Resources/lib/python3.11/lib-dynload/mmap.so
changefunc:  /usr/lib/libSystem.B.dylib
changefunc:  /Users/jamie/Documents/Projects/python/py2app-error/dist/Timer.app/Contents/Resources/lib/python3.11/lib-dynload/math.so
changefunc:  /usr/lib/libSystem.B.dylib
changefunc:  /Users/jamie/Documents/Projects/python/py2app-error/dist/Timer.app/Contents/Resources/lib/python3.11/lib-dynload/_dbm.so
changefunc:  /usr/lib/libSystem.B.dylib
changefunc:  /Users/jamie/Documents/Projects/python/py2app-error/dist/Timer.app/Contents/Resources/lib/python3.11/lib-dynload/_bisect.so
changefunc:  /usr/lib/libSystem.B.dylib
changefunc:  /Users/jamie/Documents/Projects/python/py2app-error/dist/Timer.app/Contents/Resources/lib/python3.11/lib-dynload/_opcode.so
changefunc:  /usr/lib/libSystem.B.dylib
changefunc:  /Users/jamie/Documents/Projects/python/py2app-error/dist/Timer.app/Contents/Resources/lib/python3.11/lib-dynload/fcntl.so
changefunc:  /usr/lib/libSystem.B.dylib
changefunc:  /Users/jamie/Documents/Projects/python/py2app-error/dist/Timer.app/Contents/Resources/lib/python3.11/lib-dynload/termios.so
changefunc:  /usr/lib/libSystem.B.dylib
changefunc:  /Users/jamie/Documents/Projects/python/py2app-error/dist/Timer.app/Contents/Resources/lib/python3.11/lib-dynload/array.so
changefunc:  /usr/lib/libSystem.B.dylib
changefunc:  /Users/jamie/Documents/Projects/python/py2app-error/dist/Timer.app/Contents/Resources/lib/python3.11/lib-dynload/_codecs_hk.so
changefunc:  /usr/lib/libSystem.B.dylib
changefunc:  /Users/jamie/Documents/Projects/python/py2app-error/dist/Timer.app/Contents/Resources/lib/python3.11/lib-dynload/_statistics.so
changefunc:  /usr/lib/libSystem.B.dylib
changefunc:  /Users/jamie/Documents/Projects/python/py2app-error/dist/Timer.app/Contents/Resources/lib/python3.11/lib-dynload/_sha256.so
changefunc:  /usr/lib/libSystem.B.dylib
changefunc:  /Users/jamie/Documents/Projects/python/py2app-error/dist/Timer.app/Contents/Resources/lib/python3.11/lib-dynload/_sha1.so
changefunc:  /usr/lib/libSystem.B.dylib
changefunc:  /Users/jamie/Documents/Projects/python/py2app-error/dist/Timer.app/Contents/Resources/lib/python3.11/lib-dynload/zlib.so
changefunc:  /opt/local/lib/libz.1.dylib
changefunc:  /usr/lib/libSystem.B.dylib
changefunc:  /Users/jamie/Documents/Projects/python/py2app-error/dist/Timer.app/Contents/Resources/lib/python3.11/lib-dynload/_random.so
changefunc:  /usr/lib/libSystem.B.dylib
changefunc:  /Users/jamie/Documents/Projects/python/py2app-error/dist/Timer.app/Contents/Resources/lib/python3.11/lib-dynload/unicodedata.so
changefunc:  /usr/lib/libSystem.B.dylib
changefunc:  /Users/jamie/Documents/Projects/python/py2app-error/dist/Timer.app/Contents/Resources/lib/python3.11/lib-dynload/_testcapi.so
changefunc:  /usr/lib/libSystem.B.dylib
changefunc:  /Users/jamie/Documents/Projects/python/py2app-error/dist/Timer.app/Contents/Resources/zlib.cpython-311-darwin.so
changefunc:  /opt/local/lib/libz.1.dylib
changefunc:  /usr/lib/libSystem.B.dylib
changefunc:  /Users/jamie/Documents/Projects/python/py2app-error/dist/Timer.app/Contents/MacOS/Timer
changefunc:  /System/Library/Frameworks/Cocoa.framework/Versions/A/Cocoa
changefunc:  /usr/lib/libSystem.B.dylib
changefunc:  /System/Library/Frameworks/CoreFoundation.framework/Versions/A/CoreFoundation
changefunc:  /Users/jamie/Documents/Projects/python/py2app-error/dist/Timer.app/Contents/MacOS/python
changefunc:  /System/Library/Frameworks/CoreFoundation.framework/Versions/A/CoreFoundation
changefunc:  /opt/local/Library/Frameworks/Python.framework/Versions/3.11/Python
changefunc:  /opt/local/lib/libintl.8.dylib
changefunc:  /usr/lib/libSystem.B.dylib
changefunc:  /opt/local/Library/Frameworks/Python.framework/Versions/3.11/Python
changefunc:  /System/Library/Frameworks/CoreFoundation.framework/Versions/A/CoreFoundation
changefunc:  /opt/local/lib/libintl.8.dylib
changefunc:  /usr/lib/libSystem.B.dylib
stripping _xrc.cpython-311-darwin.so
stripping liblzma.5.dylib
stripping _decimal.so
stripping _philox.cpython-311-darwin.so
stripping _sha512.so
stripping zlib.cpython-311-darwin.so
stripping libXau.6.0.0.dylib
stripping _codecs_cn.so
stripping python
stripping pyexpat.so
stripping mmap.so
stripping libwx_osx_cocoau_xrc-3.2.0.2.1.dylib
stripping _pcg64.cpython-311-darwin.so
stripping _codecs_jp.so
stripping _codecs_hk.so
stripping libxcb.1.1.0.dylib
stripping _posixshmem.so
stripping bit_generator.cpython-311-darwin.so
stripping libwx_osx_cocoau_stc-3.2.0.2.1.dylib
stripping siplib.cpython-311-darwin.so
stripping liblzma.5.dylib
stripping _uuid.so
stripping libz.1.3.1.dylib
stripping _rational_tests.cpython-311-darwin.so
stripping _scproxy.so
stripping libwx_baseu-3.2.0.2.1.dylib
stripping _common.cpython-311-darwin.so
stripping _dataview.cpython-311-darwin.so
stripping libxcb.1.1.0.dylib
stripping libopenjp2.2.5.2.dylib
stripping _umath_linalg.cpython-311-darwin.so
stripping _sha3.so
stripping _nanosvg.cpython-311-darwin.so
stripping _sfc64.cpython-311-darwin.so
stripping _hashlib.so
stripping _random.so
stripping libwx_osx_cocoau_core-3.2.0.2.1.dylib
stripping Python
stripping _curses.so
stripping libopenjp2.2.5.2.dylib
stripping select.so
stripping _propgrid.cpython-311-darwin.so
stripping _testinternalcapi.so
stripping resource.so
stripping _glcanvas.cpython-311-darwin.so
stripping libexpat.1.9.2.dylib
stripping libffi.8.dylib
stripping lapack_lite.cpython-311-darwin.so
stripping _bounded_integers.cpython-311-darwin.so
stripping libwx_osx_cocoau_aui-3.2.0.2.1.dylib
stripping _core.cpython-311-darwin.so
stripping libwx_osx_cocoau_richtext-3.2.0.2.1.dylib
stripping _csv.so
stripping _json.so
stripping libjpeg.62.4.0.dylib
stripping cmath.so
stripping _contextvars.so
stripping _queue.so
stripping _testcapi.so
stripping _struct.so
stripping fcntl.so
stripping unicodedata.so
stripping libwx_osx_cocoau_adv-3.2.0.2.1.dylib
stripping _pocketfft_umath.cpython-311-darwin.so
stripping _imagingmath.so
stripping libbz2.1.0.8.dylib
stripping libwx_osx_cocoau_ribbon-3.2.0.2.1.dylib
stripping libwx_osx_cocoau_webview-3.2.0.2.1.dylib
stripping _heapq.so
stripping _sha256.so
stripping libncurses.6.dylib
stripping _typing.so
stripping Timer
stripping _ctypes.so
stripping binascii.so
stripping _blake2.so
stripping liblcms2.2.dylib
stripping grp.so
stripping _codecs_iso2022.so
stripping _asyncio.so
stripping libwx_osx_cocoau_media-3.2.0.2.1.dylib
stripping zlib.so
stripping _bisect.so
stripping libssl.3.dylib
stripping _mt19937.cpython-311-darwin.so
stripping libiconv.2.dylib
stripping libtiff.6.dylib
stripping _testbuffer.so
stripping _ssl.so
stripping libwx_baseu_xml-3.2.0.2.1.dylib
stripping _operand_flag_tests.cpython-311-darwin.so
stripping _sha1.so
stripping liblcms2.2.dylib
stripping libz.1.3.1.dylib
stripping libwx_osx_cocoau_html-3.2.0.2.1.dylib
stripping _grid.cpython-311-darwin.so
stripping _bz2.so
stripping _multiarray_tests.cpython-311-darwin.so
stripping _codecs_tw.so
stripping _lzma.so
stripping mtrand.cpython-311-darwin.so
stripping _umath_tests.cpython-311-darwin.so
stripping libwx_osx_cocoau_propgrid-3.2.0.2.1.dylib
stripping _socket.so
stripping _posixsubprocess.so
stripping _struct_ufunc_tests.cpython-311-darwin.so
stripping libwx_baseu_net-3.2.0.2.1.dylib
stripping array.so
stripping _stc.cpython-311-darwin.so
stripping _pickle.so
stripping math.so
stripping libXau.6.0.0.dylib
stripping _xml.cpython-311-darwin.so
stripping _statistics.so
stripping _richtext.cpython-311-darwin.so
stripping libintl.8.dylib
stripping _generator.cpython-311-darwin.so
stripping _multiprocessing.so
stripping libwx_osx_cocoau_gl-3.2.0.2.1.dylib
stripping libtiff.6.dylib
stripping libcrypto.3.dylib
stripping _imagingcms.so
stripping _elementtree.so
stripping _imaging.so
stripping _html.cpython-311-darwin.so
stripping _multiarray_umath.cpython-311-darwin.so
stripping _adv.cpython-311-darwin.so
stripping _media.cpython-311-darwin.so
stripping _aui.cpython-311-darwin.so
stripping _ribbon.cpython-311-darwin.so
stripping _codecs_kr.so
stripping _md5.so
stripping termios.so
stripping _dbm.so
stripping _opcode.so
stripping _datetime.so
stripping libjpeg.62.4.0.dylib
stripping _simd.cpython-311-darwin.so
stripping _html2.cpython-311-darwin.so
stripping _multibytecodec.so
/Applications/Xcode.app/Contents/Developer/Toolchains/XcodeDefault.xctoolchain/usr/bin/strip: warning: changes being made to the file will invalidate the code signature in: /Users/jamie/Documents/Projects/python/py2app-error/dist/Timer.app/Contents/Resources/lib/python3.11/lib-dynload/PIL/.dylibs/libjpeg.62.4.0.dylib
/Applications/Xcode.app/Contents/Developer/Toolchains/XcodeDefault.xctoolchain/usr/bin/strip: warning: changes being made to the file will invalidate the code signature in: /Users/jamie/Documents/Projects/python/py2app-error/dist/Timer.app/Contents/Resources/lib/python3.11/lib-dynload/PIL/_imaging.so
/Applications/Xcode.app/Contents/Developer/Toolchains/XcodeDefault.xctoolchain/usr/bin/strip: warning: changes being made to the file will invalidate the code signature in: /Users/jamie/Documents/Projects/python/py2app-error/dist/Timer.app/Contents/Resources/lib/python3.11/lib-dynload/PIL/_imagingcms.so
/Applications/Xcode.app/Contents/Developer/Toolchains/XcodeDefault.xctoolchain/usr/bin/strip: warning: changes being made to the file will invalidate the code signature in: /Users/jamie/Documents/Projects/python/py2app-error/dist/Timer.app/Contents/Frameworks/libtiff.6.dylib
/Applications/Xcode.app/Contents/Developer/Toolchains/XcodeDefault.xctoolchain/usr/bin/strip: warning: changes being made to the file will invalidate the code signature in: /Users/jamie/Documents/Projects/python/py2app-error/dist/Timer.app/Contents/Frameworks/libXau.6.0.0.dylib
/Applications/Xcode.app/Contents/Developer/Toolchains/XcodeDefault.xctoolchain/usr/bin/strip: fatal error: the __LINKEDIT segment does not cover the end of the file (can't be processed) in: /Users/jamie/Documents/Projects/python/py2app-error/dist/Timer.app/Contents/Frameworks/libz.1.3.1.dylib
stripping saved 10739867 bytes (122948717 / 133688584)
sign ['/Users/jamie/Documents/Projects/python/py2app-error/dist/Timer.app/Contents/MacOS/python', '/Users/jamie/Documents/Projects/python/py2app-error/dist/Timer.app/Contents/MacOS/Timer', '/Users/jamie/Documents/Projects/python/py2app-error/dist/Timer.app/Contents/Resources/zlib.cpython-311-darwin.so', '/Users/jamie/Documents/Projects/python/py2app-error/dist/Timer.app/Contents/Resources/lib/python3.11/lib-dynload/_testcapi.so', '/Users/jamie/Documents/Projects/python/py2app-error/dist/Timer.app/Contents/Resources/lib/python3.11/lib-dynload/unicodedata.so', '/Users/jamie/Documents/Projects/python/py2app-error/dist/Timer.app/Contents/Resources/lib/python3.11/lib-dynload/_random.so', '/Users/jamie/Documents/Projects/python/py2app-error/dist/Timer.app/Contents/Resources/lib/python3.11/lib-dynload/zlib.so', '/Users/jamie/Documents/Projects/python/py2app-error/dist/Timer.app/Contents/Resources/lib/python3.11/lib-dynload/_sha1.so', '/Users/jamie/Documents/Projects/python/py2app-error/dist/Timer.app/Contents/Resources/lib/python3.11/lib-dynload/_sha256.so', '/Users/jamie/Documents/Projects/python/py2app-error/dist/Timer.app/Contents/Resources/lib/python3.11/lib-dynload/_statistics.so', '/Users/jamie/Documents/Projects/python/py2app-error/dist/Timer.app/Contents/Resources/lib/python3.11/lib-dynload/_codecs_hk.so', '/Users/jamie/Documents/Projects/python/py2app-error/dist/Timer.app/Contents/Resources/lib/python3.11/lib-dynload/array.so', '/Users/jamie/Documents/Projects/python/py2app-error/dist/Timer.app/Contents/Resources/lib/python3.11/lib-dynload/termios.so', '/Users/jamie/Documents/Projects/python/py2app-error/dist/Timer.app/Contents/Resources/lib/python3.11/lib-dynload/fcntl.so', '/Users/jamie/Documents/Projects/python/py2app-error/dist/Timer.app/Contents/Resources/lib/python3.11/lib-dynload/_opcode.so', '/Users/jamie/Documents/Projects/python/py2app-error/dist/Timer.app/Contents/Resources/lib/python3.11/lib-dynload/_bisect.so', '/Users/jamie/Documents/Projects/python/py2app-error/dist/Timer.app/Contents/Resources/lib/python3.11/lib-dynload/_dbm.so', '/Users/jamie/Documents/Projects/python/py2app-error/dist/Timer.app/Contents/Resources/lib/python3.11/lib-dynload/math.so', '/Users/jamie/Documents/Projects/python/py2app-error/dist/Timer.app/Contents/Resources/lib/python3.11/lib-dynload/mmap.so', '/Users/jamie/Documents/Projects/python/py2app-error/dist/Timer.app/Contents/Resources/lib/python3.11/lib-dynload/_posixshmem.so', '/Users/jamie/Documents/Projects/python/py2app-error/dist/Timer.app/Contents/Resources/lib/python3.11/lib-dynload/select.so', '/Users/jamie/Documents/Projects/python/py2app-error/dist/Timer.app/Contents/Resources/lib/python3.11/lib-dynload/_codecs_iso2022.so', '/Users/jamie/Documents/Projects/python/py2app-error/dist/Timer.app/Contents/Resources/lib/python3.11/lib-dynload/_codecs_kr.so', '/Users/jamie/Documents/Projects/python/py2app-error/dist/Timer.app/Contents/Resources/lib/python3.11/lib-dynload/_blake2.so', '/Users/jamie/Documents/Projects/python/py2app-error/dist/Timer.app/Contents/Resources/lib/python3.11/lib-dynload/grp.so', '/Users/jamie/Documents/Projects/python/py2app-error/dist/Timer.app/Contents/Resources/lib/python3.11/lib-dynload/_datetime.so', '/Users/jamie/Documents/Projects/python/py2app-error/dist/Timer.app/Contents/Resources/lib/python3.11/lib-dynload/_elementtree.so', '/Users/jamie/Documents/Projects/python/py2app-error/dist/Timer.app/Contents/Resources/lib/python3.11/lib-dynload/_sha512.so', '/Users/jamie/Documents/Projects/python/py2app-error/dist/Timer.app/Contents/Resources/lib/python3.11/lib-dynload/_lzma.so', '/Users/jamie/Documents/Projects/python/py2app-error/dist/Timer.app/Contents/Resources/lib/python3.11/lib-dynload/_curses.so', '/Users/jamie/Documents/Projects/python/py2app-error/dist/Timer.app/Contents/Resources/lib/python3.11/lib-dynload/_bz2.so', '/Users/jamie/Documents/Projects/python/py2app-error/dist/Timer.app/Contents/Resources/lib/python3.11/lib-dynload/_multiprocessing.so', '/Users/jamie/Documents/Projects/python/py2app-error/dist/Timer.app/Contents/Resources/lib/python3.11/lib-dynload/_ssl.so', '/Users/jamie/Documents/Projects/python/py2app-error/dist/Timer.app/Contents/Resources/lib/python3.11/lib-dynload/_codecs_tw.so', '/Users/jamie/Documents/Projects/python/py2app-error/dist/Timer.app/Contents/Resources/lib/python3.11/lib-dynload/_scproxy.so', '/Users/jamie/Documents/Projects/python/py2app-error/dist/Timer.app/Contents/Resources/lib/python3.11/lib-dynload/_json.so', '/Users/jamie/Documents/Projects/python/py2app-error/dist/Timer.app/Contents/Resources/lib/python3.11/lib-dynload/_uuid.so', '/Users/jamie/Documents/Projects/python/py2app-error/dist/Timer.app/Contents/Resources/lib/python3.11/lib-dynload/binascii.so', '/Users/jamie/Documents/Projects/python/py2app-error/dist/Timer.app/Contents/Resources/lib/python3.11/lib-dynload/_ctypes.so', '/Users/jamie/Documents/Projects/python/py2app-error/dist/Timer.app/Contents/Resources/lib/python3.11/lib-dynload/_struct.so', '/Users/jamie/Documents/Projects/python/py2app-error/dist/Timer.app/Contents/Resources/lib/python3.11/lib-dynload/cmath.so', '/Users/jamie/Documents/Projects/python/py2app-error/dist/Timer.app/Contents/Resources/lib/python3.11/lib-dynload/_md5.so', '/Users/jamie/Documents/Projects/python/py2app-error/dist/Timer.app/Contents/Resources/lib/python3.11/lib-dynload/_socket.so', '/Users/jamie/Documents/Projects/python/py2app-error/dist/Timer.app/Contents/Resources/lib/python3.11/lib-dynload/_codecs_jp.so', '/Users/jamie/Documents/Projects/python/py2app-error/dist/Timer.app/Contents/Resources/lib/python3.11/lib-dynload/_codecs_cn.so', '/Users/jamie/Documents/Projects/python/py2app-error/dist/Timer.app/Contents/Resources/lib/python3.11/lib-dynload/_testbuffer.so', '/Users/jamie/Documents/Projects/python/py2app-error/dist/Timer.app/Contents/Resources/lib/python3.11/lib-dynload/_typing.so', '/Users/jamie/Documents/Projects/python/py2app-error/dist/Timer.app/Contents/Resources/lib/python3.11/lib-dynload/_hashlib.so', '/Users/jamie/Documents/Projects/python/py2app-error/dist/Timer.app/Contents/Resources/lib/python3.11/lib-dynload/_heapq.so', '/Users/jamie/Documents/Projects/python/py2app-error/dist/Timer.app/Contents/Resources/lib/python3.11/lib-dynload/pyexpat.so', '/Users/jamie/Documents/Projects/python/py2app-error/dist/Timer.app/Contents/Resources/lib/python3.11/lib-dynload/_pickle.so', '/Users/jamie/Documents/Projects/python/py2app-error/dist/Timer.app/Contents/Resources/lib/python3.11/lib-dynload/_posixsubprocess.so', '/Users/jamie/Documents/Projects/python/py2app-error/dist/Timer.app/Contents/Resources/lib/python3.11/lib-dynload/_asyncio.so', '/Users/jamie/Documents/Projects/python/py2app-error/dist/Timer.app/Contents/Resources/lib/python3.11/lib-dynload/_multibytecodec.so', '/Users/jamie/Documents/Projects/python/py2app-error/dist/Timer.app/Contents/Resources/lib/python3.11/lib-dynload/_decimal.so', '/Users/jamie/Documents/Projects/python/py2app-error/dist/Timer.app/Contents/Resources/lib/python3.11/lib-dynload/resource.so', '/Users/jamie/Documents/Projects/python/py2app-error/dist/Timer.app/Contents/Resources/lib/python3.11/lib-dynload/_csv.so', '/Users/jamie/Documents/Projects/python/py2app-error/dist/Timer.app/Contents/Resources/lib/python3.11/lib-dynload/_testinternalcapi.so', '/Users/jamie/Documents/Projects/python/py2app-error/dist/Timer.app/Contents/Resources/lib/python3.11/lib-dynload/_sha3.so', '/Users/jamie/Documents/Projects/python/py2app-error/dist/Timer.app/Contents/Resources/lib/python3.11/lib-dynload/_contextvars.so', '/Users/jamie/Documents/Projects/python/py2app-error/dist/Timer.app/Contents/Resources/lib/python3.11/lib-dynload/_queue.so', '/Users/jamie/Documents/Projects/python/py2app-error/dist/Timer.app/Contents/Resources/lib/python3.11/lib-dynload/PIL/_imagingmath.so', '/Users/jamie/Documents/Projects/python/py2app-error/dist/Timer.app/Contents/Resources/lib/python3.11/lib-dynload/PIL/_imaging.so', '/Users/jamie/Documents/Projects/python/py2app-error/dist/Timer.app/Contents/Resources/lib/python3.11/lib-dynload/PIL/_imagingcms.so', '/Users/jamie/Documents/Projects/python/py2app-error/dist/Timer.app/Contents/Resources/lib/python3.11/lib-dynload/PIL/.dylibs/liblcms2.2.dylib', '/Users/jamie/Documents/Projects/python/py2app-error/dist/Timer.app/Contents/Resources/lib/python3.11/lib-dynload/PIL/.dylibs/libxcb.1.1.0.dylib', '/Users/jamie/Documents/Projects/python/py2app-error/dist/Timer.app/Contents/Resources/lib/python3.11/lib-dynload/PIL/.dylibs/libjpeg.62.4.0.dylib', '/Users/jamie/Documents/Projects/python/py2app-error/dist/Timer.app/Contents/Resources/lib/python3.11/lib-dynload/PIL/.dylibs/libXau.6.0.0.dylib', '/Users/jamie/Documents/Projects/python/py2app-error/dist/Timer.app/Contents/Resources/lib/python3.11/lib-dynload/PIL/.dylibs/libz.1.3.1.dylib', '/Users/jamie/Documents/Projects/python/py2app-error/dist/Timer.app/Contents/Resources/lib/python3.11/lib-dynload/PIL/.dylibs/libopenjp2.2.5.2.dylib', '/Users/jamie/Documents/Projects/python/py2app-error/dist/Timer.app/Contents/Resources/lib/python3.11/lib-dynload/PIL/.dylibs/liblzma.5.dylib', '/Users/jamie/Documents/Projects/python/py2app-error/dist/Timer.app/Contents/Resources/lib/python3.11/lib-dynload/PIL/.dylibs/libtiff.6.dylib', '/Users/jamie/Documents/Projects/python/py2app-error/dist/Timer.app/Contents/Resources/lib/python3.11/wx/siplib.cpython-311-darwin.so', '/Users/jamie/Documents/Projects/python/py2app-error/dist/Timer.app/Contents/Resources/lib/python3.11/wx/libwx_osx_cocoau_aui-3.2.0.2.1.dylib', '/Users/jamie/Documents/Projects/python/py2app-error/dist/Timer.app/Contents/Resources/lib/python3.11/wx/_html2.cpython-311-darwin.so', '/Users/jamie/Documents/Projects/python/py2app-error/dist/Timer.app/Contents/Resources/lib/python3.11/wx/_propgrid.cpython-311-darwin.so', '/Users/jamie/Documents/Projects/python/py2app-error/dist/Timer.app/Contents/Resources/lib/python3.11/wx/_stc.cpython-311-darwin.so', '/Users/jamie/Documents/Projects/python/py2app-error/dist/Timer.app/Contents/Resources/lib/python3.11/wx/libwx_osx_cocoau_webview-3.2.0.2.1.dylib', '/Users/jamie/Documents/Projects/python/py2app-error/dist/Timer.app/Contents/Resources/lib/python3.11/wx/libwx_osx_cocoau_gl-3.2.0.2.1.dylib', '/Users/jamie/Documents/Projects/python/py2app-error/dist/Timer.app/Contents/Resources/lib/python3.11/wx/libwx_baseu_net-3.2.0.2.1.dylib', '/Users/jamie/Documents/Projects/python/py2app-error/dist/Timer.app/Contents/Resources/lib/python3.11/wx/_aui.cpython-311-darwin.so', '/Users/jamie/Documents/Projects/python/py2app-error/dist/Timer.app/Contents/Resources/lib/python3.11/wx/libwx_osx_cocoau_stc-3.2.0.2.1.dylib', '/Users/jamie/Documents/Projects/python/py2app-error/dist/Timer.app/Contents/Resources/lib/python3.11/wx/_xrc.cpython-311-darwin.so', '/Users/jamie/Documents/Projects/python/py2app-error/dist/Timer.app/Contents/Resources/lib/python3.11/wx/libwx_osx_cocoau_xrc-3.2.0.2.1.dylib', '/Users/jamie/Documents/Projects/python/py2app-error/dist/Timer.app/Contents/Resources/lib/python3.11/wx/_ribbon.cpython-311-darwin.so', '/Users/jamie/Documents/Projects/python/py2app-error/dist/Timer.app/Contents/Resources/lib/python3.11/wx/_xml.cpython-311-darwin.so', '/Users/jamie/Documents/Projects/python/py2app-error/dist/Timer.app/Contents/Resources/lib/python3.11/wx/libwx_baseu-3.2.0.2.1.dylib', '/Users/jamie/Documents/Projects/python/py2app-error/dist/Timer.app/Contents/Resources/lib/python3.11/wx/libwx_osx_cocoau_adv-3.2.0.2.1.dylib', '/Users/jamie/Documents/Projects/python/py2app-error/dist/Timer.app/Contents/Resources/lib/python3.11/wx/libwx_osx_cocoau_html-3.2.0.2.1.dylib', '/Users/jamie/Documents/Projects/python/py2app-error/dist/Timer.app/Contents/Resources/lib/python3.11/wx/_glcanvas.cpython-311-darwin.so', '/Users/jamie/Documents/Projects/python/py2app-error/dist/Timer.app/Contents/Resources/lib/python3.11/wx/libwx_osx_cocoau_core-3.2.0.2.1.dylib', '/Users/jamie/Documents/Projects/python/py2app-error/dist/Timer.app/Contents/Resources/lib/python3.11/wx/_grid.cpython-311-darwin.so', '/Users/jamie/Documents/Projects/python/py2app-error/dist/Timer.app/Contents/Resources/lib/python3.11/wx/_richtext.cpython-311-darwin.so', '/Users/jamie/Documents/Projects/python/py2app-error/dist/Timer.app/Contents/Resources/lib/python3.11/wx/libwx_osx_cocoau_ribbon-3.2.0.2.1.dylib', '/Users/jamie/Documents/Projects/python/py2app-error/dist/Timer.app/Contents/Resources/lib/python3.11/wx/_adv.cpython-311-darwin.so', '/Users/jamie/Documents/Projects/python/py2app-error/dist/Timer.app/Contents/Resources/lib/python3.11/wx/_core.cpython-311-darwin.so', '/Users/jamie/Documents/Projects/python/py2app-error/dist/Timer.app/Contents/Resources/lib/python3.11/wx/libwx_osx_cocoau_media-3.2.0.2.1.dylib', '/Users/jamie/Documents/Projects/python/py2app-error/dist/Timer.app/Contents/Resources/lib/python3.11/wx/_html.cpython-311-darwin.so', '/Users/jamie/Documents/Projects/python/py2app-error/dist/Timer.app/Contents/Resources/lib/python3.11/wx/_media.cpython-311-darwin.so', '/Users/jamie/Documents/Projects/python/py2app-error/dist/Timer.app/Contents/Resources/lib/python3.11/wx/libwx_baseu_xml-3.2.0.2.1.dylib', '/Users/jamie/Documents/Projects/python/py2app-error/dist/Timer.app/Contents/Resources/lib/python3.11/wx/libwx_osx_cocoau_richtext-3.2.0.2.1.dylib', '/Users/jamie/Documents/Projects/python/py2app-error/dist/Timer.app/Contents/Resources/lib/python3.11/wx/_dataview.cpython-311-darwin.so', '/Users/jamie/Documents/Projects/python/py2app-error/dist/Timer.app/Contents/Resources/lib/python3.11/wx/libwx_osx_cocoau_propgrid-3.2.0.2.1.dylib', '/Users/jamie/Documents/Projects/python/py2app-error/dist/Timer.app/Contents/Resources/lib/python3.11/wx/svg/_nanosvg.cpython-311-darwin.so', '/Users/jamie/Documents/Projects/python/py2app-error/dist/Timer.app/Contents/Resources/lib/python3.11/numpy/linalg/lapack_lite.cpython-311-darwin.so', '/Users/jamie/Documents/Projects/python/py2app-error/dist/Timer.app/Contents/Resources/lib/python3.11/numpy/linalg/_umath_linalg.cpython-311-darwin.so', '/Users/jamie/Documents/Projects/python/py2app-error/dist/Timer.app/Contents/Resources/lib/python3.11/numpy/_core/_multiarray_umath.cpython-311-darwin.so', '/Users/jamie/Documents/Projects/python/py2app-error/dist/Timer.app/Contents/Resources/lib/python3.11/numpy/_core/_simd.cpython-311-darwin.so', '/Users/jamie/Documents/Projects/python/py2app-error/dist/Timer.app/Contents/Resources/lib/python3.11/numpy/_core/_umath_tests.cpython-311-darwin.so', '/Users/jamie/Documents/Projects/python/py2app-error/dist/Timer.app/Contents/Resources/lib/python3.11/numpy/_core/_multiarray_tests.cpython-311-darwin.so', '/Users/jamie/Documents/Projects/python/py2app-error/dist/Timer.app/Contents/Resources/lib/python3.11/numpy/_core/_operand_flag_tests.cpython-311-darwin.so', '/Users/jamie/Documents/Projects/python/py2app-error/dist/Timer.app/Contents/Resources/lib/python3.11/numpy/_core/_rational_tests.cpython-311-darwin.so', '/Users/jamie/Documents/Projects/python/py2app-error/dist/Timer.app/Contents/Resources/lib/python3.11/numpy/_core/_struct_ufunc_tests.cpython-311-darwin.so', '/Users/jamie/Documents/Projects/python/py2app-error/dist/Timer.app/Contents/Resources/lib/python3.11/numpy/fft/_pocketfft_umath.cpython-311-darwin.so', '/Users/jamie/Documents/Projects/python/py2app-error/dist/Timer.app/Contents/Resources/lib/python3.11/numpy/random/_generator.cpython-311-darwin.so', '/Users/jamie/Documents/Projects/python/py2app-error/dist/Timer.app/Contents/Resources/lib/python3.11/numpy/random/_common.cpython-311-darwin.so', '/Users/jamie/Documents/Projects/python/py2app-error/dist/Timer.app/Contents/Resources/lib/python3.11/numpy/random/mtrand.cpython-311-darwin.so', '/Users/jamie/Documents/Projects/python/py2app-error/dist/Timer.app/Contents/Resources/lib/python3.11/numpy/random/_sfc64.cpython-311-darwin.so', '/Users/jamie/Documents/Projects/python/py2app-error/dist/Timer.app/Contents/Resources/lib/python3.11/numpy/random/_pcg64.cpython-311-darwin.so', '/Users/jamie/Documents/Projects/python/py2app-error/dist/Timer.app/Contents/Resources/lib/python3.11/numpy/random/_philox.cpython-311-darwin.so', '/Users/jamie/Documents/Projects/python/py2app-error/dist/Timer.app/Contents/Resources/lib/python3.11/numpy/random/_mt19937.cpython-311-darwin.so', '/Users/jamie/Documents/Projects/python/py2app-error/dist/Timer.app/Contents/Resources/lib/python3.11/numpy/random/_bounded_integers.cpython-311-darwin.so', '/Users/jamie/Documents/Projects/python/py2app-error/dist/Timer.app/Contents/Resources/lib/python3.11/numpy/random/bit_generator.cpython-311-darwin.so', '/Users/jamie/Documents/Projects/python/py2app-error/dist/Timer.app/Contents/Frameworks/libffi.8.dylib', '/Users/jamie/Documents/Projects/python/py2app-error/dist/Timer.app/Contents/Frameworks/libncurses.6.dylib', '/Users/jamie/Documents/Projects/python/py2app-error/dist/Timer.app/Contents/Frameworks/liblcms2.2.dylib', '/Users/jamie/Documents/Projects/python/py2app-error/dist/Timer.app/Contents/Frameworks/libexpat.1.9.2.dylib', '/Users/jamie/Documents/Projects/python/py2app-error/dist/Timer.app/Contents/Frameworks/libiconv.2.dylib', '/Users/jamie/Documents/Projects/python/py2app-error/dist/Timer.app/Contents/Frameworks/libssl.3.dylib', '/Users/jamie/Documents/Projects/python/py2app-error/dist/Timer.app/Contents/Frameworks/libxcb.1.1.0.dylib', '/Users/jamie/Documents/Projects/python/py2app-error/dist/Timer.app/Contents/Frameworks/libjpeg.62.4.0.dylib', '/Users/jamie/Documents/Projects/python/py2app-error/dist/Timer.app/Contents/Frameworks/libcrypto.3.dylib', '/Users/jamie/Documents/Projects/python/py2app-error/dist/Timer.app/Contents/Frameworks/libXau.6.0.0.dylib', '/Users/jamie/Documents/Projects/python/py2app-error/dist/Timer.app/Contents/Frameworks/libbz2.1.0.8.dylib', '/Users/jamie/Documents/Projects/python/py2app-error/dist/Timer.app/Contents/Frameworks/libz.1.3.1.dylib', '/Users/jamie/Documents/Projects/python/py2app-error/dist/Timer.app/Contents/Frameworks/libintl.8.dylib', '/Users/jamie/Documents/Projects/python/py2app-error/dist/Timer.app/Contents/Frameworks/libopenjp2.2.5.2.dylib', '/Users/jamie/Documents/Projects/python/py2app-error/dist/Timer.app/Contents/Frameworks/liblzma.5.dylib', '/Users/jamie/Documents/Projects/python/py2app-error/dist/Timer.app/Contents/Frameworks/libtiff.6.dylib', '/Users/jamie/Documents/Projects/python/py2app-error/dist/Timer.app/Contents/Frameworks/Python.framework/Versions/3.11/Python']/Users/jamie/Documents/Projects/python/py2app-error/dist/Timer.app/Contents/MacOS/python: replacing existing signature
/Users/jamie/Documents/Projects/python/py2app-error/dist/Timer.app/Contents/MacOS/python: signed Mach-O thin (arm64) [python-5555494442aa6a408d1e37659e7c0c1b70d48f57]
/Users/jamie/Documents/Projects/python/py2app-error/dist/Timer.app/Contents/MacOS/Timer: replacing existing signature
/Users/jamie/Documents/Projects/python/py2app-error/dist/Timer.app/Contents/MacOS/Timer: invalid or unsupported format for signature
In subcomponent: /Users/jamie/Documents/Projects/python/py2app-error/dist/Timer.app/Contents/Frameworks/libz.1.3.1.dylib
/Users/jamie/Documents/Projects/python/py2app-error/dist/Timer.app/Contents/Resources/zlib.cpython-311-darwin.so: replacing existing signature
/Users/jamie/Documents/Projects/python/py2app-error/dist/Timer.app/Contents/Resources/zlib.cpython-311-darwin.so: signed Mach-O thin (arm64) [zlib.cpython-311-darwin]
/Users/jamie/Documents/Projects/python/py2app-error/dist/Timer.app/Contents/Resources/lib/python3.11/lib-dynload/_testcapi.so: replacing existing signature
/Users/jamie/Documents/Projects/python/py2app-error/dist/Timer.app/Contents/Resources/lib/python3.11/lib-dynload/_testcapi.so: signed Mach-O thin (arm64) [_testcapi-555549449533e71dc1693177ba85acfedb1a26b9]
/Users/jamie/Documents/Projects/python/py2app-error/dist/Timer.app/Contents/Resources/lib/python3.11/lib-dynload/unicodedata.so: replacing existing signature
/Users/jamie/Documents/Projects/python/py2app-error/dist/Timer.app/Contents/Resources/lib/python3.11/lib-dynload/unicodedata.so: signed Mach-O thin (arm64) [unicodedata-5555494439061c20de3c38bdb2c0f70fe283e388]
/Users/jamie/Documents/Projects/python/py2app-error/dist/Timer.app/Contents/Resources/lib/python3.11/lib-dynload/_random.so: replacing existing signature
/Users/jamie/Documents/Projects/python/py2app-error/dist/Timer.app/Contents/Resources/lib/python3.11/lib-dynload/_random.so: signed Mach-O thin (arm64) [_random-55554944e05656d2c85c3349893ffe53f6579db1]
/Users/jamie/Documents/Projects/python/py2app-error/dist/Timer.app/Contents/Resources/lib/python3.11/lib-dynload/zlib.so: replacing existing signature
/Users/jamie/Documents/Projects/python/py2app-error/dist/Timer.app/Contents/Resources/lib/python3.11/lib-dynload/zlib.so: signed Mach-O thin (arm64) [zlib-55554944f5aaa9a854ad34c489d55a81ad8b9b32]
/Users/jamie/Documents/Projects/python/py2app-error/dist/Timer.app/Contents/Resources/lib/python3.11/lib-dynload/_sha1.so: replacing existing signature
/Users/jamie/Documents/Projects/python/py2app-error/dist/Timer.app/Contents/Resources/lib/python3.11/lib-dynload/_sha1.so: signed Mach-O thin (arm64) [_sha1-5555494447187df709bc348fa7063ca287256410]
/Users/jamie/Documents/Projects/python/py2app-error/dist/Timer.app/Contents/Resources/lib/python3.11/lib-dynload/_sha256.so: replacing existing signature
/Users/jamie/Documents/Projects/python/py2app-error/dist/Timer.app/Contents/Resources/lib/python3.11/lib-dynload/_sha256.so: signed Mach-O thin (arm64) [_sha256-55554944ac05899dd1f6368fba6f2bfa7ea796b0]
/Users/jamie/Documents/Projects/python/py2app-error/dist/Timer.app/Contents/Resources/lib/python3.11/lib-dynload/_statistics.so: replacing existing signature
/Users/jamie/Documents/Projects/python/py2app-error/dist/Timer.app/Contents/Resources/lib/python3.11/lib-dynload/_statistics.so: signed Mach-O thin (arm64) [_statistics-55554944ab3a98e8c1433f4ea81d47c56b2977f6]
/Users/jamie/Documents/Projects/python/py2app-error/dist/Timer.app/Contents/Resources/lib/python3.11/lib-dynload/_codecs_hk.so: replacing existing signature
/Users/jamie/Documents/Projects/python/py2app-error/dist/Timer.app/Contents/Resources/lib/python3.11/lib-dynload/_codecs_hk.so: signed Mach-O thin (arm64) [_codecs_hk-555549449bbef6a33bcf3bbf960e4b229e2c270d]
/Users/jamie/Documents/Projects/python/py2app-error/dist/Timer.app/Contents/Resources/lib/python3.11/lib-dynload/array.so: replacing existing signature
/Users/jamie/Documents/Projects/python/py2app-error/dist/Timer.app/Contents/Resources/lib/python3.11/lib-dynload/array.so: signed Mach-O thin (arm64) [array-555549448aa18c6e485138c28ee08d0dcb3cfdba]
/Users/jamie/Documents/Projects/python/py2app-error/dist/Timer.app/Contents/Resources/lib/python3.11/lib-dynload/termios.so: replacing existing signature
/Users/jamie/Documents/Projects/python/py2app-error/dist/Timer.app/Contents/Resources/lib/python3.11/lib-dynload/termios.so: signed Mach-O thin (arm64) [termios-555549446a82f4b7f4293ca19388c0c7c2bc6bf4]
/Users/jamie/Documents/Projects/python/py2app-error/dist/Timer.app/Contents/Resources/lib/python3.11/lib-dynload/fcntl.so: replacing existing signature
/Users/jamie/Documents/Projects/python/py2app-error/dist/Timer.app/Contents/Resources/lib/python3.11/lib-dynload/fcntl.so: signed Mach-O thin (arm64) [fcntl-5555494486b6f9f05c75397dbeefc1a639a5d6ef]
/Users/jamie/Documents/Projects/python/py2app-error/dist/Timer.app/Contents/Resources/lib/python3.11/lib-dynload/_opcode.so: replacing existing signature
/Users/jamie/Documents/Projects/python/py2app-error/dist/Timer.app/Contents/Resources/lib/python3.11/lib-dynload/_opcode.so: signed Mach-O thin (arm64) [_opcode-55554944dcb59265bdd635a7b0a430e88044dccf]
/Users/jamie/Documents/Projects/python/py2app-error/dist/Timer.app/Contents/Resources/lib/python3.11/lib-dynload/_bisect.so: replacing existing signature
/Users/jamie/Documents/Projects/python/py2app-error/dist/Timer.app/Contents/Resources/lib/python3.11/lib-dynload/_bisect.so: signed Mach-O thin (arm64) [_bisect-55554944de0c7ab5645d3453af025e54e38fdca1]
/Users/jamie/Documents/Projects/python/py2app-error/dist/Timer.app/Contents/Resources/lib/python3.11/lib-dynload/_dbm.so: replacing existing signature
/Users/jamie/Documents/Projects/python/py2app-error/dist/Timer.app/Contents/Resources/lib/python3.11/lib-dynload/_dbm.so: signed Mach-O thin (arm64) [_dbm-55554944000017548ecb3a24aea77dd0f367ccd3]
/Users/jamie/Documents/Projects/python/py2app-error/dist/Timer.app/Contents/Resources/lib/python3.11/lib-dynload/math.so: replacing existing signature
/Users/jamie/Documents/Projects/python/py2app-error/dist/Timer.app/Contents/Resources/lib/python3.11/lib-dynload/math.so: signed Mach-O thin (arm64) [math-55554944ed1a03b773df37a5bdf47f53a1ff3089]
/Users/jamie/Documents/Projects/python/py2app-error/dist/Timer.app/Contents/Resources/lib/python3.11/lib-dynload/mmap.so: replacing existing signature
/Users/jamie/Documents/Projects/python/py2app-error/dist/Timer.app/Contents/Resources/lib/python3.11/lib-dynload/mmap.so: signed Mach-O thin (arm64) [mmap-555549445bb2c921228e319aac4975dd00402410]
/Users/jamie/Documents/Projects/python/py2app-error/dist/Timer.app/Contents/Resources/lib/python3.11/lib-dynload/_posixshmem.so: replacing existing signature
/Users/jamie/Documents/Projects/python/py2app-error/dist/Timer.app/Contents/Resources/lib/python3.11/lib-dynload/_posixshmem.so: signed Mach-O thin (arm64) [_posixshmem-55554944cba854fe46b0347d960c0322bfd21eef]
/Users/jamie/Documents/Projects/python/py2app-error/dist/Timer.app/Contents/Resources/lib/python3.11/lib-dynload/select.so: replacing existing signature
/Users/jamie/Documents/Projects/python/py2app-error/dist/Timer.app/Contents/Resources/lib/python3.11/lib-dynload/select.so: signed Mach-O thin (arm64) [select-55554944b3cda5f6be8134bfaed8fd475c90679c]
/Users/jamie/Documents/Projects/python/py2app-error/dist/Timer.app/Contents/Resources/lib/python3.11/lib-dynload/_codecs_iso2022.so: replacing existing signature
/Users/jamie/Documents/Projects/python/py2app-error/dist/Timer.app/Contents/Resources/lib/python3.11/lib-dynload/_codecs_iso2022.so: signed Mach-O thin (arm64) [_codecs_iso2022-555549446efdde1a18323eb48456ebde3c9a91b7]
/Users/jamie/Documents/Projects/python/py2app-error/dist/Timer.app/Contents/Resources/lib/python3.11/lib-dynload/_codecs_kr.so: replacing existing signature
/Users/jamie/Documents/Projects/python/py2app-error/dist/Timer.app/Contents/Resources/lib/python3.11/lib-dynload/_codecs_kr.so: signed Mach-O thin (arm64) [_codecs_kr-555549444f000ee135b23bf6b129661589cecf31]
/Users/jamie/Documents/Projects/python/py2app-error/dist/Timer.app/Contents/Resources/lib/python3.11/lib-dynload/_blake2.so: replacing existing signature
/Users/jamie/Documents/Projects/python/py2app-error/dist/Timer.app/Contents/Resources/lib/python3.11/lib-dynload/_blake2.so: signed Mach-O thin (arm64) [_blake2-555549440abc057775133836aa18eeb2226e4050]
/Users/jamie/Documents/Projects/python/py2app-error/dist/Timer.app/Contents/Resources/lib/python3.11/lib-dynload/grp.so: replacing existing signature
/Users/jamie/Documents/Projects/python/py2app-error/dist/Timer.app/Contents/Resources/lib/python3.11/lib-dynload/grp.so: signed Mach-O thin (arm64) [grp-55554944292d3db2361b3e0bb22dfc7d1939fe47]
/Users/jamie/Documents/Projects/python/py2app-error/dist/Timer.app/Contents/Resources/lib/python3.11/lib-dynload/_datetime.so: replacing existing signature
/Users/jamie/Documents/Projects/python/py2app-error/dist/Timer.app/Contents/Resources/lib/python3.11/lib-dynload/_datetime.so: signed Mach-O thin (arm64) [_datetime-555549447ecc4b70d7d83dcfb0aa0aab74061664]
/Users/jamie/Documents/Projects/python/py2app-error/dist/Timer.app/Contents/Resources/lib/python3.11/lib-dynload/_elementtree.so: replacing existing signature
/Users/jamie/Documents/Projects/python/py2app-error/dist/Timer.app/Contents/Resources/lib/python3.11/lib-dynload/_elementtree.so: signed Mach-O thin (arm64) [_elementtree-5555494442ec7a9ac2b630c2ae65d94488964366]
/Users/jamie/Documents/Projects/python/py2app-error/dist/Timer.app/Contents/Resources/lib/python3.11/lib-dynload/_sha512.so: replacing existing signature
/Users/jamie/Documents/Projects/python/py2app-error/dist/Timer.app/Contents/Resources/lib/python3.11/lib-dynload/_sha512.so: signed Mach-O thin (arm64) [_sha512-55554944317f1d0b0e0f3e8a8328c3c0cd4485ab]
/Users/jamie/Documents/Projects/python/py2app-error/dist/Timer.app/Contents/Resources/lib/python3.11/lib-dynload/_lzma.so: replacing existing signature
/Users/jamie/Documents/Projects/python/py2app-error/dist/Timer.app/Contents/Resources/lib/python3.11/lib-dynload/_lzma.so: signed Mach-O thin (arm64) [_lzma-555549446edb155345ce377aa2612e4453b47234]
/Users/jamie/Documents/Projects/python/py2app-error/dist/Timer.app/Contents/Resources/lib/python3.11/lib-dynload/_curses.so: replacing existing signature
/Users/jamie/Documents/Projects/python/py2app-error/dist/Timer.app/Contents/Resources/lib/python3.11/lib-dynload/_curses.so: signed Mach-O thin (arm64) [_curses-555549449505633e261f3f8799153d4116887bcf]
/Users/jamie/Documents/Projects/python/py2app-error/dist/Timer.app/Contents/Resources/lib/python3.11/lib-dynload/_bz2.so: replacing existing signature
/Users/jamie/Documents/Projects/python/py2app-error/dist/Timer.app/Contents/Resources/lib/python3.11/lib-dynload/_bz2.so: signed Mach-O thin (arm64) [_bz2-555549449090a76985ab3c7fa92f76303e716f13]
/Users/jamie/Documents/Projects/python/py2app-error/dist/Timer.app/Contents/Resources/lib/python3.11/lib-dynload/_multiprocessing.so: replacing existing signature
/Users/jamie/Documents/Projects/python/py2app-error/dist/Timer.app/Contents/Resources/lib/python3.11/lib-dynload/_multiprocessing.so: signed Mach-O thin (arm64) [_multiprocessing-55554944739610265fc53810a54e7117e982a49e]
/Users/jamie/Documents/Projects/python/py2app-error/dist/Timer.app/Contents/Resources/lib/python3.11/lib-dynload/_ssl.so: replacing existing signature
/Users/jamie/Documents/Projects/python/py2app-error/dist/Timer.app/Contents/Resources/lib/python3.11/lib-dynload/_ssl.so: signed Mach-O thin (arm64) [_ssl-55554944b82a8cf69b683a9e865b6c84fa128054]
/Users/jamie/Documents/Projects/python/py2app-error/dist/Timer.app/Contents/Resources/lib/python3.11/lib-dynload/_codecs_tw.so: replacing existing signature
/Users/jamie/Documents/Projects/python/py2app-error/dist/Timer.app/Contents/Resources/lib/python3.11/lib-dynload/_codecs_tw.so: signed Mach-O thin (arm64) [_codecs_tw-5555494486218677b97a3063a2c367aa73b4bdd6]
/Users/jamie/Documents/Projects/python/py2app-error/dist/Timer.app/Contents/Resources/lib/python3.11/lib-dynload/_scproxy.so: replacing existing signature
/Users/jamie/Documents/Projects/python/py2app-error/dist/Timer.app/Contents/Resources/lib/python3.11/lib-dynload/_scproxy.so: signed Mach-O thin (arm64) [_scproxy-55554944daaf20249a1d3d47847a056283e6dba5]
/Users/jamie/Documents/Projects/python/py2app-error/dist/Timer.app/Contents/Resources/lib/python3.11/lib-dynload/_json.so: replacing existing signature
/Users/jamie/Documents/Projects/python/py2app-error/dist/Timer.app/Contents/Resources/lib/python3.11/lib-dynload/_json.so: signed Mach-O thin (arm64) [_json-55554944066c6fee828339649c7ba272dfbce01d]
/Users/jamie/Documents/Projects/python/py2app-error/dist/Timer.app/Contents/Resources/lib/python3.11/lib-dynload/_uuid.so: replacing existing signature
/Users/jamie/Documents/Projects/python/py2app-error/dist/Timer.app/Contents/Resources/lib/python3.11/lib-dynload/_uuid.so: signed Mach-O thin (arm64) [_uuid-55554944285b2cf6c6b434dbbf3da8b825fd707c]
/Users/jamie/Documents/Projects/python/py2app-error/dist/Timer.app/Contents/Resources/lib/python3.11/lib-dynload/binascii.so: replacing existing signature
/Users/jamie/Documents/Projects/python/py2app-error/dist/Timer.app/Contents/Resources/lib/python3.11/lib-dynload/binascii.so: signed Mach-O thin (arm64) [binascii-55554944a31ab36f38bb30bc897258300371d30d]
/Users/jamie/Documents/Projects/python/py2app-error/dist/Timer.app/Contents/Resources/lib/python3.11/lib-dynload/_ctypes.so: replacing existing signature
/Users/jamie/Documents/Projects/python/py2app-error/dist/Timer.app/Contents/Resources/lib/python3.11/lib-dynload/_ctypes.so: signed Mach-O thin (arm64) [_ctypes-55554944149819bd7cc33bfcbaedb26923371269]
/Users/jamie/Documents/Projects/python/py2app-error/dist/Timer.app/Contents/Resources/lib/python3.11/lib-dynload/_struct.so: replacing existing signature
/Users/jamie/Documents/Projects/python/py2app-error/dist/Timer.app/Contents/Resources/lib/python3.11/lib-dynload/_struct.so: signed Mach-O thin (arm64) [_struct-5555494449e9f388047f3521b5a19d7412fc8b86]
/Users/jamie/Documents/Projects/python/py2app-error/dist/Timer.app/Contents/Resources/lib/python3.11/lib-dynload/cmath.so: replacing existing signature
/Users/jamie/Documents/Projects/python/py2app-error/dist/Timer.app/Contents/Resources/lib/python3.11/lib-dynload/cmath.so: signed Mach-O thin (arm64) [cmath-5555494442836e3533b530c9a7ca78f7eb864c56]
/Users/jamie/Documents/Projects/python/py2app-error/dist/Timer.app/Contents/Resources/lib/python3.11/lib-dynload/_md5.so: replacing existing signature
/Users/jamie/Documents/Projects/python/py2app-error/dist/Timer.app/Contents/Resources/lib/python3.11/lib-dynload/_md5.so: signed Mach-O thin (arm64) [_md5-55554944cdb5a07e22313a2787369ad34415ebfc]
/Users/jamie/Documents/Projects/python/py2app-error/dist/Timer.app/Contents/Resources/lib/python3.11/lib-dynload/_socket.so: replacing existing signature
/Users/jamie/Documents/Projects/python/py2app-error/dist/Timer.app/Contents/Resources/lib/python3.11/lib-dynload/_socket.so: signed Mach-O thin (arm64) [_socket-555549448285c8147e5f31a1930ad3a18b374d8f]
/Users/jamie/Documents/Projects/python/py2app-error/dist/Timer.app/Contents/Resources/lib/python3.11/lib-dynload/_codecs_jp.so: replacing existing signature
/Users/jamie/Documents/Projects/python/py2app-error/dist/Timer.app/Contents/Resources/lib/python3.11/lib-dynload/_codecs_jp.so: signed Mach-O thin (arm64) [_codecs_jp-55554944cb1782103ac6359c93f03ef0c3ff9085]
/Users/jamie/Documents/Projects/python/py2app-error/dist/Timer.app/Contents/Resources/lib/python3.11/lib-dynload/_codecs_cn.so: replacing existing signature
/Users/jamie/Documents/Projects/python/py2app-error/dist/Timer.app/Contents/Resources/lib/python3.11/lib-dynload/_codecs_cn.so: signed Mach-O thin (arm64) [_codecs_cn-55554944629b8ea180fc3d6287f5fda276ad8333]
/Users/jamie/Documents/Projects/python/py2app-error/dist/Timer.app/Contents/Resources/lib/python3.11/lib-dynload/_testbuffer.so: replacing existing signature
/Users/jamie/Documents/Projects/python/py2app-error/dist/Timer.app/Contents/Resources/lib/python3.11/lib-dynload/_testbuffer.so: signed Mach-O thin (arm64) [_testbuffer-555549446af10f24f8353d1aa30fa91987f1ee87]
/Users/jamie/Documents/Projects/python/py2app-error/dist/Timer.app/Contents/Resources/lib/python3.11/lib-dynload/_typing.so: replacing existing signature
/Users/jamie/Documents/Projects/python/py2app-error/dist/Timer.app/Contents/Resources/lib/python3.11/lib-dynload/_typing.so: signed Mach-O thin (arm64) [_typing-5555494490185c8e26d130d49427530d5d7b9ad1]
/Users/jamie/Documents/Projects/python/py2app-error/dist/Timer.app/Contents/Resources/lib/python3.11/lib-dynload/_hashlib.so: replacing existing signature
/Users/jamie/Documents/Projects/python/py2app-error/dist/Timer.app/Contents/Resources/lib/python3.11/lib-dynload/_hashlib.so: signed Mach-O thin (arm64) [_hashlib-555549448f766f7d5a5831fbb07d430cd2258caa]
/Users/jamie/Documents/Projects/python/py2app-error/dist/Timer.app/Contents/Resources/lib/python3.11/lib-dynload/_heapq.so: replacing existing signature
/Users/jamie/Documents/Projects/python/py2app-error/dist/Timer.app/Contents/Resources/lib/python3.11/lib-dynload/_heapq.so: signed Mach-O thin (arm64) [_heapq-555549444dbb92fcc45833b29f5bdea83fb05dea]
/Users/jamie/Documents/Projects/python/py2app-error/dist/Timer.app/Contents/Resources/lib/python3.11/lib-dynload/pyexpat.so: replacing existing signature
/Users/jamie/Documents/Projects/python/py2app-error/dist/Timer.app/Contents/Resources/lib/python3.11/lib-dynload/pyexpat.so: signed Mach-O thin (arm64) [pyexpat-555549443b8b8c1ce1bc3a79b799299a8fe4a3cd]
/Users/jamie/Documents/Projects/python/py2app-error/dist/Timer.app/Contents/Resources/lib/python3.11/lib-dynload/_pickle.so: replacing existing signature
/Users/jamie/Documents/Projects/python/py2app-error/dist/Timer.app/Contents/Resources/lib/python3.11/lib-dynload/_pickle.so: signed Mach-O thin (arm64) [_pickle-555549441d1156042646364da7e11bb9120812f4]
/Users/jamie/Documents/Projects/python/py2app-error/dist/Timer.app/Contents/Resources/lib/python3.11/lib-dynload/_posixsubprocess.so: replacing existing signature
/Users/jamie/Documents/Projects/python/py2app-error/dist/Timer.app/Contents/Resources/lib/python3.11/lib-dynload/_posixsubprocess.so: signed Mach-O thin (arm64) [_posixsubprocess-55554944d34809e62d65369489ed9399332d8862]
/Users/jamie/Documents/Projects/python/py2app-error/dist/Timer.app/Contents/Resources/lib/python3.11/lib-dynload/_asyncio.so: replacing existing signature
/Users/jamie/Documents/Projects/python/py2app-error/dist/Timer.app/Contents/Resources/lib/python3.11/lib-dynload/_asyncio.so: signed Mach-O thin (arm64) [_asyncio-555549441ad4cc68df3d34e0b855d5226cefd66d]
/Users/jamie/Documents/Projects/python/py2app-error/dist/Timer.app/Contents/Resources/lib/python3.11/lib-dynload/_multibytecodec.so: replacing existing signature
/Users/jamie/Documents/Projects/python/py2app-error/dist/Timer.app/Contents/Resources/lib/python3.11/lib-dynload/_multibytecodec.so: signed Mach-O thin (arm64) [_multibytecodec-555549444083440cf60d397d80ca173ea7566788]
/Users/jamie/Documents/Projects/python/py2app-error/dist/Timer.app/Contents/Resources/lib/python3.11/lib-dynload/_decimal.so: replacing existing signature
/Users/jamie/Documents/Projects/python/py2app-error/dist/Timer.app/Contents/Resources/lib/python3.11/lib-dynload/_decimal.so: signed Mach-O thin (arm64) [_decimal-55554944f4fd722e94c6341dbb8e27c11aa954fe]
/Users/jamie/Documents/Projects/python/py2app-error/dist/Timer.app/Contents/Resources/lib/python3.11/lib-dynload/resource.so: replacing existing signature
/Users/jamie/Documents/Projects/python/py2app-error/dist/Timer.app/Contents/Resources/lib/python3.11/lib-dynload/resource.so: signed Mach-O thin (arm64) [resource-5555494481087803d92833febd1d83dbe3c8d807]
/Users/jamie/Documents/Projects/python/py2app-error/dist/Timer.app/Contents/Resources/lib/python3.11/lib-dynload/_csv.so: replacing existing signature
/Users/jamie/Documents/Projects/python/py2app-error/dist/Timer.app/Contents/Resources/lib/python3.11/lib-dynload/_csv.so: signed Mach-O thin (arm64) [_csv-55554944b23f5b9b5c713967b9f23f6575327b00]
/Users/jamie/Documents/Projects/python/py2app-error/dist/Timer.app/Contents/Resources/lib/python3.11/lib-dynload/_testinternalcapi.so: replacing existing signature
/Users/jamie/Documents/Projects/python/py2app-error/dist/Timer.app/Contents/Resources/lib/python3.11/lib-dynload/_testinternalcapi.so: signed Mach-O thin (arm64) [_testinternalcapi-55554944e91e7cc557d433618494c02d6f2b2b8d]
/Users/jamie/Documents/Projects/python/py2app-error/dist/Timer.app/Contents/Resources/lib/python3.11/lib-dynload/_sha3.so: replacing existing signature
/Users/jamie/Documents/Projects/python/py2app-error/dist/Timer.app/Contents/Resources/lib/python3.11/lib-dynload/_sha3.so: signed Mach-O thin (arm64) [_sha3-55554944a3777fd3b42530f9806deaf0ceff8c29]
/Users/jamie/Documents/Projects/python/py2app-error/dist/Timer.app/Contents/Resources/lib/python3.11/lib-dynload/_contextvars.so: replacing existing signature
/Users/jamie/Documents/Projects/python/py2app-error/dist/Timer.app/Contents/Resources/lib/python3.11/lib-dynload/_contextvars.so: signed Mach-O thin (arm64) [_contextvars-55554944293360e604453f05ac35e66bdd051e9c]
/Users/jamie/Documents/Projects/python/py2app-error/dist/Timer.app/Contents/Resources/lib/python3.11/lib-dynload/_queue.so: replacing existing signature
/Users/jamie/Documents/Projects/python/py2app-error/dist/Timer.app/Contents/Resources/lib/python3.11/lib-dynload/_queue.so: signed Mach-O thin (arm64) [_queue-55554944e652da232b7034cfb31ffe97896764c3]
/Users/jamie/Documents/Projects/python/py2app-error/dist/Timer.app/Contents/Resources/lib/python3.11/lib-dynload/PIL/_imagingmath.so: replacing existing signature
/Users/jamie/Documents/Projects/python/py2app-error/dist/Timer.app/Contents/Resources/lib/python3.11/lib-dynload/PIL/_imagingmath.so: signed Mach-O thin (arm64) [_imagingmath-555549448abbdcef19013d4b9e6ba38214b79214]
/Users/jamie/Documents/Projects/python/py2app-error/dist/Timer.app/Contents/Resources/lib/python3.11/lib-dynload/PIL/_imaging.so: replacing existing signature
/Users/jamie/Documents/Projects/python/py2app-error/dist/Timer.app/Contents/Resources/lib/python3.11/lib-dynload/PIL/_imaging.so: signed Mach-O thin (arm64) [_imaging.cpython-311-darwin]
/Users/jamie/Documents/Projects/python/py2app-error/dist/Timer.app/Contents/Resources/lib/python3.11/lib-dynload/PIL/_imagingcms.so: replacing existing signature
/Users/jamie/Documents/Projects/python/py2app-error/dist/Timer.app/Contents/Resources/lib/python3.11/lib-dynload/PIL/_imagingcms.so: signed Mach-O thin (arm64) [_imagingcms.cpython-311-darwin]
/Users/jamie/Documents/Projects/python/py2app-error/dist/Timer.app/Contents/Resources/lib/python3.11/lib-dynload/PIL/.dylibs/liblcms2.2.dylib: replacing existing signature
/Users/jamie/Documents/Projects/python/py2app-error/dist/Timer.app/Contents/Resources/lib/python3.11/lib-dynload/PIL/.dylibs/liblcms2.2.dylib: signed Mach-O thin (arm64) [liblcms2-5555494412e8da0919d632acb2a1225d4db1424c]
/Users/jamie/Documents/Projects/python/py2app-error/dist/Timer.app/Contents/Resources/lib/python3.11/lib-dynload/PIL/.dylibs/libxcb.1.1.0.dylib: replacing existing signature
/Users/jamie/Documents/Projects/python/py2app-error/dist/Timer.app/Contents/Resources/lib/python3.11/lib-dynload/PIL/.dylibs/libxcb.1.1.0.dylib: signed Mach-O thin (arm64) [libxcb.1]
/Users/jamie/Documents/Projects/python/py2app-error/dist/Timer.app/Contents/Resources/lib/python3.11/lib-dynload/PIL/.dylibs/libjpeg.62.4.0.dylib: replacing existing signature
/Users/jamie/Documents/Projects/python/py2app-error/dist/Timer.app/Contents/Resources/lib/python3.11/lib-dynload/PIL/.dylibs/libjpeg.62.4.0.dylib: signed Mach-O thin (arm64) [libjpeg.62]
/Users/jamie/Documents/Projects/python/py2app-error/dist/Timer.app/Contents/Resources/lib/python3.11/lib-dynload/PIL/.dylibs/libXau.6.0.0.dylib: replacing existing signature
/Users/jamie/Documents/Projects/python/py2app-error/dist/Timer.app/Contents/Resources/lib/python3.11/lib-dynload/PIL/.dylibs/libXau.6.0.0.dylib: signed Mach-O thin (arm64) [libXau.6]
/Users/jamie/Documents/Projects/python/py2app-error/dist/Timer.app/Contents/Resources/lib/python3.11/lib-dynload/PIL/.dylibs/libz.1.3.1.dylib: replacing existing signature
/Users/jamie/Documents/Projects/python/py2app-error/dist/Timer.app/Contents/Resources/lib/python3.11/lib-dynload/PIL/.dylibs/libz.1.3.1.dylib: signed Mach-O thin (arm64) [libz.1]
/Users/jamie/Documents/Projects/python/py2app-error/dist/Timer.app/Contents/Resources/lib/python3.11/lib-dynload/PIL/.dylibs/libopenjp2.2.5.2.dylib: replacing existing signature
/Users/jamie/Documents/Projects/python/py2app-error/dist/Timer.app/Contents/Resources/lib/python3.11/lib-dynload/PIL/.dylibs/libopenjp2.2.5.2.dylib: signed Mach-O thin (arm64) [libopenjp2-5555494478bac0b1a0df3e6eb906cbc961cdb354]
/Users/jamie/Documents/Projects/python/py2app-error/dist/Timer.app/Contents/Resources/lib/python3.11/lib-dynload/PIL/.dylibs/liblzma.5.dylib: replacing existing signature
/Users/jamie/Documents/Projects/python/py2app-error/dist/Timer.app/Contents/Resources/lib/python3.11/lib-dynload/PIL/.dylibs/liblzma.5.dylib: signed Mach-O thin (arm64) [liblzma.5]
/Users/jamie/Documents/Projects/python/py2app-error/dist/Timer.app/Contents/Resources/lib/python3.11/lib-dynload/PIL/.dylibs/libtiff.6.dylib: replacing existing signature
/Users/jamie/Documents/Projects/python/py2app-error/dist/Timer.app/Contents/Resources/lib/python3.11/lib-dynload/PIL/.dylibs/libtiff.6.dylib: signed Mach-O thin (arm64) [libtiff.6]
/Users/jamie/Documents/Projects/python/py2app-error/dist/Timer.app/Contents/Resources/lib/python3.11/wx/siplib.cpython-311-darwin.so: replacing existing signature
/Users/jamie/Documents/Projects/python/py2app-error/dist/Timer.app/Contents/Resources/lib/python3.11/wx/siplib.cpython-311-darwin.so: signed Mach-O universal (x86_64 arm64) [siplib.cpython-311-darwin]
/Users/jamie/Documents/Projects/python/py2app-error/dist/Timer.app/Contents/Resources/lib/python3.11/wx/libwx_osx_cocoau_aui-3.2.0.2.1.dylib: replacing existing signature
/Users/jamie/Documents/Projects/python/py2app-error/dist/Timer.app/Contents/Resources/lib/python3.11/wx/libwx_osx_cocoau_aui-3.2.0.2.1.dylib: signed Mach-O universal (x86_64 arm64) [libwx_osx_cocoau_aui-3-555549440f10f730c7c937b4b29504e55afcccd8]
/Users/jamie/Documents/Projects/python/py2app-error/dist/Timer.app/Contents/Resources/lib/python3.11/wx/_html2.cpython-311-darwin.so: replacing existing signature
/Users/jamie/Documents/Projects/python/py2app-error/dist/Timer.app/Contents/Resources/lib/python3.11/wx/_html2.cpython-311-darwin.so: signed Mach-O universal (x86_64 arm64) [_html2.cpython-311-darwin]
/Users/jamie/Documents/Projects/python/py2app-error/dist/Timer.app/Contents/Resources/lib/python3.11/wx/_propgrid.cpython-311-darwin.so: replacing existing signature
/Users/jamie/Documents/Projects/python/py2app-error/dist/Timer.app/Contents/Resources/lib/python3.11/wx/_propgrid.cpython-311-darwin.so: signed Mach-O universal (x86_64 arm64) [_propgrid.cpython-311-darwin]
/Users/jamie/Documents/Projects/python/py2app-error/dist/Timer.app/Contents/Resources/lib/python3.11/wx/_stc.cpython-311-darwin.so: replacing existing signature
/Users/jamie/Documents/Projects/python/py2app-error/dist/Timer.app/Contents/Resources/lib/python3.11/wx/_stc.cpython-311-darwin.so: signed Mach-O universal (x86_64 arm64) [_stc.cpython-311-darwin]
/Users/jamie/Documents/Projects/python/py2app-error/dist/Timer.app/Contents/Resources/lib/python3.11/wx/libwx_osx_cocoau_webview-3.2.0.2.1.dylib: replacing existing signature
/Users/jamie/Documents/Projects/python/py2app-error/dist/Timer.app/Contents/Resources/lib/python3.11/wx/libwx_osx_cocoau_webview-3.2.0.2.1.dylib: signed Mach-O universal (x86_64 arm64) [libwx_osx_cocoau_webview-3-55554944bf5262d3424939f2a43d6579426b16be]
/Users/jamie/Documents/Projects/python/py2app-error/dist/Timer.app/Contents/Resources/lib/python3.11/wx/libwx_osx_cocoau_gl-3.2.0.2.1.dylib: replacing existing signature
/Users/jamie/Documents/Projects/python/py2app-error/dist/Timer.app/Contents/Resources/lib/python3.11/wx/libwx_osx_cocoau_gl-3.2.0.2.1.dylib: signed Mach-O universal (x86_64 arm64) [libwx_osx_cocoau_gl-3-55554944f3030e12ea26371a92a3d4459afcdce6]
/Users/jamie/Documents/Projects/python/py2app-error/dist/Timer.app/Contents/Resources/lib/python3.11/wx/libwx_baseu_net-3.2.0.2.1.dylib: replacing existing signature
/Users/jamie/Documents/Projects/python/py2app-error/dist/Timer.app/Contents/Resources/lib/python3.11/wx/libwx_baseu_net-3.2.0.2.1.dylib: signed Mach-O universal (x86_64 arm64) [libwx_baseu_net-3-555549448878940daae73544b6e9ef4b08635602]
/Users/jamie/Documents/Projects/python/py2app-error/dist/Timer.app/Contents/Resources/lib/python3.11/wx/_aui.cpython-311-darwin.so: replacing existing signature
/Users/jamie/Documents/Projects/python/py2app-error/dist/Timer.app/Contents/Resources/lib/python3.11/wx/_aui.cpython-311-darwin.so: signed Mach-O universal (x86_64 arm64) [_aui.cpython-311-darwin]
/Users/jamie/Documents/Projects/python/py2app-error/dist/Timer.app/Contents/Resources/lib/python3.11/wx/libwx_osx_cocoau_stc-3.2.0.2.1.dylib: replacing existing signature
/Users/jamie/Documents/Projects/python/py2app-error/dist/Timer.app/Contents/Resources/lib/python3.11/wx/libwx_osx_cocoau_stc-3.2.0.2.1.dylib: signed Mach-O universal (x86_64 arm64) [libwx_osx_cocoau_stc-3-555549448ac1c80260763038b3ea65f39fa99e63]
/Users/jamie/Documents/Projects/python/py2app-error/dist/Timer.app/Contents/Resources/lib/python3.11/wx/_xrc.cpython-311-darwin.so: replacing existing signature
/Users/jamie/Documents/Projects/python/py2app-error/dist/Timer.app/Contents/Resources/lib/python3.11/wx/_xrc.cpython-311-darwin.so: signed Mach-O universal (x86_64 arm64) [_xrc.cpython-311-darwin]
/Users/jamie/Documents/Projects/python/py2app-error/dist/Timer.app/Contents/Resources/lib/python3.11/wx/libwx_osx_cocoau_xrc-3.2.0.2.1.dylib: replacing existing signature
/Users/jamie/Documents/Projects/python/py2app-error/dist/Timer.app/Contents/Resources/lib/python3.11/wx/libwx_osx_cocoau_xrc-3.2.0.2.1.dylib: signed Mach-O universal (x86_64 arm64) [libwx_osx_cocoau_xrc-3-555549446953b025214e3bef9488acfaf939c63a]
/Users/jamie/Documents/Projects/python/py2app-error/dist/Timer.app/Contents/Resources/lib/python3.11/wx/_ribbon.cpython-311-darwin.so: replacing existing signature
/Users/jamie/Documents/Projects/python/py2app-error/dist/Timer.app/Contents/Resources/lib/python3.11/wx/_ribbon.cpython-311-darwin.so: signed Mach-O universal (x86_64 arm64) [_ribbon.cpython-311-darwin]
/Users/jamie/Documents/Projects/python/py2app-error/dist/Timer.app/Contents/Resources/lib/python3.11/wx/_xml.cpython-311-darwin.so: replacing existing signature
/Users/jamie/Documents/Projects/python/py2app-error/dist/Timer.app/Contents/Resources/lib/python3.11/wx/_xml.cpython-311-darwin.so: signed Mach-O universal (x86_64 arm64) [_xml.cpython-311-darwin]
/Users/jamie/Documents/Projects/python/py2app-error/dist/Timer.app/Contents/Resources/lib/python3.11/wx/libwx_baseu-3.2.0.2.1.dylib: replacing existing signature
/Users/jamie/Documents/Projects/python/py2app-error/dist/Timer.app/Contents/Resources/lib/python3.11/wx/libwx_baseu-3.2.0.2.1.dylib: signed Mach-O universal (x86_64 arm64) [libwx_baseu-3-55554944c74dfe1f7cef36ff9b6e1acfd5ee1be6]
/Users/jamie/Documents/Projects/python/py2app-error/dist/Timer.app/Contents/Resources/lib/python3.11/wx/libwx_osx_cocoau_adv-3.2.0.2.1.dylib: replacing existing signature
/Users/jamie/Documents/Projects/python/py2app-error/dist/Timer.app/Contents/Resources/lib/python3.11/wx/libwx_osx_cocoau_adv-3.2.0.2.1.dylib: signed Mach-O universal (x86_64 arm64) [libwx_osx_cocoau_adv-3-55554944e7be16a1aa40392786d6a0d5f3379b04]
/Users/jamie/Documents/Projects/python/py2app-error/dist/Timer.app/Contents/Resources/lib/python3.11/wx/libwx_osx_cocoau_html-3.2.0.2.1.dylib: replacing existing signature
/Users/jamie/Documents/Projects/python/py2app-error/dist/Timer.app/Contents/Resources/lib/python3.11/wx/libwx_osx_cocoau_html-3.2.0.2.1.dylib: signed Mach-O universal (x86_64 arm64) [libwx_osx_cocoau_html-3-5555494489644f9e56c633b7a1c688db6f607073]
/Users/jamie/Documents/Projects/python/py2app-error/dist/Timer.app/Contents/Resources/lib/python3.11/wx/_glcanvas.cpython-311-darwin.so: replacing existing signature
/Users/jamie/Documents/Projects/python/py2app-error/dist/Timer.app/Contents/Resources/lib/python3.11/wx/_glcanvas.cpython-311-darwin.so: signed Mach-O universal (x86_64 arm64) [_glcanvas.cpython-311-darwin]
/Users/jamie/Documents/Projects/python/py2app-error/dist/Timer.app/Contents/Resources/lib/python3.11/wx/libwx_osx_cocoau_core-3.2.0.2.1.dylib: replacing existing signature
/Users/jamie/Documents/Projects/python/py2app-error/dist/Timer.app/Contents/Resources/lib/python3.11/wx/libwx_osx_cocoau_core-3.2.0.2.1.dylib: signed Mach-O universal (x86_64 arm64) [libwx_osx_cocoau_core-3-55554944a4c9a91482ab3dcb98bf2c5b2a94657e]
/Users/jamie/Documents/Projects/python/py2app-error/dist/Timer.app/Contents/Resources/lib/python3.11/wx/_grid.cpython-311-darwin.so: replacing existing signature
/Users/jamie/Documents/Projects/python/py2app-error/dist/Timer.app/Contents/Resources/lib/python3.11/wx/_grid.cpython-311-darwin.so: signed Mach-O universal (x86_64 arm64) [_grid.cpython-311-darwin]
/Users/jamie/Documents/Projects/python/py2app-error/dist/Timer.app/Contents/Resources/lib/python3.11/wx/_richtext.cpython-311-darwin.so: replacing existing signature
/Users/jamie/Documents/Projects/python/py2app-error/dist/Timer.app/Contents/Resources/lib/python3.11/wx/_richtext.cpython-311-darwin.so: signed Mach-O universal (x86_64 arm64) [_richtext.cpython-311-darwin]
/Users/jamie/Documents/Projects/python/py2app-error/dist/Timer.app/Contents/Resources/lib/python3.11/wx/libwx_osx_cocoau_ribbon-3.2.0.2.1.dylib: replacing existing signature
/Users/jamie/Documents/Projects/python/py2app-error/dist/Timer.app/Contents/Resources/lib/python3.11/wx/libwx_osx_cocoau_ribbon-3.2.0.2.1.dylib: signed Mach-O universal (x86_64 arm64) [libwx_osx_cocoau_ribbon-3-555549446aafa3d62a9c3788b1b8c862a36990d9]
/Users/jamie/Documents/Projects/python/py2app-error/dist/Timer.app/Contents/Resources/lib/python3.11/wx/_adv.cpython-311-darwin.so: replacing existing signature
/Users/jamie/Documents/Projects/python/py2app-error/dist/Timer.app/Contents/Resources/lib/python3.11/wx/_adv.cpython-311-darwin.so: signed Mach-O universal (x86_64 arm64) [_adv.cpython-311-darwin]
/Users/jamie/Documents/Projects/python/py2app-error/dist/Timer.app/Contents/Resources/lib/python3.11/wx/_core.cpython-311-darwin.so: replacing existing signature
/Users/jamie/Documents/Projects/python/py2app-error/dist/Timer.app/Contents/Resources/lib/python3.11/wx/_core.cpython-311-darwin.so: signed Mach-O universal (x86_64 arm64) [_core.cpython-311-darwin]
/Users/jamie/Documents/Projects/python/py2app-error/dist/Timer.app/Contents/Resources/lib/python3.11/wx/libwx_osx_cocoau_media-3.2.0.2.1.dylib: replacing existing signature
/Users/jamie/Documents/Projects/python/py2app-error/dist/Timer.app/Contents/Resources/lib/python3.11/wx/libwx_osx_cocoau_media-3.2.0.2.1.dylib: signed Mach-O universal (x86_64 arm64) [libwx_osx_cocoau_media-3-55554944fa2d2505427331ec9cdf497dcc042cce]
/Users/jamie/Documents/Projects/python/py2app-error/dist/Timer.app/Contents/Resources/lib/python3.11/wx/_html.cpython-311-darwin.so: replacing existing signature
/Users/jamie/Documents/Projects/python/py2app-error/dist/Timer.app/Contents/Resources/lib/python3.11/wx/_html.cpython-311-darwin.so: signed Mach-O universal (x86_64 arm64) [_html.cpython-311-darwin]
/Users/jamie/Documents/Projects/python/py2app-error/dist/Timer.app/Contents/Resources/lib/python3.11/wx/_media.cpython-311-darwin.so: replacing existing signature
/Users/jamie/Documents/Projects/python/py2app-error/dist/Timer.app/Contents/Resources/lib/python3.11/wx/_media.cpython-311-darwin.so: signed Mach-O universal (x86_64 arm64) [_media.cpython-311-darwin]
/Users/jamie/Documents/Projects/python/py2app-error/dist/Timer.app/Contents/Resources/lib/python3.11/wx/libwx_baseu_xml-3.2.0.2.1.dylib: replacing existing signature
/Users/jamie/Documents/Projects/python/py2app-error/dist/Timer.app/Contents/Resources/lib/python3.11/wx/libwx_baseu_xml-3.2.0.2.1.dylib: signed Mach-O universal (x86_64 arm64) [libwx_baseu_xml-3-5555494460da0fdead4d345583eec1951187ad01]
/Users/jamie/Documents/Projects/python/py2app-error/dist/Timer.app/Contents/Resources/lib/python3.11/wx/libwx_osx_cocoau_richtext-3.2.0.2.1.dylib: replacing existing signature
/Users/jamie/Documents/Projects/python/py2app-error/dist/Timer.app/Contents/Resources/lib/python3.11/wx/libwx_osx_cocoau_richtext-3.2.0.2.1.dylib: signed Mach-O universal (x86_64 arm64) [libwx_osx_cocoau_richtext-3-55554944523b7c7f46fb3b528a6e534b87aede24]
/Users/jamie/Documents/Projects/python/py2app-error/dist/Timer.app/Contents/Resources/lib/python3.11/wx/_dataview.cpython-311-darwin.so: replacing existing signature
/Users/jamie/Documents/Projects/python/py2app-error/dist/Timer.app/Contents/Resources/lib/python3.11/wx/_dataview.cpython-311-darwin.so: signed Mach-O universal (x86_64 arm64) [_dataview.cpython-311-darwin]
/Users/jamie/Documents/Projects/python/py2app-error/dist/Timer.app/Contents/Resources/lib/python3.11/wx/libwx_osx_cocoau_propgrid-3.2.0.2.1.dylib: replacing existing signature
/Users/jamie/Documents/Projects/python/py2app-error/dist/Timer.app/Contents/Resources/lib/python3.11/wx/libwx_osx_cocoau_propgrid-3.2.0.2.1.dylib: signed Mach-O universal (x86_64 arm64) [libwx_osx_cocoau_propgrid-3-5555494407faa4cbb9ea3dcb9c7d86cb9090a80c]
/Users/jamie/Documents/Projects/python/py2app-error/dist/Timer.app/Contents/Resources/lib/python3.11/wx/svg/_nanosvg.cpython-311-darwin.so: replacing existing signature
/Users/jamie/Documents/Projects/python/py2app-error/dist/Timer.app/Contents/Resources/lib/python3.11/wx/svg/_nanosvg.cpython-311-darwin.so: signed Mach-O universal (x86_64 arm64) [_nanosvg.cpython-311-darwin]
/Users/jamie/Documents/Projects/python/py2app-error/dist/Timer.app/Contents/Resources/lib/python3.11/numpy/linalg/lapack_lite.cpython-311-darwin.so: replacing existing signature
/Users/jamie/Documents/Projects/python/py2app-error/dist/Timer.app/Contents/Resources/lib/python3.11/numpy/linalg/lapack_lite.cpython-311-darwin.so: signed Mach-O thin (arm64) [lapack_lite.cpython-311-darwin]
/Users/jamie/Documents/Projects/python/py2app-error/dist/Timer.app/Contents/Resources/lib/python3.11/numpy/linalg/_umath_linalg.cpython-311-darwin.so: replacing existing signature
/Users/jamie/Documents/Projects/python/py2app-error/dist/Timer.app/Contents/Resources/lib/python3.11/numpy/linalg/_umath_linalg.cpython-311-darwin.so: signed Mach-O thin (arm64) [_umath_linalg.cpython-311-darwin]
/Users/jamie/Documents/Projects/python/py2app-error/dist/Timer.app/Contents/Resources/lib/python3.11/numpy/_core/_multiarray_umath.cpython-311-darwin.so: replacing existing signature
/Users/jamie/Documents/Projects/python/py2app-error/dist/Timer.app/Contents/Resources/lib/python3.11/numpy/_core/_multiarray_umath.cpython-311-darwin.so: signed Mach-O thin (arm64) [_multiarray_umath.cpython-311-darwin]
/Users/jamie/Documents/Projects/python/py2app-error/dist/Timer.app/Contents/Resources/lib/python3.11/numpy/_core/_simd.cpython-311-darwin.so: replacing existing signature
/Users/jamie/Documents/Projects/python/py2app-error/dist/Timer.app/Contents/Resources/lib/python3.11/numpy/_core/_simd.cpython-311-darwin.so: signed Mach-O thin (arm64) [_simd.cpython-311-darwin]
/Users/jamie/Documents/Projects/python/py2app-error/dist/Timer.app/Contents/Resources/lib/python3.11/numpy/_core/_umath_tests.cpython-311-darwin.so: replacing existing signature
/Users/jamie/Documents/Projects/python/py2app-error/dist/Timer.app/Contents/Resources/lib/python3.11/numpy/_core/_umath_tests.cpython-311-darwin.so: signed Mach-O thin (arm64) [_umath_tests.cpython-311-darwin]
/Users/jamie/Documents/Projects/python/py2app-error/dist/Timer.app/Contents/Resources/lib/python3.11/numpy/_core/_multiarray_tests.cpython-311-darwin.so: replacing existing signature
/Users/jamie/Documents/Projects/python/py2app-error/dist/Timer.app/Contents/Resources/lib/python3.11/numpy/_core/_multiarray_tests.cpython-311-darwin.so: signed Mach-O thin (arm64) [_multiarray_tests.cpython-311-darwin]
/Users/jamie/Documents/Projects/python/py2app-error/dist/Timer.app/Contents/Resources/lib/python3.11/numpy/_core/_operand_flag_tests.cpython-311-darwin.so: replacing existing signature
/Users/jamie/Documents/Projects/python/py2app-error/dist/Timer.app/Contents/Resources/lib/python3.11/numpy/_core/_operand_flag_tests.cpython-311-darwin.so: signed Mach-O thin (arm64) [_operand_flag_tests.cpython-311-darwin]
/Users/jamie/Documents/Projects/python/py2app-error/dist/Timer.app/Contents/Resources/lib/python3.11/numpy/_core/_rational_tests.cpython-311-darwin.so: replacing existing signature
/Users/jamie/Documents/Projects/python/py2app-error/dist/Timer.app/Contents/Resources/lib/python3.11/numpy/_core/_rational_tests.cpython-311-darwin.so: signed Mach-O thin (arm64) [_rational_tests.cpython-311-darwin]
/Users/jamie/Documents/Projects/python/py2app-error/dist/Timer.app/Contents/Resources/lib/python3.11/numpy/_core/_struct_ufunc_tests.cpython-311-darwin.so: replacing existing signature
/Users/jamie/Documents/Projects/python/py2app-error/dist/Timer.app/Contents/Resources/lib/python3.11/numpy/_core/_struct_ufunc_tests.cpython-311-darwin.so: signed Mach-O thin (arm64) [_struct_ufunc_tests.cpython-311-darwin]
/Users/jamie/Documents/Projects/python/py2app-error/dist/Timer.app/Contents/Resources/lib/python3.11/numpy/fft/_pocketfft_umath.cpython-311-darwin.so: replacing existing signature
/Users/jamie/Documents/Projects/python/py2app-error/dist/Timer.app/Contents/Resources/lib/python3.11/numpy/fft/_pocketfft_umath.cpython-311-darwin.so: signed Mach-O thin (arm64) [_pocketfft_umath.cpython-311-darwin]
/Users/jamie/Documents/Projects/python/py2app-error/dist/Timer.app/Contents/Resources/lib/python3.11/numpy/random/_generator.cpython-311-darwin.so: replacing existing signature
/Users/jamie/Documents/Projects/python/py2app-error/dist/Timer.app/Contents/Resources/lib/python3.11/numpy/random/_generator.cpython-311-darwin.so: signed Mach-O thin (arm64) [_generator.cpython-311-darwin]
/Users/jamie/Documents/Projects/python/py2app-error/dist/Timer.app/Contents/Resources/lib/python3.11/numpy/random/_common.cpython-311-darwin.so: replacing existing signature
/Users/jamie/Documents/Projects/python/py2app-error/dist/Timer.app/Contents/Resources/lib/python3.11/numpy/random/_common.cpython-311-darwin.so: signed Mach-O thin (arm64) [_common.cpython-311-darwin]
/Users/jamie/Documents/Projects/python/py2app-error/dist/Timer.app/Contents/Resources/lib/python3.11/numpy/random/mtrand.cpython-311-darwin.so: replacing existing signature
/Users/jamie/Documents/Projects/python/py2app-error/dist/Timer.app/Contents/Resources/lib/python3.11/numpy/random/mtrand.cpython-311-darwin.so: signed Mach-O thin (arm64) [mtrand.cpython-311-darwin]
/Users/jamie/Documents/Projects/python/py2app-error/dist/Timer.app/Contents/Resources/lib/python3.11/numpy/random/_sfc64.cpython-311-darwin.so: replacing existing signature
/Users/jamie/Documents/Projects/python/py2app-error/dist/Timer.app/Contents/Resources/lib/python3.11/numpy/random/_sfc64.cpython-311-darwin.so: signed Mach-O thin (arm64) [_sfc64.cpython-311-darwin]
/Users/jamie/Documents/Projects/python/py2app-error/dist/Timer.app/Contents/Resources/lib/python3.11/numpy/random/_pcg64.cpython-311-darwin.so: replacing existing signature
/Users/jamie/Documents/Projects/python/py2app-error/dist/Timer.app/Contents/Resources/lib/python3.11/numpy/random/_pcg64.cpython-311-darwin.so: signed Mach-O thin (arm64) [_pcg64.cpython-311-darwin]
/Users/jamie/Documents/Projects/python/py2app-error/dist/Timer.app/Contents/Resources/lib/python3.11/numpy/random/_philox.cpython-311-darwin.so: replacing existing signature
/Users/jamie/Documents/Projects/python/py2app-error/dist/Timer.app/Contents/Resources/lib/python3.11/numpy/random/_philox.cpython-311-darwin.so: signed Mach-O thin (arm64) [_philox.cpython-311-darwin]
/Users/jamie/Documents/Projects/python/py2app-error/dist/Timer.app/Contents/Resources/lib/python3.11/numpy/random/_mt19937.cpython-311-darwin.so: replacing existing signature
/Users/jamie/Documents/Projects/python/py2app-error/dist/Timer.app/Contents/Resources/lib/python3.11/numpy/random/_mt19937.cpython-311-darwin.so: signed Mach-O thin (arm64) [_mt19937.cpython-311-darwin]
/Users/jamie/Documents/Projects/python/py2app-error/dist/Timer.app/Contents/Resources/lib/python3.11/numpy/random/_bounded_integers.cpython-311-darwin.so: replacing existing signature
/Users/jamie/Documents/Projects/python/py2app-error/dist/Timer.app/Contents/Resources/lib/python3.11/numpy/random/_bounded_integers.cpython-311-darwin.so: signed Mach-O thin (arm64) [_bounded_integers.cpython-311-darwin]
/Users/jamie/Documents/Projects/python/py2app-error/dist/Timer.app/Contents/Resources/lib/python3.11/numpy/random/bit_generator.cpython-311-darwin.so: replacing existing signature
/Users/jamie/Documents/Projects/python/py2app-error/dist/Timer.app/Contents/Resources/lib/python3.11/numpy/random/bit_generator.cpython-311-darwin.so: signed Mach-O thin (arm64) [bit_generator.cpython-311-darwin]
/Users/jamie/Documents/Projects/python/py2app-error/dist/Timer.app/Contents/Frameworks/libffi.8.dylib: replacing existing signature
/Users/jamie/Documents/Projects/python/py2app-error/dist/Timer.app/Contents/Frameworks/libffi.8.dylib: signed Mach-O thin (arm64) [libffi.8]
/Users/jamie/Documents/Projects/python/py2app-error/dist/Timer.app/Contents/Frameworks/libncurses.6.dylib: replacing existing signature
/Users/jamie/Documents/Projects/python/py2app-error/dist/Timer.app/Contents/Frameworks/libncurses.6.dylib: signed Mach-O thin (arm64) [libncurses.6]
/Users/jamie/Documents/Projects/python/py2app-error/dist/Timer.app/Contents/Frameworks/liblcms2.2.dylib: replacing existing signature
/Users/jamie/Documents/Projects/python/py2app-error/dist/Timer.app/Contents/Frameworks/liblcms2.2.dylib: signed Mach-O thin (arm64) [liblcms2-5555494412e8da0919d632acb2a1225d4db1424c]
/Users/jamie/Documents/Projects/python/py2app-error/dist/Timer.app/Contents/Frameworks/libexpat.1.9.2.dylib: replacing existing signature
/Users/jamie/Documents/Projects/python/py2app-error/dist/Timer.app/Contents/Frameworks/libexpat.1.9.2.dylib: signed Mach-O thin (arm64) [libexpat.1]
/Users/jamie/Documents/Projects/python/py2app-error/dist/Timer.app/Contents/Frameworks/libiconv.2.dylib: replacing existing signature
/Users/jamie/Documents/Projects/python/py2app-error/dist/Timer.app/Contents/Frameworks/libiconv.2.dylib: signed Mach-O thin (arm64) [libiconv.2]
/Users/jamie/Documents/Projects/python/py2app-error/dist/Timer.app/Contents/Frameworks/libssl.3.dylib: replacing existing signature
/Users/jamie/Documents/Projects/python/py2app-error/dist/Timer.app/Contents/Frameworks/libssl.3.dylib: signed Mach-O thin (arm64) [libssl.3]
/Users/jamie/Documents/Projects/python/py2app-error/dist/Timer.app/Contents/Frameworks/libxcb.1.1.0.dylib: replacing existing signature
/Users/jamie/Documents/Projects/python/py2app-error/dist/Timer.app/Contents/Frameworks/libxcb.1.1.0.dylib: signed Mach-O thin (arm64) [libxcb.1]
/Users/jamie/Documents/Projects/python/py2app-error/dist/Timer.app/Contents/Frameworks/libjpeg.62.4.0.dylib: replacing existing signature
/Users/jamie/Documents/Projects/python/py2app-error/dist/Timer.app/Contents/Frameworks/libjpeg.62.4.0.dylib: signed Mach-O thin (arm64) [libjpeg.62]
/Users/jamie/Documents/Projects/python/py2app-error/dist/Timer.app/Contents/Frameworks/libcrypto.3.dylib: replacing existing signature
/Users/jamie/Documents/Projects/python/py2app-error/dist/Timer.app/Contents/Frameworks/libcrypto.3.dylib: signed Mach-O thin (arm64) [libcrypto.3]
/Users/jamie/Documents/Projects/python/py2app-error/dist/Timer.app/Contents/Frameworks/libXau.6.0.0.dylib: replacing existing signature
/Users/jamie/Documents/Projects/python/py2app-error/dist/Timer.app/Contents/Frameworks/libXau.6.0.0.dylib: signed Mach-O thin (arm64) [libXau.6]
/Users/jamie/Documents/Projects/python/py2app-error/dist/Timer.app/Contents/Frameworks/libbz2.1.0.8.dylib: replacing existing signature
/Users/jamie/Documents/Projects/python/py2app-error/dist/Timer.app/Contents/Frameworks/libbz2.1.0.8.dylib: signed Mach-O thin (arm64) [libbz2-55554944709667836fee3746afed32813cdc17dd]
/Users/jamie/Documents/Projects/python/py2app-error/dist/Timer.app/Contents/Frameworks/libz.1.3.1.dylib: main executable failed strict validation
/Users/jamie/Documents/Projects/python/py2app-error/dist/Timer.app/Contents/Frameworks/libintl.8.dylib: replacing existing signature
/Users/jamie/Documents/Projects/python/py2app-error/dist/Timer.app/Contents/Frameworks/libintl.8.dylib: signed Mach-O thin (arm64) [libintl.8]
/Users/jamie/Documents/Projects/python/py2app-error/dist/Timer.app/Contents/Frameworks/libopenjp2.2.5.2.dylib: replacing existing signature
/Users/jamie/Documents/Projects/python/py2app-error/dist/Timer.app/Contents/Frameworks/libopenjp2.2.5.2.dylib: signed Mach-O thin (arm64) [libopenjp2-5555494478bac0b1a0df3e6eb906cbc961cdb354]
/Users/jamie/Documents/Projects/python/py2app-error/dist/Timer.app/Contents/Frameworks/liblzma.5.dylib: main executable failed strict validation
/Users/jamie/Documents/Projects/python/py2app-error/dist/Timer.app/Contents/Frameworks/libtiff.6.dylib: replacing existing signature
/Users/jamie/Documents/Projects/python/py2app-error/dist/Timer.app/Contents/Frameworks/libtiff.6.dylib: signed Mach-O thin (arm64) [libtiff.6]
/Users/jamie/Documents/Projects/python/py2app-error/dist/Timer.app/Contents/Frameworks/Python.framework/Versions/3.11/Python: replacing existing signature
/Users/jamie/Documents/Projects/python/py2app-error/dist/Timer.app/Contents/Frameworks/Python.framework/Versions/3.11/Python: signed bundle with Mach-O thin (arm64) [org.python.python]
/Users/jamie/Documents/Projects/python/py2app-error/dist/Timer.app: replacing existing signature
/Users/jamie/Documents/Projects/python/py2app-error/dist/Timer.app: resource fork, Finder information, or similar detritus not allowed
file with invalid attached data: Disallowed xattr com.apple.FinderInfo found on /Users/jamie/Documents/Projects/python/py2app-error/dist/Timer.app
/Users/jamie/Documents/Projects/python/py2app-error/dist/Timer.app: replacing existing signature
/Users/jamie/Documents/Projects/python/py2app-error/dist/Timer.app: resource fork, Finder information, or similar detritus not allowed
file with invalid attached data: Disallowed xattr com.apple.FinderInfo found on /Users/jamie/Documents/Projects/python/py2app-error/dist/Timer.app
/Users/jamie/Documents/Projects/python/py2app-error/dist/Timer.app: replacing existing signature
/Users/jamie/Documents/Projects/python/py2app-error/dist/Timer.app: resource fork, Finder information, or similar detritus not allowed
file with invalid attached data: Disallowed xattr com.apple.FinderInfo found on /Users/jamie/Documents/Projects/python/py2app-error/dist/Timer.app
/Users/jamie/Documents/Projects/python/py2app-error/dist/Timer.app: replacing existing signature
/Users/jamie/Documents/Projects/python/py2app-error/dist/Timer.app: resource fork, Finder information, or similar detritus not allowed
file with invalid attached data: Disallowed xattr com.apple.FinderInfo found on /Users/jamie/Documents/Projects/python/py2app-error/dist/Timer.app
/Users/jamie/Documents/Projects/python/py2app-error/dist/Timer.app: replacing existing signature
/Users/jamie/Documents/Projects/python/py2app-error/dist/Timer.app: resource fork, Finder information, or similar detritus not allowed
file with invalid attached data: Disallowed xattr com.apple.FinderInfo found on /Users/jamie/Documents/Projects/python/py2app-error/dist/Timer.app

checking for any import problems
Modules not found (unconditional imports):
 * Carbon (wx.lib.agw.aui.aui_utilities, wx.lib.agw.aui.tabart, wx.lib.agw.flatnotebook, wx.lib.agw.ribbon.art_aui, wx.lib.stattext)
 * Carbon.Appearance.kThemeBrushDialogBackgroundActive (wx.lib.agw.aui.aui_utilities, wx.lib.agw.aui.tabart, wx.lib.agw.flatnotebook, wx.lib.agw.ribbon.art_aui)
 * Cython (Cython.Compiler.Version, numpy._core.tests.test_limited_api)
 * Cython.Compiler (numpy._core.tests.test_cython, numpy._core.tests.test_limited_api, numpy.random.tests.test_extending)
 * Cython.Compiler.Version (numpy._core.tests.test_cython, numpy.random.tests.test_extending)
 * Cython.Compiler.Version.version (numpy._core.tests.test_limited_api)
 * Cython.version (Cython.Compiler)
 * IPython (IPython, IPython.core.formatters, PIL.ImageShow, pip._vendor.rich.live)
 * IPython.core (pip._vendor.rich.pretty)
 * IPython.display (IPython.core, IPython.display, PIL.ImageShow)
 * IPython.display.display (IPython, pip._vendor.rich.jupyter)
 * Image (wx.lib.agw.rulerctrl)
 * OpenSSL (pip._vendor.urllib3.contrib.pyopenssl)
 * OpenSSL.SSL (pip._vendor.urllib3.contrib.pyopenssl)
 * PyInstaller (PyInstaller.utils.hooks, numpy._pyinstaller.hook-numpy)
 * PyInstaller.is_conda (PyInstaller.compat, PyInstaller.utils)
 * PyInstaller.is_pure_conda (PyInstaller.compat, PyInstaller.utils)
 * PyInstaller.utils (numpy._pyinstaller.hook-numpy)
 * PyInstaller.utils.hooks (numpy._pyinstaller.hook-numpy)
 * PyPDF2 (wx.lib.pdfviewer.viewer)
 * PyPDF2.PdfFileReader (PyPDF2.filters, PyPDF2.pdf)
 * PyPDF2.filters (wx.lib.pdfviewer.viewer)
 * PyPDF2.pdf (wx.lib.pdfviewer.viewer)
 * PyQt6.QBuffer (PyQt6.QtCore, PyQt6.QtGui)
 * PyQt6.QIODevice (PyQt6.QtCore, PyQt6.QtGui)
 * PySide6.QBuffer (PySide6.QtCore, PySide6.QtGui)
 * PySide6.QIODevice (PySide6.QtCore, PySide6.QtGui)
 * StringIO.StringIO (pip._vendor.urllib3.packages.six, six, wx.lib.pubsub.py2and3)
 * __pypy__.newlist_hint (__pypy__.builders)
 * _abcoll (pip._vendor.distlib.compat)
 * _dummy_thread (numpy._core.arrayprint, pip._vendor.urllib3.connectionpool, pip._vendor.urllib3.packages.six.moves.http_client, pip._vendor.urllib3.packages.six.moves.urllib, pip._vendor.urllib3.util.queue, pip._vendor.urllib3.util.response, wx.py.interpreter, wx.py.shell, wx.svg)
 * _dummy_thread.get_ident (pip._vendor.urllib3.packages.six.moves, six.moves)
 * _gdbm (dbm.gnu)
 * _msw (wx.msw)
 * _overlapped (asyncio.windows_events)
 * _tkinter (tkinter)
 * attr (pip._vendor.rich.pretty)
 * cElementTree (wx.lib.pubsub.utils.xmltopicdefnprovider)
 * cairo (wx.lib.graphics, wx.lib.wxcairo, wx.lib.wxcairo.wx_pycairo)
 * cairocffi (wx.lib.wxcairo.wx_cairocffi)
 * callables (wx.lib.pubsub.core.arg1.listenerimpl, wx.lib.pubsub.core.kwargs.listenerimpl)
 * cffi (PIL.Image, PIL.PyAccess, numpy.random._examples.cffi.extending, numpy.random.tests.test_direct, numpy.random.tests.test_extending)
 * cffi.FFI (PIL.Image, numpy.random._examples.cffi.extending, numpy.random.tests.test_direct, numpy.random.tests.test_extending)
 * charset_normalizer (numpy.f2py.crackfortran)
 * code_generators (numpy._core.cversions)
 * code_generators.fullapi_hash (code_generators.numpy_api)
 * code_generators.numpy_api (numpy._core.cversions)
 * com (com.sun.jna)
 * com.jna (com.sun)
 * com.sun (com.sun.jna.platform)
 * comtypes (wx.lib.activex, wx.lib.flashwin, wx.lib.iewin)
 * comtypes.client (wx.lib.activex, wx.lib.flashwin, wx.lib.iewin)
 * comtypes.gen (wx.lib.activex, wx.lib.flashwin, wx.lib.iewin)
 * comtypes.gen.MSHTML (wx.lib.activex, wx.lib.flashwin)
 * comtypes.gen.SHDocVw (wx.lib.activex, wx.lib.flashwin)
 * comtypes.gen.ShockwaveFlashObjects (wx.lib.activex, wx.lib.iewin)
 * comtypes.gen.myole4ax (wx.lib.flashwin, wx.lib.iewin)
 * comtypes.hresult (wx.lib.activex)
 * cryptography (cryptography, cryptography.hazmat.backends, cryptography.x509.extensions, pip._vendor.urllib3.contrib.pyopenssl)
 * cryptography.__version__ (cryptography.hazmat, cryptography.x509, pip._vendor.urllib3.contrib.pyopenssl)
 * cryptography.hazmat (cryptography.hazmat.backends.openssl)
 * cryptography.hazmat.backends (pip._vendor.urllib3.contrib.pyopenssl)
 * cryptography.hazmat.backends.openssl (pip._vendor.urllib3.contrib.pyopenssl)
 * cryptography.x509 (cryptography.hazmat, cryptography.x509, pip._vendor.requests, pip._vendor.urllib3.contrib.pyopenssl)
 * cryptography.x509.UnsupportedExtension (cryptography, cryptography.x509.extensions)
 * cython (numpy._core.tests.test_cython, numpy._core.tests.test_limited_api, numpy.random.tests.test_extending)
 * defusedxml (PIL.Image)
 * dummy_thread (pip._vendor.distlib.compat)
 * dummy_threading (pip._vendor.distlib.util, pip._vendor.requests.cookies)
 * elementtree (wx.lib.pubsub.utils.xmltopicdefnprovider)
 * fitz (wx.lib.pdfviewer.viewer)
 * hypothesis (hypothesis, hypothesis.extra.numpy, numpy._core.tests.test_arrayprint, numpy._core.tests.test_dtype, numpy._core.tests.test_nep50_promotions, numpy._core.tests.test_numeric, numpy._core.tests.test_scalarmath, numpy.conftest, numpy.lib.tests.test_function_base)
 * hypothesis.extra (hypothesis.extra, numpy._core.tests.test_arrayprint, numpy._core.tests.test_dtype, numpy._core.tests.test_numeric, numpy._core.tests.test_scalarmath, numpy.lib.tests.test_function_base)
 * hypothesis.extra.numpy (hypothesis.extra.numpy, numpy.lib.tests.test_function_base)
 * hypothesis.extra.numpy.arrays (hypothesis.extra, numpy._core.tests.test_arrayprint, numpy._core.tests.test_dtype, numpy._core.tests.test_numeric, numpy._core.tests.test_scalarmath)
 * hypothesis.given (hypothesis.extra, hypothesis.strategies, numpy._core.tests.test_dtype, numpy._core.tests.test_nep50_promotions, numpy.conftest, numpy.lib.tests.test_function_base)
 * hypothesis.settings (hypothesis.extra, hypothesis.strategies, numpy._core.tests.test_arrayprint, numpy._core.tests.test_dtype, numpy._core.tests.test_nep50_promotions, numpy._core.tests.test_numeric, numpy.conftest, numpy.lib.tests.test_function_base)
 * hypothesis.strategies (hypothesis.extra, hypothesis.strategies, numpy._core.tests.test_arrayprint, numpy._core.tests.test_dtype, numpy._core.tests.test_scalarmath, numpy.conftest, numpy.lib.tests.test_function_base)
 * hypothesis.strategies.sampled_from (hypothesis, numpy._core.tests.test_nep50_promotions, numpy._core.tests.test_numeric, numpy.lib.tests.test_function_base)
 * importlib_metadata.entry_points (setuptools._importlib)
 * itertools.ifilter (threading)
 * itertools.ifilterfalse (threading)
 * itertools.imap (threading)
 * itertools.izip (threading)
 * jinja2 (pip._vendor.pyparsing.diagram, pkg_resources._vendor.pyparsing.diagram)
 * listenerbase (wx.lib.pubsub.core.arg1.listenerimpl, wx.lib.pubsub.core.kwargs.listenerimpl)
 * listenerimpl (wx.lib.pubsub.core.listener)
 * macholib.compat (macholib.MachO)
 * mx (wx.lib.masked.timectrl)
 * mypy (numpy.typing.mypy_plugin, numpy.typing.tests.test_typing)
 * mypy.api (mypy.build, mypy.nodes, mypy.plugin, mypy.types, numpy.typing.mypy_plugin)
 * mypy.build (numpy.typing.mypy_plugin)
 * mypy.nodes (numpy.typing.mypy_plugin)
 * mypy.plugin (numpy.typing.mypy_plugin)
 * mypy.types (numpy.typing.mypy_plugin)
 * numba (numpy.random._examples.numba.extending, numpy.random.tests.test_extending)
 * numpy_distutils (numpy_distutils.command.cpuinfo)
 * numpy_distutils.command (numpy.f2py.diagnose)
 * pickle5 (numpy.compat.py3k)
 * pip._vendor.rich.markdown (pip._vendor.rich.__main__)
 * pip._vendor.urllib3.packages.six.moves (pip._vendor.urllib3.connection, pip._vendor.urllib3.connectionpool, pip._vendor.urllib3.exceptions, pip._vendor.urllib3.packages.six.moves, pip._vendor.urllib3.packages.six.moves.urllib.parse, pip._vendor.urllib3.util.queue, pip._vendor.urllib3.util.response) [module alias]
 * pip._vendor.urllib3.packages.six.moves.http_client (pip._vendor.urllib3.connection, pip._vendor.urllib3.connectionpool, pip._vendor.urllib3.exceptions, pip._vendor.urllib3.packages.six.moves.http_client, pip._vendor.urllib3.packages.six.moves.urllib, pip._vendor.urllib3.util.queue) [module alias]
 * pip._vendor.urllib3.packages.six.moves.queue (pip._vendor.urllib3.packages.six.moves.http_client, pip._vendor.urllib3.packages.six.moves.urllib, pip._vendor.urllib3.util.response) [module alias]
 * pip._vendor.urllib3.packages.six.moves.urllib (pip._vendor.urllib3.poolmanager, pip._vendor.urllib3.request) [module alias]
 * pip._vendor.urllib3.packages.six.moves.urllib.parse (pip._vendor.urllib3.poolmanager, pip._vendor.urllib3.request) [module alias]
 * publisher (wx.lib.pubsub.core)
 * publisherbase (wx.lib.pubsub.core.arg1.publisher, wx.lib.pubsub.core.kwargs.publisher)
 * publishermixin (wx.lib.pubsub.core.topicobj)
 * pyparsing (pkg_resources._vendor.pyparsing.diagram)
 * pytest (numpy._core.tests._locales, numpy._core.tests.test__exceptions, numpy._core.tests.test_api, numpy._core.tests.test_argparse, numpy._core.tests.test_array_coercion, numpy._core.tests.test_array_interface, numpy._core.tests.test_arraymethod, numpy._core.tests.test_arrayobject, numpy._core.tests.test_arrayprint, numpy._core.tests.test_casting_floatingpoint_errors, numpy._core.tests.test_casting_unittests, numpy._core.tests.test_conversion_utils, numpy._core.tests.test_cpu_features, numpy._core.tests.test_custom_dtypes, numpy._core.tests.test_cython, numpy._core.tests.test_datetime, numpy._core.tests.test_defchararray, numpy._core.tests.test_deprecations, numpy._core.tests.test_dlpack, numpy._core.tests.test_dtype, numpy._core.tests.test_einsum, numpy._core.tests.test_errstate, numpy._core.tests.test_extint128, numpy._core.tests.test_function_base, numpy._core.tests.test_getlimits, numpy._core.tests.test_half, numpy._core.tests.test_hashtable, numpy._core.tests.test_indexing, numpy._core.tests.test_item_selection, numpy._core.tests.test_limited_api, numpy._core.tests.test_longdouble, numpy._core.tests.test_mem_overlap, numpy._core.tests.test_mem_policy, numpy._core.tests.test_memmap, numpy._core.tests.test_multiarray, numpy._core.tests.test_nditer, numpy._core.tests.test_nep50_promotions, numpy._core.tests.test_numeric, numpy._core.tests.test_numerictypes, numpy._core.tests.test_overrides, numpy._core.tests.test_print, numpy._core.tests.test_protocols, numpy._core.tests.test_records, numpy._core.tests.test_regression, numpy._core.tests.test_scalar_ctors, numpy._core.tests.test_scalar_methods, numpy._core.tests.test_scalarbuffer, numpy._core.tests.test_scalarinherit, numpy._core.tests.test_scalarmath, numpy._core.tests.test_scalarprint, numpy._core.tests.test_shape_base, numpy._core.tests.test_simd, numpy._core.tests.test_simd_module, numpy._core.tests.test_stringdtype, numpy._core.tests.test_strings, numpy._core.tests.test_ufunc, numpy._core.tests.test_umath, numpy._core.tests.test_umath_accuracy, numpy._core.tests.test_umath_complex, numpy._core.tests.test_unicode, numpy._pyinstaller.test_pyinstaller, numpy.conftest, numpy.distutils.tests.test_build_ext, numpy.distutils.tests.test_exec_command, numpy.distutils.tests.test_log, numpy.distutils.tests.test_mingw32ccompiler, numpy.distutils.tests.test_shell_utils, numpy.distutils.tests.test_system_info, numpy.f2py.tests, numpy.f2py.tests.test_abstract_interface, numpy.f2py.tests.test_array_from_pyobj, numpy.f2py.tests.test_assumed_shape, numpy.f2py.tests.test_block_docstring, numpy.f2py.tests.test_callback, numpy.f2py.tests.test_character, numpy.f2py.tests.test_common, numpy.f2py.tests.test_crackfortran, numpy.f2py.tests.test_data, numpy.f2py.tests.test_docs, numpy.f2py.tests.test_f2py2e, numpy.f2py.tests.test_isoc, numpy.f2py.tests.test_kind, numpy.f2py.tests.test_mixed, numpy.f2py.tests.test_modules, numpy.f2py.tests.test_parameter, numpy.f2py.tests.test_quoted_character, numpy.f2py.tests.test_regression, numpy.f2py.tests.test_return_character, numpy.f2py.tests.test_return_complex, numpy.f2py.tests.test_return_integer, numpy.f2py.tests.test_return_logical, numpy.f2py.tests.test_return_real, numpy.f2py.tests.test_semicolon_split, numpy.f2py.tests.test_size, numpy.f2py.tests.test_string, numpy.f2py.tests.test_symbolic, numpy.f2py.tests.test_value_attrspec, numpy.f2py.tests.util, numpy.fft.tests.test_pocketfft, numpy.lib.tests.test__datasource, numpy.lib.tests.test_arraypad, numpy.lib.tests.test_arraysetops, numpy.lib.tests.test_format, numpy.lib.tests.test_function_base, numpy.lib.tests.test_histograms, numpy.lib.tests.test_index_tricks, numpy.lib.tests.test_io, numpy.lib.tests.test_loadtxt, numpy.lib.tests.test_nanfunctions, numpy.lib.tests.test_packbits, numpy.lib.tests.test_polynomial, numpy.lib.tests.test_recfunctions, numpy.lib.tests.test_regression, numpy.lib.tests.test_shape_base, numpy.lib.tests.test_stride_tricks, numpy.lib.tests.test_twodim_base, numpy.lib.tests.test_utils, numpy.linalg.tests.test_linalg, numpy.linalg.tests.test_regression, numpy.ma.tests.test_arrayobject, numpy.ma.tests.test_core, numpy.ma.tests.test_deprecations, numpy.ma.tests.test_extras, numpy.ma.tests.test_old_ma, numpy.matrixlib.tests.test_interaction, numpy.polynomial.tests.test_classes, numpy.polynomial.tests.test_printing, numpy.polynomial.tests.test_symbol, numpy.random.tests.test_direct, numpy.random.tests.test_extending, numpy.random.tests.test_generator_mt19937, numpy.random.tests.test_generator_mt19937_regressions, numpy.random.tests.test_random, numpy.random.tests.test_randomstate, numpy.random.tests.test_randomstate_regression, numpy.random.tests.test_smoke, numpy.testing.tests.test_utils, numpy.tests.test_configtool, numpy.tests.test_ctypeslib, numpy.tests.test_lazyloading, numpy.tests.test_numpy_config, numpy.tests.test_public_api, numpy.tests.test_reloading, numpy.tests.test_scripts, numpy.tests.test_warnings, numpy.typing.tests.test_runtime, numpy.typing.tests.test_typing)
 * pytest.param (numpy._core.tests._locales, numpy._core.tests.test__exceptions, numpy._core.tests.test_api, numpy._core.tests.test_argparse, numpy._core.tests.test_array_interface, numpy._core.tests.test_arraymethod, numpy._core.tests.test_arrayobject, numpy._core.tests.test_arrayprint, numpy._core.tests.test_casting_unittests, numpy._core.tests.test_conversion_utils, numpy._core.tests.test_cpu_features, numpy._core.tests.test_custom_dtypes, numpy._core.tests.test_cython, numpy._core.tests.test_datetime, numpy._core.tests.test_defchararray, numpy._core.tests.test_deprecations, numpy._core.tests.test_dlpack, numpy._core.tests.test_dtype, numpy._core.tests.test_einsum, numpy._core.tests.test_errstate, numpy._core.tests.test_extint128, numpy._core.tests.test_function_base, numpy._core.tests.test_getlimits, numpy._core.tests.test_half, numpy._core.tests.test_hashtable, numpy._core.tests.test_indexing, numpy._core.tests.test_item_selection, numpy._core.tests.test_limited_api, numpy._core.tests.test_longdouble, numpy._core.tests.test_mem_overlap, numpy._core.tests.test_mem_policy, numpy._core.tests.test_memmap, numpy._core.tests.test_multiarray, numpy._core.tests.test_nditer, numpy._core.tests.test_nep50_promotions, numpy._core.tests.test_numeric, numpy._core.tests.test_numerictypes, numpy._core.tests.test_overrides, numpy._core.tests.test_print, numpy._core.tests.test_protocols, numpy._core.tests.test_records, numpy._core.tests.test_regression, numpy._core.tests.test_scalar_ctors, numpy._core.tests.test_scalar_methods, numpy._core.tests.test_scalarbuffer, numpy._core.tests.test_scalarinherit, numpy._core.tests.test_scalarmath, numpy._core.tests.test_scalarprint, numpy._core.tests.test_shape_base, numpy._core.tests.test_simd, numpy._core.tests.test_simd_module, numpy._core.tests.test_stringdtype, numpy._core.tests.test_strings, numpy._core.tests.test_umath, numpy._core.tests.test_umath_accuracy, numpy._core.tests.test_umath_complex, numpy._core.tests.test_unicode, numpy._pyinstaller.test_pyinstaller, numpy._pytesttester, numpy.conftest, numpy.distutils.tests.test_build_ext, numpy.distutils.tests.test_exec_command, numpy.distutils.tests.test_log, numpy.distutils.tests.test_mingw32ccompiler, numpy.distutils.tests.test_shell_utils, numpy.distutils.tests.test_system_info, numpy.f2py.tests, numpy.f2py.tests.test_abstract_interface, numpy.f2py.tests.test_array_from_pyobj, numpy.f2py.tests.test_assumed_shape, numpy.f2py.tests.test_block_docstring, numpy.f2py.tests.test_callback, numpy.f2py.tests.test_character, numpy.f2py.tests.test_common, numpy.f2py.tests.test_crackfortran, numpy.f2py.tests.test_data, numpy.f2py.tests.test_docs, numpy.f2py.tests.test_f2py2e, numpy.f2py.tests.test_isoc, numpy.f2py.tests.test_kind, numpy.f2py.tests.test_mixed, numpy.f2py.tests.test_modules, numpy.f2py.tests.test_parameter, numpy.f2py.tests.test_quoted_character, numpy.f2py.tests.test_regression, numpy.f2py.tests.test_return_character, numpy.f2py.tests.test_return_complex, numpy.f2py.tests.test_return_integer, numpy.f2py.tests.test_return_logical, numpy.f2py.tests.test_return_real, numpy.f2py.tests.test_semicolon_split, numpy.f2py.tests.test_size, numpy.f2py.tests.test_string, numpy.f2py.tests.test_symbolic, numpy.f2py.tests.test_value_attrspec, numpy.f2py.tests.util, numpy.fft.tests.test_pocketfft, numpy.lib.tests.test__datasource, numpy.lib.tests.test_arraypad, numpy.lib.tests.test_arraysetops, numpy.lib.tests.test_format, numpy.lib.tests.test_function_base, numpy.lib.tests.test_histograms, numpy.lib.tests.test_index_tricks, numpy.lib.tests.test_io, numpy.lib.tests.test_loadtxt, numpy.lib.tests.test_nanfunctions, numpy.lib.tests.test_packbits, numpy.lib.tests.test_polynomial, numpy.lib.tests.test_recfunctions, numpy.lib.tests.test_regression, numpy.lib.tests.test_shape_base, numpy.lib.tests.test_stride_tricks, numpy.lib.tests.test_twodim_base, numpy.lib.tests.test_utils, numpy.linalg.tests.test_linalg, numpy.linalg.tests.test_regression, numpy.ma.tests.test_arrayobject, numpy.ma.tests.test_core, numpy.ma.tests.test_deprecations, numpy.ma.tests.test_extras, numpy.ma.tests.test_old_ma, numpy.matrixlib.tests.test_interaction, numpy.polynomial.tests.test_classes, numpy.polynomial.tests.test_printing, numpy.polynomial.tests.test_symbol, numpy.random.tests.test_direct, numpy.random.tests.test_extending, numpy.random.tests.test_generator_mt19937, numpy.random.tests.test_generator_mt19937_regressions, numpy.random.tests.test_random, numpy.random.tests.test_randomstate, numpy.random.tests.test_randomstate_regression, numpy.random.tests.test_smoke, numpy.testing._private.utils, numpy.testing.tests.test_utils, numpy.tests.test_configtool, numpy.tests.test_ctypeslib, numpy.tests.test_lazyloading, numpy.tests.test_numpy_config, numpy.tests.test_public_api, numpy.tests.test_reloading, numpy.tests.test_scripts, numpy.tests.test_warnings, numpy.typing.tests.test_runtime, numpy.typing.tests.test_typing)
 * pytz (numpy._core.tests.test_datetime, numpy._core.tests.test_deprecations)
 * pytz.timezone (numpy._core.tests.test_deprecations)
 * pywin (wx.lib.activexwrapper)
 * railroad (pip._vendor.pyparsing.diagram, pkg_resources._vendor.pyparsing.diagram)
 * setuptools.extern.jaraco (setuptools._entry_points, setuptools._reqs, setuptools.command.easy_install, setuptools.command.egg_info) [module alias]
 * setuptools.extern.jaraco.functools (setuptools._entry_points) [module alias]
 * setuptools.extern.jaraco.text (setuptools._entry_points, setuptools._reqs, setuptools.command.easy_install, setuptools.command.egg_info) [module alias]
 * setuptools.extern.more_itertools (setuptools._entry_points, setuptools._itertools, setuptools.dist, setuptools.package_index) [module alias]
 * setuptools.extern.packaging (setuptools.config._apply_pyprojecttoml, setuptools.config.setupcfg, setuptools.depends, setuptools.dist, setuptools.extern.packaging, setuptools.wheel) [module alias]
 * setuptools.extern.packaging.requirements (setuptools.config.setupcfg) [module alias]
 * setuptools.extern.packaging.specifiers (setuptools.config.setupcfg) [module alias]
 * setuptools.extern.packaging.tags (setuptools.wheel) [module alias]
 * setuptools.extern.packaging.utils (setuptools.wheel) [module alias]
 * setuptools.extern.packaging.version (setuptools.command.egg_info, setuptools.config.setupcfg, setuptools.extern, setuptools.extern.packaging.requirements, setuptools.extern.packaging.specifiers, setuptools.extern.packaging.tags, setuptools.extern.packaging.utils, setuptools.extern.packaging.version) [module alias]
 * setuptools.extern.pyparsing (setuptools._vendor.packaging.markers, setuptools._vendor.packaging.requirements) [module alias]
 * six.moves (wx.svg) [module alias]
 * six.moves.builtins (wx.svg) [module alias]
 * socks (pip._vendor.urllib3.contrib.socks)
 * thread (pip._vendor.distlib.compat)
 * thread.get_ident (wx.lib.agw.scrolledthumbnail)
 * topicargspecimpl (wx.lib.pubsub.core.topicargspec)
 * topicmgrimpl (wx.lib.pubsub.core.topicmgr)
 * topicutils (wx.lib.pubsub.core.arg1.topicargspecimpl, wx.lib.pubsub.core.kwargs.topicargspecimpl)
 * topicutils.stringize (wx.lib.pubsub.core.arg1.topicargspecimpl)
 * tornado (pip._vendor.tenacity.tornadoweb)
 * tornado.gen (tornado.concurrent)
 * trove_classifiers (setuptools.config._validate_pyproject.formats)
 * typing_extensions.Protocol (PIL._typing)
 * typing_extensions.TypeGuard (setuptools.command.build)
 * urllib2.HTTPBasicAuthHandler (wx.lib.softwareupdate, wx.tools.wxget, wx.tools.wxget_docs_demo)
 * urllib2.HTTPError (wx.lib.softwareupdate)
 * urllib2.HTTPHandler (wx.lib.softwareupdate, wx.tools.wxget, wx.tools.wxget_docs_demo)
 * urllib2.HTTPPasswordMgr (wx.lib.softwareupdate, wx.tools.wxget, wx.tools.wxget_docs_demo)
 * urllib2.HTTPRedirectHandler (wx.lib.softwareupdate, wx.tools.wxget, wx.tools.wxget_docs_demo)
 * urllib2.HTTPSHandler (wx.lib.softwareupdate, wx.tools.wxget, wx.tools.wxget_docs_demo)
 * urllib2.Request (wx.lib.softwareupdate, wx.tools.wxget, wx.tools.wxget_docs_demo)
 * urllib2.URLError (wx.tools.wxget_docs_demo)
 * urllib2.build_opener (wx.lib.softwareupdate, wx.tools.wxget, wx.tools.wxget_docs_demo)
 * urllib2.urlopen (wx.tools.wxget, wx.tools.wxget_docs_demo)
 * urllib3_secure_extra (pip._vendor.urllib3)
 * urlparse.urljoin (wx.tools.wxget, wx.tools.wxget_docs_demo)
 * urlparse.urlparse (wx.tools.wxget, wx.tools.wxget_docs_demo)
 * urlparse.urlsplit (wx.tools.wxget, wx.tools.wxget_docs_demo)
 * urlparse.urlunparse (wx.tools.wxget, wx.tools.wxget_docs_demo)
 * urlparse.urlunsplit (wx.tools.wxget, wx.tools.wxget_docs_demo)
 * validatedefnargs (wx.lib.pubsub.core.kwargs.topicargspecimpl)
 * win32com (pkg_resources._vendor.appdirs, wx.lib.activexwrapper, wx.lib.agw.xlsgrid)
 * win32ui (wx.lib.activexwrapper)
 * wx.activex (wx.lib.flashwin_old, wx.lib.iewin_old, wx.tools.genaxmodule)
 * xlrd (wx.lib.agw.xlsgrid)

Modules not found (conditional imports):
 * Carbon (wx.lib.colourutils)
 * Carbon.Appearance (wx.lib.agw.aui.aui_utilities, wx.lib.agw.aui.tabart, wx.lib.agw.flatnotebook, wx.lib.agw.ribbon.art_aui, wx.lib.stattext)
 * ConfigParser (pip._vendor.distlib.compat)
 * HTMLParser (pip._vendor.distlib.compat)
 * IPython (pip._vendor.rich.jupyter)
 * IPython.core.formatters (pip._vendor.rich.pretty)
 * IPython.display (pip._vendor.rich.live)
 * Numeric (numpy.distutils.system_info)
 * OpenSSL.crypto (pip._vendor.urllib3.contrib.pyopenssl)
 * PyQt6 (PIL.ImageQt)
 * PyQt6.QtGui (PIL.ImageQt)
 * PySide6 (PIL.ImageQt)
 * PySide6.QtGui (PIL.ImageQt)
 * Queue (pip._vendor.distlib.compat, pip._vendor.urllib3.util.queue)
 * StringIO (pip._vendor.distlib.compat, pip._vendor.urllib3.packages.six, six, wx.lib.pubsub.py2and3)
 * UserDict (wx.lib.agw.fmcustomizedlg)
 * __pypy__ (pip._vendor.msgpack.fallback)
 * __pypy__.builders (pip._vendor.msgpack.fallback)
 * _cmsgpack (pip._vendor.msgpack)
 * _manylinux (packaging._manylinux, pip._vendor.packaging._manylinux, pkg_resources._vendor.packaging._manylinux, setuptools._vendor.packaging._manylinux)
 * _pytest (numpy.typing.tests.test_typing)
 * _ufunc (numpy._typing)
 * array_interface_testing (numpy._core.tests.test_array_interface)
 * cairo (wx.lib.pdfviewer.viewer)
 * ccompiler_opt (numpy.distutils.tests.test_ccompiler_opt, numpy.distutils.tests.test_ccompiler_opt_conf)
 * checks (numpy._core.tests.test_cython)
 * com (pkg_resources._vendor.appdirs)
 * com.sun.jna (pkg_resources._vendor.appdirs)
 * com.sun.jna.platform (pkg_resources._vendor.appdirs)
 * comtypes (wx.lib.pdfwin)
 * comtypes.client (wx.lib.pdfwin)
 * cryptography (pip._vendor.requests)
 * cryptography.x509.extensions (pip._vendor.urllib3.contrib.pyopenssl)
 * esky (wx.lib.softwareupdate)
 * esky.util (wx.lib.softwareupdate)
 * filelock (pip._vendor.cachecontrol.caches.file_cache)
 * htmlentitydefs (pip._vendor.distlib.compat)
 * httplib (pip._vendor.distlib.compat)
 * importlib_metadata (pip._vendor.pygments.plugin, setuptools._importlib)
 * ipywidgets (pip._vendor.rich.live)
 * jnius (pip._vendor.platformdirs.android)
 * keyring (pip._internal.network.auth)
 * limited_api1 (numpy._core.tests.test_limited_api)
 * limited_api2 (numpy._core.tests.test_limited_api)
 * limited_api_latest (numpy._core.tests.test_limited_api)
 * mem_policy (numpy._core.tests.test_mem_policy)
 * numarray (numpy.distutils.system_info)
 * numpy_distutils (numpy.f2py.diagnose)
 * numpy_distutils.command.build_flib (numpy.f2py.diagnose)
 * numpy_distutils.command.cpuinfo (numpy.f2py.diagnose)
 * numpy_distutils.cpuinfo (numpy.f2py.diagnose)
 * numpy_distutils.fcompiler (numpy.f2py.diagnose)
 * psutil (numpy.testing._private.utils)
 * pytest (numpy._pytesttester, numpy.testing._private.utils)
 * redis (pip._vendor.cachecontrol.caches.redis_cache)
 * reportlab (wx.lib.pdfviewer.viewer)
 * setuptools.extern.more_itertools (setuptools._entry_points, setuptools._itertools, setuptools.dist, setuptools.package_index) [module alias]
 * setuptools.extern.packaging.specifiers (setuptools.config.setupcfg) [module alias]
 * six.moves (wx.svg) [module alias]
 * thread (wx.lib.agw.scrolledthumbnail)
 * threadpoolctl (numpy.lib._utils_impl)
 * tornado.concurrent (pip._vendor.tenacity.tornadoweb)
 * typing_extensions (PIL._typing, setuptools.command.build)
 * urllib2 (pip._vendor.distlib.compat, wx.lib.softwareupdate, wx.tools.wxget, wx.tools.wxget_docs_demo)
 * urlparse (pip._vendor.distlib.compat, wx.tools.wxget, wx.tools.wxget_docs_demo)
 * win32com.client (wx.lib.agw.xlsgrid)
 * win32com.client.gencache (wx.lib.pdfwin_old)
 * win32com.shell (pkg_resources._vendor.appdirs)
 * win32pdh (numpy.testing._private.utils)
 * winxpgui (wx.lib.agw.artmanager, wx.lib.agw.supertooltip)
 * winxptheme (wx.lib.agw.aui.dockart, wx.lib.agw.aui.framemanager)
 * wx.activex (wx.lib.flashwin_old, wx.lib.iewin_old, wx.tools.genaxmodule)
 * xmlrpclib (pip._vendor.distlib.compat)
 * yaml (numpy.__config__)

Done!
